Archive member included because of file (symbol)

C:/SiliconLabs/SimplicityStudio/v4/developer/sdks/gecko_sdk_suite/v1.1//protocol/bluetooth_2.4/lib/EFR32BG1B/GCC/bgapi.a(gecko_bgapi_hardware.c.obj)
                              ./main.o (gecko_bgapi_class_hardware_init)
C:/SiliconLabs/SimplicityStudio/v4/developer/sdks/gecko_sdk_suite/v1.1//protocol/bluetooth_2.4/lib/EFR32BG1B/GCC/bgapi.a(gecko_bgapi_test.c.obj)
                              ./main.o (gecko_bgapi_class_test_init)
C:/SiliconLabs/SimplicityStudio/v4/developer/sdks/gecko_sdk_suite/v1.1//protocol/bluetooth_2.4/lib/EFR32BG1B/GCC/bgapi.a(gecko_bgapi_dfu.c.obj)
                              ./main.o (gecko_bgapi_class_dfu_init)
C:/SiliconLabs/SimplicityStudio/v4/developer/sdks/gecko_sdk_suite/v1.1//protocol/bluetooth_2.4/lib/EFR32BG1B/GCC/bgapi.a(gecko_bgapi_gap.c.obj)
                              ./main.o (gecko_bgapi_class_le_gap_init)
C:/SiliconLabs/SimplicityStudio/v4/developer/sdks/gecko_sdk_suite/v1.1//protocol/bluetooth_2.4/lib/EFR32BG1B/GCC/bgapi.a(gecko_bgapi_gatt.c.obj)
                              ./main.o (gecko_bgapi_class_gatt_init)
C:/SiliconLabs/SimplicityStudio/v4/developer/sdks/gecko_sdk_suite/v1.1//protocol/bluetooth_2.4/lib/EFR32BG1B/GCC/bgapi.a(gecko_bgapi_gatt_server.c.obj)
                              ./main.o (gecko_bgapi_class_gatt_server_init)
C:/SiliconLabs/SimplicityStudio/v4/developer/sdks/gecko_sdk_suite/v1.1//protocol/bluetooth_2.4/lib/EFR32BG1B/GCC/bgapi.a(gecko_bgapi_flash.c.obj)
                              ./main.o (gecko_bgapi_class_flash_init)
C:/SiliconLabs/SimplicityStudio/v4/developer/sdks/gecko_sdk_suite/v1.1//protocol/bluetooth_2.4/lib/EFR32BG1B/GCC/bgapi.a(gecko_bgapi_sm.c.obj)
                              ./main.o (gecko_bgapi_class_sm_init)
C:/SiliconLabs/SimplicityStudio/v4/developer/sdks/gecko_sdk_suite/v1.1//protocol/bluetooth_2.4/lib/EFR32BG1B/GCC/bgapi.a(gecko_bgapi_system.c.obj)
                              ./main.o (gecko_bgapi_class_system_init)
C:/SiliconLabs/SimplicityStudio/v4/developer/sdks/gecko_sdk_suite/v1.1//protocol/bluetooth_2.4/lib/EFR32BG1B/GCC/bgapi.a(gecko_bgapi_endpoint.c.obj)
                              ./main.o (gecko_bgapi_class_endpoint_init)
C:/SiliconLabs/SimplicityStudio/v4/developer/sdks/gecko_sdk_suite/v1.1//protocol/bluetooth_2.4/lib/EFR32BG1B/GCC/bgapi.a(gecko_bgapi_le_connection.c.obj)
                              ./main.o (gecko_bgapi_class_le_connection_init)
C:/SiliconLabs/SimplicityStudio/v4/developer/sdks/gecko_sdk_suite/v1.1//protocol/bluetooth_2.4/lib/EFR32BG1B/GCC/bgapi.a(bgapi_hardware.c.obj)
                              C:/SiliconLabs/SimplicityStudio/v4/developer/sdks/gecko_sdk_suite/v1.1//protocol/bluetooth_2.4/lib/EFR32BG1B/GCC/bgapi.a(gecko_bgapi_hardware.c.obj) (lib_hardware_handler_init)
C:/SiliconLabs/SimplicityStudio/v4/developer/sdks/gecko_sdk_suite/v1.1//protocol/bluetooth_2.4/lib/EFR32BG1B/GCC/bgapi.a(bgapi_test_lib.c.obj)
                              C:/SiliconLabs/SimplicityStudio/v4/developer/sdks/gecko_sdk_suite/v1.1//protocol/bluetooth_2.4/lib/EFR32BG1B/GCC/bgapi.a(gecko_bgapi_test.c.obj) (lib_test_handler_init)
C:/SiliconLabs/SimplicityStudio/v4/developer/sdks/gecko_sdk_suite/v1.1//protocol/bluetooth_2.4/lib/EFR32BG1B/GCC/bgapi.a(bgapi_dfu.c.obj)
                              C:/SiliconLabs/SimplicityStudio/v4/developer/sdks/gecko_sdk_suite/v1.1//protocol/bluetooth_2.4/lib/EFR32BG1B/GCC/bgapi.a(gecko_bgapi_dfu.c.obj) (lib_dfu_handler_init)
C:/SiliconLabs/SimplicityStudio/v4/developer/sdks/gecko_sdk_suite/v1.1//protocol/bluetooth_2.4/lib/EFR32BG1B/GCC/bgapi.a(bgapi_gap.c.obj)
                              C:/SiliconLabs/SimplicityStudio/v4/developer/sdks/gecko_sdk_suite/v1.1//protocol/bluetooth_2.4/lib/EFR32BG1B/GCC/bgapi.a(gecko_bgapi_gap.c.obj) (lib_le_gap_handler_init)
C:/SiliconLabs/SimplicityStudio/v4/developer/sdks/gecko_sdk_suite/v1.1//protocol/bluetooth_2.4/lib/EFR32BG1B/GCC/bgapi.a(bgapi_gatt_lib.c.obj)
                              C:/SiliconLabs/SimplicityStudio/v4/developer/sdks/gecko_sdk_suite/v1.1//protocol/bluetooth_2.4/lib/EFR32BG1B/GCC/bgapi.a(gecko_bgapi_gatt.c.obj) (lib_gatt_handler_init)
C:/SiliconLabs/SimplicityStudio/v4/developer/sdks/gecko_sdk_suite/v1.1//protocol/bluetooth_2.4/lib/EFR32BG1B/GCC/bgapi.a(bgapi_ps.c.obj)
                              C:/SiliconLabs/SimplicityStudio/v4/developer/sdks/gecko_sdk_suite/v1.1//protocol/bluetooth_2.4/lib/EFR32BG1B/GCC/bgapi.a(gecko_bgapi_flash.c.obj) (lib_flash_handler_init)
C:/SiliconLabs/SimplicityStudio/v4/developer/sdks/gecko_sdk_suite/v1.1//protocol/bluetooth_2.4/lib/EFR32BG1B/GCC/bgapi.a(bgapi_sm.c.obj)
                              C:/SiliconLabs/SimplicityStudio/v4/developer/sdks/gecko_sdk_suite/v1.1//protocol/bluetooth_2.4/lib/EFR32BG1B/GCC/bgapi.a(gecko_bgapi_sm.c.obj) (lib_sm_handler_init)
C:/SiliconLabs/SimplicityStudio/v4/developer/sdks/gecko_sdk_suite/v1.1//protocol/bluetooth_2.4/lib/EFR32BG1B/GCC/bgapi.a(bgapi_system.c.obj)
[...]
Memory Configuration

Name             Origin             Length             Attributes
FLASH_BOOTLOADER 0x00000000         0x00004000         xr
FLASH            0x00004000         0x0003b000         xr
RAM              0x20003000         0x00004bfc         xrw
*default*        0x00000000         0xffffffff

Linker script and memory map

LOAD c:/siliconlabs/simplicitystudio/v4/developer/toolchains/gnu_arm/4.9_2015q3/bin/../lib/gcc/arm-none-eabi/4.9.3/armv7e-m/fpu/crti.o
LOAD c:/siliconlabs/simplicitystudio/v4/developer/toolchains/gnu_arm/4.9_2015q3/bin/../lib/gcc/arm-none-eabi/4.9.3/armv7e-m/fpu/crtbegin.o
LOAD c:/siliconlabs/simplicitystudio/v4/developer/toolchains/gnu_arm/4.9_2015q3/bin/../lib/gcc/arm-none-eabi/4.9.3/../../../../arm-none-eabi/lib/armv7e-m/fpu/crt0.o
LOAD ./application_properties.o
LOAD ./gatt_db.o
LOAD ./main.o
LOAD ./bgapi/dmadrv.o
LOAD ./bgapi/em_adc.o
LOAD ./bgapi/em_ldma.o
LOAD ./device/EFR32_B_1_1_B/gcc/startup_efr32bg1b.o
LOAD ./emlib/em_cmu.o
LOAD ./emlib/em_cryotimer.o
LOAD ./emlib/em_gpio.o
LOAD ./emlib/em_i2c.o
LOAD ./emlib/em_letimer.o
LOAD ./emlib/em_leuart.o
LOAD ./emlib/em_msc.o
LOAD ./emlib/em_rtcc.o
LOAD ./emlib/em_system.o
LOAD ./emlib/em_usart.o
LOAD ./src/InitDevice.o
LOAD ./src/btModule.o
LOAD ./src/clockSetup.o
LOAD ./src/gpio.o
LOAD ./src/gps.o
LOAD ./src/gsm.o
LOAD ./src/timer.o
LOAD C:/SiliconLabs/SimplicityStudio/v4/developer/sdks/gecko_sdk_suite/v1.1//protocol/bluetooth_2.4/lib/EFR32BG1B/EABI/stack.a
LOAD C:/SiliconLabs/SimplicityStudio/v4/developer/sdks/gecko_sdk_suite/v1.1//protocol/bluetooth_2.4/lib/EFR32BG1B/EABI/binstack.o
LOAD C:/SiliconLabs/SimplicityStudio/v4/developer/sdks/gecko_sdk_suite/v1.1//protocol/bluetooth_2.4/lib/EFR32BG1B/EABI/binbootloader.o
LOAD C:/SiliconLabs/SimplicityStudio/v4/developer/sdks/gecko_sdk_suite/v1.1//protocol/bluetooth_2.4/lib/EFR32BG1B/GCC/bgapi.a
LOAD c:/siliconlabs/simplicitystudio/v4/developer/toolchains/gnu_arm/4.9_2015q3/bin/../lib/gcc/arm-none-eabi/4.9.3/../../../../arm-none-eabi/lib/armv7e-m/fpu\libm.a
START GROUP
LOAD c:/siliconlabs/simplicitystudio/v4/developer/toolchains/gnu_arm/4.9_2015q3/bin/../lib/gcc/arm-none-eabi/4.9.3/armv7e-m/fpu\libgcc.a
LOAD c:/siliconlabs/simplicitystudio/v4/developer/toolchains/gnu_arm/4.9_2015q3/bin/../lib/gcc/arm-none-eabi/4.9.3/../../../../arm-none-eabi/lib/armv7e-m/fpu\libc.a
LOAD c:/siliconlabs/simplicitystudio/v4/developer/toolchains/gnu_arm/4.9_2015q3/bin/../lib/gcc/arm-none-eabi/4.9.3/../../../../arm-none-eabi/lib/armv7e-m/fpu\libnosys.a
END GROUP
START GROUP
LOAD c:/siliconlabs/simplicitystudio/v4/developer/toolchains/gnu_arm/4.9_2015q3/bin/../lib/gcc/arm-none-eabi/4.9.3/armv7e-m/fpu\libgcc.a
LOAD c:/siliconlabs/simplicitystudio/v4/developer/toolchains/gnu_arm/4.9_2015q3/bin/../lib/gcc/arm-none-eabi/4.9.3/../../../../arm-none-eabi/lib/armv7e-m/fpu\libg.a
LOAD c:/siliconlabs/simplicitystudio/v4/developer/toolchains/gnu_arm/4.9_2015q3/bin/../lib/gcc/arm-none-eabi/4.9.3/../../../../arm-none-eabi/lib/armv7e-m/fpu\libc.a
END GROUP
LOAD c:/siliconlabs/simplicitystudio/v4/developer/toolchains/gnu_arm/4.9_2015q3/bin/../lib/gcc/arm-none-eabi/4.9.3/armv7e-m/fpu/crtend.o
LOAD c:/siliconlabs/simplicitystudio/v4/developer/toolchains/gnu_arm/4.9_2015q3/bin/../lib/gcc/arm-none-eabi/4.9.3/armv7e-m/fpu/crtn.o

.text_bootloader
                0x00000000     0x4000
 *(.binbootloader*)
 .binbootloader
                0x00000000      0x31c C:/SiliconLabs/SimplicityStudio/v4/developer/sdks/gecko_sdk_suite/v1.1//protocol/bluetooth_2.4/lib/EFR32BG1B/EABI/binbootloader.o
                0x00004000                . = ALIGN (0x4000)
 *fill*         0x0000031c     0x3ce4 

.text_stack_bin
                0x00004000    0x1cee3
 *(.binstack*)
 .binstack      0x00004000    0x1cee3 C:/SiliconLabs/SimplicityStudio/v4/developer/sdks/gecko_sdk_suite/v1.1//protocol/bluetooth_2.4/lib/EFR32BG1B/EABI/binstack.o

.text_signature
                0x00020ee3      0x11d
                0x00020f23                . = (. + 0x40)
 *fill*         0x00020ee3       0x40 
                0x00021000                . = ALIGN (0x800)
 *fill*         0x00020f23       0xdd 
                0x00021000                __text_start__ = .

.text_app       0x00021000     0xf31c
 *(.AAT)
 .AAT           0x00021000       0x80 ./main.o
                0x00021000                AppAddressTable
 *(.vectors)
 .vectors       0x00021080       0xc8 ./device/EFR32_B_1_1_B/gcc/startup_efr32bg1b.o
                0x00021080                __Vectors
                0x00021148                __Vectors_End = .
                0x000000c8                __Vectors_Size = (__Vectors_End - __Vectors)
                0x00021148                __end__ = .
 *(.gecko_configuration)
 *(.xo_configuration)
 *(.gatt_header)
 .gatt_header   0x00021148       0x34 ./gatt_db.o
                0x00021148                bg_gattdb_data
 *(.gatt_data)
 .gatt_data     0x0002117c      0x1d5 ./gatt_db.o
                0x0002117c                bg_gattdb_data_uuidtable_16_map
                0x00021198                bg_gattdb_data_uuidtable_128_map
                0x000211b8                bg_gattdb_data_attribute_field_18
                0x000211c0                bg_gattdb_data_attribute_field_17
                0x000211d8                bg_gattdb_data_attribute_field_16
                0x000211ec                bg_gattdb_data_attribute_field_15
                0x000211f4                bg_gattdb_data_attribute_field_14
                0x000211fc                bg_gattdb_data_attribute_field_13
                0x00021208                bg_gattdb_data_attribute_field_12
                0x00021210                bg_gattdb_data_attribute_field_11
                0x00021220                bg_gattdb_data_attribute_field_10
                0x00021228                bg_gattdb_data_attribute_field_9
                0x0002122c                bg_gattdb_data_attribute_field_8
                0x00021230                bg_gattdb_data_attribute_field_7
                0x00021238                bg_gattdb_data_attribute_field_6
                0x00021240                bg_gattdb_data_attribute_field_5
                0x00021248                bg_gattdb_data_attribute_field_4
                0x0002124c                bg_gattdb_data_attribute_field_2
                0x00021254                bg_gattdb_data_attribute_field_1
                0x0002125c                bg_gattdb_data_attribute_field_0
                0x00021260                bg_gattdb_data_attributes_map
                0x00021344                bg_gattdb_data_attributes_dynamic_mapping_map
                0x0002134c                bg_gattdb_data_adv_uuid16_map
                0x00021350                bg_gattdb_data_adv_uuid128_map
 *(.application_properties)
 *fill*         0x00021351        0x3 
 .application_properties
                0x00021354       0x38 ./application_properties.o
                0x00021354                applicationProperties
 *(.text*)
 .text          0x0002138c       0x5c c:/siliconlabs/simplicitystudio/v4/developer/toolchains/gnu_arm/4.9_2015q3/bin/../lib/gcc/arm-none-eabi/4.9.3/armv7e-m/fpu/crtbegin.o
 .text          0x000213e8       0x74 c:/siliconlabs/simplicitystudio/v4/developer/toolchains/gnu_arm/4.9_2015q3/bin/../lib/gcc/arm-none-eabi/4.9.3/../../../../arm-none-eabi/lib/armv7e-m/fpu/crt0.o
                0x000213e8                _start
                0x000213e8                _mainCRTStartup
 .text.gecko_init
                0x0002145c       0x40 ./main.o
 .text.gecko_cmd_system_reset
                0x0002149c       0x40 ./main.o
 .text.gecko_cmd_system_set_tx_power
                0x000214dc       0x48 ./main.o
 .text.gecko_cmd_le_gap_set_mode
                0x00021524       0x58 ./main.o
 .text.gecko_cmd_gatt_server_send_user_write_response
                0x0002157c       0x64 ./main.o
 .text.gecko_cmd_endpoint_close
                0x000215e0       0x48 ./main.o
 .text.BUS_RegMaskedClear
                0x00021628       0x24 ./main.o
 .text.GPIO_PinOutClear
                0x0002164c       0x58 ./main.o
 .text.main     0x000216a4      0x270 ./main.o
                0x000216a4                main
 .text.LDMA_IRQHandler
                0x00021914       0xe0 ./bgapi/dmadrv.o
                0x00021914                LDMA_IRQHandler
 .text.Reset_Handler
                0x000219f4       0x38 ./device/EFR32_B_1_1_B/gcc/startup_efr32bg1b.o
                0x000219f4                Reset_Handler
 .text.Default_Handler
                0x00021a2c        0x8 ./device/EFR32_B_1_1_B/gcc/startup_efr32bg1b.o
                0x00021a2c                DebugMon_Handler
                0x00021a2c                USART0_TX_IRQHandler
                0x00021a2c                I2C0_IRQHandler
                0x00021a2c                HardFault_Handler
                0x00021a2c                SysTick_Handler
                0x00021a2c                USART1_RX_IRQHandler
                0x00021a2c                PendSV_Handler
                0x00021a2c                NMI_Handler
                0x00021a2c                SYNTH_IRQHandler
                0x00021a2c                WDOG0_IRQHandler
                0x00021a2c                USART1_TX_IRQHandler
                0x00021a2c                MSC_IRQHandler
                0x00021a2c                ADC0_IRQHandler
                0x00021a2c                UsageFault_Handler
                0x00021a2c                FPUEH_IRQHandler
                0x00021a2c                GPIO_EVEN_IRQHandler
                0x00021a2c                TIMER0_IRQHandler
                0x00021a2c                TIMER1_IRQHandler
                0x00021a2c                RFSENSE_IRQHandler
                0x00021a2c                BUFC_IRQHandler
                0x00021a2c                MODEM_IRQHandler
                0x00021a2c                Default_Handler
                0x00021a2c                RAC_SEQ_IRQHandler
                0x00021a2c                FRC_PRI_IRQHandler
                0x00021a2c                FRC_IRQHandler
                0x00021a2c                CRYOTIMER_IRQHandler
                0x00021a2c                PCNT0_IRQHandler
                0x00021a2c                AGC_IRQHandler
                0x00021a2c                ACMP0_IRQHandler
                0x00021a2c                MemManage_Handler
                0x00021a2c                SVC_Handler
                0x00021a2c                RTCC_IRQHandler
                0x00021a2c                CRYPTO_IRQHandler
                0x00021a2c                CMU_IRQHandler
                0x00021a2c                RAC_RSM_IRQHandler
                0x00021a2c                GPIO_ODD_IRQHandler
                0x00021a2c                PROTIMER_IRQHandler
                0x00021a2c                BusFault_Handler
                0x00021a2c                IDAC0_IRQHandler
 .text.BUS_RegBitWrite
                0x00021a34       0x2c ./emlib/em_cmu.o
 .text.BUS_RegBitRead
                0x00021a60       0x2c ./emlib/em_cmu.o
 .text.BUS_RegMaskedSet
                0x00021a8c       0x24 ./emlib/em_cmu.o
 .text.BUS_RegMaskedClear
                0x00021ab0       0x24 ./emlib/em_cmu.o
 .text.BUS_RegMaskedWrite
                0x00021ad4       0x24 ./emlib/em_cmu.o
 .text.CMU_Log2ToDiv
                0x00021af8       0x1c ./emlib/em_cmu.o
 .text.setHfLeConfig
                0x00021b14       0x64 ./emlib/em_cmu.o
 .text.auxClkGet
                0x00021b78       0x20 ./emlib/em_cmu.o
 .text.hfSrcClkGet
                0x00021b98       0x2c ./emlib/em_cmu.o
 .text.dbgClkGet
                0x00021bc4       0x3c ./emlib/em_cmu.o
 .text.adcAsyncClkGet
                0x00021c00       0x80 ./emlib/em_cmu.o
 .text.flashWaitStateControl
                0x00021c80       0x7c ./emlib/em_cmu.o
 .text.flashWaitStateMax
                0x00021cfc       0x14 ./emlib/em_cmu.o
 .text.CMU_UpdateWaitStates
                0x00021d10       0x18 ./emlib/em_cmu.o
                0x00021d10                CMU_UpdateWaitStates
 .text.getRegIshUpperVal
                0x00021d28       0x38 ./emlib/em_cmu.o
 .text.getHfxoTuningMode
                0x00021d60       0x1c ./emlib/em_cmu.o
 .text.setHfxoTuningMode
                0x00021d7c       0x28 ./emlib/em_cmu.o
 .text.lfClkGet
                0x00021da4       0xe8 ./emlib/em_cmu.o
 .text.syncReg  0x00021e8c       0x38 ./emlib/em_cmu.o
 .text.CMU_ClockEnable
                0x00021ec4       0xcc ./emlib/em_cmu.o
                0x00021ec4                CMU_ClockEnable
 .text.CMU_ClockFreqGet
                0x00021f90      0x198 ./emlib/em_cmu.o
                0x00021f90                CMU_ClockFreqGet
 .text.CMU_ClockSelectGet
                0x00022128      0x190 ./emlib/em_cmu.o
                0x00022128                CMU_ClockSelectGet
 .text.CMU_ClockSelectSet
                0x000222b8      0x25c ./emlib/em_cmu.o
                0x000222b8                CMU_ClockSelectSet
 .text.CMU_HFXOAutostartEnable
                0x00022514       0x7c ./emlib/em_cmu.o
                0x00022514                CMU_HFXOAutostartEnable
 .text.CMU_HFXOInit
                0x00022590       0xf4 ./emlib/em_cmu.o
                0x00022590                CMU_HFXOInit
 .text.CMU_LFXOInit
                0x00022684       0x50 ./emlib/em_cmu.o
                0x00022684                CMU_LFXOInit
 .text.CMU_OscillatorEnable
                0x000226d4      0x174 ./emlib/em_cmu.o
                0x000226d4                CMU_OscillatorEnable
 .text.CMU_OscillatorTuningGet
                0x00022848       0x74 ./emlib/em_cmu.o
                0x00022848                CMU_OscillatorTuningGet
 .text.CMU_OscillatorTuningSet
                0x000228bc       0xfc ./emlib/em_cmu.o
                0x000228bc                CMU_OscillatorTuningSet
 .text.CMU_OscillatorTuningWait
                0x000229b8       0x8c ./emlib/em_cmu.o
                0x000229b8                CMU_OscillatorTuningWait
 .text.CMU_OscillatorTuningOptimize
                0x00022a44       0x4c ./emlib/em_cmu.o
                0x00022a44                CMU_OscillatorTuningOptimize
 .text.BUS_RegMaskedSet
                0x00022a90       0x24 ./emlib/em_gpio.o
 .text.BUS_RegMaskedClear
                0x00022ab4       0x24 ./emlib/em_gpio.o
 .text.BUS_RegMaskedWrite
                0x00022ad8       0x24 ./emlib/em_gpio.o
 .text.GPIO_PinOutClear
                0x00022afc       0x58 ./emlib/em_gpio.o
 .text.GPIO_PinOutSet
                0x00022b54       0x58 ./emlib/em_gpio.o
 .text.GPIO_DriveStrengthSet
                0x00022bac       0x60 ./emlib/em_gpio.o
                0x00022bac                GPIO_DriveStrengthSet
 .text.GPIO_PinModeSet
                0x00022c0c      0x108 ./emlib/em_gpio.o
                0x00022c0c                GPIO_PinModeSet
 .text.LETIMER_CompareSet
                0x00022d14       0x58 ./emlib/em_letimer.o
                0x00022d14                LETIMER_CompareSet
 .text.LETIMER_Enable
                0x00022d6c       0x2c ./emlib/em_letimer.o
                0x00022d6c                LETIMER_Enable
 .text.LETIMER_Init
                0x00022d98       0xcc ./emlib/em_letimer.o
                0x00022d98                LETIMER_Init
 .text.LEUART_Sync
                0x00022e64       0x30 ./emlib/em_leuart.o
 .text.LEUART_BaudrateSet
                0x00022e94       0x6c ./emlib/em_leuart.o
                0x00022e94                LEUART_BaudrateSet
 .text.LEUART_Enable
                0x00022f00       0x3c ./emlib/em_leuart.o
                0x00022f00                LEUART_Enable
 .text.LEUART_FreezeEnable
                0x00022f3c       0x34 ./emlib/em_leuart.o
                0x00022f3c                LEUART_FreezeEnable
 .text.LEUART_Init
                0x00022f70       0x68 ./emlib/em_leuart.o
                0x00022f70                LEUART_Init
 .text.LEUART_Reset
                0x00022fd8       0x5c ./emlib/em_leuart.o
                0x00022fd8                LEUART_Reset
 .text.RTCC_Init
                0x00023034       0x60 ./emlib/em_rtcc.o
                0x00023034                RTCC_Init
 .text.SYSTEM_ChipRevisionGet
                0x00023094       0x74 ./emlib/em_system.o
                0x00023094                SYSTEM_ChipRevisionGet
 .text.USART_BaudrateAsyncSet
                0x00023108       0xb0 ./emlib/em_usart.o
                0x00023108                USART_BaudrateAsyncSet
 .text.USART_Enable
                0x000231b8       0x4c ./emlib/em_usart.o
                0x000231b8                USART_Enable
 .text.USART_InitAsync
                0x00023204       0xbc ./emlib/em_usart.o
                0x00023204                USART_InitAsync
 .text.USART_Reset
                0x000232c0       0x94 ./emlib/em_usart.o
                0x000232c0                USART_Reset
 .text.SYSTEM_GetProdRev
                0x00023354       0x1c ./src/InitDevice.o
 .text.BUS_RegBitWrite
                0x00023370       0x2c ./src/InitDevice.o
 .text.CHIP_Init
                0x0002339c       0xb4 ./src/InitDevice.o
 .text.enter_DefaultMode_from_RESET
                0x00023450       0x2c ./src/InitDevice.o
                0x00023450                enter_DefaultMode_from_RESET
 .text.EMU_enter_DefaultMode_from_RESET
                0x0002347c       0x94 ./src/InitDevice.o
                0x0002347c                EMU_enter_DefaultMode_from_RESET
 .text.LFXO_enter_DefaultMode_from_RESET
                0x00023510        0xc ./src/InitDevice.o
                0x00023510                LFXO_enter_DefaultMode_from_RESET
 .text.CMU_enter_DefaultMode_from_RESET
                0x0002351c      0x128 ./src/InitDevice.o
                0x0002351c                CMU_enter_DefaultMode_from_RESET
 .text.RTCC_enter_DefaultMode_from_RESET
                0x00023644       0x4c ./src/InitDevice.o
                0x00023644                RTCC_enter_DefaultMode_from_RESET
 .text.GPCRC_enter_DefaultMode_from_RESET
                0x00023690        0xc ./src/InitDevice.o
                0x00023690                GPCRC_enter_DefaultMode_from_RESET
 .text.LDMA_enter_DefaultMode_from_RESET
                0x0002369c        0xc ./src/InitDevice.o
                0x0002369c                LDMA_enter_DefaultMode_from_RESET
 .text.PRS_enter_DefaultMode_from_RESET
                0x000236a8       0x20 ./src/InitDevice.o
                0x000236a8                PRS_enter_DefaultMode_from_RESET
 .text.PORTIO_enter_DefaultMode_from_RESET
                0x000236c8        0xc ./src/InitDevice.o
                0x000236c8                PORTIO_enter_DefaultMode_from_RESET
 .text.gecko_cmd_le_gap_set_mode
                0x000236d4       0x58 ./src/btModule.o
 .text.gecko_cmd_le_gap_set_adv_parameters
                0x0002372c       0x60 ./src/btModule.o
 .text.gecko_cmd_le_connection_set_parameters
                0x0002378c       0x84 ./src/btModule.o
 .text.gecko_cmd_sm_set_bondable_mode
                0x00023810       0x48 ./src/btModule.o
 .text.gecko_cmd_sm_configure
                0x00023858       0x58 ./src/btModule.o
 .text.gecko_cmd_sm_delete_bondings
                0x000238b0       0x38 ./src/btModule.o
 .text.gecko_cmd_sm_set_passkey
                0x000238e8       0x48 ./src/btModule.o
 .text.configureAdvertising
                0x00023930       0x1c ./src/btModule.o
                0x00023930                configureAdvertising
 .text.configureConnParam
                0x0002394c       0x34 ./src/btModule.o
                0x0002394c                configureConnParam
 .text.configureSecurity
                0x00023980       0x5c ./src/btModule.o
                0x00023980                configureSecurity
 .text.clockSetup
                0x000239dc       0x8c ./src/clockSetup.o
                0x000239dc                clockSetup
 .text.BUS_RegMaskedSet
                0x00023a68       0x24 ./src/gpio.o
 .text.BUS_RegMaskedClear
                0x00023a8c       0x24 ./src/gpio.o
 .text.GPIO_PinOutClear
                0x00023ab0       0x58 ./src/gpio.o
 .text.GPIO_PinOutSet
                0x00023b08       0x58 ./src/gpio.o
 .text.gpioSetup
                0x00023b60       0xec ./src/gpio.o
                0x00023b60                gpioSetup
 .text.controlLed
                0x00023c4c       0x50 ./src/gpio.o
                0x00023c4c                controlLed
 .text.NVIC_EnableIRQ
                0x00023c9c       0x2c ./src/gps.o
 .text.BUS_RegMaskedSet
                0x00023cc8       0x24 ./src/gps.o
 .text.BUS_RegMaskedClear
                0x00023cec       0x24 ./src/gps.o
 .text.GPIO_PinOutClear
                0x00023d10       0x58 ./src/gps.o
 .text.GPIO_PinOutSet
                0x00023d68       0x58 ./src/gps.o
 .text.LEUARTSetup
                0x00023dc0       0xc8 ./src/gps.o
                0x00023dc0                LEUARTSetup
 .text.LEUART0_IRQHandler
                0x00023e88       0x78 ./src/gps.o
                0x00023e88                LEUART0_IRQHandler
 .text.decodeLocation
                0x00023f00       0xd4 ./src/gps.o
                0x00023f00                decodeLocation
 .text.gpsModuleEnable
                0x00023fd4       0x28 ./src/gps.o
                0x00023fd4                gpsModuleEnable
 .text.leuartTransfer
                0x00023ffc       0x68 ./src/gps.o
                0x00023ffc                leuartTransfer
 .text.setDBGMode
                0x00024064       0x18 ./src/gps.o
                0x00024064                setDBGMode
 .text.enableOnlyGGA
                0x0002407c       0x3c ./src/gps.o
                0x0002407c                enableOnlyGGA
 .text.setGPSGGA_FilterCmd
                0x000240b8       0x84 ./src/gps.o
                0x000240b8                setGPSGGA_FilterCmd
 .text.readGPSBuffer
                0x0002413c       0xdc ./src/gps.o
                0x0002413c                readGPSBuffer
 .text.NVIC_EnableIRQ
                0x00024218       0x2c ./src/gsm.o
 .text.BUS_RegMaskedSet
                0x00024244       0x24 ./src/gsm.o
 .text.BUS_RegMaskedClear
                0x00024268       0x24 ./src/gsm.o
 .text.GPIO_PinOutClear
                0x0002428c       0x58 ./src/gsm.o
 .text.GPIO_PinOutSet
                0x000242e4       0x58 ./src/gsm.o
 .text.USARTSetup
                0x0002433c       0xd4 ./src/gsm.o
                0x0002433c                USARTSetup
 .text.USART0_RX_IRQHandler
                0x00024410       0x78 ./src/gsm.o
                0x00024410                USART0_RX_IRQHandler
 .text.gsmPWR_ONInput
                0x00024488       0x28 ./src/gsm.o
                0x00024488                gsmPWR_ONInput
 .text.NVIC_EnableIRQ
                0x000244b0       0x2c ./src/timer.o
 .text.LETIMER_IntEnable
                0x000244dc       0x20 ./src/timer.o
 .text.letimerSetup
                0x000244fc       0x8c ./src/timer.o
                0x000244fc                letimerSetup
 .text.LETIMER0_IRQHandler
                0x00024588       0x60 ./src/timer.o
                0x00024588                LETIMER0_IRQHandler
 .text          0x000245e8       0x18 C:/SiliconLabs/SimplicityStudio/v4/developer/sdks/gecko_sdk_suite/v1.1//protocol/bluetooth_2.4/lib/EFR32BG1B/GCC/bgapi.a(gecko_bgapi_hardware.c.obj)
                0x000245e8                gecko_bgapi_class_hardware_init
 .text          0x00024600       0x18 C:/SiliconLabs/SimplicityStudio/v4/developer/sdks/gecko_sdk_suite/v1.1//protocol/bluetooth_2.4/lib/EFR32BG1B/GCC/bgapi.a(gecko_bgapi_test.c.obj)
                0x00024600                gecko_bgapi_class_test_init
 .text          0x00024618       0x18 C:/SiliconLabs/SimplicityStudio/v4/developer/sdks/gecko_sdk_suite/v1.1//protocol/bluetooth_2.4/lib/EFR32BG1B/GCC/bgapi.a(gecko_bgapi_dfu.c.obj)
                0x00024618                gecko_bgapi_class_dfu_init
 .text          0x00024630       0x18 C:/SiliconLabs/SimplicityStudio/v4/developer/sdks/gecko_sdk_suite/v1.1//protocol/bluetooth_2.4/lib/EFR32BG1B/GCC/bgapi.a(gecko_bgapi_gap.c.obj)
                0x00024630                gecko_bgapi_class_le_gap_init
 .text          0x00024648       0x18 C:/SiliconLabs/SimplicityStudio/v4/developer/sdks/gecko_sdk_suite/v1.1//protocol/bluetooth_2.4/lib/EFR32BG1B/GCC/bgapi.a(gecko_bgapi_gatt.c.obj)
                0x00024648                gecko_bgapi_class_gatt_init
 .text          0x00024660       0x18 C:/SiliconLabs/SimplicityStudio/v4/developer/sdks/gecko_sdk_suite/v1.1//protocol/bluetooth_2.4/lib/EFR32BG1B/GCC/bgapi.a(gecko_bgapi_gatt_server.c.obj)
                0x00024660                gecko_bgapi_class_gatt_server_init
 .text          0x00024678       0x18 C:/SiliconLabs/SimplicityStudio/v4/developer/sdks/gecko_sdk_suite/v1.1//protocol/bluetooth_2.4/lib/EFR32BG1B/GCC/bgapi.a(gecko_bgapi_flash.c.obj)
                0x00024678                gecko_bgapi_class_flash_init
 .text          0x00024690       0x18 C:/SiliconLabs/SimplicityStudio/v4/developer/sdks/gecko_sdk_suite/v1.1//protocol/bluetooth_2.4/lib/EFR32BG1B/GCC/bgapi.a(gecko_bgapi_sm.c.obj)
                0x00024690                gecko_bgapi_class_sm_init
 .text          0x000246a8       0x18 C:/SiliconLabs/SimplicityStudio/v4/developer/sdks/gecko_sdk_suite/v1.1//protocol/bluetooth_2.4/lib/EFR32BG1B/GCC/bgapi.a(gecko_bgapi_system.c.obj)
                0x000246a8                gecko_bgapi_class_system_init
 .text          0x000246c0       0x18 C:/SiliconLabs/SimplicityStudio/v4/developer/sdks/gecko_sdk_suite/v1.1//protocol/bluetooth_2.4/lib/EFR32BG1B/GCC/bgapi.a(gecko_bgapi_endpoint.c.obj)
                0x000246c0                gecko_bgapi_class_endpoint_init
 .text          0x000246d8       0x18 C:/SiliconLabs/SimplicityStudio/v4/developer/sdks/gecko_sdk_suite/v1.1//protocol/bluetooth_2.4/lib/EFR32BG1B/GCC/bgapi.a(gecko_bgapi_le_connection.c.obj)
                0x000246d8                gecko_bgapi_class_le_connection_init
 .text          0x000246f0      0x1d0 C:/SiliconLabs/SimplicityStudio/v4/developer/sdks/gecko_sdk_suite/v1.1//protocol/bluetooth_2.4/lib/EFR32BG1B/GCC/bgapi.a(bgapi_hardware.c.obj)
                0x000246f0                soft_timer_comparison
                0x00024784                bgapi_hardware_soft_timer_listener
                0x000247c4                lib_hardware_handler_init
                0x000247d8                gecko_cmd_hardware_set_soft_timer
                0x00024818                gecko_cmd_hardware_set_lazy_soft_timer
                0x00024858                gecko_cmd_hardware_get_time
                0x0002488c                gecko_cmd_hardware_enable_dcdc
 .text          0x000248c0      0x330 C:/SiliconLabs/SimplicityStudio/v4/developer/sdks/gecko_sdk_suite/v1.1//protocol/bluetooth_2.4/lib/EFR32BG1B/GCC/bgapi.a(bgapi_test_lib.c.obj)
                0x000248c0                bgapi_test_lib_msg_handler
                0x00024918                lib_test_handler_init
                0x00024938                disable_interrupts
                0x0002495c                gecko_cmd_test_dtm_tx
                0x000249f0                gecko_cmd_test_dtm_rx
                0x00024a3c                gecko_cmd_test_dtm_end
                0x00024aa4                gecko_cmd_test_debug_command
                0x00024b74                gecko_cmd_test_debug_counter
 .text          0x00024bf0       0x8c C:/SiliconLabs/SimplicityStudio/v4/developer/sdks/gecko_sdk_suite/v1.1//protocol/bluetooth_2.4/lib/EFR32BG1B/GCC/bgapi.a(bgapi_dfu.c.obj)
                0x00024bf0                lib_dfu_handler_init
                0x00024bf2                gecko_cmd_dfu_reset
                0x00024bf8                gecko_cmd_dfu_flash_set_address
                0x00024c24                gecko_cmd_dfu_flash_upload
                0x00024c50                gecko_cmd_dfu_flash_upload_finish
 .text          0x00024c7c      0x34c C:/SiliconLabs/SimplicityStudio/v4/developer/sdks/gecko_sdk_suite/v1.1//protocol/bluetooth_2.4/lib/EFR32BG1B/GCC/bgapi.a(bgapi_gap.c.obj)
                0x00024c7c                lib_le_gap_handler_init
                0x00024c7e                gecko_cmd_le_gap_set_mode
                0x00024cc4                gecko_cmd_le_gap_bt5_set_mode
                0x00024d08                gecko_cmd_le_gap_set_adv_data
                0x00024d50                gecko_cmd_le_gap_bt5_set_adv_data
                0x00024d84                gecko_cmd_le_gap_set_adv_timeout
                0x00024dd8                gecko_cmd_le_gap_open
                0x00024e3c                gecko_cmd_le_gap_discover
                0x00024e68                gecko_cmd_le_gap_end_procedure
                0x00024e94                gecko_cmd_le_gap_set_adv_parameters
                0x00024ec8                gecko_cmd_le_gap_bt5_set_adv_parameters
                0x00024f04                gecko_cmd_le_gap_set_scan_parameters
                0x00024f34                gecko_cmd_le_gap_set_conn_parameters
                0x00024f6c                gecko_cmd_le_gap_set_phy
                0x00024f98                gecko_cmd_le_gap_set_privacy_mode
 .text          0x00024fc8      0x6c4 C:/SiliconLabs/SimplicityStudio/v4/developer/sdks/gecko_sdk_suite/v1.1//protocol/bluetooth_2.4/lib/EFR32BG1B/GCC/bgapi.a(bgapi_gatt_lib.c.obj)
                0x00024fc8                lib_gatt_handler_init
                0x00024fcc                lib_gatt_server_handler_init
                0x00024fce                gecko_cmd_gatt_set_max_mtu
                0x00025008                gecko_cmd_gatt_discover_primary_services
                0x00025038                gecko_cmd_gatt_discover_primary_services_by_uuid
                0x00025074                gecko_cmd_gatt_find_included_services
                0x000250a8                gecko_cmd_gatt_discover_characteristics
                0x000250dc                gecko_cmd_gatt_discover_characteristics_by_uuid
                0x0002511c                gecko_cmd_gatt_read_characteristic_value
                0x00025154                gecko_cmd_gatt_read_characteristic_value_from_offset
                0x00025190                gecko_cmd_gatt_read_characteristic_value_by_uuid
                0x000251d0                gecko_cmd_gatt_read_multiple_characteristic_values
                0x00025204                gecko_cmd_gatt_write_characteristic_value
                0x0002523c                gecko_cmd_gatt_write_characteristic_value_without_response
                0x00025280                gecko_cmd_gatt_prepare_characteristic_value_write
                0x000252d0                gecko_cmd_gatt_execute_characteristic_value_write
                0x00025304                gecko_cmd_gatt_set_characteristic_notification
                0x0002533c                gecko_cmd_gatt_discover_descriptors
                0x00025370                gecko_cmd_gatt_read_descriptor_value
                0x000253a4                gecko_cmd_gatt_write_descriptor_value
                0x000253dc                gecko_cmd_gatt_server_read_attribute_value
                0x00025424                gecko_cmd_gatt_server_read_attribute_type
                0x00025468                gecko_cmd_gatt_server_find_attribute
                0x000254a4                gecko_cmd_gatt_server_write_attribute_value
                0x000254d8                gecko_cmd_gatt_server_send_user_read_response
                0x00025528                gecko_cmd_gatt_server_send_user_write_response
                0x00025560                gecko_cmd_gatt_server_send_characteristic_notification
                0x000255ac                gecko_cmd_gatt_send_characteristic_confirmation
                0x000255dc                gecko_cmd_gatt_server_set_database
                0x0002560c                gecko_cmd_gatt_server_set_capabilities
                0x0002563c                gecko_cmd_gatt_prepare_characteristic_value_reliable_write
 .text          0x0002568c      0x1d0 C:/SiliconLabs/SimplicityStudio/v4/developer/sdks/gecko_sdk_suite/v1.1//protocol/bluetooth_2.4/lib/EFR32BG1B/GCC/bgapi.a(bgapi_ps.c.obj)
                0x0002568c                bgapi_ps_dump_listener
                0x000256cc                lib_flash_handler_init
                0x000256e0                gecko_cmd_flash_ps_dump
                0x00025778                gecko_cmd_flash_ps_erase_all
                0x000257a8                gecko_cmd_flash_ps_save
                0x000257e4                gecko_cmd_flash_ps_load
                0x00025828                gecko_cmd_flash_ps_erase
 .text          0x0002585c      0x3cc C:/SiliconLabs/SimplicityStudio/v4/developer/sdks/gecko_sdk_suite/v1.1//protocol/bluetooth_2.4/lib/EFR32BG1B/GCC/bgapi.a(bgapi_sm.c.obj)
                0x00025924                lib_sm_handler_init
                0x00025938                gecko_cmd_sm_list_all_bondings
                0x00025970                gecko_cmd_sm_increase_security
                0x000259a0                gecko_cmd_sm_set_bondable_mode
                0x000259cc                gecko_cmd_sm_delete_bonding
                0x000259fc                gecko_cmd_sm_delete_bondings
                0x00025a2c                gecko_cmd_sm_configure
                0x00025a5c                gecko_cmd_sm_enter_passkey
                0x00025a90                gecko_cmd_sm_set_passkey
                0x00025abc                gecko_cmd_sm_passkey_confirm
                0x00025af0                gecko_cmd_sm_set_oob_data
                0x00025b20                gecko_cmd_sm_set_sc_remote_oob_data
                0x00025b50                gecko_cmd_sm_use_sc_oob
                0x00025b90                gecko_cmd_sm_store_bonding_configuration
                0x00025bc4                gecko_cmd_sm_bonding_confirm
                0x00025bf8                gecko_cmd_sm_set_debug_mode
 .text          0x00025c28      0x1d8 C:/SiliconLabs/SimplicityStudio/v4/developer/sdks/gecko_sdk_suite/v1.1//protocol/bluetooth_2.4/lib/EFR32BG1B/GCC/bgapi.a(bgapi_system.c.obj)
                0x00025c28                bgapi_system_listener
                0x00025c58                lib_system_handler_init
                0x00025c6c                gecko_cmd_system_get_bt_address
                0x00025ca4                gecko_cmd_system_set_bt_address
                0x00025cd8                gecko_cmd_system_set_device_name
                0x00025d14                gecko_cmd_system_get_random_data
                0x00025d5c                gecko_cmd_system_halt
                0x00025d90                gecko_cmd_system_set_tx_power
                0x00025dc0                gecko_cmd_system_hello
                0x00025de8                gecko_cmd_system_reset
                0x00025dee                gecko_send_system_awake
 .text          0x00025e00      0x1ac C:/SiliconLabs/SimplicityStudio/v4/developer/sdks/gecko_sdk_suite/v1.1//protocol/bluetooth_2.4/lib/EFR32BG1B/GCC/bgapi.a(bgapi_endpoint.c.obj)
                0x00025e00                lib_endpoint_handler_init
                0x00025e02                gecko_cmd_endpoint_send
                0x00025eac                gecko_cmd_endpoint_set_streaming_destination
                0x00025f04                gecko_cmd_endpoint_close
                0x00025f60                gecko_cmd_endpoint_set_flags
                0x00025f62                gecko_cmd_endpoint_clr_flags
                0x00025f64                gecko_cmd_endpoint_read_counters
 .text          0x00025fac      0x104 C:/SiliconLabs/SimplicityStudio/v4/developer/sdks/gecko_sdk_suite/v1.1//protocol/bluetooth_2.4/lib/EFR32BG1B/GCC/bgapi.a(bgapi_le_connection.c.obj)
                0x00025fac                lib_le_connection_handler_init
                0x00025fae                gecko_cmd_le_connection_set_parameters
                0x00025ffc                gecko_cmd_le_connection_get_rssi
                0x0002602c                gecko_cmd_le_connection_disable_slave_latency
                0x00026074                gecko_cmd_le_connection_set_phy
 .text          0x000260b0      0xdf0 C:/SiliconLabs/SimplicityStudio/v4/developer/sdks/gecko_sdk_suite/v1.1//protocol/bluetooth_2.4/lib/EFR32BG1B/GCC/bgapi.a(gatt_client.c.obj)
                0x00026318                gatt_discover_primary_services
                0x00026356                gatt_discover_primary_services_by_uuid
                0x000263ac                gatt_find_included_services
                0x000263fc                gatt_find_included_services_handler
                0x000264ac                gatt_discover_characteristics
                0x000264ce                gatt_discover_characteristics_by_uuid
                0x00026510                gatt_discover_descriptors
                0x0002654c                gatt_read_characteristic_value
                0x00026584                gatt_read_characteristic_value_by_uuid
                0x000265be                gatt_read_multiple_characteristic_values
                0x000265e2                gatt_write_characteristic_value
                0x00026608                gatt_write_characteristic_value_without_response
                0x00026622                gatt_prepare_characteristic_value_write
                0x00026698                gatt_execute_characteristic_value_write
                0x000266ba                gatt_set_characteristic_notification
                0x000266fa                gatt_read_descriptor_value
                0x00026722                gatt_write_descriptor_value
                0x00026748                gatt_handle_exchange_mtu_rsp
                0x00026764                gatt_handle_find_information_response
                0x000268b6                gatt_handle_find_by_type_value_response
                0x00026952                gatt_handle_read_response
                0x00026ab0                gatt_handle_read_blob_response
                0x00026ae6                gatt_handle_read_multiple_response
                0x00026b22                gatt_handle_read_by_type_response
                0x00026c6c                gatt_handle_read_by_group_type_response
                0x00026d14                gatt_handle_write_response
                0x00026d28                gatt_handle_prepare_write_response
                0x00026e1a                gatt_handle_execute_write_response
                0x00026e52                gatt_client_handle_value_notification
                0x00026e64                gatt_client_handle_value_indication
                0x00026e78                gatt_send_characteristic_confirmation
                0x00026e96                gatt_client_init
 .text          0x00026ea0      0x250 C:/SiliconLabs/SimplicityStudio/v4/developer/sdks/gecko_sdk_suite/v1.1//protocol/bluetooth_2.4/lib/EFR32BG1B/GCC/bgapi.a(ubt_gatt_client.c.obj)
                0x00026ea0                ubt_gatt_discover_primary_services
                0x00026eb6                ubt_gatt_discover_primary_services_by_uuid
                0x00026ee2                ubt_gatt_find_included_services
                0x00026efc                ubt_gatt_discover_characteristics
                0x00026f16                ubt_gatt_discover_characteristics_by_uuid
                0x00026f46                ubt_gatt_discover_descriptors
                0x00026f60                ubt_gatt_read_characteristic_value
                0x00026f82                ubt_gatt_read_characteristic_value_by_uuid
                0x00026fb2                ubt_gatt_read_multiple_characteristic_values
                0x00026fd0                ubt_gatt_write_characteristic_value
                0x00026ff2                ubt_gatt_write_characteristic_value_without_response
                0x0002702c                ubt_gatt_prepare_characteristic_value_write
                0x00027066                ubt_gatt_execute_characteristic_value_write
                0x00027080                ubt_gatt_send_characteristic_confirmation
                0x00027096                ubt_gatt_read_descriptor_value
                0x000270b0                ubt_gatt_write_descriptor_value
                0x000270d2                ubt_gatt_set_characteristic_notification
 .text          0x000270f0      0x4ec C:/SiliconLabs/SimplicityStudio/v4/developer/sdks/gecko_sdk_suite/v1.1//protocol/bluetooth_2.4/lib/EFR32BG1B/GCC/bgapi.a(att_client.c.obj)
                0x000270f0                att_send_find_information_request
                0x00027116                att_send_find_by_type_value_request
                0x00027148                att_send_read_by_type_request
                0x00027174                att_send_read_request
                0x00027194                att_send_read_blob_request
                0x000271ba                att_send_read_multiple_request
                0x000271e6                att_send_read_by_group_type_request
                0x00027212                att_send_write_request
                0x0002723e                att_send_write_command
                0x0002726a                att_send_signed_write_command
                0x000272a4                att_send_prepare_write_request
                0x000272e0                att_send_execute_write_request
                0x000272fe                att_send_handle_value_confirmation
                0x00027316                validate_gatt_client_pdu_len
                0x000273d0                att_gatt_client_handler
 .text          0x000275dc       0x30 c:/siliconlabs/simplicitystudio/v4/developer/toolchains/gnu_arm/4.9_2015q3/bin/../lib/gcc/arm-none-eabi/4.9.3/armv7e-m/fpu\libgcc.a(_aeabi_uldivmod.o)
                0x000275dc                __aeabi_uldivmod
 .text          0x0002760c       0x60 c:/siliconlabs/simplicitystudio/v4/developer/toolchains/gnu_arm/4.9_2015q3/bin/../lib/gcc/arm-none-eabi/4.9.3/armv7e-m/fpu\libgcc.a(bpabi.o)
                0x0002760c                __gnu_ldivmod_helper
                0x0002763c                __gnu_uldivmod_helper
 .text          0x0002766c        0x4 c:/siliconlabs/simplicitystudio/v4/developer/toolchains/gnu_arm/4.9_2015q3/bin/../lib/gcc/arm-none-eabi/4.9.3/armv7e-m/fpu\libgcc.a(_dvmd_tls.o)
                0x0002766c                __aeabi_idiv0
                0x0002766c                __aeabi_ldiv0
 .text          0x00027670      0x29c c:/siliconlabs/simplicitystudio/v4/developer/toolchains/gnu_arm/4.9_2015q3/bin/../lib/gcc/arm-none-eabi/4.9.3/armv7e-m/fpu\libgcc.a(_divdi3.o)
                0x00027670                __divdi3
 .text          0x0002790c      0x26c c:/siliconlabs/simplicitystudio/v4/developer/toolchains/gnu_arm/4.9_2015q3/bin/../lib/gcc/arm-none-eabi/4.9.3/armv7e-m/fpu\libgcc.a(_udivdi3.o)
                0x0002790c                __udivdi3
 .text.exit     0x00027b78       0x20 c:/siliconlabs/simplicitystudio/v4/developer/toolchains/gnu_arm/4.9_2015q3/bin/../lib/gcc/arm-none-eabi/4.9.3/../../../../arm-none-eabi/lib/armv7e-m/fpu\libc.a(lib_a-exit.o)
                0x00027b78                exit
 .text.__libc_init_array
                0x00027b98       0x50 c:/siliconlabs/simplicitystudio/v4/developer/toolchains/gnu_arm/4.9_2015q3/bin/../lib/gcc/arm-none-eabi/4.9.3/../../../../arm-none-eabi/lib/armv7e-m/fpu\libc.a(lib_a-init.o)
                0x00027b98                __libc_init_array
 .text.malloc   0x00027be8       0x10 c:/siliconlabs/simplicitystudio/v4/developer/toolchains/gnu_arm/4.9_2015q3/bin/../lib/gcc/arm-none-eabi/4.9.3/../../../../arm-none-eabi/lib/armv7e-m/fpu\libc.a(lib_a-malloc.o)
                0x00027be8                malloc
 .text.free     0x00027bf8       0x10 c:/siliconlabs/simplicitystudio/v4/developer/toolchains/gnu_arm/4.9_2015q3/bin/../lib/gcc/arm-none-eabi/4.9.3/../../../../arm-none-eabi/lib/armv7e-m/fpu\libc.a(lib_a-malloc.o)
                0x00027bf8                free
 .text._malloc_r
                0x00027c08      0x524 c:/siliconlabs/simplicitystudio/v4/developer/toolchains/gnu_arm/4.9_2015q3/bin/../lib/gcc/arm-none-eabi/4.9.3/../../../../arm-none-eabi/lib/armv7e-m/fpu\libc.a(lib_a-mallocr.o)
                0x00027c08                _malloc_r
 .text.memcmp   0x0002812c       0x64 c:/siliconlabs/simplicitystudio/v4/developer/toolchains/gnu_arm/4.9_2015q3/bin/../lib/gcc/arm-none-eabi/4.9.3/../../../../arm-none-eabi/lib/armv7e-m/fpu\libc.a(lib_a-memcmp.o)
                0x0002812c                memcmp
 .text          0x00028190      0x134 c:/siliconlabs/simplicitystudio/v4/developer/toolchains/gnu_arm/4.9_2015q3/bin/../lib/gcc/arm-none-eabi/4.9.3/../../../../arm-none-eabi/lib/armv7e-m/fpu\libc.a(lib_a-memcpy.o)
                0x00028190                memcpy
 .text.memset   0x000282c4       0x9c c:/siliconlabs/simplicitystudio/v4/developer/toolchains/gnu_arm/4.9_2015q3/bin/../lib/gcc/arm-none-eabi/4.9.3/../../../../arm-none-eabi/lib/armv7e-m/fpu\libc.a(lib_a-memset.o)
                0x000282c4                memset
 .text.__malloc_lock
                0x00028360        0x4 c:/siliconlabs/simplicitystudio/v4/developer/toolchains/gnu_arm/4.9_2015q3/bin/../lib/gcc/arm-none-eabi/4.9.3/../../../../arm-none-eabi/lib/armv7e-m/fpu\libc.a(lib_a-mlock.o)
                0x00028360                __malloc_lock
 .text.__malloc_unlock
                0x00028364        0x4 c:/siliconlabs/simplicitystudio/v4/developer/toolchains/gnu_arm/4.9_2015q3/bin/../lib/gcc/arm-none-eabi/4.9.3/../../../../arm-none-eabi/lib/armv7e-m/fpu\libc.a(lib_a-mlock.o)
                0x00028364                __malloc_unlock
 .text._sbrk_r  0x00028368       0x24 c:/siliconlabs/simplicitystudio/v4/developer/toolchains/gnu_arm/4.9_2015q3/bin/../lib/gcc/arm-none-eabi/4.9.3/../../../../arm-none-eabi/lib/armv7e-m/fpu\libc.a(lib_a-sbrkr.o)
                0x00028368                _sbrk_r
 .text.sprintf  0x0002838c       0x4c c:/siliconlabs/simplicitystudio/v4/developer/toolchains/gnu_arm/4.9_2015q3/bin/../lib/gcc/arm-none-eabi/4.9.3/../../../../arm-none-eabi/lib/armv7e-m/fpu\libc.a(lib_a-sprintf.o)
                0x0002838c                sprintf
 .text.sscanf   0x000283d8       0x58 c:/siliconlabs/simplicitystudio/v4/developer/toolchains/gnu_arm/4.9_2015q3/bin/../lib/gcc/arm-none-eabi/4.9.3/../../../../arm-none-eabi/lib/armv7e-m/fpu\libc.a(lib_a-sscanf.o)
                0x000283d8                sscanf
 .text.__seofread
                0x00028430        0x4 c:/siliconlabs/simplicitystudio/v4/developer/toolchains/gnu_arm/4.9_2015q3/bin/../lib/gcc/arm-none-eabi/4.9.3/../../../../arm-none-eabi/lib/armv7e-m/fpu\libc.a(lib_a-stdio.o)
                0x00028430                __seofread
 *fill*         0x00028434        0xc 
 .text          0x00028440      0x2dc c:/siliconlabs/simplicitystudio/v4/developer/toolchains/gnu_arm/4.9_2015q3/bin/../lib/gcc/arm-none-eabi/4.9.3/../../../../arm-none-eabi/lib/armv7e-m/fpu\libc.a(lib_a-strcmp.o)
                0x00028448                strcmp
 .text.strcpy   0x0002871c       0xbc c:/siliconlabs/simplicitystudio/v4/developer/toolchains/gnu_arm/4.9_2015q3/bin/../lib/gcc/arm-none-eabi/4.9.3/../../../../arm-none-eabi/lib/armv7e-m/fpu\libc.a(lib_a-strcpy.o)
                0x0002871c                strcpy
 .text.strlen   0x000287d8       0x5c c:/siliconlabs/simplicitystudio/v4/developer/toolchains/gnu_arm/4.9_2015q3/bin/../lib/gcc/arm-none-eabi/4.9.3/../../../../arm-none-eabi/lib/armv7e-m/fpu\libc.a(lib_a-strlen.o)
                0x000287d8                strlen
 .text.strtok   0x00028834       0x10 c:/siliconlabs/simplicitystudio/v4/developer/toolchains/gnu_arm/4.9_2015q3/bin/../lib/gcc/arm-none-eabi/4.9.3/../../../../arm-none-eabi/lib/armv7e-m/fpu\libc.a(lib_a-strtok.o)
                0x00028834                strtok
 .text.__strtok_r
                0x00028844       0x64 c:/siliconlabs/simplicitystudio/v4/developer/toolchains/gnu_arm/4.9_2015q3/bin/../lib/gcc/arm-none-eabi/4.9.3/../../../../arm-none-eabi/lib/armv7e-m/fpu\libc.a(lib_a-strtok_r.o)
                0x00028844                __strtok_r
 .text._svfprintf_r
                0x000288a8     0x14cc c:/siliconlabs/simplicitystudio/v4/developer/toolchains/gnu_arm/4.9_2015q3/bin/../lib/gcc/arm-none-eabi/4.9.3/../../../../arm-none-eabi/lib/armv7e-m/fpu\libc.a(lib_a-svfprintf.o)
                0x000288a8                _svfprintf_r
 .text.__ssvfscanf_r
                0x00029d74      0xe5c c:/siliconlabs/simplicitystudio/v4/developer/toolchains/gnu_arm/4.9_2015q3/bin/../lib/gcc/arm-none-eabi/4.9.3/../../../../arm-none-eabi/lib/armv7e-m/fpu\libc.a(lib_a-svfscanf.o)
                0x00029d74                __ssvfscanf_r
 .text.startup.register_fini
                0x0002abd0       0x14 c:/siliconlabs/simplicitystudio/v4/developer/toolchains/gnu_arm/4.9_2015q3/bin/../lib/gcc/arm-none-eabi/4.9.3/../../../../arm-none-eabi/lib/armv7e-m/fpu\libc.a(lib_a-__call_atexit.o)
 .text.__call_exitprocs
                0x0002abe4       0xd4 c:/siliconlabs/simplicitystudio/v4/developer/toolchains/gnu_arm/4.9_2015q3/bin/../lib/gcc/arm-none-eabi/4.9.3/../../../../arm-none-eabi/lib/armv7e-m/fpu\libc.a(lib_a-__call_atexit.o)
                0x0002abe4                __call_exitprocs
 .text.atexit   0x0002acb8        0xc c:/siliconlabs/simplicitystudio/v4/developer/toolchains/gnu_arm/4.9_2015q3/bin/../lib/gcc/arm-none-eabi/4.9.3/../../../../arm-none-eabi/lib/armv7e-m/fpu\libc.a(lib_a-atexit.o)
                0x0002acb8                atexit
 .text.quorem   0x0002acc4      0x12c c:/siliconlabs/simplicitystudio/v4/developer/toolchains/gnu_arm/4.9_2015q3/bin/../lib/gcc/arm-none-eabi/4.9.3/../../../../arm-none-eabi/lib/armv7e-m/fpu\libc.a(lib_a-dtoa.o)
 .text._dtoa_r  0x0002adf0      0xea4 c:/siliconlabs/simplicitystudio/v4/developer/toolchains/gnu_arm/4.9_2015q3/bin/../lib/gcc/arm-none-eabi/4.9.3/../../../../arm-none-eabi/lib/armv7e-m/fpu\libc.a(lib_a-dtoa.o)
                0x0002adf0                _dtoa_r
 .text.__libc_fini_array
                0x0002bc94       0x2c c:/siliconlabs/simplicitystudio/v4/developer/toolchains/gnu_arm/4.9_2015q3/bin/../lib/gcc/arm-none-eabi/4.9.3/../../../../arm-none-eabi/lib/armv7e-m/fpu\libc.a(lib_a-fini.o)
                0x0002bc94                __libc_fini_array
 .text._malloc_trim_r
                0x0002bcc0       0x9c c:/siliconlabs/simplicitystudio/v4/developer/toolchains/gnu_arm/4.9_2015q3/bin/../lib/gcc/arm-none-eabi/4.9.3/../../../../arm-none-eabi/lib/armv7e-m/fpu\libc.a(lib_a-freer.o)
                0x0002bcc0                _malloc_trim_r
 .text._free_r  0x0002bd5c      0x1b0 c:/siliconlabs/simplicitystudio/v4/developer/toolchains/gnu_arm/4.9_2015q3/bin/../lib/gcc/arm-none-eabi/4.9.3/../../../../arm-none-eabi/lib/armv7e-m/fpu\libc.a(lib_a-freer.o)
                0x0002bd5c                _free_r
 .text.iswspace
                0x0002bf0c       0x1c c:/siliconlabs/simplicitystudio/v4/developer/toolchains/gnu_arm/4.9_2015q3/bin/../lib/gcc/arm-none-eabi/4.9.3/../../../../arm-none-eabi/lib/armv7e-m/fpu\libc.a(lib_a-iswspace.o)
                0x0002bf0c                iswspace
 .text.__locale_charset
                0x0002bf28        0x8 c:/siliconlabs/simplicitystudio/v4/developer/toolchains/gnu_arm/4.9_2015q3/bin/../lib/gcc/arm-none-eabi/4.9.3/../../../../arm-none-eabi/lib/armv7e-m/fpu\libc.a(lib_a-locale.o)
                0x0002bf28                __locale_charset
 .text.__locale_mb_cur_max
                0x0002bf30        0xc c:/siliconlabs/simplicitystudio/v4/developer/toolchains/gnu_arm/4.9_2015q3/bin/../lib/gcc/arm-none-eabi/4.9.3/../../../../arm-none-eabi/lib/armv7e-m/fpu\libc.a(lib_a-locale.o)
                0x0002bf30                __locale_mb_cur_max
 .text._localeconv_r
                0x0002bf3c        0x8 c:/siliconlabs/simplicitystudio/v4/developer/toolchains/gnu_arm/4.9_2015q3/bin/../lib/gcc/arm-none-eabi/4.9.3/../../../../arm-none-eabi/lib/armv7e-m/fpu\libc.a(lib_a-locale.o)
                0x0002bf3c                _localeconv_r
 .text._mbrtowc_r
                0x0002bf44       0x5c c:/siliconlabs/simplicitystudio/v4/developer/toolchains/gnu_arm/4.9_2015q3/bin/../lib/gcc/arm-none-eabi/4.9.3/../../../../arm-none-eabi/lib/armv7e-m/fpu\libc.a(lib_a-mbrtowc.o)
                0x0002bf44                _mbrtowc_r
 .text.__ascii_mbtowc
                0x0002bfa0       0x2c c:/siliconlabs/simplicitystudio/v4/developer/toolchains/gnu_arm/4.9_2015q3/bin/../lib/gcc/arm-none-eabi/4.9.3/../../../../arm-none-eabi/lib/armv7e-m/fpu\libc.a(lib_a-mbtowc_r.o)
                0x0002bfa0                __ascii_mbtowc
 .text.memchr   0x0002bfcc       0x94 c:/siliconlabs/simplicitystudio/v4/developer/toolchains/gnu_arm/4.9_2015q3/bin/../lib/gcc/arm-none-eabi/4.9.3/../../../../arm-none-eabi/lib/armv7e-m/fpu\libc.a(lib_a-memchr.o)
                0x0002bfcc                memchr
 .text._Balloc  0x0002c060       0x4c c:/siliconlabs/simplicitystudio/v4/developer/toolchains/gnu_arm/4.9_2015q3/bin/../lib/gcc/arm-none-eabi/4.9.3/../../../../arm-none-eabi/lib/armv7e-m/fpu\libc.a(lib_a-mprec.o)
                0x0002c060                _Balloc
 .text._Bfree   0x0002c0ac       0x14 c:/siliconlabs/simplicitystudio/v4/developer/toolchains/gnu_arm/4.9_2015q3/bin/../lib/gcc/arm-none-eabi/4.9.3/../../../../arm-none-eabi/lib/armv7e-m/fpu\libc.a(lib_a-mprec.o)
                0x0002c0ac                _Bfree
 .text.__multadd
                0x0002c0c0       0x84 c:/siliconlabs/simplicitystudio/v4/developer/toolchains/gnu_arm/4.9_2015q3/bin/../lib/gcc/arm-none-eabi/4.9.3/../../../../arm-none-eabi/lib/armv7e-m/fpu\libc.a(lib_a-mprec.o)
                0x0002c0c0                __multadd
 .text.__s2b    0x0002c144       0x98 c:/siliconlabs/simplicitystudio/v4/developer/toolchains/gnu_arm/4.9_2015q3/bin/../lib/gcc/arm-none-eabi/4.9.3/../../../../arm-none-eabi/lib/armv7e-m/fpu\libc.a(lib_a-mprec.o)
                0x0002c144                __s2b
 .text.__hi0bits
                0x0002c1dc       0x40 c:/siliconlabs/simplicitystudio/v4/developer/toolchains/gnu_arm/4.9_2015q3/bin/../lib/gcc/arm-none-eabi/4.9.3/../../../../arm-none-eabi/lib/armv7e-m/fpu\libc.a(lib_a-mprec.o)
                0x0002c1dc                __hi0bits
 .text.__lo0bits
                0x0002c21c       0x5c c:/siliconlabs/simplicitystudio/v4/developer/toolchains/gnu_arm/4.9_2015q3/bin/../lib/gcc/arm-none-eabi/4.9.3/../../../../arm-none-eabi/lib/armv7e-m/fpu\libc.a(lib_a-mprec.o)
                0x0002c21c                __lo0bits
 .text.__i2b    0x0002c278       0x14 c:/siliconlabs/simplicitystudio/v4/developer/toolchains/gnu_arm/4.9_2015q3/bin/../lib/gcc/arm-none-eabi/4.9.3/../../../../arm-none-eabi/lib/armv7e-m/fpu\libc.a(lib_a-mprec.o)
                0x0002c278                __i2b
 .text.__multiply
                0x0002c28c      0x134 c:/siliconlabs/simplicitystudio/v4/developer/toolchains/gnu_arm/4.9_2015q3/bin/../lib/gcc/arm-none-eabi/4.9.3/../../../../arm-none-eabi/lib/armv7e-m/fpu\libc.a(lib_a-mprec.o)
                0x0002c28c                __multiply
 .text.__pow5mult
                0x0002c3c0       0xa0 c:/siliconlabs/simplicitystudio/v4/developer/toolchains/gnu_arm/4.9_2015q3/bin/../lib/gcc/arm-none-eabi/4.9.3/../../../../arm-none-eabi/lib/armv7e-m/fpu\libc.a(lib_a-mprec.o)
                0x0002c3c0                __pow5mult
 .text.__lshift
                0x0002c460       0xac c:/siliconlabs/simplicitystudio/v4/developer/toolchains/gnu_arm/4.9_2015q3/bin/../lib/gcc/arm-none-eabi/4.9.3/../../../../arm-none-eabi/lib/armv7e-m/fpu\libc.a(lib_a-mprec.o)
                0x0002c460                __lshift
 .text.__mcmp   0x0002c50c       0x48 c:/siliconlabs/simplicitystudio/v4/developer/toolchains/gnu_arm/4.9_2015q3/bin/../lib/gcc/arm-none-eabi/4.9.3/../../../../arm-none-eabi/lib/armv7e-m/fpu\libc.a(lib_a-mprec.o)
                0x0002c50c                __mcmp
 .text.__mdiff  0x0002c554       0xd4 c:/siliconlabs/simplicitystudio/v4/developer/toolchains/gnu_arm/4.9_2015q3/bin/../lib/gcc/arm-none-eabi/4.9.3/../../../../arm-none-eabi/lib/armv7e-m/fpu\libc.a(lib_a-mprec.o)
                0x0002c554                __mdiff
 .text.__ulp    0x0002c628       0x50 c:/siliconlabs/simplicitystudio/v4/developer/toolchains/gnu_arm/4.9_2015q3/bin/../lib/gcc/arm-none-eabi/4.9.3/../../../../arm-none-eabi/lib/armv7e-m/fpu\libc.a(lib_a-mprec.o)
                0x0002c628                __ulp
 .text.__b2d    0x0002c678       0xc4 c:/siliconlabs/simplicitystudio/v4/developer/toolchains/gnu_arm/4.9_2015q3/bin/../lib/gcc/arm-none-eabi/4.9.3/../../../../arm-none-eabi/lib/armv7e-m/fpu\libc.a(lib_a-mprec.o)
                0x0002c678                __b2d
 .text.__d2b    0x0002c73c       0xbc c:/siliconlabs/simplicitystudio/v4/developer/toolchains/gnu_arm/4.9_2015q3/bin/../lib/gcc/arm-none-eabi/4.9.3/../../../../arm-none-eabi/lib/armv7e-m/fpu\libc.a(lib_a-mprec.o)
                0x0002c73c                __d2b
 .text.__ratio  0x0002c7f8       0x60 c:/siliconlabs/simplicitystudio/v4/developer/toolchains/gnu_arm/4.9_2015q3/bin/../lib/gcc/arm-none-eabi/4.9.3/../../../../arm-none-eabi/lib/armv7e-m/fpu\libc.a(lib_a-mprec.o)
                0x0002c7f8                __ratio
 .text.__copybits
                0x0002c858       0x48 c:/siliconlabs/simplicitystudio/v4/developer/toolchains/gnu_arm/4.9_2015q3/bin/../lib/gcc/arm-none-eabi/4.9.3/../../../../arm-none-eabi/lib/armv7e-m/fpu\libc.a(lib_a-mprec.o)
                0x0002c858                __copybits
 .text.__any_on
                0x0002c8a0       0x60 c:/siliconlabs/simplicitystudio/v4/developer/toolchains/gnu_arm/4.9_2015q3/bin/../lib/gcc/arm-none-eabi/4.9.3/../../../../arm-none-eabi/lib/armv7e-m/fpu\libc.a(lib_a-mprec.o)
                0x0002c8a0                __any_on
 .text.__fpclassifyd
                0x0002c900       0x5c c:/siliconlabs/simplicitystudio/v4/developer/toolchains/gnu_arm/4.9_2015q3/bin/../lib/gcc/arm-none-eabi/4.9.3/../../../../arm-none-eabi/lib/armv7e-m/fpu\libc.a(lib_a-s_fpclassify.o)
                0x0002c900                __fpclassifyd
 .text.__sccl   0x0002c95c       0x78 c:/siliconlabs/simplicitystudio/v4/developer/toolchains/gnu_arm/4.9_2015q3/bin/../lib/gcc/arm-none-eabi/4.9.3/../../../../arm-none-eabi/lib/armv7e-m/fpu\libc.a(lib_a-sccl.o)
                0x0002c95c                __sccl
 .text.nanf     0x0002c9d4        0xc c:/siliconlabs/simplicitystudio/v4/developer/toolchains/gnu_arm/4.9_2015q3/bin/../lib/gcc/arm-none-eabi/4.9.3/../../../../arm-none-eabi/lib/armv7e-m/fpu\libc.a(lib_a-sf_nan.o)
                0x0002c9d4                nanf
 .text.sulp     0x0002c9e0       0x40 c:/siliconlabs/simplicitystudio/v4/developer/toolchains/gnu_arm/4.9_2015q3/bin/../lib/gcc/arm-none-eabi/4.9.3/../../../../arm-none-eabi/lib/armv7e-m/fpu\libc.a(lib_a-strtod.o)
 .text._strtod_r
                0x0002ca20      0xf4c c:/siliconlabs/simplicitystudio/v4/developer/toolchains/gnu_arm/4.9_2015q3/bin/../lib/gcc/arm-none-eabi/4.9.3/../../../../arm-none-eabi/lib/armv7e-m/fpu\libc.a(lib_a-strtod.o)
                0x0002ca20                _strtod_r
 .text._strtol_r
                0x0002d96c      0x11c c:/siliconlabs/simplicitystudio/v4/developer/toolchains/gnu_arm/4.9_2015q3/bin/../lib/gcc/arm-none-eabi/4.9.3/../../../../arm-none-eabi/lib/armv7e-m/fpu\libc.a(lib_a-strtol.o)
                0x0002d96c                _strtol_r
 .text._strtoll_r
                0x0002da88      0x1cc c:/siliconlabs/simplicitystudio/v4/developer/toolchains/gnu_arm/4.9_2015q3/bin/../lib/gcc/arm-none-eabi/4.9.3/../../../../arm-none-eabi/lib/armv7e-m/fpu\libc.a(lib_a-strtoll_r.o)
                0x0002da88                _strtoll_r
 .text._strtoul_r
                0x0002dc54      0x128 c:/siliconlabs/simplicitystudio/v4/developer/toolchains/gnu_arm/4.9_2015q3/bin/../lib/gcc/arm-none-eabi/4.9.3/../../../../arm-none-eabi/lib/armv7e-m/fpu\libc.a(lib_a-strtoul.o)
                0x0002dc54                _strtoul_r
 .text._strtoull_r
                0x0002dd7c      0x1d8 c:/siliconlabs/simplicitystudio/v4/developer/toolchains/gnu_arm/4.9_2015q3/bin/../lib/gcc/arm-none-eabi/4.9.3/../../../../arm-none-eabi/lib/armv7e-m/fpu\libc.a(lib_a-strtoull_r.o)
                0x0002dd7c                _strtoull_r
 .text.__ssprint_r
                0x0002df54      0x104 c:/siliconlabs/simplicitystudio/v4/developer/toolchains/gnu_arm/4.9_2015q3/bin/../lib/gcc/arm-none-eabi/4.9.3/../../../../arm-none-eabi/lib/armv7e-m/fpu\libc.a(lib_a-svfiprintf.o)
                0x0002df54                __ssprint_r
 .text._sungetc_r
                0x0002e058       0x88 c:/siliconlabs/simplicitystudio/v4/developer/toolchains/gnu_arm/4.9_2015q3/bin/../lib/gcc/arm-none-eabi/4.9.3/../../../../arm-none-eabi/lib/armv7e-m/fpu\libc.a(lib_a-svfiscanf.o)
                0x0002e058                _sungetc_r
 .text.__ssrefill_r
                0x0002e0e0       0x3c c:/siliconlabs/simplicitystudio/v4/developer/toolchains/gnu_arm/4.9_2015q3/bin/../lib/gcc/arm-none-eabi/4.9.3/../../../../arm-none-eabi/lib/armv7e-m/fpu\libc.a(lib_a-svfiscanf.o)
                0x0002e0e0                __ssrefill_r
 .text._sfread_r
                0x0002e11c       0x80 c:/siliconlabs/simplicitystudio/v4/developer/toolchains/gnu_arm/4.9_2015q3/bin/../lib/gcc/arm-none-eabi/4.9.3/../../../../arm-none-eabi/lib/armv7e-m/fpu\libc.a(lib_a-svfiscanf.o)
                0x0002e11c                _sfread_r
 .text.__submore
                0x0002e19c       0x78 c:/siliconlabs/simplicitystudio/v4/developer/toolchains/gnu_arm/4.9_2015q3/bin/../lib/gcc/arm-none-eabi/4.9.3/../../../../arm-none-eabi/lib/armv7e-m/fpu\libc.a(lib_a-ungetc.o)
                0x0002e19c                __submore
 .text.__register_exitproc
                0x0002e214       0xa4 c:/siliconlabs/simplicitystudio/v4/developer/toolchains/gnu_arm/4.9_2015q3/bin/../lib/gcc/arm-none-eabi/4.9.3/../../../../arm-none-eabi/lib/armv7e-m/fpu\libc.a(lib_a-__atexit.o)
                0x0002e214                __register_exitproc
 .text._calloc_r
                0x0002e2b8       0x60 c:/siliconlabs/simplicitystudio/v4/developer/toolchains/gnu_arm/4.9_2015q3/bin/../lib/gcc/arm-none-eabi/4.9.3/../../../../arm-none-eabi/lib/armv7e-m/fpu\libc.a(lib_a-callocr.o)
                0x0002e2b8                _calloc_r
 .text.rshift   0x0002e318       0xa0 c:/siliconlabs/simplicitystudio/v4/developer/toolchains/gnu_arm/4.9_2015q3/bin/../lib/gcc/arm-none-eabi/4.9.3/../../../../arm-none-eabi/lib/armv7e-m/fpu\libc.a(lib_a-gdtoa-gethex.o)
 .text.__gethex
                0x0002e3b8      0x514 c:/siliconlabs/simplicitystudio/v4/developer/toolchains/gnu_arm/4.9_2015q3/bin/../lib/gcc/arm-none-eabi/4.9.3/../../../../arm-none-eabi/lib/armv7e-m/fpu\libc.a(lib_a-gdtoa-gethex.o)
                0x0002e3b8                __gethex
 .text.__hexnan
                0x0002e8cc      0x184 c:/siliconlabs/simplicitystudio/v4/developer/toolchains/gnu_arm/4.9_2015q3/bin/../lib/gcc/arm-none-eabi/4.9.3/../../../../arm-none-eabi/lib/armv7e-m/fpu\libc.a(lib_a-gdtoa-hexnan.o)
                0x0002e8cc                __hexnan
 .text.memmove  0x0002ea50       0xc8 c:/siliconlabs/simplicitystudio/v4/developer/toolchains/gnu_arm/4.9_2015q3/bin/../lib/gcc/arm-none-eabi/4.9.3/../../../../arm-none-eabi/lib/armv7e-m/fpu\libc.a(lib_a-memmove.o)
                0x0002ea50                memmove
 .text._realloc_r
                0x0002eb18      0x3ec c:/siliconlabs/simplicitystudio/v4/developer/toolchains/gnu_arm/4.9_2015q3/bin/../lib/gcc/arm-none-eabi/4.9.3/../../../../arm-none-eabi/lib/armv7e-m/fpu\libc.a(lib_a-reallocr.o)
                0x0002eb18                _realloc_r
 .text.strncmp  0x0002ef04       0x98 c:/siliconlabs/simplicitystudio/v4/developer/toolchains/gnu_arm/4.9_2015q3/bin/../lib/gcc/arm-none-eabi/4.9.3/../../../../arm-none-eabi/lib/armv7e-m/fpu\libc.a(lib_a-strncmp.o)
                0x0002ef04                strncmp
 .text._sbrk    0x0002ef9c       0x1c c:/siliconlabs/simplicitystudio/v4/developer/toolchains/gnu_arm/4.9_2015q3/bin/../lib/gcc/arm-none-eabi/4.9.3/../../../../arm-none-eabi/lib/armv7e-m/fpu\libnosys.a(sbrk.o)
                0x0002ef9c                _sbrk
 .text._exit    0x0002efb8        0x4 c:/siliconlabs/simplicitystudio/v4/developer/toolchains/gnu_arm/4.9_2015q3/bin/../lib/gcc/arm-none-eabi/4.9.3/../../../../arm-none-eabi/lib/armv7e-m/fpu\libnosys.a(_exit.o)
                0x0002efb8                _exit
 .text          0x0002efbc      0x370 c:/siliconlabs/simplicitystudio/v4/developer/toolchains/gnu_arm/4.9_2015q3/bin/../lib/gcc/arm-none-eabi/4.9.3/armv7e-m/fpu\libgcc.a(_arm_addsubdf3.o)
                0x0002efbc                __aeabi_drsub
                0x0002efc4                __aeabi_dsub
                0x0002efc4                __subdf3
                0x0002efc8                __aeabi_dadd
                0x0002efc8                __adddf3
                0x0002f240                __floatunsidf
                0x0002f240                __aeabi_ui2d
                0x0002f260                __floatsidf
                0x0002f260                __aeabi_i2d
                0x0002f284                __aeabi_f2d
                0x0002f284                __extendsfdf2
                0x0002f2c0                __floatundidf
                0x0002f2c0                __aeabi_ul2d
                0x0002f2d0                __floatdidf
                0x0002f2d0                __aeabi_l2d
 .text          0x0002f32c      0x424 c:/siliconlabs/simplicitystudio/v4/developer/toolchains/gnu_arm/4.9_2015q3/bin/../lib/gcc/arm-none-eabi/4.9.3/armv7e-m/fpu\libgcc.a(_arm_muldivdf3.o)
                0x0002f32c                __aeabi_dmul
                0x0002f32c                __muldf3
                0x0002f580                __divdf3
                0x0002f580                __aeabi_ddiv
 .text          0x0002f750      0x110 c:/siliconlabs/simplicitystudio/v4/developer/toolchains/gnu_arm/4.9_2015q3/bin/../lib/gcc/arm-none-eabi/4.9.3/armv7e-m/fpu\libgcc.a(_arm_cmpdf2.o)
                0x0002f750                __gtdf2
                0x0002f750                __gedf2
                0x0002f758                __ltdf2
                0x0002f758                __ledf2
                0x0002f760                __nedf2
                0x0002f760                __eqdf2
                0x0002f760                __cmpdf2
                0x0002f7dc                __aeabi_cdrcmple
                0x0002f7ec                __aeabi_cdcmpeq
                0x0002f7ec                __aeabi_cdcmple
                0x0002f7fc                __aeabi_dcmpeq
                0x0002f810                __aeabi_dcmplt
                0x0002f824                __aeabi_dcmple
                0x0002f838                __aeabi_dcmpge
                0x0002f84c                __aeabi_dcmpgt
 .text          0x0002f860       0x50 c:/siliconlabs/simplicitystudio/v4/developer/toolchains/gnu_arm/4.9_2015q3/bin/../lib/gcc/arm-none-eabi/4.9.3/armv7e-m/fpu\libgcc.a(_arm_fixdfsi.o)
                0x0002f860                __aeabi_d2iz
                0x0002f860                __fixdfsi
 .text          0x0002f8b0       0x40 c:/siliconlabs/simplicitystudio/v4/developer/toolchains/gnu_arm/4.9_2015q3/bin/../lib/gcc/arm-none-eabi/4.9.3/armv7e-m/fpu\libgcc.a(_arm_fixunsdfsi.o)
                0x0002f8b0                __aeabi_d2uiz
                0x0002f8b0                __fixunsdfsi
 .text          0x0002f8f0       0xa0 c:/siliconlabs/simplicitystudio/v4/developer/toolchains/gnu_arm/4.9_2015q3/bin/../lib/gcc/arm-none-eabi/4.9.3/armv7e-m/fpu\libgcc.a(_arm_truncdfsf2.o)
                0x0002f8f0                __truncdfsf2
                0x0002f8f0                __aeabi_d2f
 *(.init)
 .init          0x0002f990        0x4 c:/siliconlabs/simplicitystudio/v4/developer/toolchains/gnu_arm/4.9_2015q3/bin/../lib/gcc/arm-none-eabi/4.9.3/armv7e-m/fpu/crti.o
                0x0002f990                _init
 .init          0x0002f994        0x8 c:/siliconlabs/simplicitystudio/v4/developer/toolchains/gnu_arm/4.9_2015q3/bin/../lib/gcc/arm-none-eabi/4.9.3/armv7e-m/fpu/crtn.o
 *(.fini)
 .fini          0x0002f99c        0x4 c:/siliconlabs/simplicitystudio/v4/developer/toolchains/gnu_arm/4.9_2015q3/bin/../lib/gcc/arm-none-eabi/4.9.3/armv7e-m/fpu/crti.o
                0x0002f99c                _fini
 .fini          0x0002f9a0        0x8 c:/siliconlabs/simplicitystudio/v4/developer/toolchains/gnu_arm/4.9_2015q3/bin/../lib/gcc/arm-none-eabi/4.9.3/armv7e-m/fpu/crtn.o
 *crtbegin.o(.ctors)
 *crtbegin?.o(.ctors)
 *(EXCLUDE_FILE(*crtend.o *crtend?.o) .ctors)
 *(SORT(.ctors.*))
 *(.ctors)
 *crtbegin.o(.dtors)
 *crtbegin?.o(.dtors)
 *(EXCLUDE_FILE(*crtend.o *crtend?.o) .dtors)
 *(SORT(.dtors.*))
 *(.dtors)
 *(.rodata*)
 .rodata.ptiInit
                0x0002f9a8       0x24 ./main.o
 .rodata        0x0002f9cc       0x1a ./main.o
 *fill*         0x0002f9e6        0x2 
 .rodata.config
                0x0002f9e8       0x38 ./main.o
 .rodata        0x0002fa20       0x50 ./src/InitDevice.o
 .rodata        0x0002fa70       0xb6 ./src/gps.o
 *fill*         0x0002fb26        0x2 
 .rodata        0x0002fb28       0x28 C:/SiliconLabs/SimplicityStudio/v4/developer/sdks/gecko_sdk_suite/v1.1//protocol/bluetooth_2.4/lib/EFR32BG1B/GCC/bgapi.a(gecko_bgapi_hardware.c.obj)
 .rodata        0x0002fb50       0x30 C:/SiliconLabs/SimplicityStudio/v4/developer/sdks/gecko_sdk_suite/v1.1//protocol/bluetooth_2.4/lib/EFR32BG1B/GCC/bgapi.a(gecko_bgapi_test.c.obj)
 .rodata        0x0002fb80       0x28 C:/SiliconLabs/SimplicityStudio/v4/developer/sdks/gecko_sdk_suite/v1.1//protocol/bluetooth_2.4/lib/EFR32BG1B/GCC/bgapi.a(gecko_bgapi_dfu.c.obj)
 .rodata        0x0002fba8       0x78 C:/SiliconLabs/SimplicityStudio/v4/developer/sdks/gecko_sdk_suite/v1.1//protocol/bluetooth_2.4/lib/EFR32BG1B/GCC/bgapi.a(gecko_bgapi_gap.c.obj)
 .rodata        0x0002fc20       0xa8 C:/SiliconLabs/SimplicityStudio/v4/developer/sdks/gecko_sdk_suite/v1.1//protocol/bluetooth_2.4/lib/EFR32BG1B/GCC/bgapi.a(gecko_bgapi_gatt.c.obj)
 .rodata        0x0002fcc8       0x50 C:/SiliconLabs/SimplicityStudio/v4/developer/sdks/gecko_sdk_suite/v1.1//protocol/bluetooth_2.4/lib/EFR32BG1B/GCC/bgapi.a(gecko_bgapi_gatt_server.c.obj)
 .rodata        0x0002fd18       0x30 C:/SiliconLabs/SimplicityStudio/v4/developer/sdks/gecko_sdk_suite/v1.1//protocol/bluetooth_2.4/lib/EFR32BG1B/GCC/bgapi.a(gecko_bgapi_flash.c.obj)
 .rodata        0x0002fd48       0x80 C:/SiliconLabs/SimplicityStudio/v4/developer/sdks/gecko_sdk_suite/v1.1//protocol/bluetooth_2.4/lib/EFR32BG1B/GCC/bgapi.a(gecko_bgapi_sm.c.obj)
 .rodata        0x0002fdc8       0x48 C:/SiliconLabs/SimplicityStudio/v4/developer/sdks/gecko_sdk_suite/v1.1//protocol/bluetooth_2.4/lib/EFR32BG1B/GCC/bgapi.a(gecko_bgapi_system.c.obj)
 .rodata        0x0002fe10       0x38 C:/SiliconLabs/SimplicityStudio/v4/developer/sdks/gecko_sdk_suite/v1.1//protocol/bluetooth_2.4/lib/EFR32BG1B/GCC/bgapi.a(gecko_bgapi_endpoint.c.obj)
 .rodata        0x0002fe48       0x28 C:/SiliconLabs/SimplicityStudio/v4/developer/sdks/gecko_sdk_suite/v1.1//protocol/bluetooth_2.4/lib/EFR32BG1B/GCC/bgapi.a(gecko_bgapi_le_connection.c.obj)
 .rodata        0x0002fe70       0x18 C:/SiliconLabs/SimplicityStudio/v4/developer/sdks/gecko_sdk_suite/v1.1//protocol/bluetooth_2.4/lib/EFR32BG1B/GCC/bgapi.a(bgapi_sm.c.obj)
 .rodata        0x0002fe88        0x4 C:/SiliconLabs/SimplicityStudio/v4/developer/sdks/gecko_sdk_suite/v1.1//protocol/bluetooth_2.4/lib/EFR32BG1B/GCC/bgapi.a(gatt_client.c.obj)
 .rodata.str1.4
                0x0002fe8c        0x2 c:/siliconlabs/simplicitystudio/v4/developer/toolchains/gnu_arm/4.9_2015q3/bin/../lib/gcc/arm-none-eabi/4.9.3/../../../../arm-none-eabi/lib/armv7e-m/fpu\libc.a(lib_a-impure.o)
 *fill*         0x0002fe8e        0x2 
 .rodata._global_impure_ptr
                0x0002fe90        0x4 c:/siliconlabs/simplicitystudio/v4/developer/toolchains/gnu_arm/4.9_2015q3/bin/../lib/gcc/arm-none-eabi/4.9.3/../../../../arm-none-eabi/lib/armv7e-m/fpu\libc.a(lib_a-impure.o)
                0x0002fe90                _global_impure_ptr
 .rodata.zeroes.6911
                0x0002fe94       0x10 c:/siliconlabs/simplicitystudio/v4/developer/toolchains/gnu_arm/4.9_2015q3/bin/../lib/gcc/arm-none-eabi/4.9.3/../../../../arm-none-eabi/lib/armv7e-m/fpu\libc.a(lib_a-svfprintf.o)
 .rodata.blanks.6910
                0x0002fea4       0x10 c:/siliconlabs/simplicitystudio/v4/developer/toolchains/gnu_arm/4.9_2015q3/bin/../lib/gcc/arm-none-eabi/4.9.3/../../../../arm-none-eabi/lib/armv7e-m/fpu\libc.a(lib_a-svfprintf.o)
 .rodata.str1.4
                0x0002feb4       0x42 c:/siliconlabs/simplicitystudio/v4/developer/toolchains/gnu_arm/4.9_2015q3/bin/../lib/gcc/arm-none-eabi/4.9.3/../../../../arm-none-eabi/lib/armv7e-m/fpu\libc.a(lib_a-svfprintf.o)
 *fill*         0x0002fef6        0x2 
 .rodata.str1.4
                0x0002fef8        0x5 c:/siliconlabs/simplicitystudio/v4/developer/toolchains/gnu_arm/4.9_2015q3/bin/../lib/gcc/arm-none-eabi/4.9.3/../../../../arm-none-eabi/lib/armv7e-m/fpu\libc.a(lib_a-svfscanf.o)
 *fill*         0x0002fefd        0x3 
 .rodata.basefix.6862
                0x0002ff00       0x22 c:/siliconlabs/simplicitystudio/v4/developer/toolchains/gnu_arm/4.9_2015q3/bin/../lib/gcc/arm-none-eabi/4.9.3/../../../../arm-none-eabi/lib/armv7e-m/fpu\libc.a(lib_a-svfscanf.o)
 *fill*         0x0002ff22        0x2 
 .rodata._ctype_
                0x0002ff24      0x101 c:/siliconlabs/simplicitystudio/v4/developer/toolchains/gnu_arm/4.9_2015q3/bin/../lib/gcc/arm-none-eabi/4.9.3/../../../../arm-none-eabi/lib/armv7e-m/fpu\libc.a(lib_a-ctype_.o)
                0x0002ff24                _ctype_
 *fill*         0x00030025        0x3 
 .rodata.str1.4
                0x00030028       0x10 c:/siliconlabs/simplicitystudio/v4/developer/toolchains/gnu_arm/4.9_2015q3/bin/../lib/gcc/arm-none-eabi/4.9.3/../../../../arm-none-eabi/lib/armv7e-m/fpu\libc.a(lib_a-dtoa.o)
                                 0x12 (size before relaxing)
 .rodata.str1.4
                0x00030038        0xa c:/siliconlabs/simplicitystudio/v4/developer/toolchains/gnu_arm/4.9_2015q3/bin/../lib/gcc/arm-none-eabi/4.9.3/../../../../arm-none-eabi/lib/armv7e-m/fpu\libc.a(lib_a-locale.o)
                                 0x12 (size before relaxing)
 .rodata.str1.4
                0x00000000        0x1 c:/siliconlabs/simplicitystudio/v4/developer/toolchains/gnu_arm/4.9_2015q3/bin/../lib/gcc/arm-none-eabi/4.9.3/../../../../arm-none-eabi/lib/armv7e-m/fpu\libc.a(lib_a-mbrtowc.o)
 *fill*         0x00030042        0x6 
 .rodata.__mprec_tens
                0x00030048       0xc8 c:/siliconlabs/simplicitystudio/v4/developer/toolchains/gnu_arm/4.9_2015q3/bin/../lib/gcc/arm-none-eabi/4.9.3/../../../../arm-none-eabi/lib/armv7e-m/fpu\libc.a(lib_a-mprec.o)
                0x00030048                __mprec_tens
 .rodata.p05.5302
                0x00030110        0xc c:/siliconlabs/simplicitystudio/v4/developer/toolchains/gnu_arm/4.9_2015q3/bin/../lib/gcc/arm-none-eabi/4.9.3/../../../../arm-none-eabi/lib/armv7e-m/fpu\libc.a(lib_a-mprec.o)
 *fill*         0x0003011c        0x4 
 .rodata.__mprec_bigtens
                0x00030120       0x28 c:/siliconlabs/simplicitystudio/v4/developer/toolchains/gnu_arm/4.9_2015q3/bin/../lib/gcc/arm-none-eabi/4.9.3/../../../../arm-none-eabi/lib/armv7e-m/fpu\libc.a(lib_a-mprec.o)
                0x00030120                __mprec_bigtens
 .rodata.tinytens
                0x00030148       0x28 c:/siliconlabs/simplicitystudio/v4/developer/toolchains/gnu_arm/4.9_2015q3/bin/../lib/gcc/arm-none-eabi/4.9.3/../../../../arm-none-eabi/lib/armv7e-m/fpu\libc.a(lib_a-strtod.o)
 .rodata.fpinan.5307
                0x00030170       0x14 c:/siliconlabs/simplicitystudio/v4/developer/toolchains/gnu_arm/4.9_2015q3/bin/../lib/gcc/arm-none-eabi/4.9.3/../../../../arm-none-eabi/lib/armv7e-m/fpu\libc.a(lib_a-strtod.o)
 .rodata.str1.4
                0x00030184       0x10 c:/siliconlabs/simplicitystudio/v4/developer/toolchains/gnu_arm/4.9_2015q3/bin/../lib/gcc/arm-none-eabi/4.9.3/../../../../arm-none-eabi/lib/armv7e-m/fpu\libc.a(lib_a-strtod.o)
                                  0xf (size before relaxing)
 .rodata.fpi.5271
                0x00030194       0x14 c:/siliconlabs/simplicitystudio/v4/developer/toolchains/gnu_arm/4.9_2015q3/bin/../lib/gcc/arm-none-eabi/4.9.3/../../../../arm-none-eabi/lib/armv7e-m/fpu\libc.a(lib_a-strtod.o)
 .rodata.__hexdig
                0x000301a8      0x100 c:/siliconlabs/simplicitystudio/v4/developer/toolchains/gnu_arm/4.9_2015q3/bin/../lib/gcc/arm-none-eabi/4.9.3/../../../../arm-none-eabi/lib/armv7e-m/fpu\libc.a(lib_a-gdtoa-gethex.o)
                0x000301a8                __hexdig
 *(.eh_frame*)
 .eh_frame      0x000302a8        0x0 c:/siliconlabs/simplicitystudio/v4/developer/toolchains/gnu_arm/4.9_2015q3/bin/../lib/gcc/arm-none-eabi/4.9.3/armv7e-m/fpu/crtbegin.o
 .eh_frame      0x000302a8       0x70 c:/siliconlabs/simplicitystudio/v4/developer/toolchains/gnu_arm/4.9_2015q3/bin/../lib/gcc/arm-none-eabi/4.9.3/../../../../arm-none-eabi/lib/armv7e-m/fpu\libc.a(lib_a-strcmp.o)
 .eh_frame      0x00030318        0x4 c:/siliconlabs/simplicitystudio/v4/developer/toolchains/gnu_arm/4.9_2015q3/bin/../lib/gcc/arm-none-eabi/4.9.3/armv7e-m/fpu/crtend.o
                0x0003031c                . = ALIGN (0x4)

.glue_7         0x0003031c        0x0
 .glue_7        0x00000000        0x0 linker stubs

.glue_7t        0x0003031c        0x0
 .glue_7t       0x00000000        0x0 linker stubs

.vfp11_veneer   0x0003031c        0x0
 .vfp11_veneer  0x00000000        0x0 linker stubs

.v4_bx          0x0003031c        0x0
 .v4_bx         0x00000000        0x0 linker stubs

.iplt           0x0003031c        0x0
 .iplt          0x00000000        0x0 c:/siliconlabs/simplicitystudio/v4/developer/toolchains/gnu_arm/4.9_2015q3/bin/../lib/gcc/arm-none-eabi/4.9.3/armv7e-m/fpu/crtbegin.o

.igot.plt       0x0003031c        0x0
 .igot.plt      0x00000000        0x0 c:/siliconlabs/simplicitystudio/v4/developer/toolchains/gnu_arm/4.9_2015q3/bin/../lib/gcc/arm-none-eabi/4.9.3/armv7e-m/fpu/crtbegin.o

.text_app_ARM.extab
 *(.ARM.extab* .gnu.linkonce.armextab.*)
                0x0003031c                __exidx_start = .

.text_app_ARM.exidx
                0x0003031c        0x8
 *(.ARM.exidx* .gnu.linkonce.armexidx.*)
 .ARM.exidx     0x0003031c        0x8 c:/siliconlabs/simplicitystudio/v4/developer/toolchains/gnu_arm/4.9_2015q3/bin/../lib/gcc/arm-none-eabi/4.9.3/../../../../arm-none-eabi/lib/armv7e-m/fpu/crt0.o
 .ARM.exidx     0x00030324        0x0 c:/siliconlabs/simplicitystudio/v4/developer/toolchains/gnu_arm/4.9_2015q3/bin/../lib/gcc/arm-none-eabi/4.9.3/armv7e-m/fpu\libgcc.a(_divdi3.o)
                                  0x8 (size before relaxing)
 .ARM.exidx     0x00030324        0x0 c:/siliconlabs/simplicitystudio/v4/developer/toolchains/gnu_arm/4.9_2015q3/bin/../lib/gcc/arm-none-eabi/4.9.3/armv7e-m/fpu\libgcc.a(_udivdi3.o)
                                  0x8 (size before relaxing)
                0x00030324                __exidx_end = .
                0x00030324                __etext = .

.rel.dyn        0x00030324        0x0
 .rel.iplt      0x00000000        0x0 c:/siliconlabs/simplicitystudio/v4/developer/toolchains/gnu_arm/4.9_2015q3/bin/../lib/gcc/arm-none-eabi/4.9.3/armv7e-m/fpu/crtbegin.o

.text_app_data  0x20003000      0x8c8 load address 0x00030324
                0x20003000                __data_start__ = .
 *(vtable)
 *(.data*)
 .data.bg_gattdb_data_attribute_field_6_data
                0x20003000        0xd ./gatt_db.o
                0x20003000                bg_gattdb_data_attribute_field_6_data
 *fill*         0x2000300d        0x3 
 .data.auxHfrcoFreq
                0x20003010        0x4 ./emlib/em_cmu.o
 *fill*         0x20003014        0x4 
 .data.impure_data
                0x20003018      0x428 c:/siliconlabs/simplicitystudio/v4/developer/toolchains/gnu_arm/4.9_2015q3/bin/../lib/gcc/arm-none-eabi/4.9.3/../../../../arm-none-eabi/lib/armv7e-m/fpu\libc.a(lib_a-impure.o)
 .data._impure_ptr
                0x20003440        0x4 c:/siliconlabs/simplicitystudio/v4/developer/toolchains/gnu_arm/4.9_2015q3/bin/../lib/gcc/arm-none-eabi/4.9.3/../../../../arm-none-eabi/lib/armv7e-m/fpu\libc.a(lib_a-impure.o)
                0x20003440                _impure_ptr
 .data.__malloc_av_
                0x20003444      0x408 c:/siliconlabs/simplicitystudio/v4/developer/toolchains/gnu_arm/4.9_2015q3/bin/../lib/gcc/arm-none-eabi/4.9.3/../../../../arm-none-eabi/lib/armv7e-m/fpu\libc.a(lib_a-mallocr.o)
                0x20003444                __malloc_av_
 .data.__malloc_trim_threshold
                0x2000384c        0x4 c:/siliconlabs/simplicitystudio/v4/developer/toolchains/gnu_arm/4.9_2015q3/bin/../lib/gcc/arm-none-eabi/4.9.3/../../../../arm-none-eabi/lib/armv7e-m/fpu\libc.a(lib_a-mallocr.o)
                0x2000384c                __malloc_trim_threshold
 .data.__malloc_sbrk_base
                0x20003850        0x4 c:/siliconlabs/simplicitystudio/v4/developer/toolchains/gnu_arm/4.9_2015q3/bin/../lib/gcc/arm-none-eabi/4.9.3/../../../../arm-none-eabi/lib/armv7e-m/fpu\libc.a(lib_a-mallocr.o)
                0x20003850                __malloc_sbrk_base
 .data.__ctype_ptr__
                0x20003854        0x4 c:/siliconlabs/simplicitystudio/v4/developer/toolchains/gnu_arm/4.9_2015q3/bin/../lib/gcc/arm-none-eabi/4.9.3/../../../../arm-none-eabi/lib/armv7e-m/fpu\libc.a(lib_a-ctype_.o)
                0x20003854                __ctype_ptr__
 .data.lconv    0x20003858       0x38 c:/siliconlabs/simplicitystudio/v4/developer/toolchains/gnu_arm/4.9_2015q3/bin/../lib/gcc/arm-none-eabi/4.9.3/../../../../arm-none-eabi/lib/armv7e-m/fpu\libc.a(lib_a-locale.o)
 .data.lc_ctype_charset
                0x20003890       0x20 c:/siliconlabs/simplicitystudio/v4/developer/toolchains/gnu_arm/4.9_2015q3/bin/../lib/gcc/arm-none-eabi/4.9.3/../../../../arm-none-eabi/lib/armv7e-m/fpu\libc.a(lib_a-locale.o)
 .data.__mb_cur_max
                0x200038b0        0x4 c:/siliconlabs/simplicitystudio/v4/developer/toolchains/gnu_arm/4.9_2015q3/bin/../lib/gcc/arm-none-eabi/4.9.3/../../../../arm-none-eabi/lib/armv7e-m/fpu\libc.a(lib_a-locale.o)
                0x200038b0                __mb_cur_max
 .data.__mbtowc
                0x200038b4        0x4 c:/siliconlabs/simplicitystudio/v4/developer/toolchains/gnu_arm/4.9_2015q3/bin/../lib/gcc/arm-none-eabi/4.9.3/../../../../arm-none-eabi/lib/armv7e-m/fpu\libc.a(lib_a-mbtowc_r.o)
                0x200038b4                __mbtowc
                0x200038b8                . = ALIGN (0x4)
 *(.ram)
                0x200038b8                . = ALIGN (0x4)
                0x200038b8                PROVIDE (__preinit_array_start, .)
 *(.preinit_array)
                0x200038b8                PROVIDE (__preinit_array_end, .)
                0x200038b8                . = ALIGN (0x4)
                0x200038b8                PROVIDE (__init_array_start, .)
 *(SORT(.init_array.*))
 .init_array.00000
                0x200038b8        0x4 c:/siliconlabs/simplicitystudio/v4/developer/toolchains/gnu_arm/4.9_2015q3/bin/../lib/gcc/arm-none-eabi/4.9.3/../../../../arm-none-eabi/lib/armv7e-m/fpu\libc.a(lib_a-__call_atexit.o)
 *(.init_array)
 .init_array    0x200038bc        0x4 c:/siliconlabs/simplicitystudio/v4/developer/toolchains/gnu_arm/4.9_2015q3/bin/../lib/gcc/arm-none-eabi/4.9.3/armv7e-m/fpu/crtbegin.o
                0x200038c0                PROVIDE (__init_array_end, .)
                0x200038c0                . = ALIGN (0x4)
                0x200038c0                PROVIDE (__fini_array_start, .)
 *(SORT(.fini_array.*))
 *(.fini_array)
 .fini_array    0x200038c0        0x4 c:/siliconlabs/simplicitystudio/v4/developer/toolchains/gnu_arm/4.9_2015q3/bin/../lib/gcc/arm-none-eabi/4.9.3/armv7e-m/fpu/crtbegin.o
                0x200038c4                PROVIDE (__fini_array_end, .)
 *(.jcr*)
 .jcr           0x200038c4        0x0 c:/siliconlabs/simplicitystudio/v4/developer/toolchains/gnu_arm/4.9_2015q3/bin/../lib/gcc/arm-none-eabi/4.9.3/armv7e-m/fpu/crtbegin.o
 .jcr           0x200038c4        0x4 c:/siliconlabs/simplicitystudio/v4/developer/toolchains/gnu_arm/4.9_2015q3/bin/../lib/gcc/arm-none-eabi/4.9.3/armv7e-m/fpu/crtend.o
                0x200038c8                . = ALIGN (0x4)
                0x200038c8                __data_end__ = .

.bss            0x200038c8     0x1b18 load address 0x00030bec
                0x200038c8                . = ALIGN (0x4)
                0x200038c8                __bss_start__ = .
 *(.bss*)
 .bss           0x200038c8       0x1c c:/siliconlabs/simplicitystudio/v4/developer/toolchains/gnu_arm/4.9_2015q3/bin/../lib/gcc/arm-none-eabi/4.9.3/armv7e-m/fpu/crtbegin.o
 .bss.bg_gattdb_data_attribute_field_2_data
                0x200038e4        0x4 ./gatt_db.o
                0x200038e4                bg_gattdb_data_attribute_field_2_data
 .bss.boot_to_dfu
                0x200038e8        0x1 ./main.o
                0x200038e8                boot_to_dfu
 *fill*         0x200038e9        0x3 
 .bss.externalSignals
                0x200038ec        0x4 ./main.o
                0x200038ec                externalSignals
 .bss.notificationON
                0x200038f0        0x1 ./main.o
                0x200038f0                notificationON
 .bss.myPhone   0x200038f1        0x1 ./main.o
                0x200038f1                myPhone
 .bss.readingNow
                0x200038f2        0x1 ./main.o
                0x200038f2                readingNow
 *fill*         0x200038f3        0x1 
 .bss.bhCurrentState
                0x200038f4        0x4 ./main.o
                0x200038f4                bhCurrentState
 .bss.stateChange
                0x200038f8        0x4 ./main.o
                0x200038f8                stateChange
 .bss.parkedLatitude
                0x200038fc        0x4 ./main.o
                0x200038fc                parkedLatitude
 .bss.parkedLongitude
                0x20003900        0x4 ./main.o
                0x20003900                parkedLongitude
 .bss.chTable   0x20003904       0xa0 ./bgapi/dmadrv.o
 .bss.dmaXfer   0x200039a4      0x100 ./bgapi/dmadrv.o
 .bss.latitude  0x20003aa4        0x4 ./src/gps.o
                0x20003aa4                latitude
 .bss.longitude
                0x20003aa8        0x4 ./src/gps.o
                0x20003aa8                longitude
 .bss           0x20003aac        0x4 C:/SiliconLabs/SimplicityStudio/v4/developer/sdks/gecko_sdk_suite/v1.1//protocol/bluetooth_2.4/lib/EFR32BG1B/GCC/bgapi.a(bgapi_hardware.c.obj)
 .bss           0x20003ab0        0x4 C:/SiliconLabs/SimplicityStudio/v4/developer/sdks/gecko_sdk_suite/v1.1//protocol/bluetooth_2.4/lib/EFR32BG1B/GCC/bgapi.a(bgapi_test_lib.c.obj)
 .bss           0x20003ab4        0x2 C:/SiliconLabs/SimplicityStudio/v4/developer/sdks/gecko_sdk_suite/v1.1//protocol/bluetooth_2.4/lib/EFR32BG1B/GCC/bgapi.a(bgapi_gap.c.obj)
                0x20003ab4                legacy_maxadv_events
 *fill*         0x20003ab6        0x2 
 .bss           0x20003ab8        0x4 C:/SiliconLabs/SimplicityStudio/v4/developer/sdks/gecko_sdk_suite/v1.1//protocol/bluetooth_2.4/lib/EFR32BG1B/GCC/bgapi.a(bgapi_ps.c.obj)
 .bss           0x20003abc        0x4 C:/SiliconLabs/SimplicityStudio/v4/developer/sdks/gecko_sdk_suite/v1.1//protocol/bluetooth_2.4/lib/EFR32BG1B/GCC/bgapi.a(bgapi_sm.c.obj)
 .bss           0x20003ac0        0x4 C:/SiliconLabs/SimplicityStudio/v4/developer/sdks/gecko_sdk_suite/v1.1//protocol/bluetooth_2.4/lib/EFR32BG1B/GCC/bgapi.a(bgapi_system.c.obj)
 .bss.__malloc_max_total_mem
                0x20003ac4        0x4 c:/siliconlabs/simplicitystudio/v4/developer/toolchains/gnu_arm/4.9_2015q3/bin/../lib/gcc/arm-none-eabi/4.9.3/../../../../arm-none-eabi/lib/armv7e-m/fpu\libc.a(lib_a-mallocr.o)
                0x20003ac4                __malloc_max_total_mem
 .bss.__malloc_max_sbrked_mem
                0x20003ac8        0x4 c:/siliconlabs/simplicitystudio/v4/developer/toolchains/gnu_arm/4.9_2015q3/bin/../lib/gcc/arm-none-eabi/4.9.3/../../../../arm-none-eabi/lib/armv7e-m/fpu\libc.a(lib_a-mallocr.o)
                0x20003ac8                __malloc_max_sbrked_mem
 .bss.__malloc_top_pad
                0x20003acc        0x4 c:/siliconlabs/simplicitystudio/v4/developer/toolchains/gnu_arm/4.9_2015q3/bin/../lib/gcc/arm-none-eabi/4.9.3/../../../../arm-none-eabi/lib/armv7e-m/fpu\libc.a(lib_a-mallocr.o)
                0x20003acc                __malloc_top_pad
 .bss.__malloc_current_mallinfo
                0x20003ad0       0x28 c:/siliconlabs/simplicitystudio/v4/developer/toolchains/gnu_arm/4.9_2015q3/bin/../lib/gcc/arm-none-eabi/4.9.3/../../../../arm-none-eabi/lib/armv7e-m/fpu\libc.a(lib_a-mallocr.o)
                0x20003ad0                __malloc_current_mallinfo
 .bss.heap_end.4079
                0x20003af8        0x4 c:/siliconlabs/simplicitystudio/v4/developer/toolchains/gnu_arm/4.9_2015q3/bin/../lib/gcc/arm-none-eabi/4.9.3/../../../../arm-none-eabi/lib/armv7e-m/fpu\libnosys.a(sbrk.o)
 *(COMMON)
 COMMON         0x20003afc     0x18d0 ./main.o
                0x20003afc                bluetooth_stack_heap
 COMMON         0x200053cc        0x8 ./src/gps.o
                0x200053cc                gpsData
                0x200053d0                gpsSentence
 COMMON         0x200053d4        0x4 ./src/gsm.o
                0x200053d4                gsmUARTRxData
 COMMON         0x200053d8        0x4 C:/SiliconLabs/SimplicityStudio/v4/developer/sdks/gecko_sdk_suite/v1.1//protocol/bluetooth_2.4/lib/EFR32BG1B/GCC/bgapi.a(bgapi_test_lib.c.obj)
                0x200053d8                msg_sender
 COMMON         0x200053dc        0x4 c:/siliconlabs/simplicitystudio/v4/developer/toolchains/gnu_arm/4.9_2015q3/bin/../lib/gcc/arm-none-eabi/4.9.3/../../../../arm-none-eabi/lib/armv7e-m/fpu\libc.a(lib_a-reent.o)
                0x200053dc                errno
                0x200053e0                . = ALIGN (0x4)
                0x200053e0                __bss_end__ = .

.heap           0x200053e0      0xc00
                0x200053e0                __HeapBase = .
                0x200053e0                __end__ = .
                0x200053e0                end = __end__
                0x200053e0                _end = __end__
 *(.heap*)
 .heap          0x200053e0      0xc00 ./device/EFR32_B_1_1_B/gcc/startup_efr32bg1b.o
                0x20005fe0                __HeapLimit = .

.stack_dummy    0x20005fe0      0x400
 *(.stack*)
 .stack         0x20005fe0      0x400 ./device/EFR32_B_1_1_B/gcc/startup_efr32bg1b.o
                0x20007bfc                __StackTop = (ORIGIN (RAM) + 0x4bfc)
                0x200077fc                __StackLimit = (__StackTop - SIZEOF (.stack_dummy))
                0x20007bfc                PROVIDE (__stack, __StackTop)
                0x00000001                ASSERT ((__StackLimit >= __HeapLimit), region RAM overflowed with stack)
OUTPUT(Blue_Hunt.axf elf32-littlearm)

.ARM.attributes
                0x00000000       0x30
 .ARM.attributes
                0x00000000       0x22 c:/siliconlabs/simplicitystudio/v4/developer/toolchains/gnu_arm/4.9_2015q3/bin/../lib/gcc/arm-none-eabi/4.9.3/armv7e-m/fpu/crti.o
 .ARM.attributes
                0x00000022       0x34 c:/siliconlabs/simplicitystudio/v4/developer/toolchains/gnu_arm/4.9_2015q3/bin/../lib/gcc/arm-none-eabi/4.9.3/armv7e-m/fpu/crtbegin.o
 .ARM.attributes
                0x00000056       0x20 c:/siliconlabs/simplicitystudio/v4/developer/toolchains/gnu_arm/4.9_2015q3/bin/../lib/gcc/arm-none-eabi/4.9.3/../../../../arm-none-eabi/lib/armv7e-m/fpu/crt0.o
 .ARM.attributes
                0x00000076       0x39 ./application_properties.o
 .ARM.attributes
                0x000000af       0x39 ./gatt_db.o
 .ARM.attributes
                0x000000e8       0x39 ./main.o
 .ARM.attributes
                0x00000121       0x39 ./bgapi/dmadrv.o
 .ARM.attributes
                0x0000015a       0x39 ./device/EFR32_B_1_1_B/gcc/startup_efr32bg1b.o
 .ARM.attributes
                0x00000193       0x39 ./emlib/em_cmu.o
 .ARM.attributes
                0x000001cc       0x39 ./emlib/em_gpio.o
 .ARM.attributes
                0x00000205       0x39 ./emlib/em_letimer.o
 .ARM.attributes
                0x0000023e       0x39 ./emlib/em_leuart.o
 .ARM.attributes
                0x00000277       0x39 ./emlib/em_rtcc.o
 .ARM.attributes
                0x000002b0       0x39 ./emlib/em_system.o
 .ARM.attributes
                0x000002e9       0x39 ./emlib/em_usart.o
 .ARM.attributes
                0x00000322       0x39 ./src/InitDevice.o
 .ARM.attributes
                0x0000035b       0x39 ./src/btModule.o
 .ARM.attributes
                0x00000394       0x39 ./src/clockSetup.o
 .ARM.attributes
                0x000003cd       0x39 ./src/gpio.o
 .ARM.attributes
                0x00000406       0x39 ./src/gps.o
 .ARM.attributes
                0x0000043f       0x39 ./src/gsm.o
 .ARM.attributes
                0x00000478       0x39 ./src/timer.o
 .ARM.attributes
                0x000004b1       0x1c C:/SiliconLabs/SimplicityStudio/v4/developer/sdks/gecko_sdk_suite/v1.1//protocol/bluetooth_2.4/lib/EFR32BG1B/EABI/binstack.o
 .ARM.attributes
                0x000004cd       0x1c C:/SiliconLabs/SimplicityStudio/v4/developer/sdks/gecko_sdk_suite/v1.1//protocol/bluetooth_2.4/lib/EFR32BG1B/EABI/binbootloader.o
 .ARM.attributes
                0x000004e9       0x39 C:/SiliconLabs/SimplicityStudio/v4/developer/sdks/gecko_sdk_suite/v1.1//protocol/bluetooth_2.4/lib/EFR32BG1B/GCC/bgapi.a(gecko_bgapi_hardware.c.obj)
 .ARM.attributes
                0x00000522       0x39 C:/SiliconLabs/SimplicityStudio/v4/developer/sdks/gecko_sdk_suite/v1.1//protocol/bluetooth_2.4/lib/EFR32BG1B/GCC/bgapi.a(gecko_bgapi_test.c.obj)
 .ARM.attributes
                0x0000055b       0x39 C:/SiliconLabs/SimplicityStudio/v4/developer/sdks/gecko_sdk_suite/v1.1//protocol/bluetooth_2.4/lib/EFR32BG1B/GCC/bgapi.a(gecko_bgapi_dfu.c.obj)
 .ARM.attributes
                0x00000594       0x39 C:/SiliconLabs/SimplicityStudio/v4/developer/sdks/gecko_sdk_suite/v1.1//protocol/bluetooth_2.4/lib/EFR32BG1B/GCC/bgapi.a(gecko_bgapi_gap.c.obj)
 .ARM.attributes
                0x000005cd       0x39 C:/SiliconLabs/SimplicityStudio/v4/developer/sdks/gecko_sdk_suite/v1.1//protocol/bluetooth_2.4/lib/EFR32BG1B/GCC/bgapi.a(gecko_bgapi_gatt.c.obj)
 .ARM.attributes
                0x00000606       0x39 C:/SiliconLabs/SimplicityStudio/v4/developer/sdks/gecko_sdk_suite/v1.1//protocol/bluetooth_2.4/lib/EFR32BG1B/GCC/bgapi.a(gecko_bgapi_gatt_server.c.obj)
 .ARM.attributes
                0x0000063f       0x39 C:/SiliconLabs/SimplicityStudio/v4/developer/sdks/gecko_sdk_suite/v1.1//protocol/bluetooth_2.4/lib/EFR32BG1B/GCC/bgapi.a(gecko_bgapi_flash.c.obj)
 .ARM.attributes
                0x00000678       0x39 C:/SiliconLabs/SimplicityStudio/v4/developer/sdks/gecko_sdk_suite/v1.1//protocol/bluetooth_2.4/lib/EFR32BG1B/GCC/bgapi.a(gecko_bgapi_sm.c.obj)
 .ARM.attributes