Archive member included because of file (symbol)

C:/SiliconLabs/SimplicityStudio/v4/developer/sdks/gecko_sdk_suite/v1.1//protocol/bluetooth_2.4/lib/EFR32BG1B/GCC/bgapi.a(gecko_bgapi_hardware.c.obj)
                              ./main.o (gecko_bgapi_class_hardware_init)
C:/SiliconLabs/SimplicityStudio/v4/developer/sdks/gecko_sdk_suite/v1.1//protocol/bluetooth_2.4/lib/EFR32BG1B/GCC/bgapi.a(gecko_bgapi_test.c.obj)
                              ./main.o (gecko_bgapi_class_test_init)
C:/SiliconLabs/SimplicityStudio/v4/developer/sdks/gecko_sdk_suite/v1.1//protocol/bluetooth_2.4/lib/EFR32BG1B/GCC/bgapi.a(gecko_bgapi_dfu.c.obj)
                              ./main.o (gecko_bgapi_class_dfu_init)
C:/SiliconLabs/SimplicityStudio/v4/developer/sdks/gecko_sdk_suite/v1.1//protocol/bluetooth_2.4/lib/EFR32BG1B/GCC/bgapi.a(gecko_bgapi_gap.c.obj)
                              ./main.o (gecko_bgapi_class_le_gap_init)
C:/SiliconLabs/SimplicityStudio/v4/developer/sdks/gecko_sdk_suite/v1.1//protocol/bluetooth_2.4/lib/EFR32BG1B/GCC/bgapi.a(gecko_bgapi_gatt.c.obj)
                              ./main.o (gecko_bgapi_class_gatt_init)
C:/SiliconLabs/SimplicityStudio/v4/developer/sdks/gecko_sdk_suite/v1.1//protocol/bluetooth_2.4/lib/EFR32BG1B/GCC/bgapi.a(gecko_bgapi_gatt_server.c.obj)
                              ./main.o (gecko_bgapi_class_gatt_server_init)
C:/SiliconLabs/SimplicityStudio/v4/developer/sdks/gecko_sdk_suite/v1.1//protocol/bluetooth_2.4/lib/EFR32BG1B/GCC/bgapi.a(gecko_bgapi_flash.c.obj)
                              ./main.o (gecko_bgapi_class_flash_init)
C:/SiliconLabs/SimplicityStudio/v4/developer/sdks/gecko_sdk_suite/v1.1//protocol/bluetooth_2.4/lib/EFR32BG1B/GCC/bgapi.a(gecko_bgapi_sm.c.obj)
                              ./main.o (gecko_bgapi_class_sm_init)
C:/SiliconLabs/SimplicityStudio/v4/developer/sdks/gecko_sdk_suite/v1.1//protocol/bluetooth_2.4/lib/EFR32BG1B/GCC/bgapi.a(gecko_bgapi_system.c.obj)
                              ./main.o (gecko_bgapi_class_system_init)
C:/SiliconLabs/SimplicityStudio/v4/developer/sdks/gecko_sdk_suite/v1.1//protocol/bluetooth_2.4/lib/EFR32BG1B/GCC/bgapi.a(gecko_bgapi_endpoint.c.obj)
                              ./main.o (gecko_bgapi_class_endpoint_init)
C:/SiliconLabs/SimplicityStudio/v4/developer/sdks/gecko_sdk_suite/v1.1//protocol/bluetooth_2.4/lib/EFR32BG1B/GCC/bgapi.a(gecko_bgapi_le_connection.c.obj)
                              ./main.o (gecko_bgapi_class_le_connection_init)
C:/SiliconLabs/SimplicityStudio/v4/developer/sdks/gecko_sdk_suite/v1.1//protocol/bluetooth_2.4/lib/EFR32BG1B/GCC/bgapi.a(bgapi_hardware.c.obj)
                              C:/SiliconLabs/SimplicityStudio/v4/developer/sdks/gecko_sdk_suite/v1.1//protocol/bluetooth_2.4/lib/EFR32BG1B/GCC/bgapi.a(gecko_bgapi_hardware.c.obj) (lib_hardware_handler_init)
C:/SiliconLabs/SimplicityStudio/v4/developer/sdks/gecko_sdk_suite/v1.1//protocol/bluetooth_2.4/lib/EFR32BG1B/GCC/bgapi.a(bgapi_test_lib.c.obj)
                              C:/SiliconLabs/SimplicityStudio/v4/developer/sdks/gecko_sdk_suite/v1.1//protocol/bluetooth_2.4/lib/EFR32BG1B/GCC/bgapi.a(gecko_bgapi_test.c.obj) (lib_test_handler_init)
C:/SiliconLabs/SimplicityStudio/v4/developer/sdks/gecko_sdk_suite/v1.1//protocol/bluetooth_2.4/lib/EFR32BG1B/GCC/bgapi.a(bgapi_dfu.c.obj)
                              C:/SiliconLabs/SimplicityStudio/v4/developer/sdks/gecko_sdk_suite/v1.1//protocol/bluetooth_2.4/lib/EFR32BG1B/GCC/bgapi.a(gecko_bgapi_dfu.c.obj) (lib_dfu_handler_init)
C:/SiliconLabs/SimplicityStudio/v4/developer/sdks/gecko_sdk_suite/v1.1//protocol/bluetooth_2.4/lib/EFR32BG1B/GCC/bgapi.a(bgapi_gap.c.obj)
                              C:/SiliconLabs/SimplicityStudio/v4/developer/sdks/gecko_sdk_suite/v1.1//protocol/bluetooth_2.4/lib/EFR32BG1B/GCC/bgapi.a(gecko_bgapi_gap.c.obj) (lib_le_gap_handler_init)
C:/SiliconLabs/SimplicityStudio/v4/developer/sdks/gecko_sdk_suite/v1.1//protocol/bluetooth_2.4/lib/EFR32BG1B/GCC/bgapi.a(bgapi_gatt_lib.c.obj)
                              C:/SiliconLabs/SimplicityStudio/v4/developer/sdks/gecko_sdk_suite/v1.1//protocol/bluetooth_2.4/lib/EFR32BG1B/GCC/bgapi.a(gecko_bgapi_gatt.c.obj) (lib_gatt_handler_init)
C:/SiliconLabs/SimplicityStudio/v4/developer/sdks/gecko_sdk_suite/v1.1//protocol/bluetooth_2.4/lib/EFR32BG1B/GCC/bgapi.a(bgapi_ps.c.obj)
                              C:/SiliconLabs/SimplicityStudio/v4/developer/sdks/gecko_sdk_suite/v1.1//protocol/bluetooth_2.4/lib/EFR32BG1B/GCC/bgapi.a(gecko_bgapi_flash.c.obj) (lib_flash_handler_init)
C:/SiliconLabs/SimplicityStudio/v4/developer/sdks/gecko_sdk_suite/v1.1//protocol/bluetooth_2.4/lib/EFR32BG1B/GCC/bgapi.a(bgapi_sm.c.obj)
                              C:/SiliconLabs/SimplicityStudio/v4/developer/sdks/gecko_sdk_suite/v1.1//protocol/bluetooth_2.4/lib/EFR32BG1B/GCC/bgapi.a(gecko_bgapi_sm.c.obj) (lib_sm_handler_init)
C:/SiliconLabs/SimplicityStudio/v4/developer/sdks/gecko_sdk_suite/v1.1//protocol/bluetooth_2.4/lib/EFR32BG1B/GCC/bgapi.a(bgapi_system.c.obj)
[...]
Memory Configuration

Name             Origin             Length             Attributes
FLASH_BOOTLOADER 0x00000000         0x00004000         xr
FLASH            0x00004000         0x0003b000         xr
RAM              0x20003000         0x00004bfc         xrw
*default*        0x00000000         0xffffffff

Linker script and memory map

LOAD c:/siliconlabs/simplicitystudio/v4/developer/toolchains/gnu_arm/4.9_2015q3/bin/../lib/gcc/arm-none-eabi/4.9.3/armv7e-m/fpu/crti.o
LOAD c:/siliconlabs/simplicitystudio/v4/developer/toolchains/gnu_arm/4.9_2015q3/bin/../lib/gcc/arm-none-eabi/4.9.3/armv7e-m/fpu/crtbegin.o
LOAD c:/siliconlabs/simplicitystudio/v4/developer/toolchains/gnu_arm/4.9_2015q3/bin/../lib/gcc/arm-none-eabi/4.9.3/../../../../arm-none-eabi/lib/armv7e-m/fpu/crt0.o
LOAD ./application_properties.o
LOAD ./gatt_db.o
LOAD ./main.o
LOAD ./bgapi/dmadrv.o
LOAD ./bgapi/em_adc.o
LOAD ./bgapi/em_ldma.o
LOAD ./device/EFR32_B_1_1_B/gcc/startup_efr32bg1b.o
LOAD ./emlib/em_cmu.o
LOAD ./emlib/em_cryotimer.o
LOAD ./emlib/em_gpio.o
LOAD ./emlib/em_i2c.o
LOAD ./emlib/em_letimer.o
LOAD ./emlib/em_leuart.o
LOAD ./emlib/em_msc.o
LOAD ./emlib/em_rtcc.o
LOAD ./emlib/em_system.o
LOAD ./emlib/em_usart.o
LOAD ./src/InitDevice.o
LOAD ./src/btModule.o
LOAD ./src/clockSetup.o
LOAD ./src/gpio.o
LOAD ./src/gps.o
LOAD ./src/gsm.o
LOAD ./src/timer.o
LOAD C:/SiliconLabs/SimplicityStudio/v4/developer/sdks/gecko_sdk_suite/v1.1//protocol/bluetooth_2.4/lib/EFR32BG1B/EABI/stack.a
LOAD C:/SiliconLabs/SimplicityStudio/v4/developer/sdks/gecko_sdk_suite/v1.1//protocol/bluetooth_2.4/lib/EFR32BG1B/EABI/binstack.o
LOAD C:/SiliconLabs/SimplicityStudio/v4/developer/sdks/gecko_sdk_suite/v1.1//protocol/bluetooth_2.4/lib/EFR32BG1B/EABI/binbootloader.o
LOAD C:/SiliconLabs/SimplicityStudio/v4/developer/sdks/gecko_sdk_suite/v1.1//protocol/bluetooth_2.4/lib/EFR32BG1B/GCC/bgapi.a
LOAD c:/siliconlabs/simplicitystudio/v4/developer/toolchains/gnu_arm/4.9_2015q3/bin/../lib/gcc/arm-none-eabi/4.9.3/../../../../arm-none-eabi/lib/armv7e-m/fpu\libm.a
START GROUP
LOAD c:/siliconlabs/simplicitystudio/v4/developer/toolchains/gnu_arm/4.9_2015q3/bin/../lib/gcc/arm-none-eabi/4.9.3/armv7e-m/fpu\libgcc.a
LOAD c:/siliconlabs/simplicitystudio/v4/developer/toolchains/gnu_arm/4.9_2015q3/bin/../lib/gcc/arm-none-eabi/4.9.3/../../../../arm-none-eabi/lib/armv7e-m/fpu\libc.a
LOAD c:/siliconlabs/simplicitystudio/v4/developer/toolchains/gnu_arm/4.9_2015q3/bin/../lib/gcc/arm-none-eabi/4.9.3/../../../../arm-none-eabi/lib/armv7e-m/fpu\libnosys.a
END GROUP
START GROUP
LOAD c:/siliconlabs/simplicitystudio/v4/developer/toolchains/gnu_arm/4.9_2015q3/bin/../lib/gcc/arm-none-eabi/4.9.3/armv7e-m/fpu\libgcc.a
LOAD c:/siliconlabs/simplicitystudio/v4/developer/toolchains/gnu_arm/4.9_2015q3/bin/../lib/gcc/arm-none-eabi/4.9.3/../../../../arm-none-eabi/lib/armv7e-m/fpu\libg.a
LOAD c:/siliconlabs/simplicitystudio/v4/developer/toolchains/gnu_arm/4.9_2015q3/bin/../lib/gcc/arm-none-eabi/4.9.3/../../../../arm-none-eabi/lib/armv7e-m/fpu\libc.a
END GROUP
LOAD c:/siliconlabs/simplicitystudio/v4/developer/toolchains/gnu_arm/4.9_2015q3/bin/../lib/gcc/arm-none-eabi/4.9.3/armv7e-m/fpu/crtend.o
LOAD c:/siliconlabs/simplicitystudio/v4/developer/toolchains/gnu_arm/4.9_2015q3/bin/../lib/gcc/arm-none-eabi/4.9.3/armv7e-m/fpu/crtn.o

.text_bootloader
                0x00000000     0x4000
 *(.binbootloader*)
 .binbootloader
                0x00000000      0x31c C:/SiliconLabs/SimplicityStudio/v4/developer/sdks/gecko_sdk_suite/v1.1//protocol/bluetooth_2.4/lib/EFR32BG1B/EABI/binbootloader.o
                0x00004000                . = ALIGN (0x4000)
 *fill*         0x0000031c     0x3ce4 

.text_stack_bin
                0x00004000    0x1cee3
 *(.binstack*)
 .binstack      0x00004000    0x1cee3 C:/SiliconLabs/SimplicityStudio/v4/developer/sdks/gecko_sdk_suite/v1.1//protocol/bluetooth_2.4/lib/EFR32BG1B/EABI/binstack.o

.text_signature
                0x00020ee3      0x11d
                0x00020f23                . = (. + 0x40)
 *fill*         0x00020ee3       0x40 
                0x00021000                . = ALIGN (0x800)
 *fill*         0x00020f23       0xdd 
                0x00021000                __text_start__ = .

.text_app       0x00021000     0xa50c
 *(.AAT)
 .AAT           0x00021000       0x80 ./main.o
                0x00021000                AppAddressTable
 *(.vectors)
 .vectors       0x00021080       0xc8 ./device/EFR32_B_1_1_B/gcc/startup_efr32bg1b.o
                0x00021080                __Vectors
                0x00021148                __Vectors_End = .
                0x000000c8                __Vectors_Size = (__Vectors_End - __Vectors)
                0x00021148                __end__ = .
 *(.gecko_configuration)
 *(.xo_configuration)
 *(.gatt_header)
 .gatt_header   0x00021148       0x34 ./gatt_db.o
                0x00021148                bg_gattdb_data
 *(.gatt_data)
 .gatt_data     0x0002117c      0x1d5 ./gatt_db.o
                0x0002117c                bg_gattdb_data_uuidtable_16_map
                0x00021198                bg_gattdb_data_uuidtable_128_map
                0x000211b8                bg_gattdb_data_attribute_field_18
                0x000211c0                bg_gattdb_data_attribute_field_17
                0x000211d8                bg_gattdb_data_attribute_field_16
                0x000211ec                bg_gattdb_data_attribute_field_15
                0x000211f4                bg_gattdb_data_attribute_field_14
                0x000211fc                bg_gattdb_data_attribute_field_13
                0x00021208                bg_gattdb_data_attribute_field_12
                0x00021210                bg_gattdb_data_attribute_field_11
                0x00021220                bg_gattdb_data_attribute_field_10
                0x00021228                bg_gattdb_data_attribute_field_9
                0x0002122c                bg_gattdb_data_attribute_field_8
                0x00021230                bg_gattdb_data_attribute_field_7
                0x00021238                bg_gattdb_data_attribute_field_6
                0x00021240                bg_gattdb_data_attribute_field_5
                0x00021248                bg_gattdb_data_attribute_field_4
                0x0002124c                bg_gattdb_data_attribute_field_2
                0x00021254                bg_gattdb_data_attribute_field_1
                0x0002125c                bg_gattdb_data_attribute_field_0
                0x00021260                bg_gattdb_data_attributes_map
                0x00021344                bg_gattdb_data_attributes_dynamic_mapping_map
                0x0002134c                bg_gattdb_data_adv_uuid16_map
                0x00021350                bg_gattdb_data_adv_uuid128_map
 *(.application_properties)
 *fill*         0x00021351        0x3 
 .application_properties
                0x00021354       0x38 ./application_properties.o
                0x00021354                applicationProperties
 *(.text*)
 .text          0x0002138c       0x5c c:/siliconlabs/simplicitystudio/v4/developer/toolchains/gnu_arm/4.9_2015q3/bin/../lib/gcc/arm-none-eabi/4.9.3/armv7e-m/fpu/crtbegin.o
 .text          0x000213e8       0x74 c:/siliconlabs/simplicitystudio/v4/developer/toolchains/gnu_arm/4.9_2015q3/bin/../lib/gcc/arm-none-eabi/4.9.3/../../../../arm-none-eabi/lib/armv7e-m/fpu/crt0.o
                0x000213e8                _start
                0x000213e8                _mainCRTStartup
 .text.gecko_init
                0x0002145c       0x40 ./main.o
 .text.gecko_cmd_system_reset
                0x0002149c       0x40 ./main.o
 .text.gecko_cmd_system_set_tx_power
                0x000214dc       0x48 ./main.o
 .text.gecko_cmd_le_gap_set_mode
                0x00021524       0x58 ./main.o
 .text.gecko_cmd_gatt_server_send_user_write_response
                0x0002157c       0x64 ./main.o
 .text.gecko_cmd_endpoint_close
                0x000215e0       0x48 ./main.o
 .text.BUS_RegMaskedSet
                0x00021628       0x24 ./main.o
 .text.GPIO_PinOutSet
                0x0002164c       0x58 ./main.o
 .text.main     0x000216a4      0x28c ./main.o
                0x000216a4                main
 .text.LDMA_IRQHandler
                0x00021930       0xe0 ./bgapi/dmadrv.o
                0x00021930                LDMA_IRQHandler
 .text.Reset_Handler
                0x00021a10       0x38 ./device/EFR32_B_1_1_B/gcc/startup_efr32bg1b.o
                0x00021a10                Reset_Handler
 .text.Default_Handler
                0x00021a48        0x8 ./device/EFR32_B_1_1_B/gcc/startup_efr32bg1b.o
                0x00021a48                DebugMon_Handler
                0x00021a48                USART0_TX_IRQHandler
                0x00021a48                I2C0_IRQHandler
                0x00021a48                HardFault_Handler
                0x00021a48                SysTick_Handler
                0x00021a48                USART1_RX_IRQHandler
                0x00021a48                PendSV_Handler
                0x00021a48                NMI_Handler
                0x00021a48                SYNTH_IRQHandler
                0x00021a48                WDOG0_IRQHandler
                0x00021a48                USART1_TX_IRQHandler
                0x00021a48                MSC_IRQHandler
                0x00021a48                ADC0_IRQHandler
                0x00021a48                UsageFault_Handler
                0x00021a48                FPUEH_IRQHandler
                0x00021a48                GPIO_EVEN_IRQHandler
                0x00021a48                TIMER0_IRQHandler
                0x00021a48                TIMER1_IRQHandler
                0x00021a48                RFSENSE_IRQHandler
                0x00021a48                BUFC_IRQHandler
                0x00021a48                MODEM_IRQHandler
                0x00021a48                Default_Handler
                0x00021a48                RAC_SEQ_IRQHandler
                0x00021a48                FRC_PRI_IRQHandler
                0x00021a48                FRC_IRQHandler
                0x00021a48                CRYOTIMER_IRQHandler
                0x00021a48                PCNT0_IRQHandler
                0x00021a48                AGC_IRQHandler
                0x00021a48                ACMP0_IRQHandler
                0x00021a48                MemManage_Handler
                0x00021a48                SVC_Handler
                0x00021a48                RTCC_IRQHandler
                0x00021a48                CRYPTO_IRQHandler
                0x00021a48                CMU_IRQHandler
                0x00021a48                RAC_RSM_IRQHandler
                0x00021a48                GPIO_ODD_IRQHandler
                0x00021a48                PROTIMER_IRQHandler
                0x00021a48                BusFault_Handler
                0x00021a48                IDAC0_IRQHandler
 .text.BUS_RegBitWrite
                0x00021a50       0x2c ./emlib/em_cmu.o
 .text.BUS_RegBitRead
                0x00021a7c       0x2c ./emlib/em_cmu.o
 .text.BUS_RegMaskedSet
                0x00021aa8       0x24 ./emlib/em_cmu.o
 .text.BUS_RegMaskedClear
                0x00021acc       0x24 ./emlib/em_cmu.o
 .text.BUS_RegMaskedWrite
                0x00021af0       0x24 ./emlib/em_cmu.o
 .text.CMU_Log2ToDiv
                0x00021b14       0x1c ./emlib/em_cmu.o
 .text.setHfLeConfig
                0x00021b30       0x64 ./emlib/em_cmu.o
 .text.auxClkGet
                0x00021b94       0x20 ./emlib/em_cmu.o
 .text.hfSrcClkGet
                0x00021bb4       0x2c ./emlib/em_cmu.o
 .text.dbgClkGet
                0x00021be0       0x3c ./emlib/em_cmu.o
 .text.adcAsyncClkGet
                0x00021c1c       0x80 ./emlib/em_cmu.o
 .text.flashWaitStateControl
                0x00021c9c       0x7c ./emlib/em_cmu.o
 .text.flashWaitStateMax
                0x00021d18       0x14 ./emlib/em_cmu.o
 .text.CMU_UpdateWaitStates
                0x00021d2c       0x18 ./emlib/em_cmu.o
                0x00021d2c                CMU_UpdateWaitStates
 .text.getRegIshUpperVal
                0x00021d44       0x38 ./emlib/em_cmu.o
 .text.getHfxoTuningMode
                0x00021d7c       0x1c ./emlib/em_cmu.o
 .text.setHfxoTuningMode
                0x00021d98       0x28 ./emlib/em_cmu.o
 .text.lfClkGet
                0x00021dc0       0xe8 ./emlib/em_cmu.o
 .text.syncReg  0x00021ea8       0x38 ./emlib/em_cmu.o
 .text.CMU_ClockEnable
                0x00021ee0       0xcc ./emlib/em_cmu.o
                0x00021ee0                CMU_ClockEnable
 .text.CMU_ClockFreqGet
                0x00021fac      0x198 ./emlib/em_cmu.o
                0x00021fac                CMU_ClockFreqGet
 .text.CMU_ClockSelectGet
                0x00022144      0x190 ./emlib/em_cmu.o
                0x00022144                CMU_ClockSelectGet
 .text.CMU_ClockSelectSet
                0x000222d4      0x25c ./emlib/em_cmu.o
                0x000222d4                CMU_ClockSelectSet
 .text.CMU_HFXOAutostartEnable
                0x00022530       0x7c ./emlib/em_cmu.o
                0x00022530                CMU_HFXOAutostartEnable
 .text.CMU_HFXOInit
                0x000225ac       0xf4 ./emlib/em_cmu.o
                0x000225ac                CMU_HFXOInit
 .text.CMU_LFXOInit
                0x000226a0       0x50 ./emlib/em_cmu.o
                0x000226a0                CMU_LFXOInit
 .text.CMU_OscillatorEnable
                0x000226f0      0x174 ./emlib/em_cmu.o
                0x000226f0                CMU_OscillatorEnable
 .text.CMU_OscillatorTuningGet
                0x00022864       0x74 ./emlib/em_cmu.o
                0x00022864                CMU_OscillatorTuningGet
 .text.CMU_OscillatorTuningSet
                0x000228d8       0xfc ./emlib/em_cmu.o
                0x000228d8                CMU_OscillatorTuningSet
 .text.CMU_OscillatorTuningWait
                0x000229d4       0x8c ./emlib/em_cmu.o
                0x000229d4                CMU_OscillatorTuningWait
 .text.CMU_OscillatorTuningOptimize
                0x00022a60       0x4c ./emlib/em_cmu.o
                0x00022a60                CMU_OscillatorTuningOptimize
 .text.BUS_RegMaskedSet
                0x00022aac       0x24 ./emlib/em_gpio.o
 .text.BUS_RegMaskedClear
                0x00022ad0       0x24 ./emlib/em_gpio.o
 .text.BUS_RegMaskedWrite
                0x00022af4       0x24 ./emlib/em_gpio.o
 .text.GPIO_PinOutClear
                0x00022b18       0x58 ./emlib/em_gpio.o
 .text.GPIO_PinOutSet
                0x00022b70       0x58 ./emlib/em_gpio.o
 .text.GPIO_DriveStrengthSet
                0x00022bc8       0x60 ./emlib/em_gpio.o
                0x00022bc8                GPIO_DriveStrengthSet
 .text.GPIO_PinModeSet
                0x00022c28      0x108 ./emlib/em_gpio.o
                0x00022c28                GPIO_PinModeSet
 .text.LETIMER_CompareSet
                0x00022d30       0x58 ./emlib/em_letimer.o
                0x00022d30                LETIMER_CompareSet
 .text.LETIMER_Enable
                0x00022d88       0x2c ./emlib/em_letimer.o
                0x00022d88                LETIMER_Enable
 .text.LETIMER_Init
                0x00022db4       0xcc ./emlib/em_letimer.o
                0x00022db4                LETIMER_Init
 .text.LEUART_Sync
                0x00022e80       0x30 ./emlib/em_leuart.o
 .text.LEUART_BaudrateSet
                0x00022eb0       0x6c ./emlib/em_leuart.o
                0x00022eb0                LEUART_BaudrateSet
 .text.LEUART_Enable
                0x00022f1c       0x3c ./emlib/em_leuart.o
                0x00022f1c                LEUART_Enable
 .text.LEUART_FreezeEnable
                0x00022f58       0x34 ./emlib/em_leuart.o
                0x00022f58                LEUART_FreezeEnable
 .text.LEUART_Init
                0x00022f8c       0x68 ./emlib/em_leuart.o
                0x00022f8c                LEUART_Init
 .text.LEUART_Reset
                0x00022ff4       0x5c ./emlib/em_leuart.o
                0x00022ff4                LEUART_Reset
 .text.RTCC_Init
                0x00023050       0x60 ./emlib/em_rtcc.o
                0x00023050                RTCC_Init
 .text.SYSTEM_ChipRevisionGet
                0x000230b0       0x74 ./emlib/em_system.o
                0x000230b0                SYSTEM_ChipRevisionGet
 .text.USART_BaudrateAsyncSet
                0x00023124       0xb0 ./emlib/em_usart.o
                0x00023124                USART_BaudrateAsyncSet
 .text.USART_Enable
                0x000231d4       0x4c ./emlib/em_usart.o
                0x000231d4                USART_Enable
 .text.USART_InitAsync
                0x00023220       0xbc ./emlib/em_usart.o
                0x00023220                USART_InitAsync
 .text.USART_Reset
                0x000232dc       0x94 ./emlib/em_usart.o
                0x000232dc                USART_Reset
 .text.SYSTEM_GetProdRev
                0x00023370       0x1c ./src/InitDevice.o
 .text.BUS_RegBitWrite
                0x0002338c       0x2c ./src/InitDevice.o
 .text.CHIP_Init
                0x000233b8       0xb4 ./src/InitDevice.o
 .text.enter_DefaultMode_from_RESET
                0x0002346c       0x2c ./src/InitDevice.o
                0x0002346c                enter_DefaultMode_from_RESET
 .text.EMU_enter_DefaultMode_from_RESET
                0x00023498       0x94 ./src/InitDevice.o
                0x00023498                EMU_enter_DefaultMode_from_RESET
 .text.LFXO_enter_DefaultMode_from_RESET
                0x0002352c        0xc ./src/InitDevice.o
                0x0002352c                LFXO_enter_DefaultMode_from_RESET
 .text.CMU_enter_DefaultMode_from_RESET
                0x00023538      0x128 ./src/InitDevice.o
                0x00023538                CMU_enter_DefaultMode_from_RESET
 .text.RTCC_enter_DefaultMode_from_RESET
                0x00023660       0x4c ./src/InitDevice.o
                0x00023660                RTCC_enter_DefaultMode_from_RESET
 .text.GPCRC_enter_DefaultMode_from_RESET
                0x000236ac        0xc ./src/InitDevice.o
                0x000236ac                GPCRC_enter_DefaultMode_from_RESET
 .text.LDMA_enter_DefaultMode_from_RESET
                0x000236b8        0xc ./src/InitDevice.o
                0x000236b8                LDMA_enter_DefaultMode_from_RESET
 .text.PRS_enter_DefaultMode_from_RESET
                0x000236c4       0x20 ./src/InitDevice.o
                0x000236c4                PRS_enter_DefaultMode_from_RESET
 .text.PORTIO_enter_DefaultMode_from_RESET
                0x000236e4        0xc ./src/InitDevice.o
                0x000236e4                PORTIO_enter_DefaultMode_from_RESET
 .text.gecko_cmd_le_gap_set_mode
                0x000236f0       0x58 ./src/btModule.o
 .text.gecko_cmd_le_gap_set_adv_parameters
                0x00023748       0x60 ./src/btModule.o
 .text.gecko_cmd_le_connection_set_parameters
                0x000237a8       0x84 ./src/btModule.o
 .text.gecko_cmd_sm_set_bondable_mode
                0x0002382c       0x48 ./src/btModule.o
 .text.gecko_cmd_sm_configure
                0x00023874       0x58 ./src/btModule.o
 .text.gecko_cmd_sm_delete_bondings
                0x000238cc       0x38 ./src/btModule.o
 .text.gecko_cmd_sm_set_passkey
                0x00023904       0x48 ./src/btModule.o
 .text.configureAdvertising
                0x0002394c       0x1c ./src/btModule.o
                0x0002394c                configureAdvertising
 .text.configureConnParam
                0x00023968       0x34 ./src/btModule.o
                0x00023968                configureConnParam
 .text.configureSecurity
                0x0002399c       0x5c ./src/btModule.o
                0x0002399c                configureSecurity
 .text.clockSetup
                0x000239f8       0x8c ./src/clockSetup.o
                0x000239f8                clockSetup
 .text.BUS_RegMaskedSet
                0x00023a84       0x24 ./src/gpio.o
 .text.BUS_RegMaskedClear
                0x00023aa8       0x24 ./src/gpio.o
 .text.GPIO_PinOutClear
                0x00023acc       0x58 ./src/gpio.o
 .text.GPIO_PinOutSet
                0x00023b24       0x58 ./src/gpio.o
 .text.gpioSetup
                0x00023b7c       0xec ./src/gpio.o
                0x00023b7c                gpioSetup
 .text.controlLed
                0x00023c68       0x50 ./src/gpio.o
                0x00023c68                controlLed
 .text.NVIC_EnableIRQ
                0x00023cb8       0x2c ./src/gps.o
 .text.BUS_RegMaskedSet
                0x00023ce4       0x24 ./src/gps.o
 .text.BUS_RegMaskedClear
                0x00023d08       0x24 ./src/gps.o
 .text.GPIO_PinOutClear
                0x00023d2c       0x58 ./src/gps.o
 .text.GPIO_PinOutSet
                0x00023d84       0x58 ./src/gps.o
 .text.LEUARTSetup
                0x00023ddc       0xb0 ./src/gps.o
                0x00023ddc                LEUARTSetup
 .text.LEUART0_IRQHandler
                0x00023e8c       0x6c ./src/gps.o
                0x00023e8c                LEUART0_IRQHandler
 .text.decodeLocation
                0x00023ef8       0x8c ./src/gps.o
                0x00023ef8                decodeLocation
 .text.gpsModuleEnable
                0x00023f84       0x28 ./src/gps.o
                0x00023f84                gpsModuleEnable
 .text.readGPSBuffer
                0x00023fac       0xd8 ./src/gps.o
                0x00023fac                readGPSBuffer
 .text.NVIC_EnableIRQ
                0x00024084       0x2c ./src/gsm.o
 .text.BUS_RegMaskedClear
                0x000240b0       0x24 ./src/gsm.o
 .text.GPIO_PinOutClear
                0x000240d4       0x58 ./src/gsm.o
 .text.USARTSetup
                0x0002412c       0x90 ./src/gsm.o
                0x0002412c                USARTSetup
 .text.USART0_RX_IRQHandler
                0x000241bc       0x6c ./src/gsm.o
                0x000241bc                USART0_RX_IRQHandler
 .text.NVIC_EnableIRQ
                0x00024228       0x2c ./src/timer.o
 .text.LETIMER_IntEnable
                0x00024254       0x20 ./src/timer.o
 .text.letimerSetup
                0x00024274       0x8c ./src/timer.o
                0x00024274                letimerSetup
 .text.LETIMER0_IRQHandler
                0x00024300       0x60 ./src/timer.o
                0x00024300                LETIMER0_IRQHandler
 .text          0x00024360       0x18 C:/SiliconLabs/SimplicityStudio/v4/developer/sdks/gecko_sdk_suite/v1.1//protocol/bluetooth_2.4/lib/EFR32BG1B/GCC/bgapi.a(gecko_bgapi_hardware.c.obj)
                0x00024360                gecko_bgapi_class_hardware_init
 .text          0x00024378       0x18 C:/SiliconLabs/SimplicityStudio/v4/developer/sdks/gecko_sdk_suite/v1.1//protocol/bluetooth_2.4/lib/EFR32BG1B/GCC/bgapi.a(gecko_bgapi_test.c.obj)
                0x00024378                gecko_bgapi_class_test_init
 .text          0x00024390       0x18 C:/SiliconLabs/SimplicityStudio/v4/developer/sdks/gecko_sdk_suite/v1.1//protocol/bluetooth_2.4/lib/EFR32BG1B/GCC/bgapi.a(gecko_bgapi_dfu.c.obj)
                0x00024390                gecko_bgapi_class_dfu_init
 .text          0x000243a8       0x18 C:/SiliconLabs/SimplicityStudio/v4/developer/sdks/gecko_sdk_suite/v1.1//protocol/bluetooth_2.4/lib/EFR32BG1B/GCC/bgapi.a(gecko_bgapi_gap.c.obj)
                0x000243a8                gecko_bgapi_class_le_gap_init
 .text          0x000243c0       0x18 C:/SiliconLabs/SimplicityStudio/v4/developer/sdks/gecko_sdk_suite/v1.1//protocol/bluetooth_2.4/lib/EFR32BG1B/GCC/bgapi.a(gecko_bgapi_gatt.c.obj)
                0x000243c0                gecko_bgapi_class_gatt_init
 .text          0x000243d8       0x18 C:/SiliconLabs/SimplicityStudio/v4/developer/sdks/gecko_sdk_suite/v1.1//protocol/bluetooth_2.4/lib/EFR32BG1B/GCC/bgapi.a(gecko_bgapi_gatt_server.c.obj)
                0x000243d8                gecko_bgapi_class_gatt_server_init
 .text          0x000243f0       0x18 C:/SiliconLabs/SimplicityStudio/v4/developer/sdks/gecko_sdk_suite/v1.1//protocol/bluetooth_2.4/lib/EFR32BG1B/GCC/bgapi.a(gecko_bgapi_flash.c.obj)
                0x000243f0                gecko_bgapi_class_flash_init
 .text          0x00024408       0x18 C:/SiliconLabs/SimplicityStudio/v4/developer/sdks/gecko_sdk_suite/v1.1//protocol/bluetooth_2.4/lib/EFR32BG1B/GCC/bgapi.a(gecko_bgapi_sm.c.obj)
                0x00024408                gecko_bgapi_class_sm_init
 .text          0x00024420       0x18 C:/SiliconLabs/SimplicityStudio/v4/developer/sdks/gecko_sdk_suite/v1.1//protocol/bluetooth_2.4/lib/EFR32BG1B/GCC/bgapi.a(gecko_bgapi_system.c.obj)
                0x00024420                gecko_bgapi_class_system_init
 .text          0x00024438       0x18 C:/SiliconLabs/SimplicityStudio/v4/developer/sdks/gecko_sdk_suite/v1.1//protocol/bluetooth_2.4/lib/EFR32BG1B/GCC/bgapi.a(gecko_bgapi_endpoint.c.obj)
                0x00024438                gecko_bgapi_class_endpoint_init
 .text          0x00024450       0x18 C:/SiliconLabs/SimplicityStudio/v4/developer/sdks/gecko_sdk_suite/v1.1//protocol/bluetooth_2.4/lib/EFR32BG1B/GCC/bgapi.a(gecko_bgapi_le_connection.c.obj)
                0x00024450                gecko_bgapi_class_le_connection_init
 .text          0x00024468      0x1d0 C:/SiliconLabs/SimplicityStudio/v4/developer/sdks/gecko_sdk_suite/v1.1//protocol/bluetooth_2.4/lib/EFR32BG1B/GCC/bgapi.a(bgapi_hardware.c.obj)
                0x00024468                soft_timer_comparison
                0x000244fc                bgapi_hardware_soft_timer_listener
                0x0002453c                lib_hardware_handler_init
                0x00024550                gecko_cmd_hardware_set_soft_timer
                0x00024590                gecko_cmd_hardware_set_lazy_soft_timer
                0x000245d0                gecko_cmd_hardware_get_time
                0x00024604                gecko_cmd_hardware_enable_dcdc
 .text          0x00024638      0x330 C:/SiliconLabs/SimplicityStudio/v4/developer/sdks/gecko_sdk_suite/v1.1//protocol/bluetooth_2.4/lib/EFR32BG1B/GCC/bgapi.a(bgapi_test_lib.c.obj)
                0x00024638                bgapi_test_lib_msg_handler
                0x00024690                lib_test_handler_init
                0x000246b0                disable_interrupts
                0x000246d4                gecko_cmd_test_dtm_tx
                0x00024768                gecko_cmd_test_dtm_rx
                0x000247b4                gecko_cmd_test_dtm_end
                0x0002481c                gecko_cmd_test_debug_command
                0x000248ec                gecko_cmd_test_debug_counter
 .text          0x00024968       0x8c C:/SiliconLabs/SimplicityStudio/v4/developer/sdks/gecko_sdk_suite/v1.1//protocol/bluetooth_2.4/lib/EFR32BG1B/GCC/bgapi.a(bgapi_dfu.c.obj)
                0x00024968                lib_dfu_handler_init
                0x0002496a                gecko_cmd_dfu_reset
                0x00024970                gecko_cmd_dfu_flash_set_address
                0x0002499c                gecko_cmd_dfu_flash_upload
                0x000249c8                gecko_cmd_dfu_flash_upload_finish
 .text          0x000249f4      0x34c C:/SiliconLabs/SimplicityStudio/v4/developer/sdks/gecko_sdk_suite/v1.1//protocol/bluetooth_2.4/lib/EFR32BG1B/GCC/bgapi.a(bgapi_gap.c.obj)
                0x000249f4                lib_le_gap_handler_init
                0x000249f6                gecko_cmd_le_gap_set_mode
                0x00024a3c                gecko_cmd_le_gap_bt5_set_mode
                0x00024a80                gecko_cmd_le_gap_set_adv_data
                0x00024ac8                gecko_cmd_le_gap_bt5_set_adv_data
                0x00024afc                gecko_cmd_le_gap_set_adv_timeout
                0x00024b50                gecko_cmd_le_gap_open
                0x00024bb4                gecko_cmd_le_gap_discover
                0x00024be0                gecko_cmd_le_gap_end_procedure
                0x00024c0c                gecko_cmd_le_gap_set_adv_parameters
                0x00024c40                gecko_cmd_le_gap_bt5_set_adv_parameters
                0x00024c7c                gecko_cmd_le_gap_set_scan_parameters
                0x00024cac                gecko_cmd_le_gap_set_conn_parameters
                0x00024ce4                gecko_cmd_le_gap_set_phy
                0x00024d10                gecko_cmd_le_gap_set_privacy_mode
 .text          0x00024d40      0x6c4 C:/SiliconLabs/SimplicityStudio/v4/developer/sdks/gecko_sdk_suite/v1.1//protocol/bluetooth_2.4/lib/EFR32BG1B/GCC/bgapi.a(bgapi_gatt_lib.c.obj)
                0x00024d40                lib_gatt_handler_init
                0x00024d44                lib_gatt_server_handler_init
                0x00024d46                gecko_cmd_gatt_set_max_mtu
                0x00024d80                gecko_cmd_gatt_discover_primary_services
                0x00024db0                gecko_cmd_gatt_discover_primary_services_by_uuid
                0x00024dec                gecko_cmd_gatt_find_included_services
                0x00024e20                gecko_cmd_gatt_discover_characteristics
                0x00024e54                gecko_cmd_gatt_discover_characteristics_by_uuid
                0x00024e94                gecko_cmd_gatt_read_characteristic_value
                0x00024ecc                gecko_cmd_gatt_read_characteristic_value_from_offset
                0x00024f08                gecko_cmd_gatt_read_characteristic_value_by_uuid
                0x00024f48                gecko_cmd_gatt_read_multiple_characteristic_values
                0x00024f7c                gecko_cmd_gatt_write_characteristic_value
                0x00024fb4                gecko_cmd_gatt_write_characteristic_value_without_response
                0x00024ff8                gecko_cmd_gatt_prepare_characteristic_value_write
                0x00025048                gecko_cmd_gatt_execute_characteristic_value_write
                0x0002507c                gecko_cmd_gatt_set_characteristic_notification
                0x000250b4                gecko_cmd_gatt_discover_descriptors
                0x000250e8                gecko_cmd_gatt_read_descriptor_value
                0x0002511c                gecko_cmd_gatt_write_descriptor_value
                0x00025154                gecko_cmd_gatt_server_read_attribute_value
                0x0002519c                gecko_cmd_gatt_server_read_attribute_type
                0x000251e0                gecko_cmd_gatt_server_find_attribute
                0x0002521c                gecko_cmd_gatt_server_write_attribute_value
                0x00025250                gecko_cmd_gatt_server_send_user_read_response
                0x000252a0                gecko_cmd_gatt_server_send_user_write_response
                0x000252d8                gecko_cmd_gatt_server_send_characteristic_notification
                0x00025324                gecko_cmd_gatt_send_characteristic_confirmation
                0x00025354                gecko_cmd_gatt_server_set_database
                0x00025384                gecko_cmd_gatt_server_set_capabilities
                0x000253b4                gecko_cmd_gatt_prepare_characteristic_value_reliable_write
 .text          0x00025404      0x1d0 C:/SiliconLabs/SimplicityStudio/v4/developer/sdks/gecko_sdk_suite/v1.1//protocol/bluetooth_2.4/lib/EFR32BG1B/GCC/bgapi.a(bgapi_ps.c.obj)
                0x00025404                bgapi_ps_dump_listener
                0x00025444                lib_flash_handler_init
                0x00025458                gecko_cmd_flash_ps_dump
                0x000254f0                gecko_cmd_flash_ps_erase_all
                0x00025520                gecko_cmd_flash_ps_save
                0x0002555c                gecko_cmd_flash_ps_load
                0x000255a0                gecko_cmd_flash_ps_erase
 .text          0x000255d4      0x3cc C:/SiliconLabs/SimplicityStudio/v4/developer/sdks/gecko_sdk_suite/v1.1//protocol/bluetooth_2.4/lib/EFR32BG1B/GCC/bgapi.a(bgapi_sm.c.obj)
                0x0002569c                lib_sm_handler_init
                0x000256b0                gecko_cmd_sm_list_all_bondings
                0x000256e8                gecko_cmd_sm_increase_security
                0x00025718                gecko_cmd_sm_set_bondable_mode
                0x00025744                gecko_cmd_sm_delete_bonding
                0x00025774                gecko_cmd_sm_delete_bondings
                0x000257a4                gecko_cmd_sm_configure
                0x000257d4                gecko_cmd_sm_enter_passkey
                0x00025808                gecko_cmd_sm_set_passkey
                0x00025834                gecko_cmd_sm_passkey_confirm
                0x00025868                gecko_cmd_sm_set_oob_data
                0x00025898                gecko_cmd_sm_set_sc_remote_oob_data
                0x000258c8                gecko_cmd_sm_use_sc_oob
                0x00025908                gecko_cmd_sm_store_bonding_configuration
                0x0002593c                gecko_cmd_sm_bonding_confirm
                0x00025970                gecko_cmd_sm_set_debug_mode
 .text          0x000259a0      0x1d8 C:/SiliconLabs/SimplicityStudio/v4/developer/sdks/gecko_sdk_suite/v1.1//protocol/bluetooth_2.4/lib/EFR32BG1B/GCC/bgapi.a(bgapi_system.c.obj)
                0x000259a0                bgapi_system_listener
                0x000259d0                lib_system_handler_init
                0x000259e4                gecko_cmd_system_get_bt_address
                0x00025a1c                gecko_cmd_system_set_bt_address
                0x00025a50                gecko_cmd_system_set_device_name
                0x00025a8c                gecko_cmd_system_get_random_data
                0x00025ad4                gecko_cmd_system_halt
                0x00025b08                gecko_cmd_system_set_tx_power
                0x00025b38                gecko_cmd_system_hello
                0x00025b60                gecko_cmd_system_reset
                0x00025b66                gecko_send_system_awake
 .text          0x00025b78      0x1ac C:/SiliconLabs/SimplicityStudio/v4/developer/sdks/gecko_sdk_suite/v1.1//protocol/bluetooth_2.4/lib/EFR32BG1B/GCC/bgapi.a(bgapi_endpoint.c.obj)
                0x00025b78                lib_endpoint_handler_init
                0x00025b7a                gecko_cmd_endpoint_send
                0x00025c24                gecko_cmd_endpoint_set_streaming_destination
                0x00025c7c                gecko_cmd_endpoint_close
                0x00025cd8                gecko_cmd_endpoint_set_flags
                0x00025cda                gecko_cmd_endpoint_clr_flags
                0x00025cdc                gecko_cmd_endpoint_read_counters
 .text          0x00025d24      0x104 C:/SiliconLabs/SimplicityStudio/v4/developer/sdks/gecko_sdk_suite/v1.1//protocol/bluetooth_2.4/lib/EFR32BG1B/GCC/bgapi.a(bgapi_le_connection.c.obj)
                0x00025d24                lib_le_connection_handler_init
                0x00025d26                gecko_cmd_le_connection_set_parameters
                0x00025d74                gecko_cmd_le_connection_get_rssi
                0x00025da4                gecko_cmd_le_connection_disable_slave_latency
                0x00025dec                gecko_cmd_le_connection_set_phy
 .text          0x00025e28      0xdf0 C:/SiliconLabs/SimplicityStudio/v4/developer/sdks/gecko_sdk_suite/v1.1//protocol/bluetooth_2.4/lib/EFR32BG1B/GCC/bgapi.a(gatt_client.c.obj)
                0x00026090                gatt_discover_primary_services
                0x000260ce                gatt_discover_primary_services_by_uuid
                0x00026124                gatt_find_included_services
                0x00026174                gatt_find_included_services_handler
                0x00026224                gatt_discover_characteristics
                0x00026246                gatt_discover_characteristics_by_uuid
                0x00026288                gatt_discover_descriptors
                0x000262c4                gatt_read_characteristic_value
                0x000262fc                gatt_read_characteristic_value_by_uuid
                0x00026336                gatt_read_multiple_characteristic_values
                0x0002635a                gatt_write_characteristic_value
                0x00026380                gatt_write_characteristic_value_without_response
                0x0002639a                gatt_prepare_characteristic_value_write
                0x00026410                gatt_execute_characteristic_value_write
                0x00026432                gatt_set_characteristic_notification
                0x00026472                gatt_read_descriptor_value
                0x0002649a                gatt_write_descriptor_value
                0x000264c0                gatt_handle_exchange_mtu_rsp
                0x000264dc                gatt_handle_find_information_response
                0x0002662e                gatt_handle_find_by_type_value_response
                0x000266ca                gatt_handle_read_response
                0x00026828                gatt_handle_read_blob_response
                0x0002685e                gatt_handle_read_multiple_response
                0x0002689a                gatt_handle_read_by_type_response
                0x000269e4                gatt_handle_read_by_group_type_response
                0x00026a8c                gatt_handle_write_response
                0x00026aa0                gatt_handle_prepare_write_response
                0x00026b92                gatt_handle_execute_write_response
                0x00026bca                gatt_client_handle_value_notification
                0x00026bdc                gatt_client_handle_value_indication
                0x00026bf0                gatt_send_characteristic_confirmation
                0x00026c0e                gatt_client_init
 .text          0x00026c18      0x250 C:/SiliconLabs/SimplicityStudio/v4/developer/sdks/gecko_sdk_suite/v1.1//protocol/bluetooth_2.4/lib/EFR32BG1B/GCC/bgapi.a(ubt_gatt_client.c.obj)
                0x00026c18                ubt_gatt_discover_primary_services
                0x00026c2e                ubt_gatt_discover_primary_services_by_uuid
                0x00026c5a                ubt_gatt_find_included_services
                0x00026c74                ubt_gatt_discover_characteristics
                0x00026c8e                ubt_gatt_discover_characteristics_by_uuid
                0x00026cbe                ubt_gatt_discover_descriptors
                0x00026cd8                ubt_gatt_read_characteristic_value
                0x00026cfa                ubt_gatt_read_characteristic_value_by_uuid
                0x00026d2a                ubt_gatt_read_multiple_characteristic_values
                0x00026d48                ubt_gatt_write_characteristic_value
                0x00026d6a                ubt_gatt_write_characteristic_value_without_response
                0x00026da4                ubt_gatt_prepare_characteristic_value_write
                0x00026dde                ubt_gatt_execute_characteristic_value_write
                0x00026df8                ubt_gatt_send_characteristic_confirmation
                0x00026e0e                ubt_gatt_read_descriptor_value
                0x00026e28                ubt_gatt_write_descriptor_value
                0x00026e4a                ubt_gatt_set_characteristic_notification
 .text          0x00026e68      0x4ec C:/SiliconLabs/SimplicityStudio/v4/developer/sdks/gecko_sdk_suite/v1.1//protocol/bluetooth_2.4/lib/EFR32BG1B/GCC/bgapi.a(att_client.c.obj)
                0x00026e68                att_send_find_information_request
                0x00026e8e                att_send_find_by_type_value_request
                0x00026ec0                att_send_read_by_type_request
                0x00026eec                att_send_read_request
                0x00026f0c                att_send_read_blob_request
                0x00026f32                att_send_read_multiple_request
                0x00026f5e                att_send_read_by_group_type_request
                0x00026f8a                att_send_write_request
                0x00026fb6                att_send_write_command
                0x00026fe2                att_send_signed_write_command
                0x0002701c                att_send_prepare_write_request
                0x00027058                att_send_execute_write_request
                0x00027076                att_send_handle_value_confirmation
                0x0002708e                validate_gatt_client_pdu_len
                0x00027148                att_gatt_client_handler
 .text          0x00027354       0xa0 c:/siliconlabs/simplicitystudio/v4/developer/toolchains/gnu_arm/4.9_2015q3/bin/../lib/gcc/arm-none-eabi/4.9.3/armv7e-m/fpu\libgcc.a(_arm_truncdfsf2.o)
                0x00027354                __truncdfsf2
                0x00027354                __aeabi_d2f
 .text.exit     0x000273f4       0x20 c:/siliconlabs/simplicitystudio/v4/developer/toolchains/gnu_arm/4.9_2015q3/bin/../lib/gcc/arm-none-eabi/4.9.3/../../../../arm-none-eabi/lib/armv7e-m/fpu\libc.a(lib_a-exit.o)
                0x000273f4                exit
 .text.__libc_init_array
                0x00027414       0x50 c:/siliconlabs/simplicitystudio/v4/developer/toolchains/gnu_arm/4.9_2015q3/bin/../lib/gcc/arm-none-eabi/4.9.3/../../../../arm-none-eabi/lib/armv7e-m/fpu\libc.a(lib_a-init.o)
                0x00027414                __libc_init_array
 .text.malloc   0x00027464       0x10 c:/siliconlabs/simplicitystudio/v4/developer/toolchains/gnu_arm/4.9_2015q3/bin/../lib/gcc/arm-none-eabi/4.9.3/../../../../arm-none-eabi/lib/armv7e-m/fpu\libc.a(lib_a-malloc.o)
                0x00027464                malloc
 .text.free     0x00027474       0x10 c:/siliconlabs/simplicitystudio/v4/developer/toolchains/gnu_arm/4.9_2015q3/bin/../lib/gcc/arm-none-eabi/4.9.3/../../../../arm-none-eabi/lib/armv7e-m/fpu\libc.a(lib_a-malloc.o)
                0x00027474                free
 .text._malloc_r
                0x00027484      0x524 c:/siliconlabs/simplicitystudio/v4/developer/toolchains/gnu_arm/4.9_2015q3/bin/../lib/gcc/arm-none-eabi/4.9.3/../../../../arm-none-eabi/lib/armv7e-m/fpu\libc.a(lib_a-mallocr.o)
                0x00027484                _malloc_r
 .text.memcmp   0x000279a8       0x64 c:/siliconlabs/simplicitystudio/v4/developer/toolchains/gnu_arm/4.9_2015q3/bin/../lib/gcc/arm-none-eabi/4.9.3/../../../../arm-none-eabi/lib/armv7e-m/fpu\libc.a(lib_a-memcmp.o)
                0x000279a8                memcmp
 .text          0x00027a0c      0x134 c:/siliconlabs/simplicitystudio/v4/developer/toolchains/gnu_arm/4.9_2015q3/bin/../lib/gcc/arm-none-eabi/4.9.3/../../../../arm-none-eabi/lib/armv7e-m/fpu\libc.a(lib_a-memcpy.o)
                0x00027a0c                memcpy
 .text.memset   0x00027b40       0x9c c:/siliconlabs/simplicitystudio/v4/developer/toolchains/gnu_arm/4.9_2015q3/bin/../lib/gcc/arm-none-eabi/4.9.3/../../../../arm-none-eabi/lib/armv7e-m/fpu\libc.a(lib_a-memset.o)
                0x00027b40                memset
 .text.__malloc_lock
                0x00027bdc        0x4 c:/siliconlabs/simplicitystudio/v4/developer/toolchains/gnu_arm/4.9_2015q3/bin/../lib/gcc/arm-none-eabi/4.9.3/../../../../arm-none-eabi/lib/armv7e-m/fpu\libc.a(lib_a-mlock.o)
                0x00027bdc                __malloc_lock
 .text.__malloc_unlock
                0x00027be0        0x4 c:/siliconlabs/simplicitystudio/v4/developer/toolchains/gnu_arm/4.9_2015q3/bin/../lib/gcc/arm-none-eabi/4.9.3/../../../../arm-none-eabi/lib/armv7e-m/fpu\libc.a(lib_a-mlock.o)
                0x00027be0                __malloc_unlock
 .text._sbrk_r  0x00027be4       0x24 c:/siliconlabs/simplicitystudio/v4/developer/toolchains/gnu_arm/4.9_2015q3/bin/../lib/gcc/arm-none-eabi/4.9.3/../../../../arm-none-eabi/lib/armv7e-m/fpu\libc.a(lib_a-sbrkr.o)
                0x00027be4                _sbrk_r
 *fill*         0x00027c08       0x18 
 .text          0x00027c20      0x2dc c:/siliconlabs/simplicitystudio/v4/developer/toolchains/gnu_arm/4.9_2015q3/bin/../lib/gcc/arm-none-eabi/4.9.3/../../../../arm-none-eabi/lib/armv7e-m/fpu\libc.a(lib_a-strcmp.o)
                0x00027c28                strcmp
 .text.strlen   0x00027efc       0x5c c:/siliconlabs/simplicitystudio/v4/developer/toolchains/gnu_arm/4.9_2015q3/bin/../lib/gcc/arm-none-eabi/4.9.3/../../../../arm-none-eabi/lib/armv7e-m/fpu\libc.a(lib_a-strlen.o)
                0x00027efc                strlen
 .text.sulp     0x00027f58       0x40 c:/siliconlabs/simplicitystudio/v4/developer/toolchains/gnu_arm/4.9_2015q3/bin/../lib/gcc/arm-none-eabi/4.9.3/../../../../arm-none-eabi/lib/armv7e-m/fpu\libc.a(lib_a-strtod.o)
 .text._strtod_r
                0x00027f98      0xf4c c:/siliconlabs/simplicitystudio/v4/developer/toolchains/gnu_arm/4.9_2015q3/bin/../lib/gcc/arm-none-eabi/4.9.3/../../../../arm-none-eabi/lib/armv7e-m/fpu\libc.a(lib_a-strtod.o)
                0x00027f98                _strtod_r
 .text.strtod   0x00028ee4       0x10 c:/siliconlabs/simplicitystudio/v4/developer/toolchains/gnu_arm/4.9_2015q3/bin/../lib/gcc/arm-none-eabi/4.9.3/../../../../arm-none-eabi/lib/armv7e-m/fpu\libc.a(lib_a-strtod.o)
                0x00028ee4                strtod
 .text.strtok   0x00028ef4       0x10 c:/siliconlabs/simplicitystudio/v4/developer/toolchains/gnu_arm/4.9_2015q3/bin/../lib/gcc/arm-none-eabi/4.9.3/../../../../arm-none-eabi/lib/armv7e-m/fpu\libc.a(lib_a-strtok.o)
                0x00028ef4                strtok
 .text.__strtok_r
                0x00028f04       0x64 c:/siliconlabs/simplicitystudio/v4/developer/toolchains/gnu_arm/4.9_2015q3/bin/../lib/gcc/arm-none-eabi/4.9.3/../../../../arm-none-eabi/lib/armv7e-m/fpu\libc.a(lib_a-strtok_r.o)
                0x00028f04                __strtok_r
 .text.startup.register_fini
                0x00028f68       0x14 c:/siliconlabs/simplicitystudio/v4/developer/toolchains/gnu_arm/4.9_2015q3/bin/../lib/gcc/arm-none-eabi/4.9.3/../../../../arm-none-eabi/lib/armv7e-m/fpu\libc.a(lib_a-__call_atexit.o)
 .text.__call_exitprocs
                0x00028f7c       0xd4 c:/siliconlabs/simplicitystudio/v4/developer/toolchains/gnu_arm/4.9_2015q3/bin/../lib/gcc/arm-none-eabi/4.9.3/../../../../arm-none-eabi/lib/armv7e-m/fpu\libc.a(lib_a-__call_atexit.o)
                0x00028f7c                __call_exitprocs
 .text.atexit   0x00029050        0xc c:/siliconlabs/simplicitystudio/v4/developer/toolchains/gnu_arm/4.9_2015q3/bin/../lib/gcc/arm-none-eabi/4.9.3/../../../../arm-none-eabi/lib/armv7e-m/fpu\libc.a(lib_a-atexit.o)
                0x00029050                atexit
 .text.__libc_fini_array
                0x0002905c       0x2c c:/siliconlabs/simplicitystudio/v4/developer/toolchains/gnu_arm/4.9_2015q3/bin/../lib/gcc/arm-none-eabi/4.9.3/../../../../arm-none-eabi/lib/armv7e-m/fpu\libc.a(lib_a-fini.o)
                0x0002905c                __libc_fini_array
 .text._malloc_trim_r
                0x00029088       0x9c c:/siliconlabs/simplicitystudio/v4/developer/toolchains/gnu_arm/4.9_2015q3/bin/../lib/gcc/arm-none-eabi/4.9.3/../../../../arm-none-eabi/lib/armv7e-m/fpu\libc.a(lib_a-freer.o)
                0x00029088                _malloc_trim_r
 .text._free_r  0x00029124      0x1b0 c:/siliconlabs/simplicitystudio/v4/developer/toolchains/gnu_arm/4.9_2015q3/bin/../lib/gcc/arm-none-eabi/4.9.3/../../../../arm-none-eabi/lib/armv7e-m/fpu\libc.a(lib_a-freer.o)
                0x00029124                _free_r
 .text.rshift   0x000292d4       0xa0 c:/siliconlabs/simplicitystudio/v4/developer/toolchains/gnu_arm/4.9_2015q3/bin/../lib/gcc/arm-none-eabi/4.9.3/../../../../arm-none-eabi/lib/armv7e-m/fpu\libc.a(lib_a-gdtoa-gethex.o)
 .text.__gethex
                0x00029374      0x514 c:/siliconlabs/simplicitystudio/v4/developer/toolchains/gnu_arm/4.9_2015q3/bin/../lib/gcc/arm-none-eabi/4.9.3/../../../../arm-none-eabi/lib/armv7e-m/fpu\libc.a(lib_a-gdtoa-gethex.o)
                0x00029374                __gethex
 .text.__hexnan
                0x00029888      0x184 c:/siliconlabs/simplicitystudio/v4/developer/toolchains/gnu_arm/4.9_2015q3/bin/../lib/gcc/arm-none-eabi/4.9.3/../../../../arm-none-eabi/lib/armv7e-m/fpu\libc.a(lib_a-gdtoa-hexnan.o)
                0x00029888                __hexnan
 .text._localeconv_r
                0x00029a0c        0x8 c:/siliconlabs/simplicitystudio/v4/developer/toolchains/gnu_arm/4.9_2015q3/bin/../lib/gcc/arm-none-eabi/4.9.3/../../../../arm-none-eabi/lib/armv7e-m/fpu\libc.a(lib_a-locale.o)
                0x00029a0c                _localeconv_r
 .text._Balloc  0x00029a14       0x4c c:/siliconlabs/simplicitystudio/v4/developer/toolchains/gnu_arm/4.9_2015q3/bin/../lib/gcc/arm-none-eabi/4.9.3/../../../../arm-none-eabi/lib/armv7e-m/fpu\libc.a(lib_a-mprec.o)
                0x00029a14                _Balloc
 .text._Bfree   0x00029a60       0x14 c:/siliconlabs/simplicitystudio/v4/developer/toolchains/gnu_arm/4.9_2015q3/bin/../lib/gcc/arm-none-eabi/4.9.3/../../../../arm-none-eabi/lib/armv7e-m/fpu\libc.a(lib_a-mprec.o)
                0x00029a60                _Bfree
 .text.__multadd
                0x00029a74       0x84 c:/siliconlabs/simplicitystudio/v4/developer/toolchains/gnu_arm/4.9_2015q3/bin/../lib/gcc/arm-none-eabi/4.9.3/../../../../arm-none-eabi/lib/armv7e-m/fpu\libc.a(lib_a-mprec.o)
                0x00029a74                __multadd
 .text.__s2b    0x00029af8       0x98 c:/siliconlabs/simplicitystudio/v4/developer/toolchains/gnu_arm/4.9_2015q3/bin/../lib/gcc/arm-none-eabi/4.9.3/../../../../arm-none-eabi/lib/armv7e-m/fpu\libc.a(lib_a-mprec.o)
                0x00029af8                __s2b
 .text.__hi0bits
                0x00029b90       0x40 c:/siliconlabs/simplicitystudio/v4/developer/toolchains/gnu_arm/4.9_2015q3/bin/../lib/gcc/arm-none-eabi/4.9.3/../../../../arm-none-eabi/lib/armv7e-m/fpu\libc.a(lib_a-mprec.o)
                0x00029b90                __hi0bits
 .text.__lo0bits
                0x00029bd0       0x5c c:/siliconlabs/simplicitystudio/v4/developer/toolchains/gnu_arm/4.9_2015q3/bin/../lib/gcc/arm-none-eabi/4.9.3/../../../../arm-none-eabi/lib/armv7e-m/fpu\libc.a(lib_a-mprec.o)
                0x00029bd0                __lo0bits
 .text.__i2b    0x00029c2c       0x14 c:/siliconlabs/simplicitystudio/v4/developer/toolchains/gnu_arm/4.9_2015q3/bin/../lib/gcc/arm-none-eabi/4.9.3/../../../../arm-none-eabi/lib/armv7e-m/fpu\libc.a(lib_a-mprec.o)
                0x00029c2c                __i2b
 .text.__multiply
                0x00029c40      0x134 c:/siliconlabs/simplicitystudio/v4/developer/toolchains/gnu_arm/4.9_2015q3/bin/../lib/gcc/arm-none-eabi/4.9.3/../../../../arm-none-eabi/lib/armv7e-m/fpu\libc.a(lib_a-mprec.o)
                0x00029c40                __multiply
 .text.__pow5mult
                0x00029d74       0xa0 c:/siliconlabs/simplicitystudio/v4/developer/toolchains/gnu_arm/4.9_2015q3/bin/../lib/gcc/arm-none-eabi/4.9.3/../../../../arm-none-eabi/lib/armv7e-m/fpu\libc.a(lib_a-mprec.o)
                0x00029d74                __pow5mult
 .text.__lshift
                0x00029e14       0xac c:/siliconlabs/simplicitystudio/v4/developer/toolchains/gnu_arm/4.9_2015q3/bin/../lib/gcc/arm-none-eabi/4.9.3/../../../../arm-none-eabi/lib/armv7e-m/fpu\libc.a(lib_a-mprec.o)
                0x00029e14                __lshift
 .text.__mcmp   0x00029ec0       0x48 c:/siliconlabs/simplicitystudio/v4/developer/toolchains/gnu_arm/4.9_2015q3/bin/../lib/gcc/arm-none-eabi/4.9.3/../../../../arm-none-eabi/lib/armv7e-m/fpu\libc.a(lib_a-mprec.o)
                0x00029ec0                __mcmp
 .text.__mdiff  0x00029f08       0xd4 c:/siliconlabs/simplicitystudio/v4/developer/toolchains/gnu_arm/4.9_2015q3/bin/../lib/gcc/arm-none-eabi/4.9.3/../../../../arm-none-eabi/lib/armv7e-m/fpu\libc.a(lib_a-mprec.o)
                0x00029f08                __mdiff
 .text.__ulp    0x00029fdc       0x50 c:/siliconlabs/simplicitystudio/v4/developer/toolchains/gnu_arm/4.9_2015q3/bin/../lib/gcc/arm-none-eabi/4.9.3/../../../../arm-none-eabi/lib/armv7e-m/fpu\libc.a(lib_a-mprec.o)
                0x00029fdc                __ulp
 .text.__b2d    0x0002a02c       0xc4 c:/siliconlabs/simplicitystudio/v4/developer/toolchains/gnu_arm/4.9_2015q3/bin/../lib/gcc/arm-none-eabi/4.9.3/../../../../arm-none-eabi/lib/armv7e-m/fpu\libc.a(lib_a-mprec.o)
                0x0002a02c                __b2d
 .text.__d2b    0x0002a0f0       0xbc c:/siliconlabs/simplicitystudio/v4/developer/toolchains/gnu_arm/4.9_2015q3/bin/../lib/gcc/arm-none-eabi/4.9.3/../../../../arm-none-eabi/lib/armv7e-m/fpu\libc.a(lib_a-mprec.o)
                0x0002a0f0                __d2b
 .text.__ratio  0x0002a1ac       0x60 c:/siliconlabs/simplicitystudio/v4/developer/toolchains/gnu_arm/4.9_2015q3/bin/../lib/gcc/arm-none-eabi/4.9.3/../../../../arm-none-eabi/lib/armv7e-m/fpu\libc.a(lib_a-mprec.o)
                0x0002a1ac                __ratio
 .text.__copybits
                0x0002a20c       0x48 c:/siliconlabs/simplicitystudio/v4/developer/toolchains/gnu_arm/4.9_2015q3/bin/../lib/gcc/arm-none-eabi/4.9.3/../../../../arm-none-eabi/lib/armv7e-m/fpu\libc.a(lib_a-mprec.o)
                0x0002a20c                __copybits
 .text.__any_on
                0x0002a254       0x60 c:/siliconlabs/simplicitystudio/v4/developer/toolchains/gnu_arm/4.9_2015q3/bin/../lib/gcc/arm-none-eabi/4.9.3/../../../../arm-none-eabi/lib/armv7e-m/fpu\libc.a(lib_a-mprec.o)
                0x0002a254                __any_on
 .text.strncmp  0x0002a2b4       0x98 c:/siliconlabs/simplicitystudio/v4/developer/toolchains/gnu_arm/4.9_2015q3/bin/../lib/gcc/arm-none-eabi/4.9.3/../../../../arm-none-eabi/lib/armv7e-m/fpu\libc.a(lib_a-strncmp.o)
                0x0002a2b4                strncmp
 .text.__register_exitproc
                0x0002a34c       0xa4 c:/siliconlabs/simplicitystudio/v4/developer/toolchains/gnu_arm/4.9_2015q3/bin/../lib/gcc/arm-none-eabi/4.9.3/../../../../arm-none-eabi/lib/armv7e-m/fpu\libc.a(lib_a-__atexit.o)
                0x0002a34c                __register_exitproc
 .text._calloc_r
                0x0002a3f0       0x60 c:/siliconlabs/simplicitystudio/v4/developer/toolchains/gnu_arm/4.9_2015q3/bin/../lib/gcc/arm-none-eabi/4.9.3/../../../../arm-none-eabi/lib/armv7e-m/fpu\libc.a(lib_a-callocr.o)
                0x0002a3f0                _calloc_r
 .text._sbrk    0x0002a450       0x1c c:/siliconlabs/simplicitystudio/v4/developer/toolchains/gnu_arm/4.9_2015q3/bin/../lib/gcc/arm-none-eabi/4.9.3/../../../../arm-none-eabi/lib/armv7e-m/fpu\libnosys.a(sbrk.o)
                0x0002a450                _sbrk
 .text._exit    0x0002a46c        0x4 c:/siliconlabs/simplicitystudio/v4/developer/toolchains/gnu_arm/4.9_2015q3/bin/../lib/gcc/arm-none-eabi/4.9.3/../../../../arm-none-eabi/lib/armv7e-m/fpu\libnosys.a(_exit.o)
                0x0002a46c                _exit
 .text          0x0002a470      0x370 c:/siliconlabs/simplicitystudio/v4/developer/toolchains/gnu_arm/4.9_2015q3/bin/../lib/gcc/arm-none-eabi/4.9.3/armv7e-m/fpu\libgcc.a(_arm_addsubdf3.o)
                0x0002a470                __aeabi_drsub
                0x0002a478                __aeabi_dsub
                0x0002a478                __subdf3
                0x0002a47c                __aeabi_dadd
                0x0002a47c                __adddf3
                0x0002a6f4                __floatunsidf
                0x0002a6f4                __aeabi_ui2d
                0x0002a714                __floatsidf
                0x0002a714                __aeabi_i2d
                0x0002a738                __aeabi_f2d
                0x0002a738                __extendsfdf2
                0x0002a774                __floatundidf
                0x0002a774                __aeabi_ul2d
                0x0002a784                __floatdidf
                0x0002a784                __aeabi_l2d
 .text          0x0002a7e0      0x424 c:/siliconlabs/simplicitystudio/v4/developer/toolchains/gnu_arm/4.9_2015q3/bin/../lib/gcc/arm-none-eabi/4.9.3/armv7e-m/fpu\libgcc.a(_arm_muldivdf3.o)
                0x0002a7e0                __aeabi_dmul
                0x0002a7e0                __muldf3
                0x0002aa34                __divdf3
                0x0002aa34                __aeabi_ddiv
 .text          0x0002ac04      0x110 c:/siliconlabs/simplicitystudio/v4/developer/toolchains/gnu_arm/4.9_2015q3/bin/../lib/gcc/arm-none-eabi/4.9.3/armv7e-m/fpu\libgcc.a(_arm_cmpdf2.o)
                0x0002ac04                __gtdf2
                0x0002ac04                __gedf2
                0x0002ac0c                __ltdf2
                0x0002ac0c                __ledf2
                0x0002ac14                __nedf2
                0x0002ac14                __eqdf2
                0x0002ac14                __cmpdf2
                0x0002ac90                __aeabi_cdrcmple
                0x0002aca0                __aeabi_cdcmpeq
                0x0002aca0                __aeabi_cdcmple
                0x0002acb0                __aeabi_dcmpeq
                0x0002acc4                __aeabi_dcmplt
                0x0002acd8                __aeabi_dcmple
                0x0002acec                __aeabi_dcmpge
                0x0002ad00                __aeabi_dcmpgt
 .text          0x0002ad14       0x50 c:/siliconlabs/simplicitystudio/v4/developer/toolchains/gnu_arm/4.9_2015q3/bin/../lib/gcc/arm-none-eabi/4.9.3/armv7e-m/fpu\libgcc.a(_arm_fixdfsi.o)
                0x0002ad14                __aeabi_d2iz
                0x0002ad14                __fixdfsi
 .text          0x0002ad64       0x40 c:/siliconlabs/simplicitystudio/v4/developer/toolchains/gnu_arm/4.9_2015q3/bin/../lib/gcc/arm-none-eabi/4.9.3/armv7e-m/fpu\libgcc.a(_arm_fixunsdfsi.o)
                0x0002ad64                __aeabi_d2uiz
                0x0002ad64                __fixunsdfsi
 *(.init)
 .init          0x0002ada4        0x4 c:/siliconlabs/simplicitystudio/v4/developer/toolchains/gnu_arm/4.9_2015q3/bin/../lib/gcc/arm-none-eabi/4.9.3/armv7e-m/fpu/crti.o
                0x0002ada4                _init
 .init          0x0002ada8        0x8 c:/siliconlabs/simplicitystudio/v4/developer/toolchains/gnu_arm/4.9_2015q3/bin/../lib/gcc/arm-none-eabi/4.9.3/armv7e-m/fpu/crtn.o
 *(.fini)
 .fini          0x0002adb0        0x4 c:/siliconlabs/simplicitystudio/v4/developer/toolchains/gnu_arm/4.9_2015q3/bin/../lib/gcc/arm-none-eabi/4.9.3/armv7e-m/fpu/crti.o
                0x0002adb0                _fini
 .fini          0x0002adb4        0x8 c:/siliconlabs/simplicitystudio/v4/developer/toolchains/gnu_arm/4.9_2015q3/bin/../lib/gcc/arm-none-eabi/4.9.3/armv7e-m/fpu/crtn.o
 *crtbegin.o(.ctors)
 *crtbegin?.o(.ctors)
 *(EXCLUDE_FILE(*crtend.o *crtend?.o) .ctors)
 *(SORT(.ctors.*))
 *(.ctors)
 *crtbegin.o(.dtors)
 *crtbegin?.o(.dtors)
 *(EXCLUDE_FILE(*crtend.o *crtend?.o) .dtors)
 *(SORT(.dtors.*))
 *(.dtors)
 *(.rodata*)
 .rodata.ptiInit
                0x0002adbc       0x24 ./main.o
 .rodata        0x0002ade0       0x18 ./main.o
 .rodata.config
                0x0002adf8       0x38 ./main.o
 .rodata        0x0002ae30       0x50 ./src/InitDevice.o
 .rodata        0x0002ae80       0x37 ./src/gps.o
 *fill*         0x0002aeb7        0x1 
 .rodata        0x0002aeb8       0x28 C:/SiliconLabs/SimplicityStudio/v4/developer/sdks/gecko_sdk_suite/v1.1//protocol/bluetooth_2.4/lib/EFR32BG1B/GCC/bgapi.a(gecko_bgapi_hardware.c.obj)
 .rodata        0x0002aee0       0x30 C:/SiliconLabs/SimplicityStudio/v4/developer/sdks/gecko_sdk_suite/v1.1//protocol/bluetooth_2.4/lib/EFR32BG1B/GCC/bgapi.a(gecko_bgapi_test.c.obj)
 .rodata        0x0002af10       0x28 C:/SiliconLabs/SimplicityStudio/v4/developer/sdks/gecko_sdk_suite/v1.1//protocol/bluetooth_2.4/lib/EFR32BG1B/GCC/bgapi.a(gecko_bgapi_dfu.c.obj)
 .rodata        0x0002af38       0x78 C:/SiliconLabs/SimplicityStudio/v4/developer/sdks/gecko_sdk_suite/v1.1//protocol/bluetooth_2.4/lib/EFR32BG1B/GCC/bgapi.a(gecko_bgapi_gap.c.obj)
 .rodata        0x0002afb0       0xa8 C:/SiliconLabs/SimplicityStudio/v4/developer/sdks/gecko_sdk_suite/v1.1//protocol/bluetooth_2.4/lib/EFR32BG1B/GCC/bgapi.a(gecko_bgapi_gatt.c.obj)
 .rodata        0x0002b058       0x50 C:/SiliconLabs/SimplicityStudio/v4/developer/sdks/gecko_sdk_suite/v1.1//protocol/bluetooth_2.4/lib/EFR32BG1B/GCC/bgapi.a(gecko_bgapi_gatt_server.c.obj)
 .rodata        0x0002b0a8       0x30 C:/SiliconLabs/SimplicityStudio/v4/developer/sdks/gecko_sdk_suite/v1.1//protocol/bluetooth_2.4/lib/EFR32BG1B/GCC/bgapi.a(gecko_bgapi_flash.c.obj)
 .rodata        0x0002b0d8       0x80 C:/SiliconLabs/SimplicityStudio/v4/developer/sdks/gecko_sdk_suite/v1.1//protocol/bluetooth_2.4/lib/EFR32BG1B/GCC/bgapi.a(gecko_bgapi_sm.c.obj)
 .rodata        0x0002b158       0x48 C:/SiliconLabs/SimplicityStudio/v4/developer/sdks/gecko_sdk_suite/v1.1//protocol/bluetooth_2.4/lib/EFR32BG1B/GCC/bgapi.a(gecko_bgapi_system.c.obj)
 .rodata        0x0002b1a0       0x38 C:/SiliconLabs/SimplicityStudio/v4/developer/sdks/gecko_sdk_suite/v1.1//protocol/bluetooth_2.4/lib/EFR32BG1B/GCC/bgapi.a(gecko_bgapi_endpoint.c.obj)
 .rodata        0x0002b1d8       0x28 C:/SiliconLabs/SimplicityStudio/v4/developer/sdks/gecko_sdk_suite/v1.1//protocol/bluetooth_2.4/lib/EFR32BG1B/GCC/bgapi.a(gecko_bgapi_le_connection.c.obj)
 .rodata        0x0002b200       0x18 C:/SiliconLabs/SimplicityStudio/v4/developer/sdks/gecko_sdk_suite/v1.1//protocol/bluetooth_2.4/lib/EFR32BG1B/GCC/bgapi.a(bgapi_sm.c.obj)
 .rodata        0x0002b218        0x4 C:/SiliconLabs/SimplicityStudio/v4/developer/sdks/gecko_sdk_suite/v1.1//protocol/bluetooth_2.4/lib/EFR32BG1B/GCC/bgapi.a(gatt_client.c.obj)
 .rodata.str1.4
                0x0002b21c        0x2 c:/siliconlabs/simplicitystudio/v4/developer/toolchains/gnu_arm/4.9_2015q3/bin/../lib/gcc/arm-none-eabi/4.9.3/../../../../arm-none-eabi/lib/armv7e-m/fpu\libc.a(lib_a-impure.o)
 *fill*         0x0002b21e        0x2 
 .rodata._global_impure_ptr
                0x0002b220        0x4 c:/siliconlabs/simplicitystudio/v4/developer/toolchains/gnu_arm/4.9_2015q3/bin/../lib/gcc/arm-none-eabi/4.9.3/../../../../arm-none-eabi/lib/armv7e-m/fpu\libc.a(lib_a-impure.o)
                0x0002b220                _global_impure_ptr
 *fill*         0x0002b224        0x4 
 .rodata.tinytens
                0x0002b228       0x28 c:/siliconlabs/simplicitystudio/v4/developer/toolchains/gnu_arm/4.9_2015q3/bin/../lib/gcc/arm-none-eabi/4.9.3/../../../../arm-none-eabi/lib/armv7e-m/fpu\libc.a(lib_a-strtod.o)
 .rodata.fpinan.5307
                0x0002b250       0x14 c:/siliconlabs/simplicitystudio/v4/developer/toolchains/gnu_arm/4.9_2015q3/bin/../lib/gcc/arm-none-eabi/4.9.3/../../../../arm-none-eabi/lib/armv7e-m/fpu\libc.a(lib_a-strtod.o)
 .rodata.str1.4
                0x0002b264        0xf c:/siliconlabs/simplicitystudio/v4/developer/toolchains/gnu_arm/4.9_2015q3/bin/../lib/gcc/arm-none-eabi/4.9.3/../../../../arm-none-eabi/lib/armv7e-m/fpu\libc.a(lib_a-strtod.o)
 *fill*         0x0002b273        0x1 
 .rodata.fpi.5271
                0x0002b274       0x14 c:/siliconlabs/simplicitystudio/v4/developer/toolchains/gnu_arm/4.9_2015q3/bin/../lib/gcc/arm-none-eabi/4.9.3/../../../../arm-none-eabi/lib/armv7e-m/fpu\libc.a(lib_a-strtod.o)
 .rodata.__hexdig
                0x0002b288      0x100 c:/siliconlabs/simplicitystudio/v4/developer/toolchains/gnu_arm/4.9_2015q3/bin/../lib/gcc/arm-none-eabi/4.9.3/../../../../arm-none-eabi/lib/armv7e-m/fpu\libc.a(lib_a-gdtoa-gethex.o)
                0x0002b288                __hexdig
 .rodata.str1.4
                0x0002b388       0x10 c:/siliconlabs/simplicitystudio/v4/developer/toolchains/gnu_arm/4.9_2015q3/bin/../lib/gcc/arm-none-eabi/4.9.3/../../../../arm-none-eabi/lib/armv7e-m/fpu\libc.a(lib_a-locale.o)
                                 0x12 (size before relaxing)
 .rodata.__mprec_tens
                0x0002b398       0xc8 c:/siliconlabs/simplicitystudio/v4/developer/toolchains/gnu_arm/4.9_2015q3/bin/../lib/gcc/arm-none-eabi/4.9.3/../../../../arm-none-eabi/lib/armv7e-m/fpu\libc.a(lib_a-mprec.o)
                0x0002b398                __mprec_tens
 .rodata.p05.5302
                0x0002b460        0xc c:/siliconlabs/simplicitystudio/v4/developer/toolchains/gnu_arm/4.9_2015q3/bin/../lib/gcc/arm-none-eabi/4.9.3/../../../../arm-none-eabi/lib/armv7e-m/fpu\libc.a(lib_a-mprec.o)
 *fill*         0x0002b46c        0x4 
 .rodata.__mprec_bigtens
                0x0002b470       0x28 c:/siliconlabs/simplicitystudio/v4/developer/toolchains/gnu_arm/4.9_2015q3/bin/../lib/gcc/arm-none-eabi/4.9.3/../../../../arm-none-eabi/lib/armv7e-m/fpu\libc.a(lib_a-mprec.o)
                0x0002b470                __mprec_bigtens
 *(.eh_frame*)
 .eh_frame      0x0002b498        0x0 c:/siliconlabs/simplicitystudio/v4/developer/toolchains/gnu_arm/4.9_2015q3/bin/../lib/gcc/arm-none-eabi/4.9.3/armv7e-m/fpu/crtbegin.o
 .eh_frame      0x0002b498       0x70 c:/siliconlabs/simplicitystudio/v4/developer/toolchains/gnu_arm/4.9_2015q3/bin/../lib/gcc/arm-none-eabi/4.9.3/../../../../arm-none-eabi/lib/armv7e-m/fpu\libc.a(lib_a-strcmp.o)
 .eh_frame      0x0002b508        0x4 c:/siliconlabs/simplicitystudio/v4/developer/toolchains/gnu_arm/4.9_2015q3/bin/../lib/gcc/arm-none-eabi/4.9.3/armv7e-m/fpu/crtend.o
                0x0002b50c                . = ALIGN (0x4)

.glue_7         0x0002b50c        0x0
 .glue_7        0x00000000        0x0 linker stubs

.glue_7t        0x0002b50c        0x0
 .glue_7t       0x00000000        0x0 linker stubs

.vfp11_veneer   0x0002b50c        0x0
 .vfp11_veneer  0x00000000        0x0 linker stubs

.v4_bx          0x0002b50c        0x0
 .v4_bx         0x00000000        0x0 linker stubs

.iplt           0x0002b50c        0x0
 .iplt          0x00000000        0x0 c:/siliconlabs/simplicitystudio/v4/developer/toolchains/gnu_arm/4.9_2015q3/bin/../lib/gcc/arm-none-eabi/4.9.3/armv7e-m/fpu/crtbegin.o

.igot.plt       0x0002b50c        0x0
 .igot.plt      0x00000000        0x0 c:/siliconlabs/simplicitystudio/v4/developer/toolchains/gnu_arm/4.9_2015q3/bin/../lib/gcc/arm-none-eabi/4.9.3/armv7e-m/fpu/crtbegin.o

.text_app_ARM.extab
 *(.ARM.extab* .gnu.linkonce.armextab.*)
                0x0002b50c                __exidx_start = .

.text_app_ARM.exidx
                0x0002b50c        0x8
 *(.ARM.exidx* .gnu.linkonce.armexidx.*)
 .ARM.exidx     0x0002b50c        0x8 c:/siliconlabs/simplicitystudio/v4/developer/toolchains/gnu_arm/4.9_2015q3/bin/../lib/gcc/arm-none-eabi/4.9.3/../../../../arm-none-eabi/lib/armv7e-m/fpu/crt0.o
                0x0002b514                __exidx_end = .
                0x0002b514                __etext = .

.rel.dyn        0x0002b514        0x0
 .rel.iplt      0x00000000        0x0 c:/siliconlabs/simplicitystudio/v4/developer/toolchains/gnu_arm/4.9_2015q3/bin/../lib/gcc/arm-none-eabi/4.9.3/armv7e-m/fpu/crtbegin.o

.text_app_data  0x20003000      0x89c load address 0x0002b514
                0x20003000                __data_start__ = .
 *(vtable)
 *(.data*)
 .data.bg_gattdb_data_attribute_field_6_data
                0x20003000        0xd ./gatt_db.o
                0x20003000                bg_gattdb_data_attribute_field_6_data
 .data.firstTry
                0x2000300d        0x1 ./main.o
                0x2000300d                firstTry
 *fill*         0x2000300e        0x2 
 .data.auxHfrcoFreq
                0x20003010        0x4 ./emlib/em_cmu.o
 *fill*         0x20003014        0x4 
 .data.impure_data
                0x20003018      0x428 c:/siliconlabs/simplicitystudio/v4/developer/toolchains/gnu_arm/4.9_2015q3/bin/../lib/gcc/arm-none-eabi/4.9.3/../../../../arm-none-eabi/lib/armv7e-m/fpu\libc.a(lib_a-impure.o)
 .data._impure_ptr
                0x20003440        0x4 c:/siliconlabs/simplicitystudio/v4/developer/toolchains/gnu_arm/4.9_2015q3/bin/../lib/gcc/arm-none-eabi/4.9.3/../../../../arm-none-eabi/lib/armv7e-m/fpu\libc.a(lib_a-impure.o)
                0x20003440                _impure_ptr
 .data.__malloc_av_
                0x20003444      0x408 c:/siliconlabs/simplicitystudio/v4/developer/toolchains/gnu_arm/4.9_2015q3/bin/../lib/gcc/arm-none-eabi/4.9.3/../../../../arm-none-eabi/lib/armv7e-m/fpu\libc.a(lib_a-mallocr.o)
                0x20003444                __malloc_av_
 .data.__malloc_trim_threshold
                0x2000384c        0x4 c:/siliconlabs/simplicitystudio/v4/developer/toolchains/gnu_arm/4.9_2015q3/bin/../lib/gcc/arm-none-eabi/4.9.3/../../../../arm-none-eabi/lib/armv7e-m/fpu\libc.a(lib_a-mallocr.o)
                0x2000384c                __malloc_trim_threshold
 .data.__malloc_sbrk_base
                0x20003850        0x4 c:/siliconlabs/simplicitystudio/v4/developer/toolchains/gnu_arm/4.9_2015q3/bin/../lib/gcc/arm-none-eabi/4.9.3/../../../../arm-none-eabi/lib/armv7e-m/fpu\libc.a(lib_a-mallocr.o)
                0x20003850                __malloc_sbrk_base
 .data.lconv    0x20003854       0x38 c:/siliconlabs/simplicitystudio/v4/developer/toolchains/gnu_arm/4.9_2015q3/bin/../lib/gcc/arm-none-eabi/4.9.3/../../../../arm-none-eabi/lib/armv7e-m/fpu\libc.a(lib_a-locale.o)
                0x2000388c                . = ALIGN (0x4)
 *(.ram)
                0x2000388c                . = ALIGN (0x4)
                0x2000388c                PROVIDE (__preinit_array_start, .)
 *(.preinit_array)
                0x2000388c                PROVIDE (__preinit_array_end, .)
                0x2000388c                . = ALIGN (0x4)
                0x2000388c                PROVIDE (__init_array_start, .)
 *(SORT(.init_array.*))
 .init_array.00000
                0x2000388c        0x4 c:/siliconlabs/simplicitystudio/v4/developer/toolchains/gnu_arm/4.9_2015q3/bin/../lib/gcc/arm-none-eabi/4.9.3/../../../../arm-none-eabi/lib/armv7e-m/fpu\libc.a(lib_a-__call_atexit.o)
 *(.init_array)
 .init_array    0x20003890        0x4 c:/siliconlabs/simplicitystudio/v4/developer/toolchains/gnu_arm/4.9_2015q3/bin/../lib/gcc/arm-none-eabi/4.9.3/armv7e-m/fpu/crtbegin.o
                0x20003894                PROVIDE (__init_array_end, .)
                0x20003894                . = ALIGN (0x4)
                0x20003894                PROVIDE (__fini_array_start, .)
 *(SORT(.fini_array.*))
 *(.fini_array)
 .fini_array    0x20003894        0x4 c:/siliconlabs/simplicitystudio/v4/developer/toolchains/gnu_arm/4.9_2015q3/bin/../lib/gcc/arm-none-eabi/4.9.3/armv7e-m/fpu/crtbegin.o
                0x20003898                PROVIDE (__fini_array_end, .)
 *(.jcr*)
 .jcr           0x20003898        0x0 c:/siliconlabs/simplicitystudio/v4/developer/toolchains/gnu_arm/4.9_2015q3/bin/../lib/gcc/arm-none-eabi/4.9.3/armv7e-m/fpu/crtbegin.o
 .jcr           0x20003898        0x4 c:/siliconlabs/simplicitystudio/v4/developer/toolchains/gnu_arm/4.9_2015q3/bin/../lib/gcc/arm-none-eabi/4.9.3/armv7e-m/fpu/crtend.o
                0x2000389c                . = ALIGN (0x4)
                0x2000389c                __data_end__ = .

.bss            0x2000389c     0x1b3c load address 0x0002bdb0
                0x2000389c                . = ALIGN (0x4)
                0x2000389c                __bss_start__ = .
 *(.bss*)
 .bss           0x2000389c       0x1c c:/siliconlabs/simplicitystudio/v4/developer/toolchains/gnu_arm/4.9_2015q3/bin/../lib/gcc/arm-none-eabi/4.9.3/armv7e-m/fpu/crtbegin.o
 .bss.bg_gattdb_data_attribute_field_2_data
                0x200038b8        0x4 ./gatt_db.o
                0x200038b8                bg_gattdb_data_attribute_field_2_data
 .bss.boot_to_dfu
                0x200038bc        0x1 ./main.o
                0x200038bc                boot_to_dfu
 *fill*         0x200038bd        0x3 
 .bss.externalSignals
                0x200038c0        0x4 ./main.o
                0x200038c0                externalSignals
 .bss.notificationON
                0x200038c4        0x1 ./main.o
                0x200038c4                notificationON
 .bss.myPhone   0x200038c5        0x1 ./main.o
                0x200038c5                myPhone
 .bss.readingNow
                0x200038c6        0x1 ./main.o
                0x200038c6                readingNow
 *fill*         0x200038c7        0x1 
 .bss.chTable   0x200038c8       0xa0 ./bgapi/dmadrv.o
 .bss.dmaXfer   0x20003968      0x100 ./bgapi/dmadrv.o
 .bss.latitude  0x20003a68        0x4 ./src/gps.o
                0x20003a68                latitude
 .bss.longitude
                0x20003a6c        0x4 ./src/gps.o
                0x20003a6c                longitude
 .bss.gsmIter   0x20003a70        0x4 ./src/gsm.o
                0x20003a70                gsmIter
 .bss           0x20003a74        0x4 C:/SiliconLabs/SimplicityStudio/v4/developer/sdks/gecko_sdk_suite/v1.1//protocol/bluetooth_2.4/lib/EFR32BG1B/GCC/bgapi.a(bgapi_hardware.c.obj)
 .bss           0x20003a78        0x4 C:/SiliconLabs/SimplicityStudio/v4/developer/sdks/gecko_sdk_suite/v1.1//protocol/bluetooth_2.4/lib/EFR32BG1B/GCC/bgapi.a(bgapi_test_lib.c.obj)
 .bss           0x20003a7c        0x2 C:/SiliconLabs/SimplicityStudio/v4/developer/sdks/gecko_sdk_suite/v1.1//protocol/bluetooth_2.4/lib/EFR32BG1B/GCC/bgapi.a(bgapi_gap.c.obj)
                0x20003a7c                legacy_maxadv_events
 *fill*         0x20003a7e        0x2 
 .bss           0x20003a80        0x4 C:/SiliconLabs/SimplicityStudio/v4/developer/sdks/gecko_sdk_suite/v1.1//protocol/bluetooth_2.4/lib/EFR32BG1B/GCC/bgapi.a(bgapi_ps.c.obj)
 .bss           0x20003a84        0x4 C:/SiliconLabs/SimplicityStudio/v4/developer/sdks/gecko_sdk_suite/v1.1//protocol/bluetooth_2.4/lib/EFR32BG1B/GCC/bgapi.a(bgapi_sm.c.obj)
 .bss           0x20003a88        0x4 C:/SiliconLabs/SimplicityStudio/v4/developer/sdks/gecko_sdk_suite/v1.1//protocol/bluetooth_2.4/lib/EFR32BG1B/GCC/bgapi.a(bgapi_system.c.obj)
 .bss.__malloc_max_total_mem
                0x20003a8c        0x4 c:/siliconlabs/simplicitystudio/v4/developer/toolchains/gnu_arm/4.9_2015q3/bin/../lib/gcc/arm-none-eabi/4.9.3/../../../../arm-none-eabi/lib/armv7e-m/fpu\libc.a(lib_a-mallocr.o)
                0x20003a8c                __malloc_max_total_mem
 .bss.__malloc_max_sbrked_mem
                0x20003a90        0x4 c:/siliconlabs/simplicitystudio/v4/developer/toolchains/gnu_arm/4.9_2015q3/bin/../lib/gcc/arm-none-eabi/4.9.3/../../../../arm-none-eabi/lib/armv7e-m/fpu\libc.a(lib_a-mallocr.o)
                0x20003a90                __malloc_max_sbrked_mem
 .bss.__malloc_top_pad
                0x20003a94        0x4 c:/siliconlabs/simplicitystudio/v4/developer/toolchains/gnu_arm/4.9_2015q3/bin/../lib/gcc/arm-none-eabi/4.9.3/../../../../arm-none-eabi/lib/armv7e-m/fpu\libc.a(lib_a-mallocr.o)
                0x20003a94                __malloc_top_pad
 .bss.__malloc_current_mallinfo
                0x20003a98       0x28 c:/siliconlabs/simplicitystudio/v4/developer/toolchains/gnu_arm/4.9_2015q3/bin/../lib/gcc/arm-none-eabi/4.9.3/../../../../arm-none-eabi/lib/armv7e-m/fpu\libc.a(lib_a-mallocr.o)
                0x20003a98                __malloc_current_mallinfo
 .bss.heap_end.4079
                0x20003ac0        0x4 c:/siliconlabs/simplicitystudio/v4/developer/toolchains/gnu_arm/4.9_2015q3/bin/../lib/gcc/arm-none-eabi/4.9.3/../../../../arm-none-eabi/lib/armv7e-m/fpu\libnosys.a(sbrk.o)
 *(COMMON)
 COMMON         0x20003ac4     0x18d0 ./main.o
                0x20003ac4                bluetooth_stack_heap
 COMMON         0x20005394        0x8 ./src/gps.o
                0x20005394                gpsData
                0x20005398                gpsSentence
 COMMON         0x2000539c       0x32 ./src/gsm.o
                0x2000539c                gsmData
 *fill*         0x200053ce        0x2 
 COMMON         0x200053d0        0x4 C:/SiliconLabs/SimplicityStudio/v4/developer/sdks/gecko_sdk_suite/v1.1//protocol/bluetooth_2.4/lib/EFR32BG1B/GCC/bgapi.a(bgapi_test_lib.c.obj)
                0x200053d0                msg_sender
 COMMON         0x200053d4        0x4 c:/siliconlabs/simplicitystudio/v4/developer/toolchains/gnu_arm/4.9_2015q3/bin/../lib/gcc/arm-none-eabi/4.9.3/../../../../arm-none-eabi/lib/armv7e-m/fpu\libc.a(lib_a-reent.o)
                0x200053d4                errno
                0x200053d8                . = ALIGN (0x4)
                0x200053d8                __bss_end__ = .

.heap           0x200053d8      0xc00
                0x200053d8                __HeapBase = .
                0x200053d8                __end__ = .
                0x200053d8                end = __end__
                0x200053d8                _end = __end__
 *(.heap*)
 .heap          0x200053d8      0xc00 ./device/EFR32_B_1_1_B/gcc/startup_efr32bg1b.o
                0x20005fd8                __HeapLimit = .

.stack_dummy    0x20005fd8      0x400
 *(.stack*)
 .stack         0x20005fd8      0x400 ./device/EFR32_B_1_1_B/gcc/startup_efr32bg1b.o
                0x20007bfc                __StackTop = (ORIGIN (RAM) + 0x4bfc)
                0x200077fc                __StackLimit = (__StackTop - SIZEOF (.stack_dummy))
                0x20007bfc                PROVIDE (__stack, __StackTop)
                0x00000001                ASSERT ((__StackLimit >= __HeapLimit), region RAM overflowed with stack)
OUTPUT(Blue_Hunt.axf elf32-littlearm)

.ARM.attributes
                0x00000000       0x30
 .ARM.attributes
                0x00000000       0x22 c:/siliconlabs/simplicitystudio/v4/developer/toolchains/gnu_arm/4.9_2015q3/bin/../lib/gcc/arm-none-eabi/4.9.3/armv7e-m/fpu/crti.o
 .ARM.attributes
                0x00000022       0x34 c:/siliconlabs/simplicitystudio/v4/developer/toolchains/gnu_arm/4.9_2015q3/bin/../lib/gcc/arm-none-eabi/4.9.3/armv7e-m/fpu/crtbegin.o
 .ARM.attributes
                0x00000056       0x20 c:/siliconlabs/simplicitystudio/v4/developer/toolchains/gnu_arm/4.9_2015q3/bin/../lib/gcc/arm-none-eabi/4.9.3/../../../../arm-none-eabi/lib/armv7e-m/fpu/crt0.o
 .ARM.attributes
                0x00000076       0x39 ./application_properties.o
 .ARM.attributes
                0x000000af       0x39 ./gatt_db.o
 .ARM.attributes
                0x000000e8       0x39 ./main.o
 .ARM.attributes
                0x00000121       0x39 ./bgapi/dmadrv.o
 .ARM.attributes
                0x0000015a       0x39 ./device/EFR32_B_1_1_B/gcc/startup_efr32bg1b.o
 .ARM.attributes
                0x00000193       0x39 ./emlib/em_cmu.o
 .ARM.attributes
                0x000001cc       0x39 ./emlib/em_gpio.o
 .ARM.attributes
                0x00000205       0x39 ./emlib/em_letimer.o
 .ARM.attributes
                0x0000023e       0x39 ./emlib/em_leuart.o
 .ARM.attributes
                0x00000277       0x39 ./emlib/em_rtcc.o
 .ARM.attributes
                0x000002b0       0x39 ./emlib/em_system.o
 .ARM.attributes
                0x000002e9       0x39 ./emlib/em_usart.o
 .ARM.attributes
                0x00000322       0x39 ./src/InitDevice.o
 .ARM.attributes
                0x0000035b       0x39 ./src/btModule.o
 .ARM.attributes
                0x00000394       0x39 ./src/clockSetup.o
 .ARM.attributes
                0x000003cd       0x39 ./src/gpio.o
 .ARM.attributes
                0x00000406       0x39 ./src/gps.o
 .ARM.attributes
                0x0000043f       0x39 ./src/gsm.o
 .ARM.attributes
                0x00000478       0x39 ./src/timer.o
 .ARM.attributes
                0x000004b1       0x1c C:/SiliconLabs/SimplicityStudio/v4/developer/sdks/gecko_sdk_suite/v1.1//protocol/bluetooth_2.4/lib/EFR32BG1B/EABI/binstack.o
 .ARM.attributes
                0x000004cd       0x1c C:/SiliconLabs/SimplicityStudio/v4/developer/sdks/gecko_sdk_suite/v1.1//protocol/bluetooth_2.4/lib/EFR32BG1B/EABI/binbootloader.o
 .ARM.attributes
                0x000004e9       0x39 C:/SiliconLabs/SimplicityStudio/v4/developer/sdks/gecko_sdk_suite/v1.1//protocol/bluetooth_2.4/lib/EFR32BG1B/GCC/bgapi.a(gecko_bgapi_hardware.c.obj)
 .ARM.attributes
                0x00000522       0x39 C:/SiliconLabs/SimplicityStudio/v4/developer/sdks/gecko_sdk_suite/v1.1//protocol/bluetooth_2.4/lib/EFR32BG1B/GCC/bgapi.a(gecko_bgapi_test.c.obj)
 .ARM.attributes
                0x0000055b       0x39 C:/SiliconLabs/SimplicityStudio/v4/developer/sdks/gecko_sdk_suite/v1.1//protocol/bluetooth_2.4/lib/EFR32BG1B/GCC/bgapi.a(gecko_bgapi_dfu.c.obj)
 .ARM.attributes
                0x00000594       0x39 C:/SiliconLabs/SimplicityStudio/v4/developer/sdks/gecko_sdk_suite/v1.1//protocol/bluetooth_2.4/lib/EFR32BG1B/GCC/bgapi.a(gecko_bgapi_gap.c.obj)
 .ARM.attributes
                0x000005cd       0x39 C:/SiliconLabs/SimplicityStudio/v4/developer/sdks/gecko_sdk_suite/v1.1//protocol/bluetooth_2.4/lib/EFR32BG1B/GCC/bgapi.a(gecko_bgapi_gatt.c.obj)
 .ARM.attributes
                0x00000606       0x39 C:/SiliconLabs/SimplicityStudio/v4/developer/sdks/gecko_sdk_suite/v1.1//protocol/bluetooth_2.4/lib/EFR32BG1B/GCC/bgapi.a(gecko_bgapi_gatt_server.c.obj)
 .ARM.attributes
                0x0000063f       0x39 C:/SiliconLabs/SimplicityStudio/v4/developer/sdks/gecko_sdk_suite/v1.1//protocol/bluetooth_2.4/lib/EFR32BG1B/GCC/bgapi.a(gecko_bgapi_flash.c.obj)
 .ARM.attributes
                0x00000678       0x39 C:/SiliconLabs/SimplicityStudio/v4/developer/sdks/gecko_sdk_suite/v1.1//protocol/bluetooth_2.4/lib/EFR32BG1B/GCC/bgapi.a(gecko_bgapi_sm.c.obj)
 .ARM.attributes
                0x000006b1       0x39 C:/SiliconLabs/SimplicityStudio/v4/developer/sdks/gecko_sdk_suite/v1.1//protocol/bluetooth_2.4/lib/EFR32BG1B/GCC/bgapi.a(gecko_bgapi_system.c.obj)
 .ARM.attributes
                0x000006ea       0x39 C:/SiliconLabs/SimplicityStudio/v4/developer/sdks/gecko_sdk_suite/v1.1//protocol/bluetooth_2.4/lib/EFR32BG1B/GCC/bgapi.a(gecko_bgapi_endpoint.c.obj)
 .ARM.attributes
                0x00000723       0x39 C:/SiliconLabs/SimplicityStudio/v4/developer/sdks/gecko_sdk_suite/v1.1//protocol/bluetooth_2.4/lib/EFR32BG1B/GCC/bgapi.a(gecko_bgapi_le_connection.c.obj)
 .ARM.attributes
                0x0000075c       0x39 C:/SiliconLabs/SimplicityStudio/v4/developer/sdks/gecko_sdk_suite/v1.1//protocol/bluetooth_2.4/lib/EFR32BG1B/GCC/bgapi.a(bgapi_hardware.c.obj)
 .ARM.attributes
                0x00000795       0x39 C:/SiliconLabs/SimplicityStudio/v4/developer/sdks/gecko_sdk_suite/v1.1//protocol/bluetooth_2.4/lib/EFR32BG1B/GCC/bgapi.a(bgapi_test_lib.c.obj)
 .ARM.attributes
                0x000007ce       0x39 C:/SiliconLabs/SimplicityStudio/v4/developer/sdks/gecko_sdk_suite/v1.1//protocol/bluetooth_2.4/lib/EFR32BG1B/GCC/bgapi.a(bgapi_dfu.c.obj)
 .ARM.attributes
                0x00000807       0x39 C:/SiliconLabs/SimplicityStudio/v4/developer/sdks/gecko_sdk_suite/v1.1//protocol/bluetooth_2.4/lib/EFR32BG1B/GCC/bgapi.a(bgapi_gap.c.obj)
 .ARM.attributes
                0x00000840       0x39 C:/SiliconLabs/SimplicityStudio/v4/developer/sdks/gecko_sdk_suite/v1.1//protocol/bluetooth_2.4/lib/EFR32BG1B/GCC/bgapi.a(bgapi_gatt_lib.c.obj)
 .ARM.attributes
                0x00000879       0x39 C:/SiliconLabs/SimplicityStudio/v4/developer/sdks/gecko_sdk_suite/v1.1//protocol/bluetooth_2.4/lib/EFR32BG1B/GCC/bgapi.a(bgapi_ps.c.obj)
 .ARM.attributes
                0x000008b2       0x39 C:/SiliconLabs/SimplicityStudio/v4/developer/sdks/gecko_sdk_suite/v1.1//protocol/bluetooth_2.4/lib/EFR32BG1B/GCC/bgapi.a(bgapi_sm.c.obj)
 .ARM.attributes
                0x000008eb       0x39 C:/SiliconLabs/SimplicityStudio/v4/developer/sdks/gecko_sdk_suite/v1.1//protocol/bluetooth_2.4/lib/EFR32BG1B/GCC/bgapi.a(bgapi_system.c.obj)
 .ARM.attributes
                0x00000924       0x39 C:/SiliconLabs/SimplicityStudio/v4/developer/sdks/gecko_sdk_suite/v1.1//protocol/bluetooth_2.4/lib/EFR32BG1B/GCC/bgapi.a(bgapi_endpoint.c.obj)
 .ARM.attributes
                0x0000095d       0x39 C:/SiliconLabs/SimplicityStudio/v4/developer/sdks/gecko_sdk_suite/v1.1//protocol/bluetooth_2.4/lib/EFR32BG1B/GCC/bgapi.a(bgapi_le_connection.c.obj)
 .ARM.attributes
                0x00000996       0x39 C:/SiliconLabs/SimplicityStudio/v4/developer/sdks/gecko_sdk_suite/v1.1//protocol/bluetooth_2.4/lib/EFR32BG1B/GCC/bgapi.a(gatt_client.c.obj)
 .ARM.attributes
                0x000009cf       0x39 C:/SiliconLabs/SimplicityStudio/v4/developer/sdks/gecko_sdk_suite/v1.1//protocol/bluetooth_2.4/lib/EFR32BG1B/GCC/bgapi.a(ubt_gatt_client.c.obj)
 .ARM.attributes
                0x00000a08       0x39 C:/SiliconLabs/SimplicityStudio/v4/developer/sdks/gecko_sdk_suite/v1.1//protocol/bluetooth_2.4/lib/EFR32BG1B/GCC/bgapi.a(att_client.c.obj)
 .ARM.attributes
                0x00000a41       0x22 c:/siliconlabs/simplicitystudio/v4/developer/toolchains/gnu_arm/4.9_2015q3/bin/../lib/gcc/arm-none-eabi/4.9.3/armv7e-m/fpu\libgcc.a(_arm_truncdfsf2.o)
 .ARM.attributes
                0x00000a63       0x34 c:/siliconlabs/simplicitystudio/v4/developer/toolchains/gnu_arm/4.9_2015q3/bin/../lib/gcc/arm-none-eabi/4.9.3/../../../../arm-none-eabi/lib/armv7e-m/fpu\libc.a(lib_a-exit.o)
 .ARM.attributes
                0x00000a97       0x34 c:/siliconlabs/simplicitystudio/v4/developer/toolchains/gnu_arm/4.9_2015q3/bin/../lib/gcc/arm-none-eabi/4.9.3/../../../../arm-none-eabi/lib/armv7e-m/fpu\libc.a(lib_a-impure.o)
 .ARM.attributes
                0x00000acb       0x34 c:/siliconlabs/simplicitystudio/v4/developer/toolchains/gnu_arm/4.9_2015q3/bin/../lib/gcc/arm-none-eabi/4.9.3/../../../../arm-none-eabi/lib/armv7e-m/fpu\libc.a(lib_a-init.o)
 .ARM.attributes
                0x00000aff       0x34 c:/siliconlabs/simplicitystudio/v4/developer/toolchains/gnu_arm/4.9_2015q3/bin/../lib/gcc/arm-none-eabi/4.9.3/../../../../arm-none-eabi/lib/armv7e-m/fpu\libc.a(lib_a-malloc.o)
 .ARM.attributes
                0x00000b33       0x34 c:/siliconlabs/simplicitystudio/v4/developer/toolchains/gnu_arm/4.9_2015q3/bin/../lib/gcc/arm-none-eabi/4.9.3/../../../../arm-none-eabi/lib/armv7e-m/fpu\libc.a(lib_a-mallocr.o)
 .ARM.attributes
                0x00000b67       0x34 c:/siliconlabs/simplicitystudio/v4/developer/toolchains/gnu_arm/4.9_2015q3/bin/../lib/gcc/arm-none-eabi/4.9.3/../../../../arm-none-eabi/lib/armv7e-m/fpu\libc.a(lib_a-memcmp.o)
 .ARM.attributes
                0x00000b9b       0x20 c:/siliconlabs/simplicitystudio/v4/developer/toolchains/gnu_arm/4.9_2015q3/bin/../lib/gcc/arm-none-eabi/4.9.3/../../../../arm-none-eabi/lib/armv7e-m/fpu\libc.a(lib_a-memcpy.o)
 .ARM.attributes
                0x00000bbb       0x34 c:/siliconlabs/simplicitystudio/v4/developer/toolchains/gnu_arm/4.9_2015q3/bin/../lib/gcc/arm-none-eabi/4.9.3/../../../../arm-none-eabi/lib/armv7e-m/fpu\libc.a(lib_a-memset.o)
 .ARM.attributes
                0x00000bef       0x34 c:/siliconlabs/simplicitystudio/v4/developer/toolchains/gnu_arm/4.9_2015q3/bin/../lib/gcc/arm-none-eabi/4.9.3/../../../../arm-none-eabi/lib/armv7e-m/fpu\libc.a(lib_a-mlock.o)
 .ARM.attributes
                0x00000c23       0x34 c:/siliconlabs/simplicitystudio/v4/developer/toolchains/gnu_arm/4.9_2015q3/bin/../lib/gcc/arm-none-eabi/4.9.3/../../../../arm-none-eabi/lib/armv7e-m/fpu\libc.a(lib_a-sbrkr.o)
 .ARM.attributes
                0x00000c57       0x20 c:/siliconlabs/simplicitystudio/v4/developer/toolchains/gnu_arm/4.9_2015q3/bin/../lib/gcc/arm-none-eabi/4.9.3/../../../../arm-none-eabi/lib/armv7e-m/fpu\libc.a(lib_a-strcmp.o)
 .ARM.attributes
                0x00000c77       0x34 c:/siliconlabs/simplicitystudio/v4/developer/toolchains/gnu_arm/4.9_2015q3/bin/../lib/gcc/arm-none-eabi/4.9.3/../../../../arm-none-eabi/lib/armv7e-m/fpu\libc.a(lib_a-strlen.o)
 .ARM.attributes
                0x00000cab       0x34 c:/siliconlabs/simplicitystudio/v4/developer/toolchains/gnu_arm/4.9_2015q3/bin/../lib/gcc/arm-none-eabi/4.9.3/../../../../arm-none-eabi/lib/armv7e-m/fpu\libc.a(lib_a-strtod.o)
 .ARM.attributes
                0x00000cdf       0x34 c:/siliconlabs/simplicitystudio/v4/developer/toolchains/gnu_arm/4.9_2015q3/bin/../lib/gcc/arm-none-eabi/4.9.3/../../../../arm-none-eabi/lib/armv7e-m/fpu\libc.a(lib_a-strtok.o)
 .ARM.attributes
                0x00000d13       0x34 c:/siliconlabs/simplicitystudio/v4/developer/toolchains/gnu_arm/4.9_2015q3/bin/../lib/gcc/arm-none-eabi/4.9.3/../../../../arm-none-eabi/lib/armv7e-m/fpu\libc.a(lib_a-strtok_r.o)
 .ARM.attributes
                0x00000d47       0x34 c:/siliconlabs/simplicitystudio/v4/developer/toolchains/gnu_arm/4.9_2015q3/bin/../lib/gcc/arm-none-eabi/4.9.3/../../../../arm-none-eabi/lib/armv7e-m/fpu\libc.a(lib_a-__call_atexit.o)
 .ARM.attributes
                0x00000d7b       0x34 c:/siliconlabs/simplicitystudio/v4/developer/toolchains/gnu_arm/4.9_2015q3/bin/../lib/gcc/arm-none-eabi/4.9.3/../../../../arm-none-eabi/lib/armv7e-m/fpu\libc.a(lib_a-atexit.o)
 .ARM.attributes
                0x00000daf       0x34 c:/siliconlabs/simplicitystudio/v4/developer/toolchains/gnu_arm/4.9_2015q3/bin/../lib/gcc/arm-none-eabi/4.9.3/../../../../arm-none-eabi/lib/armv7e-m/fpu\libc.a(lib_a-fini.o)
 .ARM.attributes
                0x00000de3       0x34 c:/siliconlabs/simplicitystudio/v4/developer/toolchains/gnu_arm/4.9_2015q3/bin/../lib/gcc/arm-none-eabi/4.9.3/../../../../arm-none-eabi/lib/armv7e-m/fpu\libc.a(lib_a-freer.o)
 .ARM.attributes
                0x00000e17       0x34 c:/siliconlabs/simplicitystudio/v4/developer/toolchains/gnu_arm/4.9_2015q3/bin/../lib/gcc/arm-none-eabi/4.9.3/../../../../arm-none-eabi/lib/armv7e-m/fpu\libc.a(lib_a-gdtoa-gethex.o)
 .ARM.attributes
                0x00000e4b       0x34 c:/siliconlabs/simplicitystudio/v4/developer/toolchains/gnu_arm/4.9_2015q3/bin/../lib/gcc/arm-none-eabi/4.9.3/../../../../arm-none-eabi/lib/armv7e-m/fpu\libc.a(lib_a-gdtoa-hexnan.o)
 .ARM.attributes
                0x00000e7f       0x34 c:/siliconlabs/simplicitystudio/v4/developer/toolchains/gnu_arm/4.9_2015q3/bin/../lib/gcc/arm-none-eabi/4.9.3/../../../../arm-none-eabi/lib/armv7e-m/fpu\libc.a(lib_a-locale.o)
 .ARM.attributes
                0x00000eb3       0x34 c:/siliconlabs/simplicitystudio/v4/developer/toolchains/gnu_arm/4.9_2015q3/bin/../lib/gcc/arm-none-eabi/4.9.3/../../../../arm-none-eabi/lib/armv7e-m/fpu\libc.a(lib_a-mprec.o)
 .ARM.attributes
                0x00000ee7       0x34 c:/siliconlabs/simplicitystudio/v4/developer/toolchains/gnu_arm/4.9_2015q3/bin/../lib/gcc/arm-none-eabi/4.9.3/../../../../arm-none-eabi/lib/armv7e-m/fpu\libc.a(lib_a-reent.o)
 .ARM.attributes
                0x00000f1b       0x34 c:/siliconlabs/simplicitystudio/v4/developer/toolchains/gnu_arm/4.9_2015q3/bin/../lib/gcc/arm-none-eabi/4.9.3/../../../../arm-none-eabi/lib/armv7e-m/fpu\libc.a(lib_a-strncmp.o)
 .ARM.attributes
                0x00000f4f       0x34 c:/siliconlabs/simplicitystudio/v4/developer/toolchains/gnu_arm/4.9_2015q3/bin/../lib/gcc/arm-none-eabi/4.9.3/../../../../arm-none-eabi/lib/armv7e-m/fpu\libc.a(lib_a-__atexit.o)
 .ARM.attributes
                0x00000f83       0x34 c:/siliconlabs/simplicitystudio/v4/developer/toolchains/gnu_arm/4.9_2015q3/bin/../lib/gcc/arm-none-eabi/4.9.3/../../../../arm-none-eabi/lib/armv7e-m/fpu\libc.a(lib_a-callocr.o)
 .ARM.attributes
                0x00000fb7       0x34 c:/siliconlabs/simplicitystudio/v4/developer/toolchains/gnu_arm/4.9_2015q3/bin/../lib/gcc/arm-none-eabi/4.9.3/../../../../arm-none-eabi/lib/armv7e-m/fpu\libnosys.a(sbrk.o)
 .ARM.attributes
                0x00000feb       0x34 c:/siliconlabs/simplicitystudio/v4/developer/toolchains/gnu_arm/4.9_2015q3/bin/../lib/gcc/arm-none-eabi/4.9.3/../../../../arm-none-eabi/lib/armv7e-m/fpu\libnosys.a(_exit.o)
 .ARM.attributes
                0x0000101f       0x22 c:/siliconlabs/simplicitystudio/v4/developer/toolchains/gnu_arm/4.9_2015q3/bin/../lib/gcc/arm-none-eabi/4.9.3/armv7e-m/fpu\libgcc.a(_arm_addsubdf3.o)
 .ARM.attributes
                0x00001041       0x22 c:/siliconlabs/simplicitystudio/v4/developer/toolchains/gnu_arm/4.9_2015q3/bin/../lib/gcc/arm-none-eabi/4.9.3/armv7e-m/fpu\libgcc.a(_arm_muldivdf3.o)
 .ARM.attributes
                0x00001063       0x22 c:/siliconlabs/simplicitystudio/v4/developer/toolchains/gnu_arm/4.9_2015q3/bin/../lib/gcc/arm-none-eabi/4.9.3/armv7e-m/fpu\libgcc.a(_arm_cmpdf2.o)
 .ARM.attributes
                0x00001085       0x22 c:/siliconlabs/simplicitystudio/v4/developer/toolchains/gnu_arm/4.9_2015q3/bin/../lib/gcc/arm-none-eabi/4.9.3/armv7e-m/fpu\libgcc.a(_arm_fixdfsi.o)
 .ARM.attributes
                0x000010a7       0x22 c:/siliconlabs/simplicitystudio/v4/developer/toolchains/gnu_arm/4.9_2015q3/bin/../lib/gcc/arm-none-eabi/4.9.3/armv7e-m/fpu\libgcc.a(_arm_fixunsdfsi.o)
 .ARM.attributes
                0x000010c9       0x34 c:/siliconlabs/simplicitystudio/v4/developer/toolchains/gnu_arm/4.9_2015q3/bin/../lib/gcc/arm-none-eabi/4.9.3/armv7e-m/fpu/crtend.o
 .ARM.attributes
                0x000010fd       0x22 c:/siliconlabs/simplicitystudio/v4/developer/toolchains/gnu_arm/4.9_2015q3/bin/../lib/gcc/arm-none-eabi/4.9.3/armv7e-m/fpu/crtn.o

.comment        0x00000000       0xde
 .comment       0x00000000       0x70 ./application_properties.o
                                 0x71 (size before relaxing)
 .comment       0x00000000       0x71 ./gatt_db.o
 .comment       0x00000000       0x71 ./main.o
 .comment       0x00000000       0x71 ./bgapi/dmadrv.o
 .comment       0x00000000       0x71 ./device/EFR32_B_1_1_B/gcc/startup_efr32bg1b.o
 .comment       0x00000000       0x71 ./emlib/em_cmu.o
 .comment       0x00000000       0x71 ./emlib/em_gpio.o
 .comment       0x00000000       0x71 ./emlib/em_letimer.o
 .comment       0x00000000       0x71 ./emlib/em_leuart.o
 .comment       0x00000000       0x71 ./emlib/em_rtcc.o
 .comment       0x00000000       0x71 ./emlib/em_system.o
 .comment       0x00000000       0x71 ./emlib/em_usart.o
 .comment       0x00000000       0x71 ./src/InitDevice.o
 .comment       0x00000000       0x71 ./src/btModule.o
 .comment       0x00000000       0x71 ./src/clockSetup.o
 .comment       0x00000000       0x71 ./src/gpio.o
 .comment       0x00000000       0x71 ./src/gps.o
 .comment       0x00000000       0x71 ./src/gsm.o
 .comment       0x00000000       0x71 ./src/timer.o
 .comment       0x00000070       0x6e C:/SiliconLabs/SimplicityStudio/v4/developer/sdks/gecko_sdk_suite/v1.1//protocol/bluetooth_2.4/lib/EFR32BG1B/GCC/bgapi.a(gecko_bgapi_hardware.c.obj)
                                 0x6f (size before relaxing)
 .comment       0x00000000       0x6f C:/SiliconLabs/SimplicityStudio/v4/developer/sdks/gecko_sdk_suite/v1.1//protocol/bluetooth_2.4/lib/EFR32BG1B/GCC/bgapi.a(gecko_bgapi_test.c.obj)
 .comment       0x00000000       0x6f C:/SiliconLabs/SimplicityStudio/v4/developer/sdks/gecko_sdk_suite/v1.1//protocol/bluetooth_2.4/lib/EFR32BG1B/GCC/bgapi.a(gecko_bgapi_dfu.c.obj)
 .comment       0x00000000       0x6f C:/SiliconLabs/SimplicityStudio/v4/developer/sdks/gecko_sdk_suite/v1.1//protocol/bluetooth_2.4/lib/EFR32BG1B/GCC/bgapi.a(gecko_bgapi_gap.c.obj)
 .comment       0x00000000       0x6f C:/SiliconLabs/SimplicityStudio/v4/developer/sdks/gecko_sdk_suite/v1.1//protocol/bluetooth_2.4/lib/EFR32BG1B/GCC/bgapi.a(gecko_bgapi_gatt.c.obj)
 .comment       0x00000000       0x6f C:/SiliconLabs/SimplicityStudio/v4/developer/sdks/gecko_sdk_suite/v1.1//protocol/bluetooth_2.4/lib/EFR32BG1B/GCC/bgapi.a(gecko_bgapi_gatt_server.c.obj)