Archive member included because of file (symbol)

C:/SiliconLabs/SimplicityStudio/v4/developer/sdks/gecko_sdk_suite/v1.1//protocol/bluetooth_2.4/lib/EFR32BG1B/GCC/bgapi.a(gecko_bgapi_hardware.c.obj)
                              ./main.o (gecko_bgapi_class_hardware_init)
C:/SiliconLabs/SimplicityStudio/v4/developer/sdks/gecko_sdk_suite/v1.1//protocol/bluetooth_2.4/lib/EFR32BG1B/GCC/bgapi.a(gecko_bgapi_test.c.obj)
                              ./main.o (gecko_bgapi_class_test_init)
C:/SiliconLabs/SimplicityStudio/v4/developer/sdks/gecko_sdk_suite/v1.1//protocol/bluetooth_2.4/lib/EFR32BG1B/GCC/bgapi.a(gecko_bgapi_dfu.c.obj)
                              ./main.o (gecko_bgapi_class_dfu_init)
C:/SiliconLabs/SimplicityStudio/v4/developer/sdks/gecko_sdk_suite/v1.1//protocol/bluetooth_2.4/lib/EFR32BG1B/GCC/bgapi.a(gecko_bgapi_gap.c.obj)
                              ./main.o (gecko_bgapi_class_le_gap_init)
C:/SiliconLabs/SimplicityStudio/v4/developer/sdks/gecko_sdk_suite/v1.1//protocol/bluetooth_2.4/lib/EFR32BG1B/GCC/bgapi.a(gecko_bgapi_gatt.c.obj)
                              ./main.o (gecko_bgapi_class_gatt_init)
C:/SiliconLabs/SimplicityStudio/v4/developer/sdks/gecko_sdk_suite/v1.1//protocol/bluetooth_2.4/lib/EFR32BG1B/GCC/bgapi.a(gecko_bgapi_gatt_server.c.obj)
                              ./main.o (gecko_bgapi_class_gatt_server_init)
C:/SiliconLabs/SimplicityStudio/v4/developer/sdks/gecko_sdk_suite/v1.1//protocol/bluetooth_2.4/lib/EFR32BG1B/GCC/bgapi.a(gecko_bgapi_flash.c.obj)
                              ./main.o (gecko_bgapi_class_flash_init)
C:/SiliconLabs/SimplicityStudio/v4/developer/sdks/gecko_sdk_suite/v1.1//protocol/bluetooth_2.4/lib/EFR32BG1B/GCC/bgapi.a(gecko_bgapi_sm.c.obj)
                              ./main.o (gecko_bgapi_class_sm_init)
C:/SiliconLabs/SimplicityStudio/v4/developer/sdks/gecko_sdk_suite/v1.1//protocol/bluetooth_2.4/lib/EFR32BG1B/GCC/bgapi.a(gecko_bgapi_system.c.obj)
                              ./main.o (gecko_bgapi_class_system_init)
C:/SiliconLabs/SimplicityStudio/v4/developer/sdks/gecko_sdk_suite/v1.1//protocol/bluetooth_2.4/lib/EFR32BG1B/GCC/bgapi.a(gecko_bgapi_endpoint.c.obj)
                              ./main.o (gecko_bgapi_class_endpoint_init)
C:/SiliconLabs/SimplicityStudio/v4/developer/sdks/gecko_sdk_suite/v1.1//protocol/bluetooth_2.4/lib/EFR32BG1B/GCC/bgapi.a(gecko_bgapi_le_connection.c.obj)
                              ./main.o (gecko_bgapi_class_le_connection_init)
C:/SiliconLabs/SimplicityStudio/v4/developer/sdks/gecko_sdk_suite/v1.1//protocol/bluetooth_2.4/lib/EFR32BG1B/GCC/bgapi.a(bgapi_hardware.c.obj)
                              C:/SiliconLabs/SimplicityStudio/v4/developer/sdks/gecko_sdk_suite/v1.1//protocol/bluetooth_2.4/lib/EFR32BG1B/GCC/bgapi.a(gecko_bgapi_hardware.c.obj) (lib_hardware_handler_init)
C:/SiliconLabs/SimplicityStudio/v4/developer/sdks/gecko_sdk_suite/v1.1//protocol/bluetooth_2.4/lib/EFR32BG1B/GCC/bgapi.a(bgapi_test_lib.c.obj)
                              C:/SiliconLabs/SimplicityStudio/v4/developer/sdks/gecko_sdk_suite/v1.1//protocol/bluetooth_2.4/lib/EFR32BG1B/GCC/bgapi.a(gecko_bgapi_test.c.obj) (lib_test_handler_init)
C:/SiliconLabs/SimplicityStudio/v4/developer/sdks/gecko_sdk_suite/v1.1//protocol/bluetooth_2.4/lib/EFR32BG1B/GCC/bgapi.a(bgapi_dfu.c.obj)
                              C:/SiliconLabs/SimplicityStudio/v4/developer/sdks/gecko_sdk_suite/v1.1//protocol/bluetooth_2.4/lib/EFR32BG1B/GCC/bgapi.a(gecko_bgapi_dfu.c.obj) (lib_dfu_handler_init)
C:/SiliconLabs/SimplicityStudio/v4/developer/sdks/gecko_sdk_suite/v1.1//protocol/bluetooth_2.4/lib/EFR32BG1B/GCC/bgapi.a(bgapi_gap.c.obj)
                              C:/SiliconLabs/SimplicityStudio/v4/developer/sdks/gecko_sdk_suite/v1.1//protocol/bluetooth_2.4/lib/EFR32BG1B/GCC/bgapi.a(gecko_bgapi_gap.c.obj) (lib_le_gap_handler_init)
C:/SiliconLabs/SimplicityStudio/v4/developer/sdks/gecko_sdk_suite/v1.1//protocol/bluetooth_2.4/lib/EFR32BG1B/GCC/bgapi.a(bgapi_gatt_lib.c.obj)
                              C:/SiliconLabs/SimplicityStudio/v4/developer/sdks/gecko_sdk_suite/v1.1//protocol/bluetooth_2.4/lib/EFR32BG1B/GCC/bgapi.a(gecko_bgapi_gatt.c.obj) (lib_gatt_handler_init)
C:/SiliconLabs/SimplicityStudio/v4/developer/sdks/gecko_sdk_suite/v1.1//protocol/bluetooth_2.4/lib/EFR32BG1B/GCC/bgapi.a(bgapi_ps.c.obj)
                              C:/SiliconLabs/SimplicityStudio/v4/developer/sdks/gecko_sdk_suite/v1.1//protocol/bluetooth_2.4/lib/EFR32BG1B/GCC/bgapi.a(gecko_bgapi_flash.c.obj) (lib_flash_handler_init)
C:/SiliconLabs/SimplicityStudio/v4/developer/sdks/gecko_sdk_suite/v1.1//protocol/bluetooth_2.4/lib/EFR32BG1B/GCC/bgapi.a(bgapi_sm.c.obj)
                              C:/SiliconLabs/SimplicityStudio/v4/developer/sdks/gecko_sdk_suite/v1.1//protocol/bluetooth_2.4/lib/EFR32BG1B/GCC/bgapi.a(gecko_bgapi_sm.c.obj) (lib_sm_handler_init)
C:/SiliconLabs/SimplicityStudio/v4/developer/sdks/gecko_sdk_suite/v1.1//protocol/bluetooth_2.4/lib/EFR32BG1B/GCC/bgapi.a(bgapi_system.c.obj)
[...]
Memory Configuration

Name             Origin             Length             Attributes
FLASH_BOOTLOADER 0x00000000         0x00004000         xr
FLASH            0x00004000         0x0003b000         xr
RAM              0x20003000         0x00004bfc         xrw
*default*        0x00000000         0xffffffff

Linker script and memory map

LOAD c:/siliconlabs/simplicitystudio/v4/developer/toolchains/gnu_arm/4.9_2015q3/bin/../lib/gcc/arm-none-eabi/4.9.3/armv7e-m/fpu/crti.o
LOAD c:/siliconlabs/simplicitystudio/v4/developer/toolchains/gnu_arm/4.9_2015q3/bin/../lib/gcc/arm-none-eabi/4.9.3/armv7e-m/fpu/crtbegin.o
LOAD c:/siliconlabs/simplicitystudio/v4/developer/toolchains/gnu_arm/4.9_2015q3/bin/../lib/gcc/arm-none-eabi/4.9.3/../../../../arm-none-eabi/lib/armv7e-m/fpu/crt0.o
LOAD ./application_properties.o
LOAD ./gatt_db.o
LOAD ./gsm.o
LOAD ./main.o
LOAD ./bgapi/dmadrv.o
LOAD ./bgapi/em_adc.o
LOAD ./bgapi/em_ldma.o
LOAD ./device/EFR32_B_1_1_B/gcc/startup_efr32bg1b.o
LOAD ./emlib/em_cmu.o
LOAD ./emlib/em_cryotimer.o
LOAD ./emlib/em_gpio.o
LOAD ./emlib/em_i2c.o
LOAD ./emlib/em_letimer.o
LOAD ./emlib/em_leuart.o
LOAD ./emlib/em_msc.o
LOAD ./emlib/em_rtcc.o
LOAD ./emlib/em_system.o
LOAD ./emlib/em_usart.o
LOAD ./src/InitDevice.o
LOAD ./src/btModule.o
LOAD ./src/clockSetup.o
LOAD ./src/gpio.o
LOAD ./src/gps.o
LOAD ./src/timer.o
LOAD C:/SiliconLabs/SimplicityStudio/v4/developer/sdks/gecko_sdk_suite/v1.1//protocol/bluetooth_2.4/lib/EFR32BG1B/EABI/stack.a
LOAD C:/SiliconLabs/SimplicityStudio/v4/developer/sdks/gecko_sdk_suite/v1.1//protocol/bluetooth_2.4/lib/EFR32BG1B/EABI/binstack.o
LOAD C:/SiliconLabs/SimplicityStudio/v4/developer/sdks/gecko_sdk_suite/v1.1//protocol/bluetooth_2.4/lib/EFR32BG1B/EABI/binbootloader.o
LOAD C:/SiliconLabs/SimplicityStudio/v4/developer/sdks/gecko_sdk_suite/v1.1//protocol/bluetooth_2.4/lib/EFR32BG1B/GCC/bgapi.a
LOAD c:/siliconlabs/simplicitystudio/v4/developer/toolchains/gnu_arm/4.9_2015q3/bin/../lib/gcc/arm-none-eabi/4.9.3/../../../../arm-none-eabi/lib/armv7e-m/fpu\libm.a
START GROUP
LOAD c:/siliconlabs/simplicitystudio/v4/developer/toolchains/gnu_arm/4.9_2015q3/bin/../lib/gcc/arm-none-eabi/4.9.3/armv7e-m/fpu\libgcc.a
LOAD c:/siliconlabs/simplicitystudio/v4/developer/toolchains/gnu_arm/4.9_2015q3/bin/../lib/gcc/arm-none-eabi/4.9.3/../../../../arm-none-eabi/lib/armv7e-m/fpu\libc.a
LOAD c:/siliconlabs/simplicitystudio/v4/developer/toolchains/gnu_arm/4.9_2015q3/bin/../lib/gcc/arm-none-eabi/4.9.3/../../../../arm-none-eabi/lib/armv7e-m/fpu\libnosys.a
END GROUP
START GROUP
LOAD c:/siliconlabs/simplicitystudio/v4/developer/toolchains/gnu_arm/4.9_2015q3/bin/../lib/gcc/arm-none-eabi/4.9.3/armv7e-m/fpu\libgcc.a
LOAD c:/siliconlabs/simplicitystudio/v4/developer/toolchains/gnu_arm/4.9_2015q3/bin/../lib/gcc/arm-none-eabi/4.9.3/../../../../arm-none-eabi/lib/armv7e-m/fpu\libg.a
LOAD c:/siliconlabs/simplicitystudio/v4/developer/toolchains/gnu_arm/4.9_2015q3/bin/../lib/gcc/arm-none-eabi/4.9.3/../../../../arm-none-eabi/lib/armv7e-m/fpu\libc.a
END GROUP
LOAD c:/siliconlabs/simplicitystudio/v4/developer/toolchains/gnu_arm/4.9_2015q3/bin/../lib/gcc/arm-none-eabi/4.9.3/armv7e-m/fpu/crtend.o
LOAD c:/siliconlabs/simplicitystudio/v4/developer/toolchains/gnu_arm/4.9_2015q3/bin/../lib/gcc/arm-none-eabi/4.9.3/armv7e-m/fpu/crtn.o

.text_bootloader
                0x00000000     0x4000
 *(.binbootloader*)
 .binbootloader
                0x00000000      0x31c C:/SiliconLabs/SimplicityStudio/v4/developer/sdks/gecko_sdk_suite/v1.1//protocol/bluetooth_2.4/lib/EFR32BG1B/EABI/binbootloader.o
                0x00004000                . = ALIGN (0x4000)
 *fill*         0x0000031c     0x3ce4 

.text_stack_bin
                0x00004000    0x1cee3
 *(.binstack*)
 .binstack      0x00004000    0x1cee3 C:/SiliconLabs/SimplicityStudio/v4/developer/sdks/gecko_sdk_suite/v1.1//protocol/bluetooth_2.4/lib/EFR32BG1B/EABI/binstack.o

.text_signature
                0x00020ee3      0x11d
                0x00020f23                . = (. + 0x40)
 *fill*         0x00020ee3       0x40 
                0x00021000                . = ALIGN (0x800)
 *fill*         0x00020f23       0xdd 
                0x00021000                __text_start__ = .

.text_app       0x00021000     0x68d8
 *(.AAT)
 .AAT           0x00021000       0x80 ./main.o
                0x00021000                AppAddressTable
 *(.vectors)
 .vectors       0x00021080       0xc8 ./device/EFR32_B_1_1_B/gcc/startup_efr32bg1b.o
                0x00021080                __Vectors
                0x00021148                __Vectors_End = .
                0x000000c8                __Vectors_Size = (__Vectors_End - __Vectors)
                0x00021148                __end__ = .
 *(.gecko_configuration)
 *(.xo_configuration)
 *(.gatt_header)
 .gatt_header   0x00021148       0x34 ./gatt_db.o
                0x00021148                bg_gattdb_data
 *(.gatt_data)
 .gatt_data     0x0002117c      0x1d5 ./gatt_db.o
                0x0002117c                bg_gattdb_data_uuidtable_16_map
                0x00021198                bg_gattdb_data_uuidtable_128_map
                0x000211b8                bg_gattdb_data_attribute_field_18
                0x000211c0                bg_gattdb_data_attribute_field_17
                0x000211d8                bg_gattdb_data_attribute_field_16
                0x000211ec                bg_gattdb_data_attribute_field_15
                0x000211f4                bg_gattdb_data_attribute_field_14
                0x000211fc                bg_gattdb_data_attribute_field_13
                0x00021208                bg_gattdb_data_attribute_field_12
                0x00021210                bg_gattdb_data_attribute_field_11
                0x00021220                bg_gattdb_data_attribute_field_10
                0x00021228                bg_gattdb_data_attribute_field_9
                0x0002122c                bg_gattdb_data_attribute_field_8
                0x00021230                bg_gattdb_data_attribute_field_7
                0x00021238                bg_gattdb_data_attribute_field_6
                0x00021240                bg_gattdb_data_attribute_field_5
                0x00021248                bg_gattdb_data_attribute_field_4
                0x0002124c                bg_gattdb_data_attribute_field_2
                0x00021254                bg_gattdb_data_attribute_field_1
                0x0002125c                bg_gattdb_data_attribute_field_0
                0x00021260                bg_gattdb_data_attributes_map
                0x00021344                bg_gattdb_data_attributes_dynamic_mapping_map
                0x0002134c                bg_gattdb_data_adv_uuid16_map
                0x00021350                bg_gattdb_data_adv_uuid128_map
 *(.application_properties)
 *fill*         0x00021351        0x3 
 .application_properties
                0x00021354       0x38 ./application_properties.o
                0x00021354                applicationProperties
 *(.text*)
 .text          0x0002138c       0x5c c:/siliconlabs/simplicitystudio/v4/developer/toolchains/gnu_arm/4.9_2015q3/bin/../lib/gcc/arm-none-eabi/4.9.3/armv7e-m/fpu/crtbegin.o
 .text          0x000213e8       0x74 c:/siliconlabs/simplicitystudio/v4/developer/toolchains/gnu_arm/4.9_2015q3/bin/../lib/gcc/arm-none-eabi/4.9.3/../../../../arm-none-eabi/lib/armv7e-m/fpu/crt0.o
                0x000213e8                _start
                0x000213e8                _mainCRTStartup
 .text.NVIC_EnableIRQ
                0x0002145c       0x2c ./gsm.o
 .text.USARTSetup
                0x00021488       0x6c ./gsm.o
                0x00021488                USARTSetup
 .text.gecko_init
                0x000214f4       0x40 ./main.o
 .text.gecko_cmd_system_reset
                0x00021534       0x40 ./main.o
 .text.gecko_cmd_le_gap_set_mode
                0x00021574       0x58 ./main.o
 .text.gecko_cmd_gatt_server_send_user_write_response
                0x000215cc       0x64 ./main.o
 .text.gecko_cmd_endpoint_close
                0x00021630       0x48 ./main.o
 .text.main     0x00021678      0x1e8 ./main.o
                0x00021678                main
 .text.LDMA_IRQHandler
                0x00021860       0xe0 ./bgapi/dmadrv.o
                0x00021860                LDMA_IRQHandler
 .text.Reset_Handler
                0x00021940       0x38 ./device/EFR32_B_1_1_B/gcc/startup_efr32bg1b.o
                0x00021940                Reset_Handler
 .text.Default_Handler
                0x00021978        0x8 ./device/EFR32_B_1_1_B/gcc/startup_efr32bg1b.o
                0x00021978                DebugMon_Handler
                0x00021978                USART0_TX_IRQHandler
                0x00021978                I2C0_IRQHandler
                0x00021978                HardFault_Handler
                0x00021978                SysTick_Handler
                0x00021978                USART1_RX_IRQHandler
                0x00021978                PendSV_Handler
                0x00021978                NMI_Handler
                0x00021978                SYNTH_IRQHandler
                0x00021978                WDOG0_IRQHandler
                0x00021978                USART1_TX_IRQHandler
                0x00021978                MSC_IRQHandler
                0x00021978                ADC0_IRQHandler
                0x00021978                UsageFault_Handler
                0x00021978                FPUEH_IRQHandler
                0x00021978                GPIO_EVEN_IRQHandler
                0x00021978                TIMER0_IRQHandler
                0x00021978                TIMER1_IRQHandler
                0x00021978                RFSENSE_IRQHandler
                0x00021978                BUFC_IRQHandler
                0x00021978                MODEM_IRQHandler
                0x00021978                Default_Handler
                0x00021978                RAC_SEQ_IRQHandler
                0x00021978                FRC_PRI_IRQHandler
                0x00021978                FRC_IRQHandler
                0x00021978                CRYOTIMER_IRQHandler
                0x00021978                PCNT0_IRQHandler
                0x00021978                AGC_IRQHandler
                0x00021978                ACMP0_IRQHandler
                0x00021978                USART0_RX_IRQHandler
                0x00021978                MemManage_Handler
                0x00021978                SVC_Handler
                0x00021978                RTCC_IRQHandler
                0x00021978                CRYPTO_IRQHandler
                0x00021978                CMU_IRQHandler
                0x00021978                RAC_RSM_IRQHandler
                0x00021978                GPIO_ODD_IRQHandler
                0x00021978                PROTIMER_IRQHandler
                0x00021978                BusFault_Handler
                0x00021978                IDAC0_IRQHandler
 .text.BUS_RegBitWrite
                0x00021980       0x2c ./emlib/em_cmu.o
 .text.BUS_RegBitRead
                0x000219ac       0x2c ./emlib/em_cmu.o
 .text.BUS_RegMaskedSet
                0x000219d8       0x24 ./emlib/em_cmu.o
 .text.BUS_RegMaskedClear
                0x000219fc       0x24 ./emlib/em_cmu.o
 .text.BUS_RegMaskedWrite
                0x00021a20       0x24 ./emlib/em_cmu.o
 .text.CMU_Log2ToDiv
                0x00021a44       0x1c ./emlib/em_cmu.o
 .text.setHfLeConfig
                0x00021a60       0x64 ./emlib/em_cmu.o
 .text.auxClkGet
                0x00021ac4       0x20 ./emlib/em_cmu.o
 .text.hfSrcClkGet
                0x00021ae4       0x2c ./emlib/em_cmu.o
 .text.dbgClkGet
                0x00021b10       0x3c ./emlib/em_cmu.o
 .text.adcAsyncClkGet
                0x00021b4c       0x80 ./emlib/em_cmu.o
 .text.flashWaitStateControl
                0x00021bcc       0x7c ./emlib/em_cmu.o
 .text.flashWaitStateMax
                0x00021c48       0x14 ./emlib/em_cmu.o
 .text.CMU_UpdateWaitStates
                0x00021c5c       0x18 ./emlib/em_cmu.o
                0x00021c5c                CMU_UpdateWaitStates
 .text.getRegIshUpperVal
                0x00021c74       0x38 ./emlib/em_cmu.o
 .text.getHfxoTuningMode
                0x00021cac       0x1c ./emlib/em_cmu.o
 .text.setHfxoTuningMode
                0x00021cc8       0x28 ./emlib/em_cmu.o
 .text.lfClkGet
                0x00021cf0       0xe8 ./emlib/em_cmu.o
 .text.syncReg  0x00021dd8       0x38 ./emlib/em_cmu.o
 .text.CMU_ClockEnable
                0x00021e10       0xcc ./emlib/em_cmu.o
                0x00021e10                CMU_ClockEnable
 .text.CMU_ClockFreqGet
                0x00021edc      0x198 ./emlib/em_cmu.o
                0x00021edc                CMU_ClockFreqGet
 .text.CMU_ClockSelectGet
                0x00022074      0x190 ./emlib/em_cmu.o
                0x00022074                CMU_ClockSelectGet
 .text.CMU_ClockSelectSet
                0x00022204      0x25c ./emlib/em_cmu.o
                0x00022204                CMU_ClockSelectSet
 .text.CMU_HFXOAutostartEnable
                0x00022460       0x7c ./emlib/em_cmu.o
                0x00022460                CMU_HFXOAutostartEnable
 .text.CMU_HFXOInit
                0x000224dc       0xf4 ./emlib/em_cmu.o
                0x000224dc                CMU_HFXOInit
 .text.CMU_LFXOInit
                0x000225d0       0x50 ./emlib/em_cmu.o
                0x000225d0                CMU_LFXOInit
 .text.CMU_OscillatorEnable
                0x00022620      0x174 ./emlib/em_cmu.o
                0x00022620                CMU_OscillatorEnable
 .text.CMU_OscillatorTuningGet
                0x00022794       0x74 ./emlib/em_cmu.o
                0x00022794                CMU_OscillatorTuningGet
 .text.CMU_OscillatorTuningSet
                0x00022808       0xfc ./emlib/em_cmu.o
                0x00022808                CMU_OscillatorTuningSet
 .text.CMU_OscillatorTuningWait
                0x00022904       0x8c ./emlib/em_cmu.o
                0x00022904                CMU_OscillatorTuningWait
 .text.CMU_OscillatorTuningOptimize
                0x00022990       0x4c ./emlib/em_cmu.o
                0x00022990                CMU_OscillatorTuningOptimize
 .text.BUS_RegMaskedSet
                0x000229dc       0x24 ./emlib/em_gpio.o
 .text.BUS_RegMaskedClear
                0x00022a00       0x24 ./emlib/em_gpio.o
 .text.BUS_RegMaskedWrite
                0x00022a24       0x24 ./emlib/em_gpio.o
 .text.GPIO_PinOutClear
                0x00022a48       0x58 ./emlib/em_gpio.o
 .text.GPIO_PinOutSet
                0x00022aa0       0x58 ./emlib/em_gpio.o
 .text.GPIO_DriveStrengthSet
                0x00022af8       0x60 ./emlib/em_gpio.o
                0x00022af8                GPIO_DriveStrengthSet
 .text.GPIO_PinModeSet
                0x00022b58      0x108 ./emlib/em_gpio.o
                0x00022b58                GPIO_PinModeSet
 .text.RTCC_Init
                0x00022c60       0x60 ./emlib/em_rtcc.o
                0x00022c60                RTCC_Init
 .text.SYSTEM_ChipRevisionGet
                0x00022cc0       0x74 ./emlib/em_system.o
                0x00022cc0                SYSTEM_ChipRevisionGet
 .text.USART_BaudrateAsyncSet
                0x00022d34       0xb0 ./emlib/em_usart.o
                0x00022d34                USART_BaudrateAsyncSet
 .text.USART_Enable
                0x00022de4       0x4c ./emlib/em_usart.o
                0x00022de4                USART_Enable
 .text.USART_InitAsync
                0x00022e30       0xbc ./emlib/em_usart.o
                0x00022e30                USART_InitAsync
 .text.USART_Reset
                0x00022eec       0x94 ./emlib/em_usart.o
                0x00022eec                USART_Reset
 .text.SYSTEM_GetProdRev
                0x00022f80       0x1c ./src/InitDevice.o
 .text.BUS_RegBitWrite
                0x00022f9c       0x2c ./src/InitDevice.o
 .text.CHIP_Init
                0x00022fc8       0xb4 ./src/InitDevice.o
 .text.enter_DefaultMode_from_RESET
                0x0002307c       0x2c ./src/InitDevice.o
                0x0002307c                enter_DefaultMode_from_RESET
 .text.EMU_enter_DefaultMode_from_RESET
                0x000230a8       0x94 ./src/InitDevice.o
                0x000230a8                EMU_enter_DefaultMode_from_RESET
 .text.LFXO_enter_DefaultMode_from_RESET
                0x0002313c        0xc ./src/InitDevice.o
                0x0002313c                LFXO_enter_DefaultMode_from_RESET
 .text.CMU_enter_DefaultMode_from_RESET
                0x00023148      0x128 ./src/InitDevice.o
                0x00023148                CMU_enter_DefaultMode_from_RESET
 .text.RTCC_enter_DefaultMode_from_RESET
                0x00023270       0x4c ./src/InitDevice.o
                0x00023270                RTCC_enter_DefaultMode_from_RESET
 .text.GPCRC_enter_DefaultMode_from_RESET
                0x000232bc        0xc ./src/InitDevice.o
                0x000232bc                GPCRC_enter_DefaultMode_from_RESET
 .text.LDMA_enter_DefaultMode_from_RESET
                0x000232c8        0xc ./src/InitDevice.o
                0x000232c8                LDMA_enter_DefaultMode_from_RESET
 .text.PRS_enter_DefaultMode_from_RESET
                0x000232d4       0x20 ./src/InitDevice.o
                0x000232d4                PRS_enter_DefaultMode_from_RESET
 .text.PORTIO_enter_DefaultMode_from_RESET
                0x000232f4        0xc ./src/InitDevice.o
                0x000232f4                PORTIO_enter_DefaultMode_from_RESET
 .text.gecko_cmd_le_gap_set_mode
                0x00023300       0x58 ./src/btModule.o
 .text.gecko_cmd_le_gap_set_adv_parameters
                0x00023358       0x60 ./src/btModule.o
 .text.gecko_cmd_le_connection_set_parameters
                0x000233b8       0x84 ./src/btModule.o
 .text.gecko_cmd_sm_set_bondable_mode
                0x0002343c       0x48 ./src/btModule.o
 .text.gecko_cmd_sm_configure
                0x00023484       0x58 ./src/btModule.o
 .text.gecko_cmd_sm_delete_bondings
                0x000234dc       0x38 ./src/btModule.o
 .text.gecko_cmd_sm_set_passkey
                0x00023514       0x48 ./src/btModule.o
 .text.configureAdvertising
                0x0002355c       0x1c ./src/btModule.o
                0x0002355c                configureAdvertising
 .text.configureConnParam
                0x00023578       0x34 ./src/btModule.o
                0x00023578                configureConnParam
 .text.configureSecurity
                0x000235ac       0x5c ./src/btModule.o
                0x000235ac                configureSecurity
 .text.clockSetup
                0x00023608       0x94 ./src/clockSetup.o
                0x00023608                clockSetup
 .text.gpioSetup
                0x0002369c       0xd4 ./src/gpio.o
                0x0002369c                gpioSetup
 .text.LEUART0_IRQHandler
                0x00023770       0x64 ./src/gps.o
                0x00023770                LEUART0_IRQHandler
 .text.LETIMER0_IRQHandler
                0x000237d4       0x58 ./src/timer.o
                0x000237d4                LETIMER0_IRQHandler
 .text          0x0002382c       0x18 C:/SiliconLabs/SimplicityStudio/v4/developer/sdks/gecko_sdk_suite/v1.1//protocol/bluetooth_2.4/lib/EFR32BG1B/GCC/bgapi.a(gecko_bgapi_hardware.c.obj)
                0x0002382c                gecko_bgapi_class_hardware_init
 .text          0x00023844       0x18 C:/SiliconLabs/SimplicityStudio/v4/developer/sdks/gecko_sdk_suite/v1.1//protocol/bluetooth_2.4/lib/EFR32BG1B/GCC/bgapi.a(gecko_bgapi_test.c.obj)
                0x00023844                gecko_bgapi_class_test_init
 .text          0x0002385c       0x18 C:/SiliconLabs/SimplicityStudio/v4/developer/sdks/gecko_sdk_suite/v1.1//protocol/bluetooth_2.4/lib/EFR32BG1B/GCC/bgapi.a(gecko_bgapi_dfu.c.obj)
                0x0002385c                gecko_bgapi_class_dfu_init
 .text          0x00023874       0x18 C:/SiliconLabs/SimplicityStudio/v4/developer/sdks/gecko_sdk_suite/v1.1//protocol/bluetooth_2.4/lib/EFR32BG1B/GCC/bgapi.a(gecko_bgapi_gap.c.obj)
                0x00023874                gecko_bgapi_class_le_gap_init
 .text          0x0002388c       0x18 C:/SiliconLabs/SimplicityStudio/v4/developer/sdks/gecko_sdk_suite/v1.1//protocol/bluetooth_2.4/lib/EFR32BG1B/GCC/bgapi.a(gecko_bgapi_gatt.c.obj)
                0x0002388c                gecko_bgapi_class_gatt_init
 .text          0x000238a4       0x18 C:/SiliconLabs/SimplicityStudio/v4/developer/sdks/gecko_sdk_suite/v1.1//protocol/bluetooth_2.4/lib/EFR32BG1B/GCC/bgapi.a(gecko_bgapi_gatt_server.c.obj)
                0x000238a4                gecko_bgapi_class_gatt_server_init
 .text          0x000238bc       0x18 C:/SiliconLabs/SimplicityStudio/v4/developer/sdks/gecko_sdk_suite/v1.1//protocol/bluetooth_2.4/lib/EFR32BG1B/GCC/bgapi.a(gecko_bgapi_flash.c.obj)
                0x000238bc                gecko_bgapi_class_flash_init
 .text          0x000238d4       0x18 C:/SiliconLabs/SimplicityStudio/v4/developer/sdks/gecko_sdk_suite/v1.1//protocol/bluetooth_2.4/lib/EFR32BG1B/GCC/bgapi.a(gecko_bgapi_sm.c.obj)
                0x000238d4                gecko_bgapi_class_sm_init
 .text          0x000238ec       0x18 C:/SiliconLabs/SimplicityStudio/v4/developer/sdks/gecko_sdk_suite/v1.1//protocol/bluetooth_2.4/lib/EFR32BG1B/GCC/bgapi.a(gecko_bgapi_system.c.obj)
                0x000238ec                gecko_bgapi_class_system_init
 .text          0x00023904       0x18 C:/SiliconLabs/SimplicityStudio/v4/developer/sdks/gecko_sdk_suite/v1.1//protocol/bluetooth_2.4/lib/EFR32BG1B/GCC/bgapi.a(gecko_bgapi_endpoint.c.obj)
                0x00023904                gecko_bgapi_class_endpoint_init
 .text          0x0002391c       0x18 C:/SiliconLabs/SimplicityStudio/v4/developer/sdks/gecko_sdk_suite/v1.1//protocol/bluetooth_2.4/lib/EFR32BG1B/GCC/bgapi.a(gecko_bgapi_le_connection.c.obj)
                0x0002391c                gecko_bgapi_class_le_connection_init
 .text          0x00023934      0x1d0 C:/SiliconLabs/SimplicityStudio/v4/developer/sdks/gecko_sdk_suite/v1.1//protocol/bluetooth_2.4/lib/EFR32BG1B/GCC/bgapi.a(bgapi_hardware.c.obj)
                0x00023934                soft_timer_comparison
                0x000239c8                bgapi_hardware_soft_timer_listener
                0x00023a08                lib_hardware_handler_init
                0x00023a1c                gecko_cmd_hardware_set_soft_timer
                0x00023a5c                gecko_cmd_hardware_set_lazy_soft_timer
                0x00023a9c                gecko_cmd_hardware_get_time
                0x00023ad0                gecko_cmd_hardware_enable_dcdc
 .text          0x00023b04      0x330 C:/SiliconLabs/SimplicityStudio/v4/developer/sdks/gecko_sdk_suite/v1.1//protocol/bluetooth_2.4/lib/EFR32BG1B/GCC/bgapi.a(bgapi_test_lib.c.obj)
                0x00023b04                bgapi_test_lib_msg_handler
                0x00023b5c                lib_test_handler_init
                0x00023b7c                disable_interrupts
                0x00023ba0                gecko_cmd_test_dtm_tx
                0x00023c34                gecko_cmd_test_dtm_rx
                0x00023c80                gecko_cmd_test_dtm_end
                0x00023ce8                gecko_cmd_test_debug_command
                0x00023db8                gecko_cmd_test_debug_counter
 .text          0x00023e34       0x8c C:/SiliconLabs/SimplicityStudio/v4/developer/sdks/gecko_sdk_suite/v1.1//protocol/bluetooth_2.4/lib/EFR32BG1B/GCC/bgapi.a(bgapi_dfu.c.obj)
                0x00023e34                lib_dfu_handler_init
                0x00023e36                gecko_cmd_dfu_reset
                0x00023e3c                gecko_cmd_dfu_flash_set_address
                0x00023e68                gecko_cmd_dfu_flash_upload
                0x00023e94                gecko_cmd_dfu_flash_upload_finish
 .text          0x00023ec0      0x34c C:/SiliconLabs/SimplicityStudio/v4/developer/sdks/gecko_sdk_suite/v1.1//protocol/bluetooth_2.4/lib/EFR32BG1B/GCC/bgapi.a(bgapi_gap.c.obj)
                0x00023ec0                lib_le_gap_handler_init
                0x00023ec2                gecko_cmd_le_gap_set_mode
                0x00023f08                gecko_cmd_le_gap_bt5_set_mode
                0x00023f4c                gecko_cmd_le_gap_set_adv_data
                0x00023f94                gecko_cmd_le_gap_bt5_set_adv_data
                0x00023fc8                gecko_cmd_le_gap_set_adv_timeout
                0x0002401c                gecko_cmd_le_gap_open
                0x00024080                gecko_cmd_le_gap_discover
                0x000240ac                gecko_cmd_le_gap_end_procedure
                0x000240d8                gecko_cmd_le_gap_set_adv_parameters
                0x0002410c                gecko_cmd_le_gap_bt5_set_adv_parameters
                0x00024148                gecko_cmd_le_gap_set_scan_parameters
                0x00024178                gecko_cmd_le_gap_set_conn_parameters
                0x000241b0                gecko_cmd_le_gap_set_phy
                0x000241dc                gecko_cmd_le_gap_set_privacy_mode
 .text          0x0002420c      0x6c4 C:/SiliconLabs/SimplicityStudio/v4/developer/sdks/gecko_sdk_suite/v1.1//protocol/bluetooth_2.4/lib/EFR32BG1B/GCC/bgapi.a(bgapi_gatt_lib.c.obj)
                0x0002420c                lib_gatt_handler_init
                0x00024210                lib_gatt_server_handler_init
                0x00024212                gecko_cmd_gatt_set_max_mtu
                0x0002424c                gecko_cmd_gatt_discover_primary_services
                0x0002427c                gecko_cmd_gatt_discover_primary_services_by_uuid
                0x000242b8                gecko_cmd_gatt_find_included_services
                0x000242ec                gecko_cmd_gatt_discover_characteristics
                0x00024320                gecko_cmd_gatt_discover_characteristics_by_uuid
                0x00024360                gecko_cmd_gatt_read_characteristic_value
                0x00024398                gecko_cmd_gatt_read_characteristic_value_from_offset
                0x000243d4                gecko_cmd_gatt_read_characteristic_value_by_uuid
                0x00024414                gecko_cmd_gatt_read_multiple_characteristic_values
                0x00024448                gecko_cmd_gatt_write_characteristic_value
                0x00024480                gecko_cmd_gatt_write_characteristic_value_without_response
                0x000244c4                gecko_cmd_gatt_prepare_characteristic_value_write
                0x00024514                gecko_cmd_gatt_execute_characteristic_value_write
                0x00024548                gecko_cmd_gatt_set_characteristic_notification
                0x00024580                gecko_cmd_gatt_discover_descriptors
                0x000245b4                gecko_cmd_gatt_read_descriptor_value
                0x000245e8                gecko_cmd_gatt_write_descriptor_value
                0x00024620                gecko_cmd_gatt_server_read_attribute_value
                0x00024668                gecko_cmd_gatt_server_read_attribute_type
                0x000246ac                gecko_cmd_gatt_server_find_attribute
                0x000246e8                gecko_cmd_gatt_server_write_attribute_value
                0x0002471c                gecko_cmd_gatt_server_send_user_read_response
                0x0002476c                gecko_cmd_gatt_server_send_user_write_response
                0x000247a4                gecko_cmd_gatt_server_send_characteristic_notification
                0x000247f0                gecko_cmd_gatt_send_characteristic_confirmation
                0x00024820                gecko_cmd_gatt_server_set_database
                0x00024850                gecko_cmd_gatt_server_set_capabilities
                0x00024880                gecko_cmd_gatt_prepare_characteristic_value_reliable_write
 .text          0x000248d0      0x1d0 C:/SiliconLabs/SimplicityStudio/v4/developer/sdks/gecko_sdk_suite/v1.1//protocol/bluetooth_2.4/lib/EFR32BG1B/GCC/bgapi.a(bgapi_ps.c.obj)
                0x000248d0                bgapi_ps_dump_listener
                0x00024910                lib_flash_handler_init
                0x00024924                gecko_cmd_flash_ps_dump
                0x000249bc                gecko_cmd_flash_ps_erase_all
                0x000249ec                gecko_cmd_flash_ps_save
                0x00024a28                gecko_cmd_flash_ps_load
                0x00024a6c                gecko_cmd_flash_ps_erase
 .text          0x00024aa0      0x3cc C:/SiliconLabs/SimplicityStudio/v4/developer/sdks/gecko_sdk_suite/v1.1//protocol/bluetooth_2.4/lib/EFR32BG1B/GCC/bgapi.a(bgapi_sm.c.obj)
                0x00024b68                lib_sm_handler_init
                0x00024b7c                gecko_cmd_sm_list_all_bondings
                0x00024bb4                gecko_cmd_sm_increase_security
                0x00024be4                gecko_cmd_sm_set_bondable_mode
                0x00024c10                gecko_cmd_sm_delete_bonding
                0x00024c40                gecko_cmd_sm_delete_bondings
                0x00024c70                gecko_cmd_sm_configure
                0x00024ca0                gecko_cmd_sm_enter_passkey
                0x00024cd4                gecko_cmd_sm_set_passkey
                0x00024d00                gecko_cmd_sm_passkey_confirm
                0x00024d34                gecko_cmd_sm_set_oob_data
                0x00024d64                gecko_cmd_sm_set_sc_remote_oob_data
                0x00024d94                gecko_cmd_sm_use_sc_oob
                0x00024dd4                gecko_cmd_sm_store_bonding_configuration
                0x00024e08                gecko_cmd_sm_bonding_confirm
                0x00024e3c                gecko_cmd_sm_set_debug_mode
 .text          0x00024e6c      0x1d8 C:/SiliconLabs/SimplicityStudio/v4/developer/sdks/gecko_sdk_suite/v1.1//protocol/bluetooth_2.4/lib/EFR32BG1B/GCC/bgapi.a(bgapi_system.c.obj)
                0x00024e6c                bgapi_system_listener
                0x00024e9c                lib_system_handler_init
                0x00024eb0                gecko_cmd_system_get_bt_address
                0x00024ee8                gecko_cmd_system_set_bt_address
                0x00024f1c                gecko_cmd_system_set_device_name
                0x00024f58                gecko_cmd_system_get_random_data
                0x00024fa0                gecko_cmd_system_halt
                0x00024fd4                gecko_cmd_system_set_tx_power
                0x00025004                gecko_cmd_system_hello
                0x0002502c                gecko_cmd_system_reset
                0x00025032                gecko_send_system_awake
 .text          0x00025044      0x1ac C:/SiliconLabs/SimplicityStudio/v4/developer/sdks/gecko_sdk_suite/v1.1//protocol/bluetooth_2.4/lib/EFR32BG1B/GCC/bgapi.a(bgapi_endpoint.c.obj)
                0x00025044                lib_endpoint_handler_init
                0x00025046                gecko_cmd_endpoint_send
                0x000250f0                gecko_cmd_endpoint_set_streaming_destination
                0x00025148                gecko_cmd_endpoint_close
                0x000251a4                gecko_cmd_endpoint_set_flags
                0x000251a6                gecko_cmd_endpoint_clr_flags
                0x000251a8                gecko_cmd_endpoint_read_counters
 .text          0x000251f0      0x104 C:/SiliconLabs/SimplicityStudio/v4/developer/sdks/gecko_sdk_suite/v1.1//protocol/bluetooth_2.4/lib/EFR32BG1B/GCC/bgapi.a(bgapi_le_connection.c.obj)
                0x000251f0                lib_le_connection_handler_init
                0x000251f2                gecko_cmd_le_connection_set_parameters
                0x00025240                gecko_cmd_le_connection_get_rssi
                0x00025270                gecko_cmd_le_connection_disable_slave_latency
                0x000252b8                gecko_cmd_le_connection_set_phy
 .text          0x000252f4      0xdf0 C:/SiliconLabs/SimplicityStudio/v4/developer/sdks/gecko_sdk_suite/v1.1//protocol/bluetooth_2.4/lib/EFR32BG1B/GCC/bgapi.a(gatt_client.c.obj)
                0x0002555c                gatt_discover_primary_services
                0x0002559a                gatt_discover_primary_services_by_uuid
                0x000255f0                gatt_find_included_services
                0x00025640                gatt_find_included_services_handler
                0x000256f0                gatt_discover_characteristics
                0x00025712                gatt_discover_characteristics_by_uuid
                0x00025754                gatt_discover_descriptors
                0x00025790                gatt_read_characteristic_value
                0x000257c8                gatt_read_characteristic_value_by_uuid
                0x00025802                gatt_read_multiple_characteristic_values
                0x00025826                gatt_write_characteristic_value
                0x0002584c                gatt_write_characteristic_value_without_response
                0x00025866                gatt_prepare_characteristic_value_write
                0x000258dc                gatt_execute_characteristic_value_write
                0x000258fe                gatt_set_characteristic_notification
                0x0002593e                gatt_read_descriptor_value
                0x00025966                gatt_write_descriptor_value
                0x0002598c                gatt_handle_exchange_mtu_rsp
                0x000259a8                gatt_handle_find_information_response
                0x00025afa                gatt_handle_find_by_type_value_response
                0x00025b96                gatt_handle_read_response
                0x00025cf4                gatt_handle_read_blob_response
                0x00025d2a                gatt_handle_read_multiple_response
                0x00025d66                gatt_handle_read_by_type_response
                0x00025eb0                gatt_handle_read_by_group_type_response
                0x00025f58                gatt_handle_write_response
                0x00025f6c                gatt_handle_prepare_write_response
                0x0002605e                gatt_handle_execute_write_response
                0x00026096                gatt_client_handle_value_notification
                0x000260a8                gatt_client_handle_value_indication
                0x000260bc                gatt_send_characteristic_confirmation
                0x000260da                gatt_client_init
 .text          0x000260e4      0x250 C:/SiliconLabs/SimplicityStudio/v4/developer/sdks/gecko_sdk_suite/v1.1//protocol/bluetooth_2.4/lib/EFR32BG1B/GCC/bgapi.a(ubt_gatt_client.c.obj)
                0x000260e4                ubt_gatt_discover_primary_services
                0x000260fa                ubt_gatt_discover_primary_services_by_uuid
                0x00026126                ubt_gatt_find_included_services
                0x00026140                ubt_gatt_discover_characteristics
                0x0002615a                ubt_gatt_discover_characteristics_by_uuid
                0x0002618a                ubt_gatt_discover_descriptors
                0x000261a4                ubt_gatt_read_characteristic_value
                0x000261c6                ubt_gatt_read_characteristic_value_by_uuid
                0x000261f6                ubt_gatt_read_multiple_characteristic_values
                0x00026214                ubt_gatt_write_characteristic_value
                0x00026236                ubt_gatt_write_characteristic_value_without_response
                0x00026270                ubt_gatt_prepare_characteristic_value_write
                0x000262aa                ubt_gatt_execute_characteristic_value_write
                0x000262c4                ubt_gatt_send_characteristic_confirmation
                0x000262da                ubt_gatt_read_descriptor_value
                0x000262f4                ubt_gatt_write_descriptor_value
                0x00026316                ubt_gatt_set_characteristic_notification
 .text          0x00026334      0x4ec C:/SiliconLabs/SimplicityStudio/v4/developer/sdks/gecko_sdk_suite/v1.1//protocol/bluetooth_2.4/lib/EFR32BG1B/GCC/bgapi.a(att_client.c.obj)
                0x00026334                att_send_find_information_request
                0x0002635a                att_send_find_by_type_value_request
                0x0002638c                att_send_read_by_type_request
                0x000263b8                att_send_read_request
                0x000263d8                att_send_read_blob_request
                0x000263fe                att_send_read_multiple_request
                0x0002642a                att_send_read_by_group_type_request
                0x00026456                att_send_write_request
                0x00026482                att_send_write_command
                0x000264ae                att_send_signed_write_command
                0x000264e8                att_send_prepare_write_request
                0x00026524                att_send_execute_write_request
                0x00026542                att_send_handle_value_confirmation
                0x0002655a                validate_gatt_client_pdu_len
                0x00026614                att_gatt_client_handler
 .text.exit     0x00026820       0x20 c:/siliconlabs/simplicitystudio/v4/developer/toolchains/gnu_arm/4.9_2015q3/bin/../lib/gcc/arm-none-eabi/4.9.3/../../../../arm-none-eabi/lib/armv7e-m/fpu\libc.a(lib_a-exit.o)
                0x00026820                exit
 .text.__libc_init_array
                0x00026840       0x50 c:/siliconlabs/simplicitystudio/v4/developer/toolchains/gnu_arm/4.9_2015q3/bin/../lib/gcc/arm-none-eabi/4.9.3/../../../../arm-none-eabi/lib/armv7e-m/fpu\libc.a(lib_a-init.o)
                0x00026840                __libc_init_array
 .text.malloc   0x00026890       0x10 c:/siliconlabs/simplicitystudio/v4/developer/toolchains/gnu_arm/4.9_2015q3/bin/../lib/gcc/arm-none-eabi/4.9.3/../../../../arm-none-eabi/lib/armv7e-m/fpu\libc.a(lib_a-malloc.o)
                0x00026890                malloc
 .text.free     0x000268a0       0x10 c:/siliconlabs/simplicitystudio/v4/developer/toolchains/gnu_arm/4.9_2015q3/bin/../lib/gcc/arm-none-eabi/4.9.3/../../../../arm-none-eabi/lib/armv7e-m/fpu\libc.a(lib_a-malloc.o)
                0x000268a0                free
 .text._malloc_r
                0x000268b0      0x524 c:/siliconlabs/simplicitystudio/v4/developer/toolchains/gnu_arm/4.9_2015q3/bin/../lib/gcc/arm-none-eabi/4.9.3/../../../../arm-none-eabi/lib/armv7e-m/fpu\libc.a(lib_a-mallocr.o)
                0x000268b0                _malloc_r
 .text.memcmp   0x00026dd4       0x64 c:/siliconlabs/simplicitystudio/v4/developer/toolchains/gnu_arm/4.9_2015q3/bin/../lib/gcc/arm-none-eabi/4.9.3/../../../../arm-none-eabi/lib/armv7e-m/fpu\libc.a(lib_a-memcmp.o)
                0x00026dd4                memcmp
 .text          0x00026e38      0x134 c:/siliconlabs/simplicitystudio/v4/developer/toolchains/gnu_arm/4.9_2015q3/bin/../lib/gcc/arm-none-eabi/4.9.3/../../../../arm-none-eabi/lib/armv7e-m/fpu\libc.a(lib_a-memcpy.o)
                0x00026e38                memcpy
 .text.memset   0x00026f6c       0x9c c:/siliconlabs/simplicitystudio/v4/developer/toolchains/gnu_arm/4.9_2015q3/bin/../lib/gcc/arm-none-eabi/4.9.3/../../../../arm-none-eabi/lib/armv7e-m/fpu\libc.a(lib_a-memset.o)
                0x00026f6c                memset
 .text.__malloc_lock
                0x00027008        0x4 c:/siliconlabs/simplicitystudio/v4/developer/toolchains/gnu_arm/4.9_2015q3/bin/../lib/gcc/arm-none-eabi/4.9.3/../../../../arm-none-eabi/lib/armv7e-m/fpu\libc.a(lib_a-mlock.o)
                0x00027008                __malloc_lock
 .text.__malloc_unlock
                0x0002700c        0x4 c:/siliconlabs/simplicitystudio/v4/developer/toolchains/gnu_arm/4.9_2015q3/bin/../lib/gcc/arm-none-eabi/4.9.3/../../../../arm-none-eabi/lib/armv7e-m/fpu\libc.a(lib_a-mlock.o)
                0x0002700c                __malloc_unlock
 .text._sbrk_r  0x00027010       0x24 c:/siliconlabs/simplicitystudio/v4/developer/toolchains/gnu_arm/4.9_2015q3/bin/../lib/gcc/arm-none-eabi/4.9.3/../../../../arm-none-eabi/lib/armv7e-m/fpu\libc.a(lib_a-sbrkr.o)
                0x00027010                _sbrk_r
 .text.startup.register_fini
                0x00027034       0x14 c:/siliconlabs/simplicitystudio/v4/developer/toolchains/gnu_arm/4.9_2015q3/bin/../lib/gcc/arm-none-eabi/4.9.3/../../../../arm-none-eabi/lib/armv7e-m/fpu\libc.a(lib_a-__call_atexit.o)
 .text.__call_exitprocs
                0x00027048       0xd4 c:/siliconlabs/simplicitystudio/v4/developer/toolchains/gnu_arm/4.9_2015q3/bin/../lib/gcc/arm-none-eabi/4.9.3/../../../../arm-none-eabi/lib/armv7e-m/fpu\libc.a(lib_a-__call_atexit.o)
                0x00027048                __call_exitprocs
 .text.atexit   0x0002711c        0xc c:/siliconlabs/simplicitystudio/v4/developer/toolchains/gnu_arm/4.9_2015q3/bin/../lib/gcc/arm-none-eabi/4.9.3/../../../../arm-none-eabi/lib/armv7e-m/fpu\libc.a(lib_a-atexit.o)
                0x0002711c                atexit
 .text.__libc_fini_array
                0x00027128       0x2c c:/siliconlabs/simplicitystudio/v4/developer/toolchains/gnu_arm/4.9_2015q3/bin/../lib/gcc/arm-none-eabi/4.9.3/../../../../arm-none-eabi/lib/armv7e-m/fpu\libc.a(lib_a-fini.o)
                0x00027128                __libc_fini_array
 .text._malloc_trim_r
                0x00027154       0x9c c:/siliconlabs/simplicitystudio/v4/developer/toolchains/gnu_arm/4.9_2015q3/bin/../lib/gcc/arm-none-eabi/4.9.3/../../../../arm-none-eabi/lib/armv7e-m/fpu\libc.a(lib_a-freer.o)
                0x00027154                _malloc_trim_r
 .text._free_r  0x000271f0      0x1b0 c:/siliconlabs/simplicitystudio/v4/developer/toolchains/gnu_arm/4.9_2015q3/bin/../lib/gcc/arm-none-eabi/4.9.3/../../../../arm-none-eabi/lib/armv7e-m/fpu\libc.a(lib_a-freer.o)
                0x000271f0                _free_r
 .text.__register_exitproc
                0x000273a0       0xa4 c:/siliconlabs/simplicitystudio/v4/developer/toolchains/gnu_arm/4.9_2015q3/bin/../lib/gcc/arm-none-eabi/4.9.3/../../../../arm-none-eabi/lib/armv7e-m/fpu\libc.a(lib_a-__atexit.o)
                0x000273a0                __register_exitproc
 .text._sbrk    0x00027444       0x1c c:/siliconlabs/simplicitystudio/v4/developer/toolchains/gnu_arm/4.9_2015q3/bin/../lib/gcc/arm-none-eabi/4.9.3/../../../../arm-none-eabi/lib/armv7e-m/fpu\libnosys.a(sbrk.o)
                0x00027444                _sbrk
 .text._exit    0x00027460        0x4 c:/siliconlabs/simplicitystudio/v4/developer/toolchains/gnu_arm/4.9_2015q3/bin/../lib/gcc/arm-none-eabi/4.9.3/../../../../arm-none-eabi/lib/armv7e-m/fpu\libnosys.a(_exit.o)
                0x00027460                _exit
 *(.init)
 .init          0x00027464        0x4 c:/siliconlabs/simplicitystudio/v4/developer/toolchains/gnu_arm/4.9_2015q3/bin/../lib/gcc/arm-none-eabi/4.9.3/armv7e-m/fpu/crti.o
                0x00027464                _init
 .init          0x00027468        0x8 c:/siliconlabs/simplicitystudio/v4/developer/toolchains/gnu_arm/4.9_2015q3/bin/../lib/gcc/arm-none-eabi/4.9.3/armv7e-m/fpu/crtn.o
 *(.fini)
 .fini          0x00027470        0x4 c:/siliconlabs/simplicitystudio/v4/developer/toolchains/gnu_arm/4.9_2015q3/bin/../lib/gcc/arm-none-eabi/4.9.3/armv7e-m/fpu/crti.o
                0x00027470                _fini
 .fini          0x00027474        0x8 c:/siliconlabs/simplicitystudio/v4/developer/toolchains/gnu_arm/4.9_2015q3/bin/../lib/gcc/arm-none-eabi/4.9.3/armv7e-m/fpu/crtn.o
 *crtbegin.o(.ctors)
 *crtbegin?.o(.ctors)
 *(EXCLUDE_FILE(*crtend.o *crtend?.o) .ctors)
 *(SORT(.ctors.*))
 *(.ctors)
 *crtbegin.o(.dtors)
 *crtbegin?.o(.dtors)
 *(EXCLUDE_FILE(*crtend.o *crtend?.o) .dtors)
 *(SORT(.dtors.*))
 *(.dtors)
 *(.rodata*)
 .rodata        0x0002747c       0x28 ./gsm.o
 .rodata.ptiInit
                0x000274a4       0x24 ./main.o
 .rodata        0x000274c8       0x18 ./main.o
 .rodata.config
                0x000274e0       0x38 ./main.o
 .rodata        0x00027518       0x50 ./src/InitDevice.o
 .rodata        0x00027568       0x28 C:/SiliconLabs/SimplicityStudio/v4/developer/sdks/gecko_sdk_suite/v1.1//protocol/bluetooth_2.4/lib/EFR32BG1B/GCC/bgapi.a(gecko_bgapi_hardware.c.obj)
 .rodata        0x00027590       0x30 C:/SiliconLabs/SimplicityStudio/v4/developer/sdks/gecko_sdk_suite/v1.1//protocol/bluetooth_2.4/lib/EFR32BG1B/GCC/bgapi.a(gecko_bgapi_test.c.obj)
 .rodata        0x000275c0       0x28 C:/SiliconLabs/SimplicityStudio/v4/developer/sdks/gecko_sdk_suite/v1.1//protocol/bluetooth_2.4/lib/EFR32BG1B/GCC/bgapi.a(gecko_bgapi_dfu.c.obj)
 .rodata        0x000275e8       0x78 C:/SiliconLabs/SimplicityStudio/v4/developer/sdks/gecko_sdk_suite/v1.1//protocol/bluetooth_2.4/lib/EFR32BG1B/GCC/bgapi.a(gecko_bgapi_gap.c.obj)
 .rodata        0x00027660       0xa8 C:/SiliconLabs/SimplicityStudio/v4/developer/sdks/gecko_sdk_suite/v1.1//protocol/bluetooth_2.4/lib/EFR32BG1B/GCC/bgapi.a(gecko_bgapi_gatt.c.obj)
 .rodata        0x00027708       0x50 C:/SiliconLabs/SimplicityStudio/v4/developer/sdks/gecko_sdk_suite/v1.1//protocol/bluetooth_2.4/lib/EFR32BG1B/GCC/bgapi.a(gecko_bgapi_gatt_server.c.obj)
 .rodata        0x00027758       0x30 C:/SiliconLabs/SimplicityStudio/v4/developer/sdks/gecko_sdk_suite/v1.1//protocol/bluetooth_2.4/lib/EFR32BG1B/GCC/bgapi.a(gecko_bgapi_flash.c.obj)
 .rodata        0x00027788       0x80 C:/SiliconLabs/SimplicityStudio/v4/developer/sdks/gecko_sdk_suite/v1.1//protocol/bluetooth_2.4/lib/EFR32BG1B/GCC/bgapi.a(gecko_bgapi_sm.c.obj)
 .rodata        0x00027808       0x48 C:/SiliconLabs/SimplicityStudio/v4/developer/sdks/gecko_sdk_suite/v1.1//protocol/bluetooth_2.4/lib/EFR32BG1B/GCC/bgapi.a(gecko_bgapi_system.c.obj)
 .rodata        0x00027850       0x38 C:/SiliconLabs/SimplicityStudio/v4/developer/sdks/gecko_sdk_suite/v1.1//protocol/bluetooth_2.4/lib/EFR32BG1B/GCC/bgapi.a(gecko_bgapi_endpoint.c.obj)
 .rodata        0x00027888       0x28 C:/SiliconLabs/SimplicityStudio/v4/developer/sdks/gecko_sdk_suite/v1.1//protocol/bluetooth_2.4/lib/EFR32BG1B/GCC/bgapi.a(gecko_bgapi_le_connection.c.obj)
 .rodata        0x000278b0       0x18 C:/SiliconLabs/SimplicityStudio/v4/developer/sdks/gecko_sdk_suite/v1.1//protocol/bluetooth_2.4/lib/EFR32BG1B/GCC/bgapi.a(bgapi_sm.c.obj)
 .rodata        0x000278c8        0x4 C:/SiliconLabs/SimplicityStudio/v4/developer/sdks/gecko_sdk_suite/v1.1//protocol/bluetooth_2.4/lib/EFR32BG1B/GCC/bgapi.a(gatt_client.c.obj)
 .rodata.str1.4
                0x000278cc        0x4 c:/siliconlabs/simplicitystudio/v4/developer/toolchains/gnu_arm/4.9_2015q3/bin/../lib/gcc/arm-none-eabi/4.9.3/../../../../arm-none-eabi/lib/armv7e-m/fpu\libc.a(lib_a-impure.o)
                                  0x2 (size before relaxing)
 .rodata._global_impure_ptr
                0x000278d0        0x4 c:/siliconlabs/simplicitystudio/v4/developer/toolchains/gnu_arm/4.9_2015q3/bin/../lib/gcc/arm-none-eabi/4.9.3/../../../../arm-none-eabi/lib/armv7e-m/fpu\libc.a(lib_a-impure.o)
                0x000278d0                _global_impure_ptr
 *(.eh_frame*)
 .eh_frame      0x000278d4        0x0 c:/siliconlabs/simplicitystudio/v4/developer/toolchains/gnu_arm/4.9_2015q3/bin/../lib/gcc/arm-none-eabi/4.9.3/armv7e-m/fpu/crtbegin.o
 .eh_frame      0x000278d4        0x0 c:/siliconlabs/simplicitystudio/v4/developer/toolchains/gnu_arm/4.9_2015q3/bin/../lib/gcc/arm-none-eabi/4.9.3/../../../../arm-none-eabi/lib/armv7e-m/fpu\libc.a(lib_a-strcmp.o)
                                 0x70 (size before relaxing)
 .eh_frame      0x000278d4        0x4 c:/siliconlabs/simplicitystudio/v4/developer/toolchains/gnu_arm/4.9_2015q3/bin/../lib/gcc/arm-none-eabi/4.9.3/armv7e-m/fpu/crtend.o
                0x000278d8                . = ALIGN (0x4)

.glue_7         0x000278d8        0x0
 .glue_7        0x00000000        0x0 linker stubs

.glue_7t        0x000278d8        0x0
 .glue_7t       0x00000000        0x0 linker stubs

.vfp11_veneer   0x000278d8        0x0
 .vfp11_veneer  0x00000000        0x0 linker stubs

.v4_bx          0x000278d8        0x0
 .v4_bx         0x00000000        0x0 linker stubs

.iplt           0x000278d8        0x0
 .iplt          0x00000000        0x0 c:/siliconlabs/simplicitystudio/v4/developer/toolchains/gnu_arm/4.9_2015q3/bin/../lib/gcc/arm-none-eabi/4.9.3/armv7e-m/fpu/crtbegin.o

.igot.plt       0x000278d8        0x0
 .igot.plt      0x00000000        0x0 c:/siliconlabs/simplicitystudio/v4/developer/toolchains/gnu_arm/4.9_2015q3/bin/../lib/gcc/arm-none-eabi/4.9.3/armv7e-m/fpu/crtbegin.o

.text_app_ARM.extab
 *(.ARM.extab* .gnu.linkonce.armextab.*)
                0x000278d8                __exidx_start = .

.text_app_ARM.exidx
                0x000278d8        0x8
 *(.ARM.exidx* .gnu.linkonce.armexidx.*)
 .ARM.exidx     0x000278d8        0x8 c:/siliconlabs/simplicitystudio/v4/developer/toolchains/gnu_arm/4.9_2015q3/bin/../lib/gcc/arm-none-eabi/4.9.3/../../../../arm-none-eabi/lib/armv7e-m/fpu/crt0.o
                0x000278e0                __exidx_end = .
                0x000278e0                __etext = .

.rel.dyn        0x000278e0        0x0
 .rel.iplt      0x00000000        0x0 c:/siliconlabs/simplicitystudio/v4/developer/toolchains/gnu_arm/4.9_2015q3/bin/../lib/gcc/arm-none-eabi/4.9.3/armv7e-m/fpu/crtbegin.o

.text_app_data  0x20003000      0x864 load address 0x000278e0
                0x20003000                __data_start__ = .
 *(vtable)
 *(.data*)
 .data.bg_gattdb_data_attribute_field_6_data
                0x20003000        0xd ./gatt_db.o
                0x20003000                bg_gattdb_data_attribute_field_6_data
 *fill*         0x2000300d        0x3 
 .data.auxHfrcoFreq
                0x20003010        0x4 ./emlib/em_cmu.o
 *fill*         0x20003014        0x4 
 .data.impure_data
                0x20003018      0x428 c:/siliconlabs/simplicitystudio/v4/developer/toolchains/gnu_arm/4.9_2015q3/bin/../lib/gcc/arm-none-eabi/4.9.3/../../../../arm-none-eabi/lib/armv7e-m/fpu\libc.a(lib_a-impure.o)
 .data._impure_ptr
                0x20003440        0x4 c:/siliconlabs/simplicitystudio/v4/developer/toolchains/gnu_arm/4.9_2015q3/bin/../lib/gcc/arm-none-eabi/4.9.3/../../../../arm-none-eabi/lib/armv7e-m/fpu\libc.a(lib_a-impure.o)
                0x20003440                _impure_ptr
 .data.__malloc_av_
                0x20003444      0x408 c:/siliconlabs/simplicitystudio/v4/developer/toolchains/gnu_arm/4.9_2015q3/bin/../lib/gcc/arm-none-eabi/4.9.3/../../../../arm-none-eabi/lib/armv7e-m/fpu\libc.a(lib_a-mallocr.o)
                0x20003444                __malloc_av_
 .data.__malloc_trim_threshold
                0x2000384c        0x4 c:/siliconlabs/simplicitystudio/v4/developer/toolchains/gnu_arm/4.9_2015q3/bin/../lib/gcc/arm-none-eabi/4.9.3/../../../../arm-none-eabi/lib/armv7e-m/fpu\libc.a(lib_a-mallocr.o)
                0x2000384c                __malloc_trim_threshold
 .data.__malloc_sbrk_base
                0x20003850        0x4 c:/siliconlabs/simplicitystudio/v4/developer/toolchains/gnu_arm/4.9_2015q3/bin/../lib/gcc/arm-none-eabi/4.9.3/../../../../arm-none-eabi/lib/armv7e-m/fpu\libc.a(lib_a-mallocr.o)
                0x20003850                __malloc_sbrk_base
                0x20003854                . = ALIGN (0x4)
 *(.ram)
                0x20003854                . = ALIGN (0x4)
                0x20003854                PROVIDE (__preinit_array_start, .)
 *(.preinit_array)
                0x20003854                PROVIDE (__preinit_array_end, .)
                0x20003854                . = ALIGN (0x4)
                0x20003854                PROVIDE (__init_array_start, .)
 *(SORT(.init_array.*))
 .init_array.00000
                0x20003854        0x4 c:/siliconlabs/simplicitystudio/v4/developer/toolchains/gnu_arm/4.9_2015q3/bin/../lib/gcc/arm-none-eabi/4.9.3/../../../../arm-none-eabi/lib/armv7e-m/fpu\libc.a(lib_a-__call_atexit.o)
 *(.init_array)
 .init_array    0x20003858        0x4 c:/siliconlabs/simplicitystudio/v4/developer/toolchains/gnu_arm/4.9_2015q3/bin/../lib/gcc/arm-none-eabi/4.9.3/armv7e-m/fpu/crtbegin.o
                0x2000385c                PROVIDE (__init_array_end, .)
                0x2000385c                . = ALIGN (0x4)
                0x2000385c                PROVIDE (__fini_array_start, .)
 *(SORT(.fini_array.*))
 *(.fini_array)
 .fini_array    0x2000385c        0x4 c:/siliconlabs/simplicitystudio/v4/developer/toolchains/gnu_arm/4.9_2015q3/bin/../lib/gcc/arm-none-eabi/4.9.3/armv7e-m/fpu/crtbegin.o
                0x20003860                PROVIDE (__fini_array_end, .)
 *(.jcr*)
 .jcr           0x20003860        0x0 c:/siliconlabs/simplicitystudio/v4/developer/toolchains/gnu_arm/4.9_2015q3/bin/../lib/gcc/arm-none-eabi/4.9.3/armv7e-m/fpu/crtbegin.o
 .jcr           0x20003860        0x4 c:/siliconlabs/simplicitystudio/v4/developer/toolchains/gnu_arm/4.9_2015q3/bin/../lib/gcc/arm-none-eabi/4.9.3/armv7e-m/fpu/crtend.o
                0x20003864                . = ALIGN (0x4)
                0x20003864                __data_end__ = .

.bss            0x20003864     0x1afc load address 0x00028144
                0x20003864                . = ALIGN (0x4)
                0x20003864                __bss_start__ = .
 *(.bss*)
 .bss           0x20003864       0x1c c:/siliconlabs/simplicitystudio/v4/developer/toolchains/gnu_arm/4.9_2015q3/bin/../lib/gcc/arm-none-eabi/4.9.3/armv7e-m/fpu/crtbegin.o
 .bss.bg_gattdb_data_attribute_field_2_data
                0x20003880        0x4 ./gatt_db.o
                0x20003880                bg_gattdb_data_attribute_field_2_data
 .bss.boot_to_dfu
                0x20003884        0x1 ./main.o
                0x20003884                boot_to_dfu
 *fill*         0x20003885        0x3 
 .bss.externalSignals
                0x20003888        0x4 ./main.o
                0x20003888                externalSignals
 .bss.notificationON
                0x2000388c        0x1 ./main.o
                0x2000388c                notificationON
 .bss.myPhone   0x2000388d        0x1 ./main.o
                0x2000388d                myPhone
 *fill*         0x2000388e        0x2 
 .bss.chTable   0x20003890       0xa0 ./bgapi/dmadrv.o
 .bss.dmaXfer   0x20003930      0x100 ./bgapi/dmadrv.o
 .bss.gpsSentence
                0x20003a30        0x4 ./src/gps.o
 .bss.parser    0x20003a34        0x4 ./src/gps.o
 .bss           0x20003a38        0x4 C:/SiliconLabs/SimplicityStudio/v4/developer/sdks/gecko_sdk_suite/v1.1//protocol/bluetooth_2.4/lib/EFR32BG1B/GCC/bgapi.a(bgapi_hardware.c.obj)
 .bss           0x20003a3c        0x4 C:/SiliconLabs/SimplicityStudio/v4/developer/sdks/gecko_sdk_suite/v1.1//protocol/bluetooth_2.4/lib/EFR32BG1B/GCC/bgapi.a(bgapi_test_lib.c.obj)
 .bss           0x20003a40        0x2 C:/SiliconLabs/SimplicityStudio/v4/developer/sdks/gecko_sdk_suite/v1.1//protocol/bluetooth_2.4/lib/EFR32BG1B/GCC/bgapi.a(bgapi_gap.c.obj)
                0x20003a40                legacy_maxadv_events
 *fill*         0x20003a42        0x2 
 .bss           0x20003a44        0x4 C:/SiliconLabs/SimplicityStudio/v4/developer/sdks/gecko_sdk_suite/v1.1//protocol/bluetooth_2.4/lib/EFR32BG1B/GCC/bgapi.a(bgapi_ps.c.obj)
 .bss           0x20003a48        0x4 C:/SiliconLabs/SimplicityStudio/v4/developer/sdks/gecko_sdk_suite/v1.1//protocol/bluetooth_2.4/lib/EFR32BG1B/GCC/bgapi.a(bgapi_sm.c.obj)
 .bss           0x20003a4c        0x4 C:/SiliconLabs/SimplicityStudio/v4/developer/sdks/gecko_sdk_suite/v1.1//protocol/bluetooth_2.4/lib/EFR32BG1B/GCC/bgapi.a(bgapi_system.c.obj)
 .bss.__malloc_max_total_mem
                0x20003a50        0x4 c:/siliconlabs/simplicitystudio/v4/developer/toolchains/gnu_arm/4.9_2015q3/bin/../lib/gcc/arm-none-eabi/4.9.3/../../../../arm-none-eabi/lib/armv7e-m/fpu\libc.a(lib_a-mallocr.o)
                0x20003a50                __malloc_max_total_mem
 .bss.__malloc_max_sbrked_mem
                0x20003a54        0x4 c:/siliconlabs/simplicitystudio/v4/developer/toolchains/gnu_arm/4.9_2015q3/bin/../lib/gcc/arm-none-eabi/4.9.3/../../../../arm-none-eabi/lib/armv7e-m/fpu\libc.a(lib_a-mallocr.o)
                0x20003a54                __malloc_max_sbrked_mem
 .bss.__malloc_top_pad
                0x20003a58        0x4 c:/siliconlabs/simplicitystudio/v4/developer/toolchains/gnu_arm/4.9_2015q3/bin/../lib/gcc/arm-none-eabi/4.9.3/../../../../arm-none-eabi/lib/armv7e-m/fpu\libc.a(lib_a-mallocr.o)
                0x20003a58                __malloc_top_pad
 .bss.__malloc_current_mallinfo
                0x20003a5c       0x28 c:/siliconlabs/simplicitystudio/v4/developer/toolchains/gnu_arm/4.9_2015q3/bin/../lib/gcc/arm-none-eabi/4.9.3/../../../../arm-none-eabi/lib/armv7e-m/fpu\libc.a(lib_a-mallocr.o)
                0x20003a5c                __malloc_current_mallinfo
 .bss.heap_end.4079
                0x20003a84        0x4 c:/siliconlabs/simplicitystudio/v4/developer/toolchains/gnu_arm/4.9_2015q3/bin/../lib/gcc/arm-none-eabi/4.9.3/../../../../arm-none-eabi/lib/armv7e-m/fpu\libnosys.a(sbrk.o)
 *(COMMON)
 COMMON         0x20003a88     0x18d0 ./main.o
                0x20003a88                bluetooth_stack_heap
 COMMON         0x20005358        0x4 C:/SiliconLabs/SimplicityStudio/v4/developer/sdks/gecko_sdk_suite/v1.1//protocol/bluetooth_2.4/lib/EFR32BG1B/GCC/bgapi.a(bgapi_test_lib.c.obj)
                0x20005358                msg_sender
 COMMON         0x2000535c        0x4 c:/siliconlabs/simplicitystudio/v4/developer/toolchains/gnu_arm/4.9_2015q3/bin/../lib/gcc/arm-none-eabi/4.9.3/../../../../arm-none-eabi/lib/armv7e-m/fpu\libc.a(lib_a-reent.o)
                0x2000535c                errno
                0x20005360                . = ALIGN (0x4)
                0x20005360                __bss_end__ = .

.heap           0x20005360      0xc00
                0x20005360                __HeapBase = .
                0x20005360                __end__ = .
                0x20005360                end = __end__
                0x20005360                _end = __end__
 *(.heap*)
 .heap          0x20005360      0xc00 ./device/EFR32_B_1_1_B/gcc/startup_efr32bg1b.o
                0x20005f60                __HeapLimit = .

.stack_dummy    0x20005f60      0x400
 *(.stack*)
 .stack         0x20005f60      0x400 ./device/EFR32_B_1_1_B/gcc/startup_efr32bg1b.o
                0x20007bfc                __StackTop = (ORIGIN (RAM) + 0x4bfc)
                0x200077fc                __StackLimit = (__StackTop - SIZEOF (.stack_dummy))
                0x20007bfc                PROVIDE (__stack, __StackTop)
                0x00000001                ASSERT ((__StackLimit >= __HeapLimit), region RAM overflowed with stack)
OUTPUT(Blue_Hunt.axf elf32-littlearm)

.ARM.attributes
                0x00000000       0x30
 .ARM.attributes
                0x00000000       0x22 c:/siliconlabs/simplicitystudio/v4/developer/toolchains/gnu_arm/4.9_2015q3/bin/../lib/gcc/arm-none-eabi/4.9.3/armv7e-m/fpu/crti.o
 .ARM.attributes
                0x00000022       0x34 c:/siliconlabs/simplicitystudio/v4/developer/toolchains/gnu_arm/4.9_2015q3/bin/../lib/gcc/arm-none-eabi/4.9.3/armv7e-m/fpu/crtbegin.o
 .ARM.attributes
                0x00000056       0x20 c:/siliconlabs/simplicitystudio/v4/developer/toolchains/gnu_arm/4.9_2015q3/bin/../lib/gcc/arm-none-eabi/4.9.3/../../../../arm-none-eabi/lib/armv7e-m/fpu/crt0.o
 .ARM.attributes
                0x00000076       0x39 ./application_properties.o
 .ARM.attributes
                0x000000af       0x39 ./gatt_db.o
 .ARM.attributes
                0x000000e8       0x39 ./gsm.o
 .ARM.attributes
                0x00000121       0x39 ./main.o
 .ARM.attributes
                0x0000015a       0x39 ./bgapi/dmadrv.o
 .ARM.attributes
                0x00000193       0x39 ./device/EFR32_B_1_1_B/gcc/startup_efr32bg1b.o
 .ARM.attributes
                0x000001cc       0x39 ./emlib/em_cmu.o
 .ARM.attributes
                0x00000205       0x39 ./emlib/em_gpio.o
 .ARM.attributes
                0x0000023e       0x39 ./emlib/em_rtcc.o
 .ARM.attributes
                0x00000277       0x39 ./emlib/em_system.o
 .ARM.attributes
                0x000002b0       0x39 ./emlib/em_usart.o
 .ARM.attributes
                0x000002e9       0x39 ./src/InitDevice.o
 .ARM.attributes
                0x00000322       0x39 ./src/btModule.o
 .ARM.attributes
                0x0000035b       0x39 ./src/clockSetup.o
 .ARM.attributes
                0x00000394       0x39 ./src/gpio.o
 .ARM.attributes
                0x000003cd       0x39 ./src/gps.o
 .ARM.attributes
                0x00000406       0x39 ./src/timer.o
 .ARM.attributes
                0x0000043f       0x1c C:/SiliconLabs/SimplicityStudio/v4/developer/sdks/gecko_sdk_suite/v1.1//protocol/bluetooth_2.4/lib/EFR32BG1B/EABI/binstack.o
 .ARM.attributes
                0x0000045b       0x1c C:/SiliconLabs/SimplicityStudio/v4/developer/sdks/gecko_sdk_suite/v1.1//protocol/bluetooth_2.4/lib/EFR32BG1B/EABI/binbootloader.o
 .ARM.attributes
                0x00000477       0x39 C:/SiliconLabs/SimplicityStudio/v4/developer/sdks/gecko_sdk_suite/v1.1//protocol/bluetooth_2.4/lib/EFR32BG1B/GCC/bgapi.a(gecko_bgapi_hardware.c.obj)
 .ARM.attributes
                0x000004b0       0x39 C:/SiliconLabs/SimplicityStudio/v4/developer/sdks/gecko_sdk_suite/v1.1//protocol/bluetooth_2.4/lib/EFR32BG1B/GCC/bgapi.a(gecko_bgapi_test.c.obj)
 .ARM.attributes
                0x000004e9       0x39 C:/SiliconLabs/SimplicityStudio/v4/developer/sdks/gecko_sdk_suite/v1.1//protocol/bluetooth_2.4/lib/EFR32BG1B/GCC/bgapi.a(gecko_bgapi_dfu.c.obj)
 .ARM.attributes
                0x00000522       0x39 C:/SiliconLabs/SimplicityStudio/v4/developer/sdks/gecko_sdk_suite/v1.1//protocol/bluetooth_2.4/lib/EFR32BG1B/GCC/bgapi.a(gecko_bgapi_gap.c.obj)
 .ARM.attributes
                0x0000055b       0x39 C:/SiliconLabs/SimplicityStudio/v4/developer/sdks/gecko_sdk_suite/v1.1//protocol/bluetooth_2.4/lib/EFR32BG1B/GCC/bgapi.a(gecko_bgapi_gatt.c.obj)
 .ARM.attributes
                0x00000594       0x39 C:/SiliconLabs/SimplicityStudio/v4/developer/sdks/gecko_sdk_suite/v1.1//protocol/bluetooth_2.4/lib/EFR32BG1B/GCC/bgapi.a(gecko_bgapi_gatt_server.c.obj)
 .ARM.attributes
                0x000005cd       0x39 C:/SiliconLabs/SimplicityStudio/v4/developer/sdks/gecko_sdk_suite/v1.1//protocol/bluetooth_2.4/lib/EFR32BG1B/GCC/bgapi.a(gecko_bgapi_flash.c.obj)
 .ARM.attributes
                0x00000606       0x39 C:/SiliconLabs/SimplicityStudio/v4/developer/sdks/gecko_sdk_suite/v1.1//protocol/bluetooth_2.4/lib/EFR32BG1B/GCC/bgapi.a(gecko_bgapi_sm.c.obj)
 .ARM.attributes
                0x0000063f       0x39 C:/SiliconLabs/SimplicityStudio/v4/developer/sdks/gecko_sdk_suite/v1.1//protocol/bluetooth_2.4/lib/EFR32BG1B/GCC/bgapi.a(gecko_bgapi_system.c.obj)
 .ARM.attributes
                0x00000678       0x39 C:/SiliconLabs/SimplicityStudio/v4/developer/sdks/gecko_sdk_suite/v1.1//protocol/bluetooth_2.4/lib/EFR32BG1B/GCC/bgapi.a(gecko_bgapi_endpoint.c.obj)
 .ARM.attributes
                0x000006b1       0x39 C:/SiliconLabs/SimplicityStudio/v4/developer/sdks/gecko_sdk_suite/v1.1//protocol/bluetooth_2.4/lib/EFR32BG1B/GCC/bgapi.a(gecko_bgapi_le_connection.c.obj)
 .ARM.attributes
                0x000006ea       0x39 C:/SiliconLabs/SimplicityStudio/v4/developer/sdks/gecko_sdk_suite/v1.1//protocol/bluetooth_2.4/lib/EFR32BG1B/GCC/bgapi.a(bgapi_hardware.c.obj)
 .ARM.attributes
                0x00000723       0x39 C:/SiliconLabs/SimplicityStudio/v4/developer/sdks/gecko_sdk_suite/v1.1//protocol/bluetooth_2.4/lib/EFR32BG1B/GCC/bgapi.a(bgapi_test_lib.c.obj)
 .ARM.attributes
                0x0000075c       0x39 C:/SiliconLabs/SimplicityStudio/v4/developer/sdks/gecko_sdk_suite/v1.1//protocol/bluetooth_2.4/lib/EFR32BG1B/GCC/bgapi.a(bgapi_dfu.c.obj)
 .ARM.attributes
                0x00000795       0x39 C:/SiliconLabs/SimplicityStudio/v4/developer/sdks/gecko_sdk_suite/v1.1//protocol/bluetooth_2.4/lib/EFR32BG1B/GCC/bgapi.a(bgapi_gap.c.obj)
 .ARM.attributes
                0x000007ce       0x39 C:/SiliconLabs/SimplicityStudio/v4/developer/sdks/gecko_sdk_suite/v1.1//protocol/bluetooth_2.4/lib/EFR32BG1B/GCC/bgapi.a(bgapi_gatt_lib.c.obj)
 .ARM.attributes
                0x00000807       0x39 C:/SiliconLabs/SimplicityStudio/v4/developer/sdks/gecko_sdk_suite/v1.1//protocol/bluetooth_2.4/lib/EFR32BG1B/GCC/bgapi.a(bgapi_ps.c.obj)
 .ARM.attributes
                0x00000840       0x39 C:/SiliconLabs/SimplicityStudio/v4/developer/sdks/gecko_sdk_suite/v1.1//protocol/bluetooth_2.4/lib/EFR32BG1B/GCC/bgapi.a(bgapi_sm.c.obj)
 .ARM.attributes
                0x00000879       0x39 C:/SiliconLabs/SimplicityStudio/v4/developer/sdks/gecko_sdk_suite/v1.1//protocol/bluetooth_2.4/lib/EFR32BG1B/GCC/bgapi.a(bgapi_system.c.obj)
 .ARM.attributes
                0x000008b2       0x39 C:/SiliconLabs/SimplicityStudio/v4/developer/sdks/gecko_sdk_suite/v1.1//protocol/bluetooth_2.4/lib/EFR32BG1B/GCC/bgapi.a(bgapi_endpoint.c.obj)
 .ARM.attributes
                0x000008eb       0x39 C:/SiliconLabs/SimplicityStudio/v4/developer/sdks/gecko_sdk_suite/v1.1//protocol/bluetooth_2.4/lib/EFR32BG1B/GCC/bgapi.a(bgapi_le_connection.c.obj)
 .ARM.attributes
                0x00000924       0x39 C:/SiliconLabs/SimplicityStudio/v4/developer/sdks/gecko_sdk_suite/v1.1//protocol/bluetooth_2.4/lib/EFR32BG1B/GCC/bgapi.a(gatt_client.c.obj)
 .ARM.attributes
                0x0000095d       0x39 C:/SiliconLabs/SimplicityStudio/v4/developer/sdks/gecko_sdk_suite/v1.1//protocol/bluetooth_2.4/lib/EFR32BG1B/GCC/bgapi.a(ubt_gatt_client.c.obj)
 .ARM.attributes
                0x00000996       0x39 C:/SiliconLabs/SimplicityStudio/v4/developer/sdks/gecko_sdk_suite/v1.1//protocol/bluetooth_2.4/lib/EFR32BG1B/GCC/bgapi.a(att_client.c.obj)
 .ARM.attributes
                0x000009cf       0x34 c:/siliconlabs/simplicitystudio/v4/developer/toolchains/gnu_arm/4.9_2015q3/bin/../lib/gcc/arm-none-eabi/4.9.3/../../../../arm-none-eabi/lib/armv7e-m/fpu\libc.a(lib_a-exit.o)
 .ARM.attributes
                0x00000a03       0x34 c:/siliconlabs/simplicitystudio/v4/developer/toolchains/gnu_arm/4.9_2015q3/bin/../lib/gcc/arm-none-eabi/4.9.3/../../../../arm-none-eabi/lib/armv7e-m/fpu\libc.a(lib_a-impure.o)
 .ARM.attributes
                0x00000a37       0x34 c:/siliconlabs/simplicitystudio/v4/developer/toolchains/gnu_arm/4.9_2015q3/bin/../lib/gcc/arm-none-eabi/4.9.3/../../../../arm-none-eabi/lib/armv7e-m/fpu\libc.a(lib_a-init.o)
 .ARM.attributes
                0x00000a6b       0x34 c:/siliconlabs/simplicitystudio/v4/developer/toolchains/gnu_arm/4.9_2015q3/bin/../lib/gcc/arm-none-eabi/4.9.3/../../../../arm-none-eabi/lib/armv7e-m/fpu\libc.a(lib_a-malloc.o)
 .ARM.attributes
                0x00000a9f       0x34 c:/siliconlabs/simplicitystudio/v4/developer/toolchains/gnu_arm/4.9_2015q3/bin/../lib/gcc/arm-none-eabi/4.9.3/../../../../arm-none-eabi/lib/armv7e-m/fpu\libc.a(lib_a-mallocr.o)
 .ARM.attributes
                0x00000ad3       0x34 c:/siliconlabs/simplicitystudio/v4/developer/toolchains/gnu_arm/4.9_2015q3/bin/../lib/gcc/arm-none-eabi/4.9.3/../../../../arm-none-eabi/lib/armv7e-m/fpu\libc.a(lib_a-memcmp.o)
 .ARM.attributes
                0x00000b07       0x20 c:/siliconlabs/simplicitystudio/v4/developer/toolchains/gnu_arm/4.9_2015q3/bin/../lib/gcc/arm-none-eabi/4.9.3/../../../../arm-none-eabi/lib/armv7e-m/fpu\libc.a(lib_a-memcpy.o)
 .ARM.attributes
                0x00000b27       0x34 c:/siliconlabs/simplicitystudio/v4/developer/toolchains/gnu_arm/4.9_2015q3/bin/../lib/gcc/arm-none-eabi/4.9.3/../../../../arm-none-eabi/lib/armv7e-m/fpu\libc.a(lib_a-memset.o)
 .ARM.attributes
                0x00000b5b       0x34 c:/siliconlabs/simplicitystudio/v4/developer/toolchains/gnu_arm/4.9_2015q3/bin/../lib/gcc/arm-none-eabi/4.9.3/../../../../arm-none-eabi/lib/armv7e-m/fpu\libc.a(lib_a-mlock.o)
 .ARM.attributes
                0x00000b8f       0x34 c:/siliconlabs/simplicitystudio/v4/developer/toolchains/gnu_arm/4.9_2015q3/bin/../lib/gcc/arm-none-eabi/4.9.3/../../../../arm-none-eabi/lib/armv7e-m/fpu\libc.a(lib_a-sbrkr.o)
 .ARM.attributes
                0x00000bc3       0x20 c:/siliconlabs/simplicitystudio/v4/developer/toolchains/gnu_arm/4.9_2015q3/bin/../lib/gcc/arm-none-eabi/4.9.3/../../../../arm-none-eabi/lib/armv7e-m/fpu\libc.a(lib_a-strcmp.o)
 .ARM.attributes
                0x00000be3       0x34 c:/siliconlabs/simplicitystudio/v4/developer/toolchains/gnu_arm/4.9_2015q3/bin/../lib/gcc/arm-none-eabi/4.9.3/../../../../arm-none-eabi/lib/armv7e-m/fpu\libc.a(lib_a-__call_atexit.o)
 .ARM.attributes
                0x00000c17       0x34 c:/siliconlabs/simplicitystudio/v4/developer/toolchains/gnu_arm/4.9_2015q3/bin/../lib/gcc/arm-none-eabi/4.9.3/../../../../arm-none-eabi/lib/armv7e-m/fpu\libc.a(lib_a-atexit.o)
 .ARM.attributes
                0x00000c4b       0x34 c:/siliconlabs/simplicitystudio/v4/developer/toolchains/gnu_arm/4.9_2015q3/bin/../lib/gcc/arm-none-eabi/4.9.3/../../../../arm-none-eabi/lib/armv7e-m/fpu\libc.a(lib_a-fini.o)
 .ARM.attributes
                0x00000c7f       0x34 c:/siliconlabs/simplicitystudio/v4/developer/toolchains/gnu_arm/4.9_2015q3/bin/../lib/gcc/arm-none-eabi/4.9.3/../../../../arm-none-eabi/lib/armv7e-m/fpu\libc.a(lib_a-freer.o)
 .ARM.attributes
                0x00000cb3       0x34 c:/siliconlabs/simplicitystudio/v4/developer/toolchains/gnu_arm/4.9_2015q3/bin/../lib/gcc/arm-none-eabi/4.9.3/../../../../arm-none-eabi/lib/armv7e-m/fpu\libc.a(lib_a-reent.o)
 .ARM.attributes
                0x00000ce7       0x34 c:/siliconlabs/simplicitystudio/v4/developer/toolchains/gnu_arm/4.9_2015q3/bin/../lib/gcc/arm-none-eabi/4.9.3/../../../../arm-none-eabi/lib/armv7e-m/fpu\libc.a(lib_a-__atexit.o)
 .ARM.attributes
                0x00000d1b       0x34 c:/siliconlabs/simplicitystudio/v4/developer/toolchains/gnu_arm/4.9_2015q3/bin/../lib/gcc/arm-none-eabi/4.9.3/../../../../arm-none-eabi/lib/armv7e-m/fpu\libnosys.a(sbrk.o)
 .ARM.attributes
                0x00000d4f       0x34 c:/siliconlabs/simplicitystudio/v4/developer/toolchains/gnu_arm/4.9_2015q3/bin/../lib/gcc/arm-none-eabi/4.9.3/../../../../arm-none-eabi/lib/armv7e-m/fpu\libnosys.a(_exit.o)
 .ARM.attributes
                0x00000d83       0x34 c:/siliconlabs/simplicitystudio/v4/developer/toolchains/gnu_arm/4.9_2015q3/bin/../lib/gcc/arm-none-eabi/4.9.3/armv7e-m/fpu/crtend.o
 .ARM.attributes
                0x00000db7       0x22 c:/siliconlabs/simplicitystudio/v4/developer/toolchains/gnu_arm/4.9_2015q3/bin/../lib/gcc/arm-none-eabi/4.9.3/armv7e-m/fpu/crtn.o

.comment        0x00000000       0xde
 .comment       0x00000000       0x70 ./application_properties.o
                                 0x71 (size before relaxing)
 .comment       0x00000000       0x71 ./gatt_db.o
 .comment       0x00000000       0x71 ./gsm.o
 .comment       0x00000000       0x71 ./main.o
 .comment       0x00000000       0x71 ./bgapi/dmadrv.o
 .comment       0x00000000       0x71 ./device/EFR32_B_1_1_B/gcc/startup_efr32bg1b.o
 .comment       0x00000000       0x71 ./emlib/em_cmu.o
 .comment       0x00000000       0x71 ./emlib/em_gpio.o
 .comment       0x00000000       0x71 ./emlib/em_rtcc.o
 .comment       0x00000000       0x71 ./emlib/em_system.o
 .comment       0x00000000       0x71 ./emlib/em_usart.o
 .comment       0x00000000       0x71 ./src/InitDevice.o
 .comment       0x00000000       0x71 ./src/btModule.o
 .comment       0x00000000       0x71 ./src/clockSetup.o
 .comment       0x00000000       0x71 ./src/gpio.o
 .comment       0x00000000       0x71 ./src/gps.o
 .comment       0x00000000       0x71 ./src/timer.o
 .comment       0x00000070       0x6e C:/SiliconLabs/SimplicityStudio/v4/developer/sdks/gecko_sdk_suite/v1.1//protocol/bluetooth_2.4/lib/EFR32BG1B/GCC/bgapi.a(gecko_bgapi_hardware.c.obj)
                                 0x6f (size before relaxing)
 .comment       0x00000000       0x6f C:/SiliconLabs/SimplicityStudio/v4/developer/sdks/gecko_sdk_suite/v1.1//protocol/bluetooth_2.4/lib/EFR32BG1B/GCC/bgapi.a(gecko_bgapi_test.c.obj)
 .comment       0x00000000       0x6f C:/SiliconLabs/SimplicityStudio/v4/developer/sdks/gecko_sdk_suite/v1.1//protocol/bluetooth_2.4/lib/EFR32BG1B/GCC/bgapi.a(gecko_bgapi_dfu.c.obj)
 .comment       0x00000000       0x6f C:/SiliconLabs/SimplicityStudio/v4/developer/sdks/gecko_sdk_suite/v1.1//protocol/bluetooth_2.4/lib/EFR32BG1B/GCC/bgapi.a(gecko_bgapi_gap.c.obj)
 .comment       0x00000000       0x6f C:/SiliconLabs/SimplicityStudio/v4/developer/sdks/gecko_sdk_suite/v1.1//protocol/bluetooth_2.4/lib/EFR32BG1B/GCC/bgapi.a(gecko_bgapi_gatt.c.obj)
 .comment       0x00000000       0x6f C:/SiliconLabs/SimplicityStudio/v4/developer/sdks/gecko_sdk_suite/v1.1//protocol/bluetooth_2.4/lib/EFR32BG1B/GCC/bgapi.a(gecko_bgapi_gatt_server.c.obj)
 .comment       0x00000000       0x6f C:/SiliconLabs/SimplicityStudio/v4/developer/sdks/gecko_sdk_suite/v1.1//protocol/bluetooth_2.4/lib/EFR32BG1B/GCC/bgapi.a(gecko_bgapi_flash.c.obj)
 .comment       0x00000000       0x6f C:/SiliconLabs/SimplicityStudio/v4/developer/sdks/gecko_sdk_suite/v1.1//protocol/bluetooth_2.4/lib/EFR32BG1B/GCC/bgapi.a(gecko_bgapi_sm.c.obj)
 .comment       0x00000000       0x6f C:/SiliconLabs/SimplicityStudio/v4/developer/sdks/gecko_sdk_suite/v1.1//protocol/bluetooth_2.4/lib/EFR32BG1B/GCC/bgapi.a(gecko_bgapi_system.c.obj)
 .comment       0x00000000       0x6f C:/SiliconLabs/SimplicityStudio/v4/developer/sdks/gecko_sdk_suite/v1.1//protocol/bluetooth_2.4/lib/EFR32BG1B/GCC/bgapi.a(gecko_bgapi_endpoint.c.obj)
 .comment       0x00000000       0x6f C:/SiliconLabs/SimplicityStudio/v4/developer/sdks/gecko_sdk_suite/v1.1//protocol/bluetooth_2.4/lib/EFR32BG1B/GCC/bgapi.a(gecko_bgapi_le_connection.c.obj)
 .comment       0x00000000       0x6f C:/SiliconLabs/SimplicityStudio/v4/developer/sdks/gecko_sdk_suite/v1.1//protocol/bluetooth_2.4/lib/EFR32BG1B/GCC/bgapi.a(bgapi_hardware.c.obj)
 .comment       0x00000000       0x6f C:/SiliconLabs/SimplicityStudio/v4/developer/sdks/gecko_sdk_suite/v1.1//protocol/bluetooth_2.4/lib/EFR32BG1B/GCC/bgapi.a(bgapi_test_lib.c.obj)
 .comment       0x00000000       0x6f C:/SiliconLabs/SimplicityStudio/v4/developer/sdks/gecko_sdk_suite/v1.1//protocol/bluetooth_2.4/lib/EFR32BG1B/GCC/bgapi.a(bgapi_dfu.c.obj)
 .comment       0x00000000       0x6f C:/SiliconLabs/SimplicityStudio/v4/developer/sdks/gecko_sdk_suite/v1.1//protocol/bluetooth_2.4/lib/EFR32BG1B/GCC/bgapi.a(bgapi_gap.c.obj)
 .comment       0x00000000       0x6f C:/SiliconLabs/SimplicityStudio/v4/developer/sdks/gecko_sdk_suite/v1.1//protocol/bluetooth_2.4/lib/EFR32BG1B/GCC/bgapi.a(bgapi_gatt_lib.c.obj)
 .comment       0x00000000       0x6f C:/SiliconLabs/SimplicityStudio/v4/developer/sdks/gecko_sdk_suite/v1.1//protocol/bluetooth_2.4/lib/EFR32BG1B/GCC/bgapi.a(bgapi_ps.c.obj)
 .comment       0x00000000       0x6f C:/SiliconLabs/SimplicityStudio/v4/developer/sdks/gecko_sdk_suite/v1.1//protocol/bluetooth_2.4/lib/EFR32BG1B/GCC/bgapi.a(bgapi_sm.c.obj)
 .comment       0x00000000       0x6f C:/SiliconLabs/SimplicityStudio/v4/developer/sdks/gecko_sdk_suite/v1.1//protocol/bluetooth_2.4/lib/EFR32BG1B/GCC/bgapi.a(bgapi_system.c.obj)
 .comment       0x00000000       0x6f C:/SiliconLabs/SimplicityStudio/v4/developer/sdks/gecko_sdk_suite/v1.1//protocol/bluetooth_2.4/lib/EFR32BG1B/GCC/bgapi.a(bgapi_endpoint.c.obj)
 .comment       0x00000000       0x6f C:/SiliconLabs/SimplicityStudio/v4/developer/sdks/gecko_sdk_suite/v1.1//protocol/bluetooth_2.4/lib/EFR32BG1B/GCC/bgapi.a(bgapi_le_connection.c.obj)
 .comment       0x00000000       0x6f C:/SiliconLabs/SimplicityStudio/v4/developer/sdks/gecko_sdk_suite/v1.1//protocol/bluetooth_2.4/lib/EFR32BG1B/GCC/bgapi.a(gatt_client.c.obj)
 .comment       0x00000000       0x6f C:/SiliconLabs/SimplicityStudio/v4/developer/sdks/gecko_sdk_suite/v1.1//protocol/bluetooth_2.4/lib/EFR32BG1B/GCC/bgapi.a(ubt_gatt_client.c.obj)
 .comment       0x00000000       0x6f C:/SiliconLabs/SimplicityStudio/v4/developer/sdks/gecko_sdk_suite/v1.1//protocol/bluetooth_2.4/lib/EFR32BG1B/GCC/bgapi.a(att_client.c.obj)

.debug_info     0x00000000    0x14acc
 .debug_info    0x00000000      0x168 ./application_properties.o
 .debug_info    0x00000168      0x58e ./gatt_db.o
 .debug_info    0x000006f6      0x78e ./gsm.o
 .debug_info    0x00000e84     0x474b ./main.o
 .debug_info    0x000055cf     0x13f4 ./bgapi/dmadrv.o
 .debug_info    0x000069c3      0x1b4 ./device/EFR32_B_1_1_B/gcc/startup_efr32bg1b.o
 .debug_info    0x00006b77     0x1b9c ./emlib/em_cmu.o
 .debug_info    0x00008713      0xa05 ./emlib/em_gpio.o
 .debug_info    0x00009118      0x6b8 ./emlib/em_rtcc.o
 .debug_info    0x000097d0      0x276 ./emlib/em_system.o
 .debug_info    0x00009a46      0xf55 ./emlib/em_usart.o
 .debug_info    0x0000a99b     0x185d ./src/InitDevice.o
 .debug_info    0x0000c1f8     0x39dd ./src/btModule.o
 .debug_info    0x0000fbd5      0x23f ./src/clockSetup.o
 .debug_info    0x0000fe14      0x529 ./src/gpio.o
 .debug_info    0x0001033d     0x419d ./src/gps.o
 .debug_info    0x000144da      0x5f2 ./src/timer.o

.debug_abbrev   0x00000000     0x1aad
 .debug_abbrev  0x00000000       0x97 ./application_properties.o
 .debug_abbrev  0x00000097       0xbd ./gatt_db.o
 .debug_abbrev  0x00000154      0x158 ./gsm.o
 .debug_abbrev  0x000002ac      0x267 ./main.o
 .debug_abbrev  0x00000513      0x25f ./bgapi/dmadrv.o
 .debug_abbrev  0x00000772       0xdb ./device/EFR32_B_1_1_B/gcc/startup_efr32bg1b.o
 .debug_abbrev  0x0000084d      0x2de ./emlib/em_cmu.o
 .debug_abbrev  0x00000b2b      0x1da ./emlib/em_gpio.o
 .debug_abbrev  0x00000d05      0x177 ./emlib/em_rtcc.o
 .debug_abbrev  0x00000e7c      0x109 ./emlib/em_system.o
 .debug_abbrev  0x00000f85      0x1d9 ./emlib/em_usart.o
 .debug_abbrev  0x0000115e      0x1dd ./src/InitDevice.o
 .debug_abbrev  0x0000133b      0x194 ./src/btModule.o
 .debug_abbrev  0x000014cf       0x7f ./src/clockSetup.o
 .debug_abbrev  0x0000154e      0x17b ./src/gpio.o
 .debug_abbrev  0x000016c9      0x263 ./src/gps.o
 .debug_abbrev  0x0000192c      0x181 ./src/timer.o

.debug_aranges  0x00000000      0x748
 .debug_aranges
                0x00000000       0x18 ./application_properties.o
 .debug_aranges
                0x00000018       0x18 ./gatt_db.o
 .debug_aranges
                0x00000030       0x28 ./gsm.o
 .debug_aranges
                0x00000058       0x48 ./main.o
 .debug_aranges
                0x000000a0       0xa0 ./bgapi/dmadrv.o
 .debug_aranges
                0x00000140       0x28 ./device/EFR32_B_1_1_B/gcc/startup_efr32bg1b.o
 .debug_aranges
                0x00000168      0x1a8 ./emlib/em_cmu.o
 .debug_aranges
                0x00000310       0x88 ./emlib/em_gpio.o
 .debug_aranges
                0x00000398       0x50 ./emlib/em_rtcc.o
 .debug_aranges
                0x000003e8       0x28 ./emlib/em_system.o
 .debug_aranges
                0x00000410       0xb8 ./emlib/em_usart.o
 .debug_aranges
                0x000004c8       0xe8 ./src/InitDevice.o
 .debug_aranges
                0x000005b0       0x68 ./src/btModule.o
 .debug_aranges
                0x00000618       0x20 ./src/clockSetup.o
 .debug_aranges
                0x00000638       0x48 ./src/gpio.o
 .debug_aranges
                0x00000680       0x98 ./src/gps.o
 .debug_aranges
                0x00000718       0x30 ./src/timer.o

.debug_line     0x00000000     0x46de
 .debug_line    0x00000000      0x1a6 ./application_properties.o
 .debug_line    0x000001a6      0x1a2 ./gatt_db.o
 .debug_line    0x00000348      0x2bd ./gsm.o
 .debug_line    0x00000605      0x5bd ./main.o
 .debug_line    0x00000bc2      0x5b7 ./bgapi/dmadrv.o
 .debug_line    0x00001179      0x16e ./device/EFR32_B_1_1_B/gcc/startup_efr32bg1b.o
 .debug_line    0x000012e7      0xb24 ./emlib/em_cmu.o
 .debug_line    0x00001e0b      0x4d4 ./emlib/em_gpio.o
 .debug_line    0x000022df      0x38f ./emlib/em_rtcc.o
 .debug_line    0x0000266e      0x2c3 ./emlib/em_system.o
 .debug_line    0x00002931      0x58f ./emlib/em_usart.o
 .debug_line    0x00002ec0      0x5ab ./src/InitDevice.o
 .debug_line    0x0000346b      0x357 ./src/btModule.o
 .debug_line    0x000037c2      0x212 ./src/clockSetup.o
 .debug_line    0x000039d4      0x370 ./src/gpio.o
 .debug_line    0x00003d44      0x6a6 ./src/gps.o
 .debug_line    0x000043ea      0x2f4 ./src/timer.o

.debug_str      0x00000000     0xa91c
 .debug_str     0x00000000      0x263 ./application_properties.o
                                0x2ba (size before relaxing)
 .debug_str     0x00000263      0x564 ./gatt_db.o
                                0x76a (size before relaxing)
 .debug_str     0x000007c7      0x66f ./gsm.o
                                0x89e (size before relaxing)
 .debug_str     0x00000e36     0x5d43 ./main.o
                               0x649b (size before relaxing)
 .debug_str     0x00006b79      0xe39 ./bgapi/dmadrv.o
                               0x10c9 (size before relaxing)
 .debug_str     0x000079b2       0x90 ./device/EFR32_B_1_1_B/gcc/startup_efr32bg1b.o
                                0x2a0 (size before relaxing)
 .debug_str     0x00007a42     0x10c8 ./emlib/em_cmu.o
                               0x13e7 (size before relaxing)
 .debug_str     0x00008b0a      0x505 ./emlib/em_gpio.o
                                0x838 (size before relaxing)
 .debug_str     0x0000900f      0x588 ./emlib/em_rtcc.o
                                0x800 (size before relaxing)
 .debug_str     0x00009597       0xd6 ./emlib/em_system.o
                                0x305 (size before relaxing)
 .debug_str     0x0000966d      0x5a8 ./emlib/em_usart.o
                                0xe06 (size before relaxing)
 .debug_str     0x00009c15      0x683 ./src/InitDevice.o
                               0x1636 (size before relaxing)
 .debug_str     0x0000a298      0x245 ./src/btModule.o
                               0x4b52 (size before relaxing)
 .debug_str     0x0000a4dd       0x1f ./src/clockSetup.o
                                0x4ea (size before relaxing)
 .debug_str     0x0000a4fc       0x23 ./src/gpio.o
                                0x5c3 (size before relaxing)
 .debug_str     0x0000a51f      0x261 ./src/gps.o
                               0x4f0f (size before relaxing)
 .debug_str     0x0000a780      0x19c ./src/timer.o
                                0x639 (size before relaxing)

.debug_loc      0x00000000     0x3854
 .debug_loc     0x00000000       0xac ./gsm.o
 .debug_loc     0x000000ac      0x1c8 ./main.o
 .debug_loc     0x00000274      0x568 ./bgapi/dmadrv.o
 .debug_loc     0x000007dc       0x64 ./device/EFR32_B_1_1_B/gcc/startup_efr32bg1b.o
 .debug_loc     0x00000840     0x1000 ./emlib/em_cmu.o
 .debug_loc     0x00001840      0x4b4 ./emlib/em_gpio.o
 .debug_loc     0x00001cf4      0x23c ./emlib/em_rtcc.o
 .debug_loc     0x00001f30       0xb8 ./emlib/em_system.o
 .debug_loc     0x00001fe8      0x6d2 ./emlib/em_usart.o
 .debug_loc     0x000026ba      0x71a ./src/InitDevice.o
 .debug_loc     0x00002dd4      0x2d8 ./src/btModule.o
 .debug_loc     0x000030ac       0x2c ./src/clockSetup.o
 .debug_loc     0x000030d8      0x1d4 ./src/gpio.o
 .debug_loc     0x000032ac      0x4ac ./src/gps.o
 .debug_loc     0x00003758       0xfc ./src/timer.o

.debug_ranges   0x00000000      0x640
 .debug_ranges  0x00000000       0x18 ./gsm.o
 .debug_ranges  0x00000018       0x50 ./main.o
 .debug_ranges  0x00000068       0x90 ./bgapi/dmadrv.o
 .debug_ranges  0x000000f8       0x18 ./device/EFR32_B_1_1_B/gcc/startup_efr32bg1b.o
 .debug_ranges  0x00000110      0x198 ./emlib/em_cmu.o
 .debug_ranges  0x000002a8       0x78 ./emlib/em_gpio.o
 .debug_ranges  0x00000320       0x40 ./emlib/em_rtcc.o
 .debug_ranges  0x00000360       0x18 ./emlib/em_system.o
 .debug_ranges  0x00000378       0xa8 ./emlib/em_usart.o
 .debug_ranges  0x00000420       0xd8 ./src/InitDevice.o
 .debug_ranges  0x000004f8       0x58 ./src/btModule.o
 .debug_ranges  0x00000550       0x10 ./src/clockSetup.o
 .debug_ranges  0x00000560       0x38 ./src/gpio.o
 .debug_ranges  0x00000598       0x88 ./src/gps.o
 .debug_ranges  0x00000620       0x20 ./src/timer.o

.debug_frame    0x00000000     0x1e30
 .debug_frame   0x00000000       0x60 ./gsm.o
 .debug_frame   0x00000060       0xe4 ./main.o
 .debug_frame   0x00000144      0x280 ./bgapi/dmadrv.o
 .debug_frame   0x000003c4       0x48 ./device/EFR32_B_1_1_B/gcc/startup_efr32bg1b.o
 .debug_frame   0x0000040c      0x74c ./emlib/em_cmu.o
 .debug_frame   0x00000b58      0x224 ./emlib/em_gpio.o
 .debug_frame   0x00000d7c      0x110 ./emlib/em_rtcc.o
 .debug_frame   0x00000e8c       0x60 ./emlib/em_system.o
 .debug_frame   0x00000eec      0x310 ./emlib/em_usart.o
 .debug_frame   0x000011fc      0x370 ./src/InitDevice.o
 .debug_frame   0x0000156c      0x16c ./src/btModule.o
 .debug_frame   0x000016d8       0x2c ./src/clockSetup.o
 .debug_frame   0x00001704       0xe8 ./src/gpio.o
 .debug_frame   0x000017ec      0x23c ./src/gps.o
 .debug_frame   0x00001a28       0x80 ./src/timer.o
 .debug_frame   0x00001aa8       0x28 c:/siliconlabs/simplicitystudio/v4/developer/toolchains/gnu_arm/4.9_2015q3/bin/../lib/gcc/arm-none-eabi/4.9.3/../../../../arm-none-eabi/lib/armv7e-m/fpu\libc.a(lib_a-exit.o)
 .debug_frame   0x00001ad0       0x2c c:/siliconlabs/simplicitystudio/v4/developer/toolchains/gnu_arm/4.9_2015q3/bin/../lib/gcc/arm-none-eabi/4.9.3/../../../../arm-none-eabi/lib/armv7e-m/fpu\libc.a(lib_a-init.o)
 .debug_frame   0x00001afc       0x30 c:/siliconlabs/simplicitystudio/v4/developer/toolchains/gnu_arm/4.9_2015q3/bin/../lib/gcc/arm-none-eabi/4.9.3/../../../../arm-none-eabi/lib/armv7e-m/fpu\libc.a(lib_a-malloc.o)
 .debug_frame   0x00001b2c       0x58 c:/siliconlabs/simplicitystudio/v4/developer/toolchains/gnu_arm/4.9_2015q3/bin/../lib/gcc/arm-none-eabi/4.9.3/../../../../arm-none-eabi/lib/armv7e-m/fpu\libc.a(lib_a-mallocr.o)
 .debug_frame   0x00001b84       0x38 c:/siliconlabs/simplicitystudio/v4/developer/toolchains/gnu_arm/4.9_2015q3/bin/../lib/gcc/arm-none-eabi/4.9.3/../../../../arm-none-eabi/lib/armv7e-m/fpu\libc.a(lib_a-memcmp.o)
 .debug_frame   0x00001bbc       0x34 c:/siliconlabs/simplicitystudio/v4/developer/toolchains/gnu_arm/4.9_2015q3/bin/../lib/gcc/arm-none-eabi/4.9.3/../../../../arm-none-eabi/lib/armv7e-m/fpu\libc.a(lib_a-memset.o)
 .debug_frame   0x00001bf0       0x30 c:/siliconlabs/simplicitystudio/v4/developer/toolchains/gnu_arm/4.9_2015q3/bin/../lib/gcc/arm-none-eabi/4.9.3/../../../../arm-none-eabi/lib/armv7e-m/fpu\libc.a(lib_a-mlock.o)
 .debug_frame   0x00001c20       0x2c c:/siliconlabs/simplicitystudio/v4/developer/toolchains/gnu_arm/4.9_2015q3/bin/../lib/gcc/arm-none-eabi/4.9.3/../../../../arm-none-eabi/lib/armv7e-m/fpu\libc.a(lib_a-sbrkr.o)
 .debug_frame   0x00001c4c       0x50 c:/siliconlabs/simplicitystudio/v4/developer/toolchains/gnu_arm/4.9_2015q3/bin/../lib/gcc/arm-none-eabi/4.9.3/../../../../arm-none-eabi/lib/armv7e-m/fpu\libc.a(lib_a-__call_atexit.o)
 .debug_frame   0x00001c9c       0x20 c:/siliconlabs/simplicitystudio/v4/developer/toolchains/gnu_arm/4.9_2015q3/bin/../lib/gcc/arm-none-eabi/4.9.3/../../../../arm-none-eabi/lib/armv7e-m/fpu\libc.a(lib_a-atexit.o)
 .debug_frame   0x00001cbc       0x34 c:/siliconlabs/simplicitystudio/v4/developer/toolchains/gnu_arm/4.9_2015q3/bin/../lib/gcc/arm-none-eabi/4.9.3/../../../../arm-none-eabi/lib/armv7e-m/fpu\libc.a(lib_a-fini.o)
 .debug_frame   0x00001cf0       0x74 c:/siliconlabs/simplicitystudio/v4/developer/toolchains/gnu_arm/4.9_2015q3/bin/../lib/gcc/arm-none-eabi/4.9.3/../../../../arm-none-eabi/lib/armv7e-m/fpu\libc.a(lib_a-freer.o)
 .debug_frame   0x00001d64       0x58 c:/siliconlabs/simplicitystudio/v4/developer/toolchains/gnu_arm/4.9_2015q3/bin/../lib/gcc/arm-none-eabi/4.9.3/../../../../arm-none-eabi/lib/armv7e-m/fpu\libc.a(lib_a-reent.o)
 .debug_frame   0x00001dbc       0x34 c:/siliconlabs/simplicitystudio/v4/developer/toolchains/gnu_arm/4.9_2015q3/bin/../lib/gcc/arm-none-eabi/4.9.3/../../../../arm-none-eabi/lib/armv7e-m/fpu\libc.a(lib_a-__atexit.o)
 .debug_frame   0x00001df0       0x20 c:/siliconlabs/simplicitystudio/v4/developer/toolchains/gnu_arm/4.9_2015q3/bin/../lib/gcc/arm-none-eabi/4.9.3/../../../../arm-none-eabi/lib/armv7e-m/fpu\libnosys.a(sbrk.o)
 .debug_frame   0x00001e10       0x20 c:/siliconlabs/simplicitystudio/v4/developer/toolchains/gnu_arm/4.9_2015q3/bin/../lib/gcc/arm-none-eabi/4.9.3/../../../../arm-none-eabi/lib/armv7e-m/fpu\libnosys.a(_exit.o)
