Archive member included because of file (symbol)

C:/SiliconLabs/SimplicityStudio/v4/developer/sdks/gecko_sdk_suite/v1.1//protocol/bluetooth_2.4/lib/EFR32BG1B/GCC/bgapi.a(gecko_bgapi_hardware.c.obj)
                              ./main.o (gecko_bgapi_class_hardware_init)
C:/SiliconLabs/SimplicityStudio/v4/developer/sdks/gecko_sdk_suite/v1.1//protocol/bluetooth_2.4/lib/EFR32BG1B/GCC/bgapi.a(gecko_bgapi_test.c.obj)
                              ./main.o (gecko_bgapi_class_test_init)
C:/SiliconLabs/SimplicityStudio/v4/developer/sdks/gecko_sdk_suite/v1.1//protocol/bluetooth_2.4/lib/EFR32BG1B/GCC/bgapi.a(gecko_bgapi_dfu.c.obj)
                              ./main.o (gecko_bgapi_class_dfu_init)
C:/SiliconLabs/SimplicityStudio/v4/developer/sdks/gecko_sdk_suite/v1.1//protocol/bluetooth_2.4/lib/EFR32BG1B/GCC/bgapi.a(gecko_bgapi_gap.c.obj)
                              ./main.o (gecko_bgapi_class_le_gap_init)
C:/SiliconLabs/SimplicityStudio/v4/developer/sdks/gecko_sdk_suite/v1.1//protocol/bluetooth_2.4/lib/EFR32BG1B/GCC/bgapi.a(gecko_bgapi_gatt.c.obj)
                              ./main.o (gecko_bgapi_class_gatt_init)
C:/SiliconLabs/SimplicityStudio/v4/developer/sdks/gecko_sdk_suite/v1.1//protocol/bluetooth_2.4/lib/EFR32BG1B/GCC/bgapi.a(gecko_bgapi_gatt_server.c.obj)
                              ./main.o (gecko_bgapi_class_gatt_server_init)
C:/SiliconLabs/SimplicityStudio/v4/developer/sdks/gecko_sdk_suite/v1.1//protocol/bluetooth_2.4/lib/EFR32BG1B/GCC/bgapi.a(gecko_bgapi_flash.c.obj)
                              ./main.o (gecko_bgapi_class_flash_init)
C:/SiliconLabs/SimplicityStudio/v4/developer/sdks/gecko_sdk_suite/v1.1//protocol/bluetooth_2.4/lib/EFR32BG1B/GCC/bgapi.a(gecko_bgapi_sm.c.obj)
                              ./main.o (gecko_bgapi_class_sm_init)
C:/SiliconLabs/SimplicityStudio/v4/developer/sdks/gecko_sdk_suite/v1.1//protocol/bluetooth_2.4/lib/EFR32BG1B/GCC/bgapi.a(gecko_bgapi_system.c.obj)
                              ./main.o (gecko_bgapi_class_system_init)
C:/SiliconLabs/SimplicityStudio/v4/developer/sdks/gecko_sdk_suite/v1.1//protocol/bluetooth_2.4/lib/EFR32BG1B/GCC/bgapi.a(gecko_bgapi_endpoint.c.obj)
                              ./main.o (gecko_bgapi_class_endpoint_init)
C:/SiliconLabs/SimplicityStudio/v4/developer/sdks/gecko_sdk_suite/v1.1//protocol/bluetooth_2.4/lib/EFR32BG1B/GCC/bgapi.a(gecko_bgapi_le_connection.c.obj)
                              ./main.o (gecko_bgapi_class_le_connection_init)
C:/SiliconLabs/SimplicityStudio/v4/developer/sdks/gecko_sdk_suite/v1.1//protocol/bluetooth_2.4/lib/EFR32BG1B/GCC/bgapi.a(bgapi_hardware.c.obj)
                              C:/SiliconLabs/SimplicityStudio/v4/developer/sdks/gecko_sdk_suite/v1.1//protocol/bluetooth_2.4/lib/EFR32BG1B/GCC/bgapi.a(gecko_bgapi_hardware.c.obj) (lib_hardware_handler_init)
C:/SiliconLabs/SimplicityStudio/v4/developer/sdks/gecko_sdk_suite/v1.1//protocol/bluetooth_2.4/lib/EFR32BG1B/GCC/bgapi.a(bgapi_test_lib.c.obj)
                              C:/SiliconLabs/SimplicityStudio/v4/developer/sdks/gecko_sdk_suite/v1.1//protocol/bluetooth_2.4/lib/EFR32BG1B/GCC/bgapi.a(gecko_bgapi_test.c.obj) (lib_test_handler_init)
C:/SiliconLabs/SimplicityStudio/v4/developer/sdks/gecko_sdk_suite/v1.1//protocol/bluetooth_2.4/lib/EFR32BG1B/GCC/bgapi.a(bgapi_dfu.c.obj)
                              C:/SiliconLabs/SimplicityStudio/v4/developer/sdks/gecko_sdk_suite/v1.1//protocol/bluetooth_2.4/lib/EFR32BG1B/GCC/bgapi.a(gecko_bgapi_dfu.c.obj) (lib_dfu_handler_init)
C:/SiliconLabs/SimplicityStudio/v4/developer/sdks/gecko_sdk_suite/v1.1//protocol/bluetooth_2.4/lib/EFR32BG1B/GCC/bgapi.a(bgapi_gap.c.obj)
                              C:/SiliconLabs/SimplicityStudio/v4/developer/sdks/gecko_sdk_suite/v1.1//protocol/bluetooth_2.4/lib/EFR32BG1B/GCC/bgapi.a(gecko_bgapi_gap.c.obj) (lib_le_gap_handler_init)
C:/SiliconLabs/SimplicityStudio/v4/developer/sdks/gecko_sdk_suite/v1.1//protocol/bluetooth_2.4/lib/EFR32BG1B/GCC/bgapi.a(bgapi_gatt_lib.c.obj)
                              C:/SiliconLabs/SimplicityStudio/v4/developer/sdks/gecko_sdk_suite/v1.1//protocol/bluetooth_2.4/lib/EFR32BG1B/GCC/bgapi.a(gecko_bgapi_gatt.c.obj) (lib_gatt_handler_init)
C:/SiliconLabs/SimplicityStudio/v4/developer/sdks/gecko_sdk_suite/v1.1//protocol/bluetooth_2.4/lib/EFR32BG1B/GCC/bgapi.a(bgapi_ps.c.obj)
                              C:/SiliconLabs/SimplicityStudio/v4/developer/sdks/gecko_sdk_suite/v1.1//protocol/bluetooth_2.4/lib/EFR32BG1B/GCC/bgapi.a(gecko_bgapi_flash.c.obj) (lib_flash_handler_init)
C:/SiliconLabs/SimplicityStudio/v4/developer/sdks/gecko_sdk_suite/v1.1//protocol/bluetooth_2.4/lib/EFR32BG1B/GCC/bgapi.a(bgapi_sm.c.obj)
                              C:/SiliconLabs/SimplicityStudio/v4/developer/sdks/gecko_sdk_suite/v1.1//protocol/bluetooth_2.4/lib/EFR32BG1B/GCC/bgapi.a(gecko_bgapi_sm.c.obj) (lib_sm_handler_init)
C:/SiliconLabs/SimplicityStudio/v4/developer/sdks/gecko_sdk_suite/v1.1//protocol/bluetooth_2.4/lib/EFR32BG1B/GCC/bgapi.a(bgapi_system.c.obj)
[...]
Memory Configuration

Name             Origin             Length             Attributes
FLASH_BOOTLOADER 0x00000000         0x00004000         xr
FLASH            0x00004000         0x0003b000         xr
RAM              0x20003000         0x00004bfc         xrw
*default*        0x00000000         0xffffffff

Linker script and memory map

LOAD c:/siliconlabs/simplicitystudio/v4/developer/toolchains/gnu_arm/4.9_2015q3/bin/../lib/gcc/arm-none-eabi/4.9.3/armv7e-m/fpu/crti.o
LOAD c:/siliconlabs/simplicitystudio/v4/developer/toolchains/gnu_arm/4.9_2015q3/bin/../lib/gcc/arm-none-eabi/4.9.3/armv7e-m/fpu/crtbegin.o
LOAD c:/siliconlabs/simplicitystudio/v4/developer/toolchains/gnu_arm/4.9_2015q3/bin/../lib/gcc/arm-none-eabi/4.9.3/../../../../arm-none-eabi/lib/armv7e-m/fpu/crt0.o
LOAD ./application_properties.o
LOAD ./gatt_db.o
LOAD ./main.o
LOAD ./bgapi/dmadrv.o
LOAD ./bgapi/em_adc.o
LOAD ./bgapi/em_ldma.o
LOAD ./device/EFR32_B_1_1_B/gcc/startup_efr32bg1b.o
LOAD ./emlib/em_cmu.o
LOAD ./emlib/em_cryotimer.o
LOAD ./emlib/em_gpio.o
LOAD ./emlib/em_i2c.o
LOAD ./emlib/em_letimer.o
LOAD ./emlib/em_leuart.o
LOAD ./emlib/em_msc.o
LOAD ./emlib/em_rtcc.o
LOAD ./emlib/em_system.o
LOAD ./emlib/em_usart.o
LOAD ./src/InitDevice.o
LOAD ./src/btModule.o
LOAD ./src/clockSetup.o
LOAD ./src/gpio.o
LOAD ./src/gps.o
LOAD ./src/timer.o
LOAD C:/SiliconLabs/SimplicityStudio/v4/developer/sdks/gecko_sdk_suite/v1.1//protocol/bluetooth_2.4/lib/EFR32BG1B/EABI/stack.a
LOAD C:/SiliconLabs/SimplicityStudio/v4/developer/sdks/gecko_sdk_suite/v1.1//protocol/bluetooth_2.4/lib/EFR32BG1B/EABI/binstack.o
LOAD C:/SiliconLabs/SimplicityStudio/v4/developer/sdks/gecko_sdk_suite/v1.1//protocol/bluetooth_2.4/lib/EFR32BG1B/EABI/binbootloader.o
LOAD C:/SiliconLabs/SimplicityStudio/v4/developer/sdks/gecko_sdk_suite/v1.1//protocol/bluetooth_2.4/lib/EFR32BG1B/GCC/bgapi.a
LOAD c:/siliconlabs/simplicitystudio/v4/developer/toolchains/gnu_arm/4.9_2015q3/bin/../lib/gcc/arm-none-eabi/4.9.3/../../../../arm-none-eabi/lib/armv7e-m/fpu\libm.a
START GROUP
LOAD c:/siliconlabs/simplicitystudio/v4/developer/toolchains/gnu_arm/4.9_2015q3/bin/../lib/gcc/arm-none-eabi/4.9.3/armv7e-m/fpu\libgcc.a
LOAD c:/siliconlabs/simplicitystudio/v4/developer/toolchains/gnu_arm/4.9_2015q3/bin/../lib/gcc/arm-none-eabi/4.9.3/../../../../arm-none-eabi/lib/armv7e-m/fpu\libc.a
LOAD c:/siliconlabs/simplicitystudio/v4/developer/toolchains/gnu_arm/4.9_2015q3/bin/../lib/gcc/arm-none-eabi/4.9.3/../../../../arm-none-eabi/lib/armv7e-m/fpu\libnosys.a
END GROUP
START GROUP
LOAD c:/siliconlabs/simplicitystudio/v4/developer/toolchains/gnu_arm/4.9_2015q3/bin/../lib/gcc/arm-none-eabi/4.9.3/armv7e-m/fpu\libgcc.a
LOAD c:/siliconlabs/simplicitystudio/v4/developer/toolchains/gnu_arm/4.9_2015q3/bin/../lib/gcc/arm-none-eabi/4.9.3/../../../../arm-none-eabi/lib/armv7e-m/fpu\libg.a
LOAD c:/siliconlabs/simplicitystudio/v4/developer/toolchains/gnu_arm/4.9_2015q3/bin/../lib/gcc/arm-none-eabi/4.9.3/../../../../arm-none-eabi/lib/armv7e-m/fpu\libc.a
END GROUP
LOAD c:/siliconlabs/simplicitystudio/v4/developer/toolchains/gnu_arm/4.9_2015q3/bin/../lib/gcc/arm-none-eabi/4.9.3/armv7e-m/fpu/crtend.o
LOAD c:/siliconlabs/simplicitystudio/v4/developer/toolchains/gnu_arm/4.9_2015q3/bin/../lib/gcc/arm-none-eabi/4.9.3/armv7e-m/fpu/crtn.o

.text_bootloader
                0x00000000     0x4000
 *(.binbootloader*)
 .binbootloader
                0x00000000      0x31c C:/SiliconLabs/SimplicityStudio/v4/developer/sdks/gecko_sdk_suite/v1.1//protocol/bluetooth_2.4/lib/EFR32BG1B/EABI/binbootloader.o
                0x00004000                . = ALIGN (0x4000)
 *fill*         0x0000031c     0x3ce4 

.text_stack_bin
                0x00004000    0x1cee3
 *(.binstack*)
 .binstack      0x00004000    0x1cee3 C:/SiliconLabs/SimplicityStudio/v4/developer/sdks/gecko_sdk_suite/v1.1//protocol/bluetooth_2.4/lib/EFR32BG1B/EABI/binstack.o

.text_signature
                0x00020ee3      0x11d
                0x00020f23                . = (. + 0x40)
 *fill*         0x00020ee3       0x40 
                0x00021000                . = ALIGN (0x800)
 *fill*         0x00020f23       0xdd 
                0x00021000                __text_start__ = .

.text_app       0x00021000     0x9f74
 *(.AAT)
 .AAT           0x00021000       0x80 ./main.o
                0x00021000                AppAddressTable
 *(.vectors)
 .vectors       0x00021080       0xc8 ./device/EFR32_B_1_1_B/gcc/startup_efr32bg1b.o
                0x00021080                __Vectors
                0x00021148                __Vectors_End = .
                0x000000c8                __Vectors_Size = (__Vectors_End - __Vectors)
                0x00021148                __end__ = .
 *(.gecko_configuration)
 *(.xo_configuration)
 *(.gatt_header)
 .gatt_header   0x00021148       0x34 ./gatt_db.o
                0x00021148                bg_gattdb_data
 *(.gatt_data)
 .gatt_data     0x0002117c      0x1d5 ./gatt_db.o
                0x0002117c                bg_gattdb_data_uuidtable_16_map
                0x00021198                bg_gattdb_data_uuidtable_128_map
                0x000211b8                bg_gattdb_data_attribute_field_18
                0x000211c0                bg_gattdb_data_attribute_field_17
                0x000211d8                bg_gattdb_data_attribute_field_16
                0x000211ec                bg_gattdb_data_attribute_field_15
                0x000211f4                bg_gattdb_data_attribute_field_14
                0x000211fc                bg_gattdb_data_attribute_field_13
                0x00021208                bg_gattdb_data_attribute_field_12
                0x00021210                bg_gattdb_data_attribute_field_11
                0x00021220                bg_gattdb_data_attribute_field_10
                0x00021228                bg_gattdb_data_attribute_field_9
                0x0002122c                bg_gattdb_data_attribute_field_8
                0x00021230                bg_gattdb_data_attribute_field_7
                0x00021238                bg_gattdb_data_attribute_field_6
                0x00021240                bg_gattdb_data_attribute_field_5
                0x00021248                bg_gattdb_data_attribute_field_4
                0x0002124c                bg_gattdb_data_attribute_field_2
                0x00021254                bg_gattdb_data_attribute_field_1
                0x0002125c                bg_gattdb_data_attribute_field_0
                0x00021260                bg_gattdb_data_attributes_map
                0x00021344                bg_gattdb_data_attributes_dynamic_mapping_map
                0x0002134c                bg_gattdb_data_adv_uuid16_map
                0x00021350                bg_gattdb_data_adv_uuid128_map
 *(.application_properties)
 *fill*         0x00021351        0x3 
 .application_properties
                0x00021354       0x38 ./application_properties.o
                0x00021354                applicationProperties
 *(.text*)
 .text          0x0002138c       0x5c c:/siliconlabs/simplicitystudio/v4/developer/toolchains/gnu_arm/4.9_2015q3/bin/../lib/gcc/arm-none-eabi/4.9.3/armv7e-m/fpu/crtbegin.o
 .text          0x000213e8       0x74 c:/siliconlabs/simplicitystudio/v4/developer/toolchains/gnu_arm/4.9_2015q3/bin/../lib/gcc/arm-none-eabi/4.9.3/../../../../arm-none-eabi/lib/armv7e-m/fpu/crt0.o
                0x000213e8                _start
                0x000213e8                _mainCRTStartup
 .text.gecko_init
                0x0002145c       0x40 ./main.o
 .text.gecko_cmd_system_reset
                0x0002149c       0x40 ./main.o
 .text.gecko_cmd_system_set_tx_power
                0x000214dc       0x48 ./main.o
 .text.gecko_cmd_le_gap_set_mode
                0x00021524       0x58 ./main.o
 .text.gecko_cmd_gatt_server_send_user_write_response
                0x0002157c       0x64 ./main.o
 .text.gecko_cmd_endpoint_close
                0x000215e0       0x48 ./main.o
 .text.main     0x00021628      0x1dc ./main.o
                0x00021628                main
 .text.LDMA_IRQHandler
                0x00021804       0xe0 ./bgapi/dmadrv.o
                0x00021804                LDMA_IRQHandler
 .text.Reset_Handler
                0x000218e4       0x38 ./device/EFR32_B_1_1_B/gcc/startup_efr32bg1b.o
                0x000218e4                Reset_Handler
 .text.Default_Handler
                0x0002191c        0x8 ./device/EFR32_B_1_1_B/gcc/startup_efr32bg1b.o
                0x0002191c                DebugMon_Handler
                0x0002191c                USART0_TX_IRQHandler
                0x0002191c                I2C0_IRQHandler
                0x0002191c                HardFault_Handler
                0x0002191c                SysTick_Handler
                0x0002191c                USART1_RX_IRQHandler
                0x0002191c                PendSV_Handler
                0x0002191c                NMI_Handler
                0x0002191c                SYNTH_IRQHandler
                0x0002191c                WDOG0_IRQHandler
                0x0002191c                USART1_TX_IRQHandler
                0x0002191c                MSC_IRQHandler
                0x0002191c                ADC0_IRQHandler
                0x0002191c                UsageFault_Handler
                0x0002191c                FPUEH_IRQHandler
                0x0002191c                GPIO_EVEN_IRQHandler
                0x0002191c                TIMER0_IRQHandler
                0x0002191c                TIMER1_IRQHandler
                0x0002191c                RFSENSE_IRQHandler
                0x0002191c                BUFC_IRQHandler
                0x0002191c                MODEM_IRQHandler
                0x0002191c                Default_Handler
                0x0002191c                RAC_SEQ_IRQHandler
                0x0002191c                FRC_PRI_IRQHandler
                0x0002191c                FRC_IRQHandler
                0x0002191c                CRYOTIMER_IRQHandler
                0x0002191c                PCNT0_IRQHandler
                0x0002191c                AGC_IRQHandler
                0x0002191c                ACMP0_IRQHandler
                0x0002191c                USART0_RX_IRQHandler
                0x0002191c                MemManage_Handler
                0x0002191c                SVC_Handler
                0x0002191c                RTCC_IRQHandler
                0x0002191c                CRYPTO_IRQHandler
                0x0002191c                CMU_IRQHandler
                0x0002191c                RAC_RSM_IRQHandler
                0x0002191c                GPIO_ODD_IRQHandler
                0x0002191c                PROTIMER_IRQHandler
                0x0002191c                BusFault_Handler
                0x0002191c                IDAC0_IRQHandler
 .text.BUS_RegBitWrite
                0x00021924       0x2c ./emlib/em_cmu.o
 .text.BUS_RegBitRead
                0x00021950       0x2c ./emlib/em_cmu.o
 .text.BUS_RegMaskedSet
                0x0002197c       0x24 ./emlib/em_cmu.o
 .text.BUS_RegMaskedClear
                0x000219a0       0x24 ./emlib/em_cmu.o
 .text.BUS_RegMaskedWrite
                0x000219c4       0x24 ./emlib/em_cmu.o
 .text.CMU_Log2ToDiv
                0x000219e8       0x1c ./emlib/em_cmu.o
 .text.setHfLeConfig
                0x00021a04       0x64 ./emlib/em_cmu.o
 .text.auxClkGet
                0x00021a68       0x20 ./emlib/em_cmu.o
 .text.hfSrcClkGet
                0x00021a88       0x2c ./emlib/em_cmu.o
 .text.dbgClkGet
                0x00021ab4       0x3c ./emlib/em_cmu.o
 .text.adcAsyncClkGet
                0x00021af0       0x80 ./emlib/em_cmu.o
 .text.flashWaitStateControl
                0x00021b70       0x7c ./emlib/em_cmu.o
 .text.flashWaitStateMax
                0x00021bec       0x14 ./emlib/em_cmu.o
 .text.CMU_UpdateWaitStates
                0x00021c00       0x18 ./emlib/em_cmu.o
                0x00021c00                CMU_UpdateWaitStates
 .text.getRegIshUpperVal
                0x00021c18       0x38 ./emlib/em_cmu.o
 .text.getHfxoTuningMode
                0x00021c50       0x1c ./emlib/em_cmu.o
 .text.setHfxoTuningMode
                0x00021c6c       0x28 ./emlib/em_cmu.o
 .text.lfClkGet
                0x00021c94       0xe8 ./emlib/em_cmu.o
 .text.syncReg  0x00021d7c       0x38 ./emlib/em_cmu.o
 .text.CMU_ClockEnable
                0x00021db4       0xcc ./emlib/em_cmu.o
                0x00021db4                CMU_ClockEnable
 .text.CMU_ClockFreqGet
                0x00021e80      0x198 ./emlib/em_cmu.o
                0x00021e80                CMU_ClockFreqGet
 .text.CMU_ClockSelectGet
                0x00022018      0x190 ./emlib/em_cmu.o
                0x00022018                CMU_ClockSelectGet
 .text.CMU_ClockSelectSet
                0x000221a8      0x25c ./emlib/em_cmu.o
                0x000221a8                CMU_ClockSelectSet
 .text.CMU_HFXOAutostartEnable
                0x00022404       0x7c ./emlib/em_cmu.o
                0x00022404                CMU_HFXOAutostartEnable
 .text.CMU_HFXOInit
                0x00022480       0xf4 ./emlib/em_cmu.o
                0x00022480                CMU_HFXOInit
 .text.CMU_LFXOInit
                0x00022574       0x50 ./emlib/em_cmu.o
                0x00022574                CMU_LFXOInit
 .text.CMU_OscillatorEnable
                0x000225c4      0x174 ./emlib/em_cmu.o
                0x000225c4                CMU_OscillatorEnable
 .text.CMU_OscillatorTuningGet
                0x00022738       0x74 ./emlib/em_cmu.o
                0x00022738                CMU_OscillatorTuningGet
 .text.CMU_OscillatorTuningSet
                0x000227ac       0xfc ./emlib/em_cmu.o
                0x000227ac                CMU_OscillatorTuningSet
 .text.CMU_OscillatorTuningWait
                0x000228a8       0x8c ./emlib/em_cmu.o
                0x000228a8                CMU_OscillatorTuningWait
 .text.CMU_OscillatorTuningOptimize
                0x00022934       0x4c ./emlib/em_cmu.o
                0x00022934                CMU_OscillatorTuningOptimize
 .text.BUS_RegMaskedSet
                0x00022980       0x24 ./emlib/em_gpio.o
 .text.BUS_RegMaskedClear
                0x000229a4       0x24 ./emlib/em_gpio.o
 .text.BUS_RegMaskedWrite
                0x000229c8       0x24 ./emlib/em_gpio.o
 .text.GPIO_PinOutClear
                0x000229ec       0x58 ./emlib/em_gpio.o
 .text.GPIO_PinOutSet
                0x00022a44       0x58 ./emlib/em_gpio.o
 .text.GPIO_DriveStrengthSet
                0x00022a9c       0x60 ./emlib/em_gpio.o
                0x00022a9c                GPIO_DriveStrengthSet
 .text.GPIO_PinModeSet
                0x00022afc      0x108 ./emlib/em_gpio.o
                0x00022afc                GPIO_PinModeSet
 .text.LETIMER_CompareSet
                0x00022c04       0x58 ./emlib/em_letimer.o
                0x00022c04                LETIMER_CompareSet
 .text.LETIMER_Enable
                0x00022c5c       0x2c ./emlib/em_letimer.o
                0x00022c5c                LETIMER_Enable
 .text.LETIMER_Init
                0x00022c88       0xcc ./emlib/em_letimer.o
                0x00022c88                LETIMER_Init
 .text.LEUART_Sync
                0x00022d54       0x30 ./emlib/em_leuart.o
 .text.LEUART_BaudrateSet
                0x00022d84       0x6c ./emlib/em_leuart.o
                0x00022d84                LEUART_BaudrateSet
 .text.LEUART_Enable
                0x00022df0       0x3c ./emlib/em_leuart.o
                0x00022df0                LEUART_Enable
 .text.LEUART_FreezeEnable
                0x00022e2c       0x34 ./emlib/em_leuart.o
                0x00022e2c                LEUART_FreezeEnable
 .text.LEUART_Init
                0x00022e60       0x68 ./emlib/em_leuart.o
                0x00022e60                LEUART_Init
 .text.LEUART_Reset
                0x00022ec8       0x5c ./emlib/em_leuart.o
                0x00022ec8                LEUART_Reset
 .text.RTCC_Init
                0x00022f24       0x60 ./emlib/em_rtcc.o
                0x00022f24                RTCC_Init
 .text.SYSTEM_ChipRevisionGet
                0x00022f84       0x74 ./emlib/em_system.o
                0x00022f84                SYSTEM_ChipRevisionGet
 .text.SYSTEM_GetProdRev
                0x00022ff8       0x1c ./src/InitDevice.o
 .text.BUS_RegBitWrite
                0x00023014       0x2c ./src/InitDevice.o
 .text.CHIP_Init
                0x00023040       0xb4 ./src/InitDevice.o
 .text.enter_DefaultMode_from_RESET
                0x000230f4       0x2c ./src/InitDevice.o
                0x000230f4                enter_DefaultMode_from_RESET
 .text.EMU_enter_DefaultMode_from_RESET
                0x00023120       0x94 ./src/InitDevice.o
                0x00023120                EMU_enter_DefaultMode_from_RESET
 .text.LFXO_enter_DefaultMode_from_RESET
                0x000231b4        0xc ./src/InitDevice.o
                0x000231b4                LFXO_enter_DefaultMode_from_RESET
 .text.CMU_enter_DefaultMode_from_RESET
                0x000231c0      0x128 ./src/InitDevice.o
                0x000231c0                CMU_enter_DefaultMode_from_RESET
 .text.RTCC_enter_DefaultMode_from_RESET
                0x000232e8       0x4c ./src/InitDevice.o
                0x000232e8                RTCC_enter_DefaultMode_from_RESET
 .text.GPCRC_enter_DefaultMode_from_RESET
                0x00023334        0xc ./src/InitDevice.o
                0x00023334                GPCRC_enter_DefaultMode_from_RESET
 .text.LDMA_enter_DefaultMode_from_RESET
                0x00023340        0xc ./src/InitDevice.o
                0x00023340                LDMA_enter_DefaultMode_from_RESET
 .text.PRS_enter_DefaultMode_from_RESET
                0x0002334c       0x20 ./src/InitDevice.o
                0x0002334c                PRS_enter_DefaultMode_from_RESET
 .text.PORTIO_enter_DefaultMode_from_RESET
                0x0002336c        0xc ./src/InitDevice.o
                0x0002336c                PORTIO_enter_DefaultMode_from_RESET
 .text.gecko_cmd_le_gap_set_mode
                0x00023378       0x58 ./src/btModule.o
 .text.gecko_cmd_le_gap_set_adv_parameters
                0x000233d0       0x60 ./src/btModule.o
 .text.gecko_cmd_le_connection_set_parameters
                0x00023430       0x84 ./src/btModule.o
 .text.gecko_cmd_sm_set_bondable_mode
                0x000234b4       0x48 ./src/btModule.o
 .text.gecko_cmd_sm_configure
                0x000234fc       0x58 ./src/btModule.o
 .text.gecko_cmd_sm_delete_bondings
                0x00023554       0x38 ./src/btModule.o
 .text.gecko_cmd_sm_set_passkey
                0x0002358c       0x48 ./src/btModule.o
 .text.configureAdvertising
                0x000235d4       0x1c ./src/btModule.o
                0x000235d4                configureAdvertising
 .text.configureConnParam
                0x000235f0       0x34 ./src/btModule.o
                0x000235f0                configureConnParam
 .text.configureSecurity
                0x00023624       0x5c ./src/btModule.o
                0x00023624                configureSecurity
 .text.clockSetup
                0x00023680       0x6c ./src/clockSetup.o
                0x00023680                clockSetup
 .text.BUS_RegMaskedSet
                0x000236ec       0x24 ./src/gpio.o
 .text.BUS_RegMaskedClear
                0x00023710       0x24 ./src/gpio.o
 .text.GPIO_PinOutClear
                0x00023734       0x58 ./src/gpio.o
 .text.GPIO_PinOutSet
                0x0002378c       0x58 ./src/gpio.o
 .text.gpioSetup
                0x000237e4       0xbc ./src/gpio.o
                0x000237e4                gpioSetup
 .text.controlLed
                0x000238a0       0x50 ./src/gpio.o
                0x000238a0                controlLed
 .text.NVIC_EnableIRQ
                0x000238f0       0x2c ./src/gps.o
 .text.BUS_RegMaskedSet
                0x0002391c       0x24 ./src/gps.o
 .text.BUS_RegMaskedClear
                0x00023940       0x24 ./src/gps.o
 .text.GPIO_PinOutClear
                0x00023964       0x58 ./src/gps.o
 .text.GPIO_PinOutSet
                0x000239bc       0x58 ./src/gps.o
 .text.LEUARTSetup
                0x00023a14       0xb0 ./src/gps.o
                0x00023a14                LEUARTSetup
 .text.LEUART0_IRQHandler
                0x00023ac4       0x6c ./src/gps.o
                0x00023ac4                LEUART0_IRQHandler
 .text.decodeLocation
                0x00023b30       0x8c ./src/gps.o
                0x00023b30                decodeLocation
 .text.gpsModuleEnable
                0x00023bbc       0x28 ./src/gps.o
                0x00023bbc                gpsModuleEnable
 .text.readGPSBuffer
                0x00023be4       0xd8 ./src/gps.o
                0x00023be4                readGPSBuffer
 .text.NVIC_EnableIRQ
                0x00023cbc       0x2c ./src/timer.o
 .text.LETIMER_IntEnable
                0x00023ce8       0x20 ./src/timer.o
 .text.letimerSetup
                0x00023d08       0x8c ./src/timer.o
                0x00023d08                letimerSetup
 .text.LETIMER0_IRQHandler
                0x00023d94       0x60 ./src/timer.o
                0x00023d94                LETIMER0_IRQHandler
 .text          0x00023df4       0x18 C:/SiliconLabs/SimplicityStudio/v4/developer/sdks/gecko_sdk_suite/v1.1//protocol/bluetooth_2.4/lib/EFR32BG1B/GCC/bgapi.a(gecko_bgapi_hardware.c.obj)
                0x00023df4                gecko_bgapi_class_hardware_init
 .text          0x00023e0c       0x18 C:/SiliconLabs/SimplicityStudio/v4/developer/sdks/gecko_sdk_suite/v1.1//protocol/bluetooth_2.4/lib/EFR32BG1B/GCC/bgapi.a(gecko_bgapi_test.c.obj)
                0x00023e0c                gecko_bgapi_class_test_init
 .text          0x00023e24       0x18 C:/SiliconLabs/SimplicityStudio/v4/developer/sdks/gecko_sdk_suite/v1.1//protocol/bluetooth_2.4/lib/EFR32BG1B/GCC/bgapi.a(gecko_bgapi_dfu.c.obj)
                0x00023e24                gecko_bgapi_class_dfu_init
 .text          0x00023e3c       0x18 C:/SiliconLabs/SimplicityStudio/v4/developer/sdks/gecko_sdk_suite/v1.1//protocol/bluetooth_2.4/lib/EFR32BG1B/GCC/bgapi.a(gecko_bgapi_gap.c.obj)
                0x00023e3c                gecko_bgapi_class_le_gap_init
 .text          0x00023e54       0x18 C:/SiliconLabs/SimplicityStudio/v4/developer/sdks/gecko_sdk_suite/v1.1//protocol/bluetooth_2.4/lib/EFR32BG1B/GCC/bgapi.a(gecko_bgapi_gatt.c.obj)
                0x00023e54                gecko_bgapi_class_gatt_init
 .text          0x00023e6c       0x18 C:/SiliconLabs/SimplicityStudio/v4/developer/sdks/gecko_sdk_suite/v1.1//protocol/bluetooth_2.4/lib/EFR32BG1B/GCC/bgapi.a(gecko_bgapi_gatt_server.c.obj)
                0x00023e6c                gecko_bgapi_class_gatt_server_init
 .text          0x00023e84       0x18 C:/SiliconLabs/SimplicityStudio/v4/developer/sdks/gecko_sdk_suite/v1.1//protocol/bluetooth_2.4/lib/EFR32BG1B/GCC/bgapi.a(gecko_bgapi_flash.c.obj)
                0x00023e84                gecko_bgapi_class_flash_init
 .text          0x00023e9c       0x18 C:/SiliconLabs/SimplicityStudio/v4/developer/sdks/gecko_sdk_suite/v1.1//protocol/bluetooth_2.4/lib/EFR32BG1B/GCC/bgapi.a(gecko_bgapi_sm.c.obj)
                0x00023e9c                gecko_bgapi_class_sm_init
 .text          0x00023eb4       0x18 C:/SiliconLabs/SimplicityStudio/v4/developer/sdks/gecko_sdk_suite/v1.1//protocol/bluetooth_2.4/lib/EFR32BG1B/GCC/bgapi.a(gecko_bgapi_system.c.obj)
                0x00023eb4                gecko_bgapi_class_system_init
 .text          0x00023ecc       0x18 C:/SiliconLabs/SimplicityStudio/v4/developer/sdks/gecko_sdk_suite/v1.1//protocol/bluetooth_2.4/lib/EFR32BG1B/GCC/bgapi.a(gecko_bgapi_endpoint.c.obj)
                0x00023ecc                gecko_bgapi_class_endpoint_init
 .text          0x00023ee4       0x18 C:/SiliconLabs/SimplicityStudio/v4/developer/sdks/gecko_sdk_suite/v1.1//protocol/bluetooth_2.4/lib/EFR32BG1B/GCC/bgapi.a(gecko_bgapi_le_connection.c.obj)
                0x00023ee4                gecko_bgapi_class_le_connection_init
 .text          0x00023efc      0x1d0 C:/SiliconLabs/SimplicityStudio/v4/developer/sdks/gecko_sdk_suite/v1.1//protocol/bluetooth_2.4/lib/EFR32BG1B/GCC/bgapi.a(bgapi_hardware.c.obj)
                0x00023efc                soft_timer_comparison
                0x00023f90                bgapi_hardware_soft_timer_listener
                0x00023fd0                lib_hardware_handler_init
                0x00023fe4                gecko_cmd_hardware_set_soft_timer
                0x00024024                gecko_cmd_hardware_set_lazy_soft_timer
                0x00024064                gecko_cmd_hardware_get_time
                0x00024098                gecko_cmd_hardware_enable_dcdc
 .text          0x000240cc      0x330 C:/SiliconLabs/SimplicityStudio/v4/developer/sdks/gecko_sdk_suite/v1.1//protocol/bluetooth_2.4/lib/EFR32BG1B/GCC/bgapi.a(bgapi_test_lib.c.obj)
                0x000240cc                bgapi_test_lib_msg_handler
                0x00024124                lib_test_handler_init
                0x00024144                disable_interrupts
                0x00024168                gecko_cmd_test_dtm_tx
                0x000241fc                gecko_cmd_test_dtm_rx
                0x00024248                gecko_cmd_test_dtm_end
                0x000242b0                gecko_cmd_test_debug_command
                0x00024380                gecko_cmd_test_debug_counter
 .text          0x000243fc       0x8c C:/SiliconLabs/SimplicityStudio/v4/developer/sdks/gecko_sdk_suite/v1.1//protocol/bluetooth_2.4/lib/EFR32BG1B/GCC/bgapi.a(bgapi_dfu.c.obj)
                0x000243fc                lib_dfu_handler_init
                0x000243fe                gecko_cmd_dfu_reset
                0x00024404                gecko_cmd_dfu_flash_set_address
                0x00024430                gecko_cmd_dfu_flash_upload
                0x0002445c                gecko_cmd_dfu_flash_upload_finish
 .text          0x00024488      0x34c C:/SiliconLabs/SimplicityStudio/v4/developer/sdks/gecko_sdk_suite/v1.1//protocol/bluetooth_2.4/lib/EFR32BG1B/GCC/bgapi.a(bgapi_gap.c.obj)
                0x00024488                lib_le_gap_handler_init
                0x0002448a                gecko_cmd_le_gap_set_mode
                0x000244d0                gecko_cmd_le_gap_bt5_set_mode
                0x00024514                gecko_cmd_le_gap_set_adv_data
                0x0002455c                gecko_cmd_le_gap_bt5_set_adv_data
                0x00024590                gecko_cmd_le_gap_set_adv_timeout
                0x000245e4                gecko_cmd_le_gap_open
                0x00024648                gecko_cmd_le_gap_discover
                0x00024674                gecko_cmd_le_gap_end_procedure
                0x000246a0                gecko_cmd_le_gap_set_adv_parameters
                0x000246d4                gecko_cmd_le_gap_bt5_set_adv_parameters
                0x00024710                gecko_cmd_le_gap_set_scan_parameters
                0x00024740                gecko_cmd_le_gap_set_conn_parameters
                0x00024778                gecko_cmd_le_gap_set_phy
                0x000247a4                gecko_cmd_le_gap_set_privacy_mode
 .text          0x000247d4      0x6c4 C:/SiliconLabs/SimplicityStudio/v4/developer/sdks/gecko_sdk_suite/v1.1//protocol/bluetooth_2.4/lib/EFR32BG1B/GCC/bgapi.a(bgapi_gatt_lib.c.obj)
                0x000247d4                lib_gatt_handler_init
                0x000247d8                lib_gatt_server_handler_init
                0x000247da                gecko_cmd_gatt_set_max_mtu
                0x00024814                gecko_cmd_gatt_discover_primary_services
                0x00024844                gecko_cmd_gatt_discover_primary_services_by_uuid
                0x00024880                gecko_cmd_gatt_find_included_services
                0x000248b4                gecko_cmd_gatt_discover_characteristics
                0x000248e8                gecko_cmd_gatt_discover_characteristics_by_uuid
                0x00024928                gecko_cmd_gatt_read_characteristic_value
                0x00024960                gecko_cmd_gatt_read_characteristic_value_from_offset
                0x0002499c                gecko_cmd_gatt_read_characteristic_value_by_uuid
                0x000249dc                gecko_cmd_gatt_read_multiple_characteristic_values
                0x00024a10                gecko_cmd_gatt_write_characteristic_value
                0x00024a48                gecko_cmd_gatt_write_characteristic_value_without_response
                0x00024a8c                gecko_cmd_gatt_prepare_characteristic_value_write
                0x00024adc                gecko_cmd_gatt_execute_characteristic_value_write
                0x00024b10                gecko_cmd_gatt_set_characteristic_notification
                0x00024b48                gecko_cmd_gatt_discover_descriptors
                0x00024b7c                gecko_cmd_gatt_read_descriptor_value
                0x00024bb0                gecko_cmd_gatt_write_descriptor_value
                0x00024be8                gecko_cmd_gatt_server_read_attribute_value
                0x00024c30                gecko_cmd_gatt_server_read_attribute_type
                0x00024c74                gecko_cmd_gatt_server_find_attribute
                0x00024cb0                gecko_cmd_gatt_server_write_attribute_value
                0x00024ce4                gecko_cmd_gatt_server_send_user_read_response
                0x00024d34                gecko_cmd_gatt_server_send_user_write_response
                0x00024d6c                gecko_cmd_gatt_server_send_characteristic_notification
                0x00024db8                gecko_cmd_gatt_send_characteristic_confirmation
                0x00024de8                gecko_cmd_gatt_server_set_database
                0x00024e18                gecko_cmd_gatt_server_set_capabilities
                0x00024e48                gecko_cmd_gatt_prepare_characteristic_value_reliable_write
 .text          0x00024e98      0x1d0 C:/SiliconLabs/SimplicityStudio/v4/developer/sdks/gecko_sdk_suite/v1.1//protocol/bluetooth_2.4/lib/EFR32BG1B/GCC/bgapi.a(bgapi_ps.c.obj)
                0x00024e98                bgapi_ps_dump_listener
                0x00024ed8                lib_flash_handler_init
                0x00024eec                gecko_cmd_flash_ps_dump
                0x00024f84                gecko_cmd_flash_ps_erase_all
                0x00024fb4                gecko_cmd_flash_ps_save
                0x00024ff0                gecko_cmd_flash_ps_load
                0x00025034                gecko_cmd_flash_ps_erase
 .text          0x00025068      0x3cc C:/SiliconLabs/SimplicityStudio/v4/developer/sdks/gecko_sdk_suite/v1.1//protocol/bluetooth_2.4/lib/EFR32BG1B/GCC/bgapi.a(bgapi_sm.c.obj)
                0x00025130                lib_sm_handler_init
                0x00025144                gecko_cmd_sm_list_all_bondings
                0x0002517c                gecko_cmd_sm_increase_security
                0x000251ac                gecko_cmd_sm_set_bondable_mode
                0x000251d8                gecko_cmd_sm_delete_bonding
                0x00025208                gecko_cmd_sm_delete_bondings
                0x00025238                gecko_cmd_sm_configure
                0x00025268                gecko_cmd_sm_enter_passkey
                0x0002529c                gecko_cmd_sm_set_passkey
                0x000252c8                gecko_cmd_sm_passkey_confirm
                0x000252fc                gecko_cmd_sm_set_oob_data
                0x0002532c                gecko_cmd_sm_set_sc_remote_oob_data
                0x0002535c                gecko_cmd_sm_use_sc_oob
                0x0002539c                gecko_cmd_sm_store_bonding_configuration
                0x000253d0                gecko_cmd_sm_bonding_confirm
                0x00025404                gecko_cmd_sm_set_debug_mode
 .text          0x00025434      0x1d8 C:/SiliconLabs/SimplicityStudio/v4/developer/sdks/gecko_sdk_suite/v1.1//protocol/bluetooth_2.4/lib/EFR32BG1B/GCC/bgapi.a(bgapi_system.c.obj)
                0x00025434                bgapi_system_listener
                0x00025464                lib_system_handler_init
                0x00025478                gecko_cmd_system_get_bt_address
                0x000254b0                gecko_cmd_system_set_bt_address
                0x000254e4                gecko_cmd_system_set_device_name
                0x00025520                gecko_cmd_system_get_random_data
                0x00025568                gecko_cmd_system_halt
                0x0002559c                gecko_cmd_system_set_tx_power
                0x000255cc                gecko_cmd_system_hello
                0x000255f4                gecko_cmd_system_reset
                0x000255fa                gecko_send_system_awake
 .text          0x0002560c      0x1ac C:/SiliconLabs/SimplicityStudio/v4/developer/sdks/gecko_sdk_suite/v1.1//protocol/bluetooth_2.4/lib/EFR32BG1B/GCC/bgapi.a(bgapi_endpoint.c.obj)
                0x0002560c                lib_endpoint_handler_init
                0x0002560e                gecko_cmd_endpoint_send
                0x000256b8                gecko_cmd_endpoint_set_streaming_destination
                0x00025710                gecko_cmd_endpoint_close
                0x0002576c                gecko_cmd_endpoint_set_flags
                0x0002576e                gecko_cmd_endpoint_clr_flags
                0x00025770                gecko_cmd_endpoint_read_counters
 .text          0x000257b8      0x104 C:/SiliconLabs/SimplicityStudio/v4/developer/sdks/gecko_sdk_suite/v1.1//protocol/bluetooth_2.4/lib/EFR32BG1B/GCC/bgapi.a(bgapi_le_connection.c.obj)
                0x000257b8                lib_le_connection_handler_init
                0x000257ba                gecko_cmd_le_connection_set_parameters
                0x00025808                gecko_cmd_le_connection_get_rssi
                0x00025838                gecko_cmd_le_connection_disable_slave_latency
                0x00025880                gecko_cmd_le_connection_set_phy
 .text          0x000258bc      0xdf0 C:/SiliconLabs/SimplicityStudio/v4/developer/sdks/gecko_sdk_suite/v1.1//protocol/bluetooth_2.4/lib/EFR32BG1B/GCC/bgapi.a(gatt_client.c.obj)
                0x00025b24                gatt_discover_primary_services
                0x00025b62                gatt_discover_primary_services_by_uuid
                0x00025bb8                gatt_find_included_services
                0x00025c08                gatt_find_included_services_handler
                0x00025cb8                gatt_discover_characteristics
                0x00025cda                gatt_discover_characteristics_by_uuid
                0x00025d1c                gatt_discover_descriptors
                0x00025d58                gatt_read_characteristic_value
                0x00025d90                gatt_read_characteristic_value_by_uuid
                0x00025dca                gatt_read_multiple_characteristic_values
                0x00025dee                gatt_write_characteristic_value
                0x00025e14                gatt_write_characteristic_value_without_response
                0x00025e2e                gatt_prepare_characteristic_value_write
                0x00025ea4                gatt_execute_characteristic_value_write
                0x00025ec6                gatt_set_characteristic_notification
                0x00025f06                gatt_read_descriptor_value
                0x00025f2e                gatt_write_descriptor_value
                0x00025f54                gatt_handle_exchange_mtu_rsp
                0x00025f70                gatt_handle_find_information_response
                0x000260c2                gatt_handle_find_by_type_value_response
                0x0002615e                gatt_handle_read_response
                0x000262bc                gatt_handle_read_blob_response
                0x000262f2                gatt_handle_read_multiple_response
                0x0002632e                gatt_handle_read_by_type_response
                0x00026478                gatt_handle_read_by_group_type_response
                0x00026520                gatt_handle_write_response
                0x00026534                gatt_handle_prepare_write_response
                0x00026626                gatt_handle_execute_write_response
                0x0002665e                gatt_client_handle_value_notification
                0x00026670                gatt_client_handle_value_indication
                0x00026684                gatt_send_characteristic_confirmation
                0x000266a2                gatt_client_init
 .text          0x000266ac      0x250 C:/SiliconLabs/SimplicityStudio/v4/developer/sdks/gecko_sdk_suite/v1.1//protocol/bluetooth_2.4/lib/EFR32BG1B/GCC/bgapi.a(ubt_gatt_client.c.obj)
                0x000266ac                ubt_gatt_discover_primary_services
                0x000266c2                ubt_gatt_discover_primary_services_by_uuid
                0x000266ee                ubt_gatt_find_included_services
                0x00026708                ubt_gatt_discover_characteristics
                0x00026722                ubt_gatt_discover_characteristics_by_uuid
                0x00026752                ubt_gatt_discover_descriptors
                0x0002676c                ubt_gatt_read_characteristic_value
                0x0002678e                ubt_gatt_read_characteristic_value_by_uuid
                0x000267be                ubt_gatt_read_multiple_characteristic_values
                0x000267dc                ubt_gatt_write_characteristic_value
                0x000267fe                ubt_gatt_write_characteristic_value_without_response
                0x00026838                ubt_gatt_prepare_characteristic_value_write
                0x00026872                ubt_gatt_execute_characteristic_value_write
                0x0002688c                ubt_gatt_send_characteristic_confirmation
                0x000268a2                ubt_gatt_read_descriptor_value
                0x000268bc                ubt_gatt_write_descriptor_value
                0x000268de                ubt_gatt_set_characteristic_notification
 .text          0x000268fc      0x4ec C:/SiliconLabs/SimplicityStudio/v4/developer/sdks/gecko_sdk_suite/v1.1//protocol/bluetooth_2.4/lib/EFR32BG1B/GCC/bgapi.a(att_client.c.obj)
                0x000268fc                att_send_find_information_request
                0x00026922                att_send_find_by_type_value_request
                0x00026954                att_send_read_by_type_request
                0x00026980                att_send_read_request
                0x000269a0                att_send_read_blob_request
                0x000269c6                att_send_read_multiple_request
                0x000269f2                att_send_read_by_group_type_request
                0x00026a1e                att_send_write_request
                0x00026a4a                att_send_write_command
                0x00026a76                att_send_signed_write_command
                0x00026ab0                att_send_prepare_write_request
                0x00026aec                att_send_execute_write_request
                0x00026b0a                att_send_handle_value_confirmation
                0x00026b22                validate_gatt_client_pdu_len
                0x00026bdc                att_gatt_client_handler
 .text          0x00026de8       0xa0 c:/siliconlabs/simplicitystudio/v4/developer/toolchains/gnu_arm/4.9_2015q3/bin/../lib/gcc/arm-none-eabi/4.9.3/armv7e-m/fpu\libgcc.a(_arm_truncdfsf2.o)
                0x00026de8                __truncdfsf2
                0x00026de8                __aeabi_d2f
 .text.exit     0x00026e88       0x20 c:/siliconlabs/simplicitystudio/v4/developer/toolchains/gnu_arm/4.9_2015q3/bin/../lib/gcc/arm-none-eabi/4.9.3/../../../../arm-none-eabi/lib/armv7e-m/fpu\libc.a(lib_a-exit.o)
                0x00026e88                exit
 .text.__libc_init_array
                0x00026ea8       0x50 c:/siliconlabs/simplicitystudio/v4/developer/toolchains/gnu_arm/4.9_2015q3/bin/../lib/gcc/arm-none-eabi/4.9.3/../../../../arm-none-eabi/lib/armv7e-m/fpu\libc.a(lib_a-init.o)
                0x00026ea8                __libc_init_array
 .text.malloc   0x00026ef8       0x10 c:/siliconlabs/simplicitystudio/v4/developer/toolchains/gnu_arm/4.9_2015q3/bin/../lib/gcc/arm-none-eabi/4.9.3/../../../../arm-none-eabi/lib/armv7e-m/fpu\libc.a(lib_a-malloc.o)
                0x00026ef8                malloc
 .text.free     0x00026f08       0x10 c:/siliconlabs/simplicitystudio/v4/developer/toolchains/gnu_arm/4.9_2015q3/bin/../lib/gcc/arm-none-eabi/4.9.3/../../../../arm-none-eabi/lib/armv7e-m/fpu\libc.a(lib_a-malloc.o)
                0x00026f08                free
 .text._malloc_r
                0x00026f18      0x524 c:/siliconlabs/simplicitystudio/v4/developer/toolchains/gnu_arm/4.9_2015q3/bin/../lib/gcc/arm-none-eabi/4.9.3/../../../../arm-none-eabi/lib/armv7e-m/fpu\libc.a(lib_a-mallocr.o)
                0x00026f18                _malloc_r
 .text.memcmp   0x0002743c       0x64 c:/siliconlabs/simplicitystudio/v4/developer/toolchains/gnu_arm/4.9_2015q3/bin/../lib/gcc/arm-none-eabi/4.9.3/../../../../arm-none-eabi/lib/armv7e-m/fpu\libc.a(lib_a-memcmp.o)
                0x0002743c                memcmp
 .text          0x000274a0      0x134 c:/siliconlabs/simplicitystudio/v4/developer/toolchains/gnu_arm/4.9_2015q3/bin/../lib/gcc/arm-none-eabi/4.9.3/../../../../arm-none-eabi/lib/armv7e-m/fpu\libc.a(lib_a-memcpy.o)
                0x000274a0                memcpy
 .text.memset   0x000275d4       0x9c c:/siliconlabs/simplicitystudio/v4/developer/toolchains/gnu_arm/4.9_2015q3/bin/../lib/gcc/arm-none-eabi/4.9.3/../../../../arm-none-eabi/lib/armv7e-m/fpu\libc.a(lib_a-memset.o)
                0x000275d4                memset
 .text.__malloc_lock
                0x00027670        0x4 c:/siliconlabs/simplicitystudio/v4/developer/toolchains/gnu_arm/4.9_2015q3/bin/../lib/gcc/arm-none-eabi/4.9.3/../../../../arm-none-eabi/lib/armv7e-m/fpu\libc.a(lib_a-mlock.o)
                0x00027670                __malloc_lock
 .text.__malloc_unlock
                0x00027674        0x4 c:/siliconlabs/simplicitystudio/v4/developer/toolchains/gnu_arm/4.9_2015q3/bin/../lib/gcc/arm-none-eabi/4.9.3/../../../../arm-none-eabi/lib/armv7e-m/fpu\libc.a(lib_a-mlock.o)
                0x00027674                __malloc_unlock
 .text._sbrk_r  0x00027678       0x24 c:/siliconlabs/simplicitystudio/v4/developer/toolchains/gnu_arm/4.9_2015q3/bin/../lib/gcc/arm-none-eabi/4.9.3/../../../../arm-none-eabi/lib/armv7e-m/fpu\libc.a(lib_a-sbrkr.o)
                0x00027678                _sbrk_r
 *fill*         0x0002769c        0x4 
 .text          0x000276a0      0x2dc c:/siliconlabs/simplicitystudio/v4/developer/toolchains/gnu_arm/4.9_2015q3/bin/../lib/gcc/arm-none-eabi/4.9.3/../../../../arm-none-eabi/lib/armv7e-m/fpu\libc.a(lib_a-strcmp.o)
                0x000276a8                strcmp
 .text.strlen   0x0002797c       0x5c c:/siliconlabs/simplicitystudio/v4/developer/toolchains/gnu_arm/4.9_2015q3/bin/../lib/gcc/arm-none-eabi/4.9.3/../../../../arm-none-eabi/lib/armv7e-m/fpu\libc.a(lib_a-strlen.o)
                0x0002797c                strlen
 .text.sulp     0x000279d8       0x40 c:/siliconlabs/simplicitystudio/v4/developer/toolchains/gnu_arm/4.9_2015q3/bin/../lib/gcc/arm-none-eabi/4.9.3/../../../../arm-none-eabi/lib/armv7e-m/fpu\libc.a(lib_a-strtod.o)
 .text._strtod_r
                0x00027a18      0xf4c c:/siliconlabs/simplicitystudio/v4/developer/toolchains/gnu_arm/4.9_2015q3/bin/../lib/gcc/arm-none-eabi/4.9.3/../../../../arm-none-eabi/lib/armv7e-m/fpu\libc.a(lib_a-strtod.o)
                0x00027a18                _strtod_r
 .text.strtod   0x00028964       0x10 c:/siliconlabs/simplicitystudio/v4/developer/toolchains/gnu_arm/4.9_2015q3/bin/../lib/gcc/arm-none-eabi/4.9.3/../../../../arm-none-eabi/lib/armv7e-m/fpu\libc.a(lib_a-strtod.o)
                0x00028964                strtod
 .text.strtok   0x00028974       0x10 c:/siliconlabs/simplicitystudio/v4/developer/toolchains/gnu_arm/4.9_2015q3/bin/../lib/gcc/arm-none-eabi/4.9.3/../../../../arm-none-eabi/lib/armv7e-m/fpu\libc.a(lib_a-strtok.o)
                0x00028974                strtok
 .text.__strtok_r
                0x00028984       0x64 c:/siliconlabs/simplicitystudio/v4/developer/toolchains/gnu_arm/4.9_2015q3/bin/../lib/gcc/arm-none-eabi/4.9.3/../../../../arm-none-eabi/lib/armv7e-m/fpu\libc.a(lib_a-strtok_r.o)
                0x00028984                __strtok_r
 .text.startup.register_fini
                0x000289e8       0x14 c:/siliconlabs/simplicitystudio/v4/developer/toolchains/gnu_arm/4.9_2015q3/bin/../lib/gcc/arm-none-eabi/4.9.3/../../../../arm-none-eabi/lib/armv7e-m/fpu\libc.a(lib_a-__call_atexit.o)
 .text.__call_exitprocs
                0x000289fc       0xd4 c:/siliconlabs/simplicitystudio/v4/developer/toolchains/gnu_arm/4.9_2015q3/bin/../lib/gcc/arm-none-eabi/4.9.3/../../../../arm-none-eabi/lib/armv7e-m/fpu\libc.a(lib_a-__call_atexit.o)
                0x000289fc                __call_exitprocs
 .text.atexit   0x00028ad0        0xc c:/siliconlabs/simplicitystudio/v4/developer/toolchains/gnu_arm/4.9_2015q3/bin/../lib/gcc/arm-none-eabi/4.9.3/../../../../arm-none-eabi/lib/armv7e-m/fpu\libc.a(lib_a-atexit.o)
                0x00028ad0                atexit
 .text.__libc_fini_array
                0x00028adc       0x2c c:/siliconlabs/simplicitystudio/v4/developer/toolchains/gnu_arm/4.9_2015q3/bin/../lib/gcc/arm-none-eabi/4.9.3/../../../../arm-none-eabi/lib/armv7e-m/fpu\libc.a(lib_a-fini.o)
                0x00028adc                __libc_fini_array
 .text._malloc_trim_r
                0x00028b08       0x9c c:/siliconlabs/simplicitystudio/v4/developer/toolchains/gnu_arm/4.9_2015q3/bin/../lib/gcc/arm-none-eabi/4.9.3/../../../../arm-none-eabi/lib/armv7e-m/fpu\libc.a(lib_a-freer.o)
                0x00028b08                _malloc_trim_r
 .text._free_r  0x00028ba4      0x1b0 c:/siliconlabs/simplicitystudio/v4/developer/toolchains/gnu_arm/4.9_2015q3/bin/../lib/gcc/arm-none-eabi/4.9.3/../../../../arm-none-eabi/lib/armv7e-m/fpu\libc.a(lib_a-freer.o)
                0x00028ba4                _free_r
 .text.rshift   0x00028d54       0xa0 c:/siliconlabs/simplicitystudio/v4/developer/toolchains/gnu_arm/4.9_2015q3/bin/../lib/gcc/arm-none-eabi/4.9.3/../../../../arm-none-eabi/lib/armv7e-m/fpu\libc.a(lib_a-gdtoa-gethex.o)
 .text.__gethex
                0x00028df4      0x514 c:/siliconlabs/simplicitystudio/v4/developer/toolchains/gnu_arm/4.9_2015q3/bin/../lib/gcc/arm-none-eabi/4.9.3/../../../../arm-none-eabi/lib/armv7e-m/fpu\libc.a(lib_a-gdtoa-gethex.o)
                0x00028df4                __gethex
 .text.__hexnan
                0x00029308      0x184 c:/siliconlabs/simplicitystudio/v4/developer/toolchains/gnu_arm/4.9_2015q3/bin/../lib/gcc/arm-none-eabi/4.9.3/../../../../arm-none-eabi/lib/armv7e-m/fpu\libc.a(lib_a-gdtoa-hexnan.o)
                0x00029308                __hexnan
 .text._localeconv_r
                0x0002948c        0x8 c:/siliconlabs/simplicitystudio/v4/developer/toolchains/gnu_arm/4.9_2015q3/bin/../lib/gcc/arm-none-eabi/4.9.3/../../../../arm-none-eabi/lib/armv7e-m/fpu\libc.a(lib_a-locale.o)
                0x0002948c                _localeconv_r
 .text._Balloc  0x00029494       0x4c c:/siliconlabs/simplicitystudio/v4/developer/toolchains/gnu_arm/4.9_2015q3/bin/../lib/gcc/arm-none-eabi/4.9.3/../../../../arm-none-eabi/lib/armv7e-m/fpu\libc.a(lib_a-mprec.o)
                0x00029494                _Balloc
 .text._Bfree   0x000294e0       0x14 c:/siliconlabs/simplicitystudio/v4/developer/toolchains/gnu_arm/4.9_2015q3/bin/../lib/gcc/arm-none-eabi/4.9.3/../../../../arm-none-eabi/lib/armv7e-m/fpu\libc.a(lib_a-mprec.o)
                0x000294e0                _Bfree
 .text.__multadd
                0x000294f4       0x84 c:/siliconlabs/simplicitystudio/v4/developer/toolchains/gnu_arm/4.9_2015q3/bin/../lib/gcc/arm-none-eabi/4.9.3/../../../../arm-none-eabi/lib/armv7e-m/fpu\libc.a(lib_a-mprec.o)
                0x000294f4                __multadd
 .text.__s2b    0x00029578       0x98 c:/siliconlabs/simplicitystudio/v4/developer/toolchains/gnu_arm/4.9_2015q3/bin/../lib/gcc/arm-none-eabi/4.9.3/../../../../arm-none-eabi/lib/armv7e-m/fpu\libc.a(lib_a-mprec.o)
                0x00029578                __s2b
 .text.__hi0bits
                0x00029610       0x40 c:/siliconlabs/simplicitystudio/v4/developer/toolchains/gnu_arm/4.9_2015q3/bin/../lib/gcc/arm-none-eabi/4.9.3/../../../../arm-none-eabi/lib/armv7e-m/fpu\libc.a(lib_a-mprec.o)
                0x00029610                __hi0bits
 .text.__lo0bits
                0x00029650       0x5c c:/siliconlabs/simplicitystudio/v4/developer/toolchains/gnu_arm/4.9_2015q3/bin/../lib/gcc/arm-none-eabi/4.9.3/../../../../arm-none-eabi/lib/armv7e-m/fpu\libc.a(lib_a-mprec.o)
                0x00029650                __lo0bits
 .text.__i2b    0x000296ac       0x14 c:/siliconlabs/simplicitystudio/v4/developer/toolchains/gnu_arm/4.9_2015q3/bin/../lib/gcc/arm-none-eabi/4.9.3/../../../../arm-none-eabi/lib/armv7e-m/fpu\libc.a(lib_a-mprec.o)
                0x000296ac                __i2b
 .text.__multiply
                0x000296c0      0x134 c:/siliconlabs/simplicitystudio/v4/developer/toolchains/gnu_arm/4.9_2015q3/bin/../lib/gcc/arm-none-eabi/4.9.3/../../../../arm-none-eabi/lib/armv7e-m/fpu\libc.a(lib_a-mprec.o)
                0x000296c0                __multiply
 .text.__pow5mult
                0x000297f4       0xa0 c:/siliconlabs/simplicitystudio/v4/developer/toolchains/gnu_arm/4.9_2015q3/bin/../lib/gcc/arm-none-eabi/4.9.3/../../../../arm-none-eabi/lib/armv7e-m/fpu\libc.a(lib_a-mprec.o)
                0x000297f4                __pow5mult
 .text.__lshift
                0x00029894       0xac c:/siliconlabs/simplicitystudio/v4/developer/toolchains/gnu_arm/4.9_2015q3/bin/../lib/gcc/arm-none-eabi/4.9.3/../../../../arm-none-eabi/lib/armv7e-m/fpu\libc.a(lib_a-mprec.o)
                0x00029894                __lshift
 .text.__mcmp   0x00029940       0x48 c:/siliconlabs/simplicitystudio/v4/developer/toolchains/gnu_arm/4.9_2015q3/bin/../lib/gcc/arm-none-eabi/4.9.3/../../../../arm-none-eabi/lib/armv7e-m/fpu\libc.a(lib_a-mprec.o)
                0x00029940                __mcmp
 .text.__mdiff  0x00029988       0xd4 c:/siliconlabs/simplicitystudio/v4/developer/toolchains/gnu_arm/4.9_2015q3/bin/../lib/gcc/arm-none-eabi/4.9.3/../../../../arm-none-eabi/lib/armv7e-m/fpu\libc.a(lib_a-mprec.o)
                0x00029988                __mdiff
 .text.__ulp    0x00029a5c       0x50 c:/siliconlabs/simplicitystudio/v4/developer/toolchains/gnu_arm/4.9_2015q3/bin/../lib/gcc/arm-none-eabi/4.9.3/../../../../arm-none-eabi/lib/armv7e-m/fpu\libc.a(lib_a-mprec.o)
                0x00029a5c                __ulp
 .text.__b2d    0x00029aac       0xc4 c:/siliconlabs/simplicitystudio/v4/developer/toolchains/gnu_arm/4.9_2015q3/bin/../lib/gcc/arm-none-eabi/4.9.3/../../../../arm-none-eabi/lib/armv7e-m/fpu\libc.a(lib_a-mprec.o)
                0x00029aac                __b2d
 .text.__d2b    0x00029b70       0xbc c:/siliconlabs/simplicitystudio/v4/developer/toolchains/gnu_arm/4.9_2015q3/bin/../lib/gcc/arm-none-eabi/4.9.3/../../../../arm-none-eabi/lib/armv7e-m/fpu\libc.a(lib_a-mprec.o)
                0x00029b70                __d2b
 .text.__ratio  0x00029c2c       0x60 c:/siliconlabs/simplicitystudio/v4/developer/toolchains/gnu_arm/4.9_2015q3/bin/../lib/gcc/arm-none-eabi/4.9.3/../../../../arm-none-eabi/lib/armv7e-m/fpu\libc.a(lib_a-mprec.o)
                0x00029c2c                __ratio
 .text.__copybits
                0x00029c8c       0x48 c:/siliconlabs/simplicitystudio/v4/developer/toolchains/gnu_arm/4.9_2015q3/bin/../lib/gcc/arm-none-eabi/4.9.3/../../../../arm-none-eabi/lib/armv7e-m/fpu\libc.a(lib_a-mprec.o)
                0x00029c8c                __copybits
 .text.__any_on
                0x00029cd4       0x60 c:/siliconlabs/simplicitystudio/v4/developer/toolchains/gnu_arm/4.9_2015q3/bin/../lib/gcc/arm-none-eabi/4.9.3/../../../../arm-none-eabi/lib/armv7e-m/fpu\libc.a(lib_a-mprec.o)
                0x00029cd4                __any_on
 .text.strncmp  0x00029d34       0x98 c:/siliconlabs/simplicitystudio/v4/developer/toolchains/gnu_arm/4.9_2015q3/bin/../lib/gcc/arm-none-eabi/4.9.3/../../../../arm-none-eabi/lib/armv7e-m/fpu\libc.a(lib_a-strncmp.o)
                0x00029d34                strncmp
 .text.__register_exitproc
                0x00029dcc       0xa4 c:/siliconlabs/simplicitystudio/v4/developer/toolchains/gnu_arm/4.9_2015q3/bin/../lib/gcc/arm-none-eabi/4.9.3/../../../../arm-none-eabi/lib/armv7e-m/fpu\libc.a(lib_a-__atexit.o)
                0x00029dcc                __register_exitproc
 .text._calloc_r
                0x00029e70       0x60 c:/siliconlabs/simplicitystudio/v4/developer/toolchains/gnu_arm/4.9_2015q3/bin/../lib/gcc/arm-none-eabi/4.9.3/../../../../arm-none-eabi/lib/armv7e-m/fpu\libc.a(lib_a-callocr.o)
                0x00029e70                _calloc_r
 .text._sbrk    0x00029ed0       0x1c c:/siliconlabs/simplicitystudio/v4/developer/toolchains/gnu_arm/4.9_2015q3/bin/../lib/gcc/arm-none-eabi/4.9.3/../../../../arm-none-eabi/lib/armv7e-m/fpu\libnosys.a(sbrk.o)
                0x00029ed0                _sbrk
 .text._exit    0x00029eec        0x4 c:/siliconlabs/simplicitystudio/v4/developer/toolchains/gnu_arm/4.9_2015q3/bin/../lib/gcc/arm-none-eabi/4.9.3/../../../../arm-none-eabi/lib/armv7e-m/fpu\libnosys.a(_exit.o)
                0x00029eec                _exit
 .text          0x00029ef0      0x370 c:/siliconlabs/simplicitystudio/v4/developer/toolchains/gnu_arm/4.9_2015q3/bin/../lib/gcc/arm-none-eabi/4.9.3/armv7e-m/fpu\libgcc.a(_arm_addsubdf3.o)
                0x00029ef0                __aeabi_drsub
                0x00029ef8                __aeabi_dsub
                0x00029ef8                __subdf3
                0x00029efc                __aeabi_dadd
                0x00029efc                __adddf3
                0x0002a174                __floatunsidf
                0x0002a174                __aeabi_ui2d
                0x0002a194                __floatsidf
                0x0002a194                __aeabi_i2d
                0x0002a1b8                __aeabi_f2d
                0x0002a1b8                __extendsfdf2
                0x0002a1f4                __floatundidf
                0x0002a1f4                __aeabi_ul2d
                0x0002a204                __floatdidf
                0x0002a204                __aeabi_l2d
 .text          0x0002a260      0x424 c:/siliconlabs/simplicitystudio/v4/developer/toolchains/gnu_arm/4.9_2015q3/bin/../lib/gcc/arm-none-eabi/4.9.3/armv7e-m/fpu\libgcc.a(_arm_muldivdf3.o)
                0x0002a260                __aeabi_dmul
                0x0002a260                __muldf3
                0x0002a4b4                __divdf3
                0x0002a4b4                __aeabi_ddiv
 .text          0x0002a684      0x110 c:/siliconlabs/simplicitystudio/v4/developer/toolchains/gnu_arm/4.9_2015q3/bin/../lib/gcc/arm-none-eabi/4.9.3/armv7e-m/fpu\libgcc.a(_arm_cmpdf2.o)
                0x0002a684                __gtdf2
                0x0002a684                __gedf2
                0x0002a68c                __ltdf2
                0x0002a68c                __ledf2
                0x0002a694                __nedf2
                0x0002a694                __eqdf2
                0x0002a694                __cmpdf2
                0x0002a710                __aeabi_cdrcmple
                0x0002a720                __aeabi_cdcmpeq
                0x0002a720                __aeabi_cdcmple
                0x0002a730                __aeabi_dcmpeq
                0x0002a744                __aeabi_dcmplt
                0x0002a758                __aeabi_dcmple
                0x0002a76c                __aeabi_dcmpge
                0x0002a780                __aeabi_dcmpgt
 .text          0x0002a794       0x50 c:/siliconlabs/simplicitystudio/v4/developer/toolchains/gnu_arm/4.9_2015q3/bin/../lib/gcc/arm-none-eabi/4.9.3/armv7e-m/fpu\libgcc.a(_arm_fixdfsi.o)
                0x0002a794                __aeabi_d2iz
                0x0002a794                __fixdfsi
 .text          0x0002a7e4       0x40 c:/siliconlabs/simplicitystudio/v4/developer/toolchains/gnu_arm/4.9_2015q3/bin/../lib/gcc/arm-none-eabi/4.9.3/armv7e-m/fpu\libgcc.a(_arm_fixunsdfsi.o)
                0x0002a7e4                __aeabi_d2uiz
                0x0002a7e4                __fixunsdfsi
 *(.init)
 .init          0x0002a824        0x4 c:/siliconlabs/simplicitystudio/v4/developer/toolchains/gnu_arm/4.9_2015q3/bin/../lib/gcc/arm-none-eabi/4.9.3/armv7e-m/fpu/crti.o
                0x0002a824                _init
 .init          0x0002a828        0x8 c:/siliconlabs/simplicitystudio/v4/developer/toolchains/gnu_arm/4.9_2015q3/bin/../lib/gcc/arm-none-eabi/4.9.3/armv7e-m/fpu/crtn.o
 *(.fini)
 .fini          0x0002a830        0x4 c:/siliconlabs/simplicitystudio/v4/developer/toolchains/gnu_arm/4.9_2015q3/bin/../lib/gcc/arm-none-eabi/4.9.3/armv7e-m/fpu/crti.o
                0x0002a830                _fini
 .fini          0x0002a834        0x8 c:/siliconlabs/simplicitystudio/v4/developer/toolchains/gnu_arm/4.9_2015q3/bin/../lib/gcc/arm-none-eabi/4.9.3/armv7e-m/fpu/crtn.o
 *crtbegin.o(.ctors)
 *crtbegin?.o(.ctors)
 *(EXCLUDE_FILE(*crtend.o *crtend?.o) .ctors)
 *(SORT(.ctors.*))
 *(.ctors)
 *crtbegin.o(.dtors)
 *crtbegin?.o(.dtors)
 *(EXCLUDE_FILE(*crtend.o *crtend?.o) .dtors)
 *(SORT(.dtors.*))
 *(.dtors)
 *(.rodata*)
 .rodata.ptiInit
                0x0002a83c       0x24 ./main.o
 .rodata        0x0002a860        0x4 ./main.o
 .rodata.config
                0x0002a864       0x38 ./main.o
 .rodata        0x0002a89c       0x50 ./src/InitDevice.o
 .rodata        0x0002a8ec       0x37 ./src/gps.o
 *fill*         0x0002a923        0x1 
 .rodata        0x0002a924       0x28 C:/SiliconLabs/SimplicityStudio/v4/developer/sdks/gecko_sdk_suite/v1.1//protocol/bluetooth_2.4/lib/EFR32BG1B/GCC/bgapi.a(gecko_bgapi_hardware.c.obj)
 .rodata        0x0002a94c       0x30 C:/SiliconLabs/SimplicityStudio/v4/developer/sdks/gecko_sdk_suite/v1.1//protocol/bluetooth_2.4/lib/EFR32BG1B/GCC/bgapi.a(gecko_bgapi_test.c.obj)
 .rodata        0x0002a97c       0x28 C:/SiliconLabs/SimplicityStudio/v4/developer/sdks/gecko_sdk_suite/v1.1//protocol/bluetooth_2.4/lib/EFR32BG1B/GCC/bgapi.a(gecko_bgapi_dfu.c.obj)
 .rodata        0x0002a9a4       0x78 C:/SiliconLabs/SimplicityStudio/v4/developer/sdks/gecko_sdk_suite/v1.1//protocol/bluetooth_2.4/lib/EFR32BG1B/GCC/bgapi.a(gecko_bgapi_gap.c.obj)
 .rodata        0x0002aa1c       0xa8 C:/SiliconLabs/SimplicityStudio/v4/developer/sdks/gecko_sdk_suite/v1.1//protocol/bluetooth_2.4/lib/EFR32BG1B/GCC/bgapi.a(gecko_bgapi_gatt.c.obj)
 .rodata        0x0002aac4       0x50 C:/SiliconLabs/SimplicityStudio/v4/developer/sdks/gecko_sdk_suite/v1.1//protocol/bluetooth_2.4/lib/EFR32BG1B/GCC/bgapi.a(gecko_bgapi_gatt_server.c.obj)
 .rodata        0x0002ab14       0x30 C:/SiliconLabs/SimplicityStudio/v4/developer/sdks/gecko_sdk_suite/v1.1//protocol/bluetooth_2.4/lib/EFR32BG1B/GCC/bgapi.a(gecko_bgapi_flash.c.obj)
 .rodata        0x0002ab44       0x80 C:/SiliconLabs/SimplicityStudio/v4/developer/sdks/gecko_sdk_suite/v1.1//protocol/bluetooth_2.4/lib/EFR32BG1B/GCC/bgapi.a(gecko_bgapi_sm.c.obj)
 .rodata        0x0002abc4       0x48 C:/SiliconLabs/SimplicityStudio/v4/developer/sdks/gecko_sdk_suite/v1.1//protocol/bluetooth_2.4/lib/EFR32BG1B/GCC/bgapi.a(gecko_bgapi_system.c.obj)
 .rodata        0x0002ac0c       0x38 C:/SiliconLabs/SimplicityStudio/v4/developer/sdks/gecko_sdk_suite/v1.1//protocol/bluetooth_2.4/lib/EFR32BG1B/GCC/bgapi.a(gecko_bgapi_endpoint.c.obj)
 .rodata        0x0002ac44       0x28 C:/SiliconLabs/SimplicityStudio/v4/developer/sdks/gecko_sdk_suite/v1.1//protocol/bluetooth_2.4/lib/EFR32BG1B/GCC/bgapi.a(gecko_bgapi_le_connection.c.obj)
 .rodata        0x0002ac6c       0x18 C:/SiliconLabs/SimplicityStudio/v4/developer/sdks/gecko_sdk_suite/v1.1//protocol/bluetooth_2.4/lib/EFR32BG1B/GCC/bgapi.a(bgapi_sm.c.obj)
 .rodata        0x0002ac84        0x4 C:/SiliconLabs/SimplicityStudio/v4/developer/sdks/gecko_sdk_suite/v1.1//protocol/bluetooth_2.4/lib/EFR32BG1B/GCC/bgapi.a(gatt_client.c.obj)
 .rodata.str1.4
                0x0002ac88        0x2 c:/siliconlabs/simplicitystudio/v4/developer/toolchains/gnu_arm/4.9_2015q3/bin/../lib/gcc/arm-none-eabi/4.9.3/../../../../arm-none-eabi/lib/armv7e-m/fpu\libc.a(lib_a-impure.o)
 *fill*         0x0002ac8a        0x2 
 .rodata._global_impure_ptr
                0x0002ac8c        0x4 c:/siliconlabs/simplicitystudio/v4/developer/toolchains/gnu_arm/4.9_2015q3/bin/../lib/gcc/arm-none-eabi/4.9.3/../../../../arm-none-eabi/lib/armv7e-m/fpu\libc.a(lib_a-impure.o)
                0x0002ac8c                _global_impure_ptr
 .rodata.tinytens
                0x0002ac90       0x28 c:/siliconlabs/simplicitystudio/v4/developer/toolchains/gnu_arm/4.9_2015q3/bin/../lib/gcc/arm-none-eabi/4.9.3/../../../../arm-none-eabi/lib/armv7e-m/fpu\libc.a(lib_a-strtod.o)
 .rodata.fpinan.5307
                0x0002acb8       0x14 c:/siliconlabs/simplicitystudio/v4/developer/toolchains/gnu_arm/4.9_2015q3/bin/../lib/gcc/arm-none-eabi/4.9.3/../../../../arm-none-eabi/lib/armv7e-m/fpu\libc.a(lib_a-strtod.o)
 .rodata.str1.4
                0x0002accc        0xf c:/siliconlabs/simplicitystudio/v4/developer/toolchains/gnu_arm/4.9_2015q3/bin/../lib/gcc/arm-none-eabi/4.9.3/../../../../arm-none-eabi/lib/armv7e-m/fpu\libc.a(lib_a-strtod.o)
 *fill*         0x0002acdb        0x1 
 .rodata.fpi.5271
                0x0002acdc       0x14 c:/siliconlabs/simplicitystudio/v4/developer/toolchains/gnu_arm/4.9_2015q3/bin/../lib/gcc/arm-none-eabi/4.9.3/../../../../arm-none-eabi/lib/armv7e-m/fpu\libc.a(lib_a-strtod.o)
 .rodata.__hexdig
                0x0002acf0      0x100 c:/siliconlabs/simplicitystudio/v4/developer/toolchains/gnu_arm/4.9_2015q3/bin/../lib/gcc/arm-none-eabi/4.9.3/../../../../arm-none-eabi/lib/armv7e-m/fpu\libc.a(lib_a-gdtoa-gethex.o)
                0x0002acf0                __hexdig
 .rodata.str1.4
                0x0002adf0       0x10 c:/siliconlabs/simplicitystudio/v4/developer/toolchains/gnu_arm/4.9_2015q3/bin/../lib/gcc/arm-none-eabi/4.9.3/../../../../arm-none-eabi/lib/armv7e-m/fpu\libc.a(lib_a-locale.o)
                                 0x12 (size before relaxing)
 .rodata.__mprec_tens
                0x0002ae00       0xc8 c:/siliconlabs/simplicitystudio/v4/developer/toolchains/gnu_arm/4.9_2015q3/bin/../lib/gcc/arm-none-eabi/4.9.3/../../../../arm-none-eabi/lib/armv7e-m/fpu\libc.a(lib_a-mprec.o)
                0x0002ae00                __mprec_tens
 .rodata.p05.5302
                0x0002aec8        0xc c:/siliconlabs/simplicitystudio/v4/developer/toolchains/gnu_arm/4.9_2015q3/bin/../lib/gcc/arm-none-eabi/4.9.3/../../../../arm-none-eabi/lib/armv7e-m/fpu\libc.a(lib_a-mprec.o)
 *fill*         0x0002aed4        0x4 
 .rodata.__mprec_bigtens
                0x0002aed8       0x28 c:/siliconlabs/simplicitystudio/v4/developer/toolchains/gnu_arm/4.9_2015q3/bin/../lib/gcc/arm-none-eabi/4.9.3/../../../../arm-none-eabi/lib/armv7e-m/fpu\libc.a(lib_a-mprec.o)
                0x0002aed8                __mprec_bigtens
 *(.eh_frame*)
 .eh_frame      0x0002af00        0x0 c:/siliconlabs/simplicitystudio/v4/developer/toolchains/gnu_arm/4.9_2015q3/bin/../lib/gcc/arm-none-eabi/4.9.3/armv7e-m/fpu/crtbegin.o
 .eh_frame      0x0002af00       0x70 c:/siliconlabs/simplicitystudio/v4/developer/toolchains/gnu_arm/4.9_2015q3/bin/../lib/gcc/arm-none-eabi/4.9.3/../../../../arm-none-eabi/lib/armv7e-m/fpu\libc.a(lib_a-strcmp.o)
 .eh_frame      0x0002af70        0x4 c:/siliconlabs/simplicitystudio/v4/developer/toolchains/gnu_arm/4.9_2015q3/bin/../lib/gcc/arm-none-eabi/4.9.3/armv7e-m/fpu/crtend.o
                0x0002af74                . = ALIGN (0x4)

.glue_7         0x0002af74        0x0
 .glue_7        0x00000000        0x0 linker stubs

.glue_7t        0x0002af74        0x0
 .glue_7t       0x00000000        0x0 linker stubs

.vfp11_veneer   0x0002af74        0x0
 .vfp11_veneer  0x00000000        0x0 linker stubs

.v4_bx          0x0002af74        0x0
 .v4_bx         0x00000000        0x0 linker stubs

.iplt           0x0002af74        0x0
 .iplt          0x00000000        0x0 c:/siliconlabs/simplicitystudio/v4/developer/toolchains/gnu_arm/4.9_2015q3/bin/../lib/gcc/arm-none-eabi/4.9.3/armv7e-m/fpu/crtbegin.o

.igot.plt       0x0002af74        0x0
 .igot.plt      0x00000000        0x0 c:/siliconlabs/simplicitystudio/v4/developer/toolchains/gnu_arm/4.9_2015q3/bin/../lib/gcc/arm-none-eabi/4.9.3/armv7e-m/fpu/crtbegin.o

.text_app_ARM.extab
 *(.ARM.extab* .gnu.linkonce.armextab.*)
                0x0002af74                __exidx_start = .

.text_app_ARM.exidx
                0x0002af74        0x8
 *(.ARM.exidx* .gnu.linkonce.armexidx.*)
 .ARM.exidx     0x0002af74        0x8 c:/siliconlabs/simplicitystudio/v4/developer/toolchains/gnu_arm/4.9_2015q3/bin/../lib/gcc/arm-none-eabi/4.9.3/../../../../arm-none-eabi/lib/armv7e-m/fpu/crt0.o
                0x0002af7c                __exidx_end = .
                0x0002af7c                __etext = .

.rel.dyn        0x0002af7c        0x0
 .rel.iplt      0x00000000        0x0 c:/siliconlabs/simplicitystudio/v4/developer/toolchains/gnu_arm/4.9_2015q3/bin/../lib/gcc/arm-none-eabi/4.9.3/armv7e-m/fpu/crtbegin.o

.text_app_data  0x20003000      0x89c load address 0x0002af7c
                0x20003000                __data_start__ = .
 *(vtable)
 *(.data*)
 .data.bg_gattdb_data_attribute_field_6_data
                0x20003000        0xd ./gatt_db.o
                0x20003000                bg_gattdb_data_attribute_field_6_data
 *fill*         0x2000300d        0x3 
 .data.auxHfrcoFreq
                0x20003010        0x4 ./emlib/em_cmu.o
 *fill*         0x20003014        0x4 
 .data.impure_data
                0x20003018      0x428 c:/siliconlabs/simplicitystudio/v4/developer/toolchains/gnu_arm/4.9_2015q3/bin/../lib/gcc/arm-none-eabi/4.9.3/../../../../arm-none-eabi/lib/armv7e-m/fpu\libc.a(lib_a-impure.o)
 .data._impure_ptr
                0x20003440        0x4 c:/siliconlabs/simplicitystudio/v4/developer/toolchains/gnu_arm/4.9_2015q3/bin/../lib/gcc/arm-none-eabi/4.9.3/../../../../arm-none-eabi/lib/armv7e-m/fpu\libc.a(lib_a-impure.o)
                0x20003440                _impure_ptr
 .data.__malloc_av_
                0x20003444      0x408 c:/siliconlabs/simplicitystudio/v4/developer/toolchains/gnu_arm/4.9_2015q3/bin/../lib/gcc/arm-none-eabi/4.9.3/../../../../arm-none-eabi/lib/armv7e-m/fpu\libc.a(lib_a-mallocr.o)
                0x20003444                __malloc_av_
 .data.__malloc_trim_threshold
                0x2000384c        0x4 c:/siliconlabs/simplicitystudio/v4/developer/toolchains/gnu_arm/4.9_2015q3/bin/../lib/gcc/arm-none-eabi/4.9.3/../../../../arm-none-eabi/lib/armv7e-m/fpu\libc.a(lib_a-mallocr.o)
                0x2000384c                __malloc_trim_threshold
 .data.__malloc_sbrk_base
                0x20003850        0x4 c:/siliconlabs/simplicitystudio/v4/developer/toolchains/gnu_arm/4.9_2015q3/bin/../lib/gcc/arm-none-eabi/4.9.3/../../../../arm-none-eabi/lib/armv7e-m/fpu\libc.a(lib_a-mallocr.o)
                0x20003850                __malloc_sbrk_base
 .data.lconv    0x20003854       0x38 c:/siliconlabs/simplicitystudio/v4/developer/toolchains/gnu_arm/4.9_2015q3/bin/../lib/gcc/arm-none-eabi/4.9.3/../../../../arm-none-eabi/lib/armv7e-m/fpu\libc.a(lib_a-locale.o)
                0x2000388c                . = ALIGN (0x4)
 *(.ram)
                0x2000388c                . = ALIGN (0x4)
                0x2000388c                PROVIDE (__preinit_array_start, .)
 *(.preinit_array)
                0x2000388c                PROVIDE (__preinit_array_end, .)
                0x2000388c                . = ALIGN (0x4)
                0x2000388c                PROVIDE (__init_array_start, .)
 *(SORT(.init_array.*))
 .init_array.00000
                0x2000388c        0x4 c:/siliconlabs/simplicitystudio/v4/developer/toolchains/gnu_arm/4.9_2015q3/bin/../lib/gcc/arm-none-eabi/4.9.3/../../../../arm-none-eabi/lib/armv7e-m/fpu\libc.a(lib_a-__call_atexit.o)
 *(.init_array)
 .init_array    0x20003890        0x4 c:/siliconlabs/simplicitystudio/v4/developer/toolchains/gnu_arm/4.9_2015q3/bin/../lib/gcc/arm-none-eabi/4.9.3/armv7e-m/fpu/crtbegin.o
                0x20003894                PROVIDE (__init_array_end, .)
                0x20003894                . = ALIGN (0x4)
                0x20003894                PROVIDE (__fini_array_start, .)
 *(SORT(.fini_array.*))
 *(.fini_array)
 .fini_array    0x20003894        0x4 c:/siliconlabs/simplicitystudio/v4/developer/toolchains/gnu_arm/4.9_2015q3/bin/../lib/gcc/arm-none-eabi/4.9.3/armv7e-m/fpu/crtbegin.o
                0x20003898                PROVIDE (__fini_array_end, .)
 *(.jcr*)
 .jcr           0x20003898        0x0 c:/siliconlabs/simplicitystudio/v4/developer/toolchains/gnu_arm/4.9_2015q3/bin/../lib/gcc/arm-none-eabi/4.9.3/armv7e-m/fpu/crtbegin.o
 .jcr           0x20003898        0x4 c:/siliconlabs/simplicitystudio/v4/developer/toolchains/gnu_arm/4.9_2015q3/bin/../lib/gcc/arm-none-eabi/4.9.3/armv7e-m/fpu/crtend.o
                0x2000389c                . = ALIGN (0x4)
                0x2000389c                __data_end__ = .

.bss            0x2000389c     0x1b04 load address 0x0002b818
                0x2000389c                . = ALIGN (0x4)
                0x2000389c                __bss_start__ = .
 *(.bss*)
 .bss           0x2000389c       0x1c c:/siliconlabs/simplicitystudio/v4/developer/toolchains/gnu_arm/4.9_2015q3/bin/../lib/gcc/arm-none-eabi/4.9.3/armv7e-m/fpu/crtbegin.o
 .bss.bg_gattdb_data_attribute_field_2_data
                0x200038b8        0x4 ./gatt_db.o
                0x200038b8                bg_gattdb_data_attribute_field_2_data
 .bss.boot_to_dfu
                0x200038bc        0x1 ./main.o
                0x200038bc                boot_to_dfu
 *fill*         0x200038bd        0x3 
 .bss.externalSignals
                0x200038c0        0x4 ./main.o
                0x200038c0                externalSignals
 .bss.notificationON
                0x200038c4        0x1 ./main.o
                0x200038c4                notificationON
 .bss.myPhone   0x200038c5        0x1 ./main.o
                0x200038c5                myPhone
 .bss.readingNow
                0x200038c6        0x1 ./main.o
                0x200038c6                readingNow
 *fill*         0x200038c7        0x1 
 .bss.chTable   0x200038c8       0xa0 ./bgapi/dmadrv.o
 .bss.dmaXfer   0x20003968      0x100 ./bgapi/dmadrv.o
 .bss.latitude  0x20003a68        0x4 ./src/gps.o
                0x20003a68                latitude
 .bss.longitude
                0x20003a6c        0x4 ./src/gps.o
                0x20003a6c                longitude
 .bss           0x20003a70        0x4 C:/SiliconLabs/SimplicityStudio/v4/developer/sdks/gecko_sdk_suite/v1.1//protocol/bluetooth_2.4/lib/EFR32BG1B/GCC/bgapi.a(bgapi_hardware.c.obj)
 .bss           0x20003a74        0x4 C:/SiliconLabs/SimplicityStudio/v4/developer/sdks/gecko_sdk_suite/v1.1//protocol/bluetooth_2.4/lib/EFR32BG1B/GCC/bgapi.a(bgapi_test_lib.c.obj)
 .bss           0x20003a78        0x2 C:/SiliconLabs/SimplicityStudio/v4/developer/sdks/gecko_sdk_suite/v1.1//protocol/bluetooth_2.4/lib/EFR32BG1B/GCC/bgapi.a(bgapi_gap.c.obj)
                0x20003a78                legacy_maxadv_events
 *fill*         0x20003a7a        0x2 
 .bss           0x20003a7c        0x4 C:/SiliconLabs/SimplicityStudio/v4/developer/sdks/gecko_sdk_suite/v1.1//protocol/bluetooth_2.4/lib/EFR32BG1B/GCC/bgapi.a(bgapi_ps.c.obj)
 .bss           0x20003a80        0x4 C:/SiliconLabs/SimplicityStudio/v4/developer/sdks/gecko_sdk_suite/v1.1//protocol/bluetooth_2.4/lib/EFR32BG1B/GCC/bgapi.a(bgapi_sm.c.obj)
 .bss           0x20003a84        0x4 C:/SiliconLabs/SimplicityStudio/v4/developer/sdks/gecko_sdk_suite/v1.1//protocol/bluetooth_2.4/lib/EFR32BG1B/GCC/bgapi.a(bgapi_system.c.obj)
 .bss.__malloc_max_total_mem
                0x20003a88        0x4 c:/siliconlabs/simplicitystudio/v4/developer/toolchains/gnu_arm/4.9_2015q3/bin/../lib/gcc/arm-none-eabi/4.9.3/../../../../arm-none-eabi/lib/armv7e-m/fpu\libc.a(lib_a-mallocr.o)
                0x20003a88                __malloc_max_total_mem
 .bss.__malloc_max_sbrked_mem
                0x20003a8c        0x4 c:/siliconlabs/simplicitystudio/v4/developer/toolchains/gnu_arm/4.9_2015q3/bin/../lib/gcc/arm-none-eabi/4.9.3/../../../../arm-none-eabi/lib/armv7e-m/fpu\libc.a(lib_a-mallocr.o)
                0x20003a8c                __malloc_max_sbrked_mem
 .bss.__malloc_top_pad
                0x20003a90        0x4 c:/siliconlabs/simplicitystudio/v4/developer/toolchains/gnu_arm/4.9_2015q3/bin/../lib/gcc/arm-none-eabi/4.9.3/../../../../arm-none-eabi/lib/armv7e-m/fpu\libc.a(lib_a-mallocr.o)
                0x20003a90                __malloc_top_pad
 .bss.__malloc_current_mallinfo
                0x20003a94       0x28 c:/siliconlabs/simplicitystudio/v4/developer/toolchains/gnu_arm/4.9_2015q3/bin/../lib/gcc/arm-none-eabi/4.9.3/../../../../arm-none-eabi/lib/armv7e-m/fpu\libc.a(lib_a-mallocr.o)
                0x20003a94                __malloc_current_mallinfo
 .bss.heap_end.4079
                0x20003abc        0x4 c:/siliconlabs/simplicitystudio/v4/developer/toolchains/gnu_arm/4.9_2015q3/bin/../lib/gcc/arm-none-eabi/4.9.3/../../../../arm-none-eabi/lib/armv7e-m/fpu\libnosys.a(sbrk.o)
 *(COMMON)
 COMMON         0x20003ac0     0x18d0 ./main.o
                0x20003ac0                bluetooth_stack_heap
 COMMON         0x20005390        0x8 ./src/gps.o
                0x20005390                gpsData
                0x20005394                gpsSentence
 COMMON         0x20005398        0x4 C:/SiliconLabs/SimplicityStudio/v4/developer/sdks/gecko_sdk_suite/v1.1//protocol/bluetooth_2.4/lib/EFR32BG1B/GCC/bgapi.a(bgapi_test_lib.c.obj)
                0x20005398                msg_sender
 COMMON         0x2000539c        0x4 c:/siliconlabs/simplicitystudio/v4/developer/toolchains/gnu_arm/4.9_2015q3/bin/../lib/gcc/arm-none-eabi/4.9.3/../../../../arm-none-eabi/lib/armv7e-m/fpu\libc.a(lib_a-reent.o)
                0x2000539c                errno
                0x200053a0                . = ALIGN (0x4)
                0x200053a0                __bss_end__ = .

.heap           0x200053a0      0xc00
                0x200053a0                __HeapBase = .
                0x200053a0                __end__ = .
                0x200053a0                end = __end__
                0x200053a0                _end = __end__
 *(.heap*)
 .heap          0x200053a0      0xc00 ./device/EFR32_B_1_1_B/gcc/startup_efr32bg1b.o
                0x20005fa0                __HeapLimit = .

.stack_dummy    0x20005fa0      0x400
 *(.stack*)
 .stack         0x20005fa0      0x400 ./device/EFR32_B_1_1_B/gcc/startup_efr32bg1b.o
                0x20007bfc                __StackTop = (ORIGIN (RAM) + 0x4bfc)
                0x200077fc                __StackLimit = (__StackTop - SIZEOF (.stack_dummy))
                0x20007bfc                PROVIDE (__stack, __StackTop)
                0x00000001                ASSERT ((__StackLimit >= __HeapLimit), region RAM overflowed with stack)
OUTPUT(Blue_Hunt.axf elf32-littlearm)

.ARM.attributes
                0x00000000       0x30
 .ARM.attributes
                0x00000000       0x22 c:/siliconlabs/simplicitystudio/v4/developer/toolchains/gnu_arm/4.9_2015q3/bin/../lib/gcc/arm-none-eabi/4.9.3/armv7e-m/fpu/crti.o
 .ARM.attributes
                0x00000022       0x34 c:/siliconlabs/simplicitystudio/v4/developer/toolchains/gnu_arm/4.9_2015q3/bin/../lib/gcc/arm-none-eabi/4.9.3/armv7e-m/fpu/crtbegin.o
 .ARM.attributes
                0x00000056       0x20 c:/siliconlabs/simplicitystudio/v4/developer/toolchains/gnu_arm/4.9_2015q3/bin/../lib/gcc/arm-none-eabi/4.9.3/../../../../arm-none-eabi/lib/armv7e-m/fpu/crt0.o
 .ARM.attributes
                0x00000076       0x39 ./application_properties.o
 .ARM.attributes
                0x000000af       0x39 ./gatt_db.o
 .ARM.attributes
                0x000000e8       0x39 ./main.o
 .ARM.attributes
                0x00000121       0x39 ./bgapi/dmadrv.o
 .ARM.attributes
                0x0000015a       0x39 ./device/EFR32_B_1_1_B/gcc/startup_efr32bg1b.o
 .ARM.attributes
                0x00000193       0x39 ./emlib/em_cmu.o
 .ARM.attributes
                0x000001cc       0x39 ./emlib/em_gpio.o
 .ARM.attributes
                0x00000205       0x39 ./emlib/em_letimer.o
 .ARM.attributes
                0x0000023e       0x39 ./emlib/em_leuart.o
 .ARM.attributes
                0x00000277       0x39 ./emlib/em_rtcc.o
 .ARM.attributes
                0x000002b0       0x39 ./emlib/em_system.o
 .ARM.attributes
                0x000002e9       0x39 ./src/InitDevice.o
 .ARM.attributes
                0x00000322       0x39 ./src/btModule.o
 .ARM.attributes
                0x0000035b       0x39 ./src/clockSetup.o
 .ARM.attributes
                0x00000394       0x39 ./src/gpio.o
 .ARM.attributes
                0x000003cd       0x39 ./src/gps.o
 .ARM.attributes
                0x00000406       0x39 ./src/timer.o
 .ARM.attributes
                0x0000043f       0x1c C:/SiliconLabs/SimplicityStudio/v4/developer/sdks/gecko_sdk_suite/v1.1//protocol/bluetooth_2.4/lib/EFR32BG1B/EABI/binstack.o
 .ARM.attributes
                0x0000045b       0x1c C:/SiliconLabs/SimplicityStudio/v4/developer/sdks/gecko_sdk_suite/v1.1//protocol/bluetooth_2.4/lib/EFR32BG1B/EABI/binbootloader.o
 .ARM.attributes
                0x00000477       0x39 C:/SiliconLabs/SimplicityStudio/v4/developer/sdks/gecko_sdk_suite/v1.1//protocol/bluetooth_2.4/lib/EFR32BG1B/GCC/bgapi.a(gecko_bgapi_hardware.c.obj)
 .ARM.attributes
                0x000004b0       0x39 C:/SiliconLabs/SimplicityStudio/v4/developer/sdks/gecko_sdk_suite/v1.1//protocol/bluetooth_2.4/lib/EFR32BG1B/GCC/bgapi.a(gecko_bgapi_test.c.obj)
 .ARM.attributes
                0x000004e9       0x39 C:/SiliconLabs/SimplicityStudio/v4/developer/sdks/gecko_sdk_suite/v1.1//protocol/bluetooth_2.4/lib/EFR32BG1B/GCC/bgapi.a(gecko_bgapi_dfu.c.obj)
 .ARM.attributes
                0x00000522       0x39 C:/SiliconLabs/SimplicityStudio/v4/developer/sdks/gecko_sdk_suite/v1.1//protocol/bluetooth_2.4/lib/EFR32BG1B/GCC/bgapi.a(gecko_bgapi_gap.c.obj)
 .ARM.attributes
                0x0000055b       0x39 C:/SiliconLabs/SimplicityStudio/v4/developer/sdks/gecko_sdk_suite/v1.1//protocol/bluetooth_2.4/lib/EFR32BG1B/GCC/bgapi.a(gecko_bgapi_gatt.c.obj)
 .ARM.attributes
                0x00000594       0x39 C:/SiliconLabs/SimplicityStudio/v4/developer/sdks/gecko_sdk_suite/v1.1//protocol/bluetooth_2.4/lib/EFR32BG1B/GCC/bgapi.a(gecko_bgapi_gatt_server.c.obj)
 .ARM.attributes
                0x000005cd       0x39 C:/SiliconLabs/SimplicityStudio/v4/developer/sdks/gecko_sdk_suite/v1.1//protocol/bluetooth_2.4/lib/EFR32BG1B/GCC/bgapi.a(gecko_bgapi_flash.c.obj)
 .ARM.attributes
                0x00000606       0x39 C:/SiliconLabs/SimplicityStudio/v4/developer/sdks/gecko_sdk_suite/v1.1//protocol/bluetooth_2.4/lib/EFR32BG1B/GCC/bgapi.a(gecko_bgapi_sm.c.obj)
 .ARM.attributes
                0x0000063f       0x39 C:/SiliconLabs/SimplicityStudio/v4/developer/sdks/gecko_sdk_suite/v1.1//protocol/bluetooth_2.4/lib/EFR32BG1B/GCC/bgapi.a(gecko_bgapi_system.c.obj)
 .ARM.attributes
                0x00000678       0x39 C:/SiliconLabs/SimplicityStudio/v4/developer/sdks/gecko_sdk_suite/v1.1//protocol/bluetooth_2.4/lib/EFR32BG1B/GCC/bgapi.a(gecko_bgapi_endpoint.c.obj)
 .ARM.attributes
                0x000006b1       0x39 C:/SiliconLabs/SimplicityStudio/v4/developer/sdks/gecko_sdk_suite/v1.1//protocol/bluetooth_2.4/lib/EFR32BG1B/GCC/bgapi.a(gecko_bgapi_le_connection.c.obj)
 .ARM.attributes
                0x000006ea       0x39 C:/SiliconLabs/SimplicityStudio/v4/developer/sdks/gecko_sdk_suite/v1.1//protocol/bluetooth_2.4/lib/EFR32BG1B/GCC/bgapi.a(bgapi_hardware.c.obj)
 .ARM.attributes
                0x00000723       0x39 C:/SiliconLabs/SimplicityStudio/v4/developer/sdks/gecko_sdk_suite/v1.1//protocol/bluetooth_2.4/lib/EFR32BG1B/GCC/bgapi.a(bgapi_test_lib.c.obj)
 .ARM.attributes
                0x0000075c       0x39 C:/SiliconLabs/SimplicityStudio/v4/developer/sdks/gecko_sdk_suite/v1.1//protocol/bluetooth_2.4/lib/EFR32BG1B/GCC/bgapi.a(bgapi_dfu.c.obj)
 .ARM.attributes
                0x00000795       0x39 C:/SiliconLabs/SimplicityStudio/v4/developer/sdks/gecko_sdk_suite/v1.1//protocol/bluetooth_2.4/lib/EFR32BG1B/GCC/bgapi.a(bgapi_gap.c.obj)
 .ARM.attributes
                0x000007ce       0x39 C:/SiliconLabs/SimplicityStudio/v4/developer/sdks/gecko_sdk_suite/v1.1//protocol/bluetooth_2.4/lib/EFR32BG1B/GCC/bgapi.a(bgapi_gatt_lib.c.obj)
 .ARM.attributes
                0x00000807       0x39 C:/SiliconLabs/SimplicityStudio/v4/developer/sdks/gecko_sdk_suite/v1.1//protocol/bluetooth_2.4/lib/EFR32BG1B/GCC/bgapi.a(bgapi_ps.c.obj)
 .ARM.attributes
                0x00000840       0x39 C:/SiliconLabs/SimplicityStudio/v4/developer/sdks/gecko_sdk_suite/v1.1//protocol/bluetooth_2.4/lib/EFR32BG1B/GCC/bgapi.a(bgapi_sm.c.obj)
 .ARM.attributes
                0x00000879       0x39 C:/SiliconLabs/SimplicityStudio/v4/developer/sdks/gecko_sdk_suite/v1.1//protocol/bluetooth_2.4/lib/EFR32BG1B/GCC/bgapi.a(bgapi_system.c.obj)
 .ARM.attributes
                0x000008b2       0x39 C:/SiliconLabs/SimplicityStudio/v4/developer/sdks/gecko_sdk_suite/v1.1//protocol/bluetooth_2.4/lib/EFR32BG1B/GCC/bgapi.a(bgapi_endpoint.c.obj)
 .ARM.attributes
                0x000008eb       0x39 C:/SiliconLabs/SimplicityStudio/v4/developer/sdks/gecko_sdk_suite/v1.1//protocol/bluetooth_2.4/lib/EFR32BG1B/GCC/bgapi.a(bgapi_le_connection.c.obj)
 .ARM.attributes
                0x00000924       0x39 C:/SiliconLabs/SimplicityStudio/v4/developer/sdks/gecko_sdk_suite/v1.1//protocol/bluetooth_2.4/lib/EFR32BG1B/GCC/bgapi.a(gatt_client.c.obj)
 .ARM.attributes
                0x0000095d       0x39 C:/SiliconLabs/SimplicityStudio/v4/developer/sdks/gecko_sdk_suite/v1.1//protocol/bluetooth_2.4/lib/EFR32BG1B/GCC/bgapi.a(ubt_gatt_client.c.obj)
 .ARM.attributes
                0x00000996       0x39 C:/SiliconLabs/SimplicityStudio/v4/developer/sdks/gecko_sdk_suite/v1.1//protocol/bluetooth_2.4/lib/EFR32BG1B/GCC/bgapi.a(att_client.c.obj)
 .ARM.attributes
                0x000009cf       0x22 c:/siliconlabs/simplicitystudio/v4/developer/toolchains/gnu_arm/4.9_2015q3/bin/../lib/gcc/arm-none-eabi/4.9.3/armv7e-m/fpu\libgcc.a(_arm_truncdfsf2.o)
 .ARM.attributes
                0x000009f1       0x34 c:/siliconlabs/simplicitystudio/v4/developer/toolchains/gnu_arm/4.9_2015q3/bin/../lib/gcc/arm-none-eabi/4.9.3/../../../../arm-none-eabi/lib/armv7e-m/fpu\libc.a(lib_a-exit.o)
 .ARM.attributes
                0x00000a25       0x34 c:/siliconlabs/simplicitystudio/v4/developer/toolchains/gnu_arm/4.9_2015q3/bin/../lib/gcc/arm-none-eabi/4.9.3/../../../../arm-none-eabi/lib/armv7e-m/fpu\libc.a(lib_a-impure.o)
 .ARM.attributes
                0x00000a59       0x34 c:/siliconlabs/simplicitystudio/v4/developer/toolchains/gnu_arm/4.9_2015q3/bin/../lib/gcc/arm-none-eabi/4.9.3/../../../../arm-none-eabi/lib/armv7e-m/fpu\libc.a(lib_a-init.o)
 .ARM.attributes
                0x00000a8d       0x34 c:/siliconlabs/simplicitystudio/v4/developer/toolchains/gnu_arm/4.9_2015q3/bin/../lib/gcc/arm-none-eabi/4.9.3/../../../../arm-none-eabi/lib/armv7e-m/fpu\libc.a(lib_a-malloc.o)
 .ARM.attributes
                0x00000ac1       0x34 c:/siliconlabs/simplicitystudio/v4/developer/toolchains/gnu_arm/4.9_2015q3/bin/../lib/gcc/arm-none-eabi/4.9.3/../../../../arm-none-eabi/lib/armv7e-m/fpu\libc.a(lib_a-mallocr.o)
 .ARM.attributes
                0x00000af5       0x34 c:/siliconlabs/simplicitystudio/v4/developer/toolchains/gnu_arm/4.9_2015q3/bin/../lib/gcc/arm-none-eabi/4.9.3/../../../../arm-none-eabi/lib/armv7e-m/fpu\libc.a(lib_a-memcmp.o)
 .ARM.attributes
                0x00000b29       0x20 c:/siliconlabs/simplicitystudio/v4/developer/toolchains/gnu_arm/4.9_2015q3/bin/../lib/gcc/arm-none-eabi/4.9.3/../../../../arm-none-eabi/lib/armv7e-m/fpu\libc.a(lib_a-memcpy.o)
 .ARM.attributes
                0x00000b49       0x34 c:/siliconlabs/simplicitystudio/v4/developer/toolchains/gnu_arm/4.9_2015q3/bin/../lib/gcc/arm-none-eabi/4.9.3/../../../../arm-none-eabi/lib/armv7e-m/fpu\libc.a(lib_a-memset.o)
 .ARM.attributes
                0x00000b7d       0x34 c:/siliconlabs/simplicitystudio/v4/developer/toolchains/gnu_arm/4.9_2015q3/bin/../lib/gcc/arm-none-eabi/4.9.3/../../../../arm-none-eabi/lib/armv7e-m/fpu\libc.a(lib_a-mlock.o)
 .ARM.attributes
                0x00000bb1       0x34 c:/siliconlabs/simplicitystudio/v4/developer/toolchains/gnu_arm/4.9_2015q3/bin/../lib/gcc/arm-none-eabi/4.9.3/../../../../arm-none-eabi/lib/armv7e-m/fpu\libc.a(lib_a-sbrkr.o)
 .ARM.attributes
                0x00000be5       0x20 c:/siliconlabs/simplicitystudio/v4/developer/toolchains/gnu_arm/4.9_2015q3/bin/../lib/gcc/arm-none-eabi/4.9.3/../../../../arm-none-eabi/lib/armv7e-m/fpu\libc.a(lib_a-strcmp.o)
 .ARM.attributes
                0x00000c05       0x34 c:/siliconlabs/simplicitystudio/v4/developer/toolchains/gnu_arm/4.9_2015q3/bin/../lib/gcc/arm-none-eabi/4.9.3/../../../../arm-none-eabi/lib/armv7e-m/fpu\libc.a(lib_a-strlen.o)
 .ARM.attributes
                0x00000c39       0x34 c:/siliconlabs/simplicitystudio/v4/developer/toolchains/gnu_arm/4.9_2015q3/bin/../lib/gcc/arm-none-eabi/4.9.3/../../../../arm-none-eabi/lib/armv7e-m/fpu\libc.a(lib_a-strtod.o)
 .ARM.attributes
                0x00000c6d       0x34 c:/siliconlabs/simplicitystudio/v4/developer/toolchains/gnu_arm/4.9_2015q3/bin/../lib/gcc/arm-none-eabi/4.9.3/../../../../arm-none-eabi/lib/armv7e-m/fpu\libc.a(lib_a-strtok.o)
 .ARM.attributes
                0x00000ca1       0x34 c:/siliconlabs/simplicitystudio/v4/developer/toolchains/gnu_arm/4.9_2015q3/bin/../lib/gcc/arm-none-eabi/4.9.3/../../../../arm-none-eabi/lib/armv7e-m/fpu\libc.a(lib_a-strtok_r.o)
 .ARM.attributes
                0x00000cd5       0x34 c:/siliconlabs/simplicitystudio/v4/developer/toolchains/gnu_arm/4.9_2015q3/bin/../lib/gcc/arm-none-eabi/4.9.3/../../../../arm-none-eabi/lib/armv7e-m/fpu\libc.a(lib_a-__call_atexit.o)
 .ARM.attributes
                0x00000d09       0x34 c:/siliconlabs/simplicitystudio/v4/developer/toolchains/gnu_arm/4.9_2015q3/bin/../lib/gcc/arm-none-eabi/4.9.3/../../../../arm-none-eabi/lib/armv7e-m/fpu\libc.a(lib_a-atexit.o)
 .ARM.attributes
                0x00000d3d       0x34 c:/siliconlabs/simplicitystudio/v4/developer/toolchains/gnu_arm/4.9_2015q3/bin/../lib/gcc/arm-none-eabi/4.9.3/../../../../arm-none-eabi/lib/armv7e-m/fpu\libc.a(lib_a-fini.o)
 .ARM.attributes
                0x00000d71       0x34 c:/siliconlabs/simplicitystudio/v4/developer/toolchains/gnu_arm/4.9_2015q3/bin/../lib/gcc/arm-none-eabi/4.9.3/../../../../arm-none-eabi/lib/armv7e-m/fpu\libc.a(lib_a-freer.o)
 .ARM.attributes
                0x00000da5       0x34 c:/siliconlabs/simplicitystudio/v4/developer/toolchains/gnu_arm/4.9_2015q3/bin/../lib/gcc/arm-none-eabi/4.9.3/../../../../arm-none-eabi/lib/armv7e-m/fpu\libc.a(lib_a-gdtoa-gethex.o)
 .ARM.attributes
                0x00000dd9       0x34 c:/siliconlabs/simplicitystudio/v4/developer/toolchains/gnu_arm/4.9_2015q3/bin/../lib/gcc/arm-none-eabi/4.9.3/../../../../arm-none-eabi/lib/armv7e-m/fpu\libc.a(lib_a-gdtoa-hexnan.o)
 .ARM.attributes
                0x00000e0d       0x34 c:/siliconlabs/simplicitystudio/v4/developer/toolchains/gnu_arm/4.9_2015q3/bin/../lib/gcc/arm-none-eabi/4.9.3/../../../../arm-none-eabi/lib/armv7e-m/fpu\libc.a(lib_a-locale.o)
 .ARM.attributes
                0x00000e41       0x34 c:/siliconlabs/simplicitystudio/v4/developer/toolchains/gnu_arm/4.9_2015q3/bin/../lib/gcc/arm-none-eabi/4.9.3/../../../../arm-none-eabi/lib/armv7e-m/fpu\libc.a(lib_a-mprec.o)
 .ARM.attributes
                0x00000e75       0x34 c:/siliconlabs/simplicitystudio/v4/developer/toolchains/gnu_arm/4.9_2015q3/bin/../lib/gcc/arm-none-eabi/4.9.3/../../../../arm-none-eabi/lib/armv7e-m/fpu\libc.a(lib_a-reent.o)
 .ARM.attributes
                0x00000ea9       0x34 c:/siliconlabs/simplicitystudio/v4/developer/toolchains/gnu_arm/4.9_2015q3/bin/../lib/gcc/arm-none-eabi/4.9.3/../../../../arm-none-eabi/lib/armv7e-m/fpu\libc.a(lib_a-strncmp.o)
 .ARM.attributes
                0x00000edd       0x34 c:/siliconlabs/simplicitystudio/v4/developer/toolchains/gnu_arm/4.9_2015q3/bin/../lib/gcc/arm-none-eabi/4.9.3/../../../../arm-none-eabi/lib/armv7e-m/fpu\libc.a(lib_a-__atexit.o)
 .ARM.attributes
                0x00000f11       0x34 c:/siliconlabs/simplicitystudio/v4/developer/toolchains/gnu_arm/4.9_2015q3/bin/../lib/gcc/arm-none-eabi/4.9.3/../../../../arm-none-eabi/lib/armv7e-m/fpu\libc.a(lib_a-callocr.o)
 .ARM.attributes
                0x00000f45       0x34 c:/siliconlabs/simplicitystudio/v4/developer/toolchains/gnu_arm/4.9_2015q3/bin/../lib/gcc/arm-none-eabi/4.9.3/../../../../arm-none-eabi/lib/armv7e-m/fpu\libnosys.a(sbrk.o)
 .ARM.attributes
                0x00000f79       0x34 c:/siliconlabs/simplicitystudio/v4/developer/toolchains/gnu_arm/4.9_2015q3/bin/../lib/gcc/arm-none-eabi/4.9.3/../../../../arm-none-eabi/lib/armv7e-m/fpu\libnosys.a(_exit.o)
 .ARM.attributes
                0x00000fad       0x22 c:/siliconlabs/simplicitystudio/v4/developer/toolchains/gnu_arm/4.9_2015q3/bin/../lib/gcc/arm-none-eabi/4.9.3/armv7e-m/fpu\libgcc.a(_arm_addsubdf3.o)
 .ARM.attributes
                0x00000fcf       0x22 c:/siliconlabs/simplicitystudio/v4/developer/toolchains/gnu_arm/4.9_2015q3/bin/../lib/gcc/arm-none-eabi/4.9.3/armv7e-m/fpu\libgcc.a(_arm_muldivdf3.o)
 .ARM.attributes
                0x00000ff1       0x22 c:/siliconlabs/simplicitystudio/v4/developer/toolchains/gnu_arm/4.9_2015q3/bin/../lib/gcc/arm-none-eabi/4.9.3/armv7e-m/fpu\libgcc.a(_arm_cmpdf2.o)
 .ARM.attributes
                0x00001013       0x22 c:/siliconlabs/simplicitystudio/v4/developer/toolchains/gnu_arm/4.9_2015q3/bin/../lib/gcc/arm-none-eabi/4.9.3/armv7e-m/fpu\libgcc.a(_arm_fixdfsi.o)
 .ARM.attributes
                0x00001035       0x22 c:/siliconlabs/simplicitystudio/v4/developer/toolchains/gnu_arm/4.9_2015q3/bin/../lib/gcc/arm-none-eabi/4.9.3/armv7e-m/fpu\libgcc.a(_arm_fixunsdfsi.o)
 .ARM.attributes
                0x00001057       0x34 c:/siliconlabs/simplicitystudio/v4/developer/toolchains/gnu_arm/4.9_2015q3/bin/../lib/gcc/arm-none-eabi/4.9.3/armv7e-m/fpu/crtend.o
 .ARM.attributes
                0x0000108b       0x22 c:/siliconlabs/simplicitystudio/v4/developer/toolchains/gnu_arm/4.9_2015q3/bin/../lib/gcc/arm-none-eabi/4.9.3/armv7e-m/fpu/crtn.o

.comment        0x00000000       0xde
 .comment       0x00000000       0x70 ./application_properties.o
                                 0x71 (size before relaxing)
 .comment       0x00000000       0x71 ./gatt_db.o
 .comment       0x00000000       0x71 ./main.o
 .comment       0x00000000       0x71 ./bgapi/dmadrv.o
 .comment       0x00000000       0x71 ./device/EFR32_B_1_1_B/gcc/startup_efr32bg1b.o
 .comment       0x00000000       0x71 ./emlib/em_cmu.o
 .comment       0x00000000       0x71 ./emlib/em_gpio.o
 .comment       0x00000000       0x71 ./emlib/em_letimer.o
 .comment       0x00000000       0x71 ./emlib/em_leuart.o
 .comment       0x00000000       0x71 ./emlib/em_rtcc.o
 .comment       0x00000000       0x71 ./emlib/em_system.o
 .comment       0x00000000       0x71 ./src/InitDevice.o
 .comment       0x00000000       0x71 ./src/btModule.o
 .comment       0x00000000       0x71 ./src/clockSetup.o
 .comment       0x00000000       0x71 ./src/gpio.o
 .comment       0x00000000       0x71 ./src/gps.o
 .comment       0x00000000       0x71 ./src/timer.o
 .comment       0x00000070       0x6e C:/SiliconLabs/SimplicityStudio/v4/developer/sdks/gecko_sdk_suite/v1.1//protocol/bluetooth_2.4/lib/EFR32BG1B/GCC/bgapi.a(gecko_bgapi_hardware.c.obj)
                                 0x6f (size before relaxing)
 .comment       0x00000000       0x6f C:/SiliconLabs/SimplicityStudio/v4/developer/sdks/gecko_sdk_suite/v1.1//protocol/bluetooth_2.4/lib/EFR32BG1B/GCC/bgapi.a(gecko_bgapi_test.c.obj)
 .comment       0x00000000       0x6f C:/SiliconLabs/SimplicityStudio/v4/developer/sdks/gecko_sdk_suite/v1.1//protocol/bluetooth_2.4/lib/EFR32BG1B/GCC/bgapi.a(gecko_bgapi_dfu.c.obj)
 .comment       0x00000000       0x6f C:/SiliconLabs/SimplicityStudio/v4/developer/sdks/gecko_sdk_suite/v1.1//protocol/bluetooth_2.4/lib/EFR32BG1B/GCC/bgapi.a(gecko_bgapi_gap.c.obj)
 .comment       0x00000000       0x6f C:/SiliconLabs/SimplicityStudio/v4/developer/sdks/gecko_sdk_suite/v1.1//protocol/bluetooth_2.4/lib/EFR32BG1B/GCC/bgapi.a(gecko_bgapi_gatt.c.obj)
 .comment       0x00000000       0x6f C:/SiliconLabs/SimplicityStudio/v4/developer/sdks/gecko_sdk_suite/v1.1//protocol/bluetooth_2.4/lib/EFR32BG1B/GCC/bgapi.a(gecko_bgapi_gatt_server.c.obj)
 .comment       0x00000000       0x6f C:/SiliconLabs/SimplicityStudio/v4/developer/sdks/gecko_sdk_suite/v1.1//protocol/bluetooth_2.4/lib/EFR32BG1B/GCC/bgapi.a(gecko_bgapi_flash.c.obj)
 .comment       0x00000000       0x6f C:/SiliconLabs/SimplicityStudio/v4/developer/sdks/gecko_sdk_suite/v1.1//protocol/bluetooth_2.4/lib/EFR32BG1B/GCC/bgapi.a(gecko_bgapi_sm.c.obj)
 .comment       0x00000000       0x6f C:/SiliconLabs/SimplicityStudio/v4/developer/sdks/gecko_sdk_suite/v1.1//protocol/bluetooth_2.4/lib/EFR32BG1B/GCC/bgapi.a(gecko_bgapi_system.c.obj)
 .comment       0x00000000       0x6f C:/SiliconLabs/SimplicityStudio/v4/developer/sdks/gecko_sdk_suite/v1.1//protocol/bluetooth_2.4/lib/EFR32BG1B/GCC/bgapi.a(gecko_bgapi_endpoint.c.obj)
 .comment       0x00000000       0x6f C:/SiliconLabs/SimplicityStudio/v4/developer/sdks/gecko_sdk_suite/v1.1//protocol/bluetooth_2.4/lib/EFR32BG1B/GCC/bgapi.a(gecko_bgapi_le_connection.c.obj)
 .comment       0x00000000       0x6f C:/SiliconLabs/SimplicityStudio/v4/developer/sdks/gecko_sdk_suite/v1.1//protocol/bluetooth_2.4/lib/EFR32BG1B/GCC/bgapi.a(bgapi_hardware.c.obj)
 .comment       0x00000000       0x6f C:/SiliconLabs/SimplicityStudio/v4/developer/sdks/gecko_sdk_suite/v1.1//protocol/bluetooth_2.4/lib/EFR32BG1B/GCC/bgapi.a(bgapi_test_lib.c.obj)
 .comment       0x00000000       0x6f C:/SiliconLabs/SimplicityStudio/v4/developer/sdks/gecko_sdk_suite/v1.1//protocol/bluetooth_2.4/lib/EFR32BG1B/GCC/bgapi.a(bgapi_dfu.c.obj)
 .comment       0x00000000       0x6f C:/SiliconLabs/SimplicityStudio/v4/developer/sdks/gecko_sdk_suite/v1.1//protocol/bluetooth_2.4/lib/EFR32BG1B/GCC/bgapi.a(bgapi_gap.c.obj)
 .comment       0x00000000       0x6f C:/SiliconLabs/SimplicityStudio/v4/developer/sdks/gecko_sdk_suite/v1.1//protocol/bluetooth_2.4/lib/EFR32BG1B/GCC/bgapi.a(bgapi_gatt_lib.c.obj)