Archive member included because of file (symbol)

C:/SiliconLabs/SimplicityStudio/v4/developer/sdks/gecko_sdk_suite/v1.1//protocol/bluetooth_2.4/lib/EFR32BG1B/GCC/bgapi.a(gecko_bgapi_hardware.c.obj)
                              ./main.o (gecko_bgapi_class_hardware_init)
C:/SiliconLabs/SimplicityStudio/v4/developer/sdks/gecko_sdk_suite/v1.1//protocol/bluetooth_2.4/lib/EFR32BG1B/GCC/bgapi.a(gecko_bgapi_test.c.obj)
                              ./main.o (gecko_bgapi_class_test_init)
C:/SiliconLabs/SimplicityStudio/v4/developer/sdks/gecko_sdk_suite/v1.1//protocol/bluetooth_2.4/lib/EFR32BG1B/GCC/bgapi.a(gecko_bgapi_dfu.c.obj)
                              ./main.o (gecko_bgapi_class_dfu_init)
C:/SiliconLabs/SimplicityStudio/v4/developer/sdks/gecko_sdk_suite/v1.1//protocol/bluetooth_2.4/lib/EFR32BG1B/GCC/bgapi.a(gecko_bgapi_gap.c.obj)
                              ./main.o (gecko_bgapi_class_le_gap_init)
C:/SiliconLabs/SimplicityStudio/v4/developer/sdks/gecko_sdk_suite/v1.1//protocol/bluetooth_2.4/lib/EFR32BG1B/GCC/bgapi.a(gecko_bgapi_gatt.c.obj)
                              ./main.o (gecko_bgapi_class_gatt_init)
C:/SiliconLabs/SimplicityStudio/v4/developer/sdks/gecko_sdk_suite/v1.1//protocol/bluetooth_2.4/lib/EFR32BG1B/GCC/bgapi.a(gecko_bgapi_gatt_server.c.obj)
                              ./main.o (gecko_bgapi_class_gatt_server_init)
C:/SiliconLabs/SimplicityStudio/v4/developer/sdks/gecko_sdk_suite/v1.1//protocol/bluetooth_2.4/lib/EFR32BG1B/GCC/bgapi.a(gecko_bgapi_flash.c.obj)
                              ./main.o (gecko_bgapi_class_flash_init)
C:/SiliconLabs/SimplicityStudio/v4/developer/sdks/gecko_sdk_suite/v1.1//protocol/bluetooth_2.4/lib/EFR32BG1B/GCC/bgapi.a(gecko_bgapi_sm.c.obj)
                              ./main.o (gecko_bgapi_class_sm_init)
C:/SiliconLabs/SimplicityStudio/v4/developer/sdks/gecko_sdk_suite/v1.1//protocol/bluetooth_2.4/lib/EFR32BG1B/GCC/bgapi.a(gecko_bgapi_system.c.obj)
                              ./main.o (gecko_bgapi_class_system_init)
C:/SiliconLabs/SimplicityStudio/v4/developer/sdks/gecko_sdk_suite/v1.1//protocol/bluetooth_2.4/lib/EFR32BG1B/GCC/bgapi.a(gecko_bgapi_endpoint.c.obj)
                              ./main.o (gecko_bgapi_class_endpoint_init)
C:/SiliconLabs/SimplicityStudio/v4/developer/sdks/gecko_sdk_suite/v1.1//protocol/bluetooth_2.4/lib/EFR32BG1B/GCC/bgapi.a(gecko_bgapi_le_connection.c.obj)
                              ./main.o (gecko_bgapi_class_le_connection_init)
C:/SiliconLabs/SimplicityStudio/v4/developer/sdks/gecko_sdk_suite/v1.1//protocol/bluetooth_2.4/lib/EFR32BG1B/GCC/bgapi.a(bgapi_hardware.c.obj)
                              C:/SiliconLabs/SimplicityStudio/v4/developer/sdks/gecko_sdk_suite/v1.1//protocol/bluetooth_2.4/lib/EFR32BG1B/GCC/bgapi.a(gecko_bgapi_hardware.c.obj) (lib_hardware_handler_init)
C:/SiliconLabs/SimplicityStudio/v4/developer/sdks/gecko_sdk_suite/v1.1//protocol/bluetooth_2.4/lib/EFR32BG1B/GCC/bgapi.a(bgapi_test_lib.c.obj)
                              C:/SiliconLabs/SimplicityStudio/v4/developer/sdks/gecko_sdk_suite/v1.1//protocol/bluetooth_2.4/lib/EFR32BG1B/GCC/bgapi.a(gecko_bgapi_test.c.obj) (lib_test_handler_init)
C:/SiliconLabs/SimplicityStudio/v4/developer/sdks/gecko_sdk_suite/v1.1//protocol/bluetooth_2.4/lib/EFR32BG1B/GCC/bgapi.a(bgapi_dfu.c.obj)
                              C:/SiliconLabs/SimplicityStudio/v4/developer/sdks/gecko_sdk_suite/v1.1//protocol/bluetooth_2.4/lib/EFR32BG1B/GCC/bgapi.a(gecko_bgapi_dfu.c.obj) (lib_dfu_handler_init)
C:/SiliconLabs/SimplicityStudio/v4/developer/sdks/gecko_sdk_suite/v1.1//protocol/bluetooth_2.4/lib/EFR32BG1B/GCC/bgapi.a(bgapi_gap.c.obj)
                              C:/SiliconLabs/SimplicityStudio/v4/developer/sdks/gecko_sdk_suite/v1.1//protocol/bluetooth_2.4/lib/EFR32BG1B/GCC/bgapi.a(gecko_bgapi_gap.c.obj) (lib_le_gap_handler_init)
C:/SiliconLabs/SimplicityStudio/v4/developer/sdks/gecko_sdk_suite/v1.1//protocol/bluetooth_2.4/lib/EFR32BG1B/GCC/bgapi.a(bgapi_gatt_lib.c.obj)
                              C:/SiliconLabs/SimplicityStudio/v4/developer/sdks/gecko_sdk_suite/v1.1//protocol/bluetooth_2.4/lib/EFR32BG1B/GCC/bgapi.a(gecko_bgapi_gatt.c.obj) (lib_gatt_handler_init)
C:/SiliconLabs/SimplicityStudio/v4/developer/sdks/gecko_sdk_suite/v1.1//protocol/bluetooth_2.4/lib/EFR32BG1B/GCC/bgapi.a(bgapi_ps.c.obj)
                              C:/SiliconLabs/SimplicityStudio/v4/developer/sdks/gecko_sdk_suite/v1.1//protocol/bluetooth_2.4/lib/EFR32BG1B/GCC/bgapi.a(gecko_bgapi_flash.c.obj) (lib_flash_handler_init)
C:/SiliconLabs/SimplicityStudio/v4/developer/sdks/gecko_sdk_suite/v1.1//protocol/bluetooth_2.4/lib/EFR32BG1B/GCC/bgapi.a(bgapi_sm.c.obj)
                              C:/SiliconLabs/SimplicityStudio/v4/developer/sdks/gecko_sdk_suite/v1.1//protocol/bluetooth_2.4/lib/EFR32BG1B/GCC/bgapi.a(gecko_bgapi_sm.c.obj) (lib_sm_handler_init)
C:/SiliconLabs/SimplicityStudio/v4/developer/sdks/gecko_sdk_suite/v1.1//protocol/bluetooth_2.4/lib/EFR32BG1B/GCC/bgapi.a(bgapi_system.c.obj)
[...]
Memory Configuration

Name             Origin             Length             Attributes
FLASH_BOOTLOADER 0x00000000         0x00004000         xr
FLASH            0x00004000         0x0003b000         xr
RAM              0x20003000         0x00004bfc         xrw
*default*        0x00000000         0xffffffff

Linker script and memory map

LOAD c:/siliconlabs/simplicitystudio/v4/developer/toolchains/gnu_arm/4.9_2015q3/bin/../lib/gcc/arm-none-eabi/4.9.3/armv7e-m/fpu/crti.o
LOAD c:/siliconlabs/simplicitystudio/v4/developer/toolchains/gnu_arm/4.9_2015q3/bin/../lib/gcc/arm-none-eabi/4.9.3/armv7e-m/fpu/crtbegin.o
LOAD c:/siliconlabs/simplicitystudio/v4/developer/toolchains/gnu_arm/4.9_2015q3/bin/../lib/gcc/arm-none-eabi/4.9.3/../../../../arm-none-eabi/lib/armv7e-m/fpu/crt0.o
LOAD ./application_properties.o
LOAD ./gatt_db.o
LOAD ./main.o
LOAD ./bgapi/dmadrv.o
LOAD ./bgapi/em_adc.o
LOAD ./bgapi/em_ldma.o
LOAD ./device/EFR32_B_1_1_B/gcc/startup_efr32bg1b.o
LOAD ./emlib/em_cmu.o
LOAD ./emlib/em_cryotimer.o
LOAD ./emlib/em_gpio.o
LOAD ./emlib/em_i2c.o
LOAD ./emlib/em_letimer.o
LOAD ./emlib/em_leuart.o
LOAD ./emlib/em_msc.o
LOAD ./emlib/em_rtcc.o
LOAD ./emlib/em_system.o
LOAD ./emlib/em_usart.o
LOAD ./src/InitDevice.o
LOAD ./src/btModule.o
LOAD ./src/clockSetup.o
LOAD ./src/gpio.o
LOAD ./src/gps.o
LOAD ./src/gsm.o
LOAD ./src/timer.o
LOAD C:/SiliconLabs/SimplicityStudio/v4/developer/sdks/gecko_sdk_suite/v1.1//protocol/bluetooth_2.4/lib/EFR32BG1B/EABI/stack.a
LOAD C:/SiliconLabs/SimplicityStudio/v4/developer/sdks/gecko_sdk_suite/v1.1//protocol/bluetooth_2.4/lib/EFR32BG1B/EABI/binstack.o
LOAD C:/SiliconLabs/SimplicityStudio/v4/developer/sdks/gecko_sdk_suite/v1.1//protocol/bluetooth_2.4/lib/EFR32BG1B/EABI/binbootloader.o
LOAD C:/SiliconLabs/SimplicityStudio/v4/developer/sdks/gecko_sdk_suite/v1.1//protocol/bluetooth_2.4/lib/EFR32BG1B/GCC/bgapi.a
LOAD c:/siliconlabs/simplicitystudio/v4/developer/toolchains/gnu_arm/4.9_2015q3/bin/../lib/gcc/arm-none-eabi/4.9.3/../../../../arm-none-eabi/lib/armv7e-m/fpu\libm.a
START GROUP
LOAD c:/siliconlabs/simplicitystudio/v4/developer/toolchains/gnu_arm/4.9_2015q3/bin/../lib/gcc/arm-none-eabi/4.9.3/armv7e-m/fpu\libgcc.a
LOAD c:/siliconlabs/simplicitystudio/v4/developer/toolchains/gnu_arm/4.9_2015q3/bin/../lib/gcc/arm-none-eabi/4.9.3/../../../../arm-none-eabi/lib/armv7e-m/fpu\libc.a
LOAD c:/siliconlabs/simplicitystudio/v4/developer/toolchains/gnu_arm/4.9_2015q3/bin/../lib/gcc/arm-none-eabi/4.9.3/../../../../arm-none-eabi/lib/armv7e-m/fpu\libnosys.a
END GROUP
START GROUP
LOAD c:/siliconlabs/simplicitystudio/v4/developer/toolchains/gnu_arm/4.9_2015q3/bin/../lib/gcc/arm-none-eabi/4.9.3/armv7e-m/fpu\libgcc.a
LOAD c:/siliconlabs/simplicitystudio/v4/developer/toolchains/gnu_arm/4.9_2015q3/bin/../lib/gcc/arm-none-eabi/4.9.3/../../../../arm-none-eabi/lib/armv7e-m/fpu\libg.a
LOAD c:/siliconlabs/simplicitystudio/v4/developer/toolchains/gnu_arm/4.9_2015q3/bin/../lib/gcc/arm-none-eabi/4.9.3/../../../../arm-none-eabi/lib/armv7e-m/fpu\libc.a
END GROUP
LOAD c:/siliconlabs/simplicitystudio/v4/developer/toolchains/gnu_arm/4.9_2015q3/bin/../lib/gcc/arm-none-eabi/4.9.3/armv7e-m/fpu/crtend.o
LOAD c:/siliconlabs/simplicitystudio/v4/developer/toolchains/gnu_arm/4.9_2015q3/bin/../lib/gcc/arm-none-eabi/4.9.3/armv7e-m/fpu/crtn.o

.text_bootloader
                0x00000000     0x4000
 *(.binbootloader*)
 .binbootloader
                0x00000000      0x31c C:/SiliconLabs/SimplicityStudio/v4/developer/sdks/gecko_sdk_suite/v1.1//protocol/bluetooth_2.4/lib/EFR32BG1B/EABI/binbootloader.o
                0x00004000                . = ALIGN (0x4000)
 *fill*         0x0000031c     0x3ce4 

.text_stack_bin
                0x00004000    0x1cee3
 *(.binstack*)
 .binstack      0x00004000    0x1cee3 C:/SiliconLabs/SimplicityStudio/v4/developer/sdks/gecko_sdk_suite/v1.1//protocol/bluetooth_2.4/lib/EFR32BG1B/EABI/binstack.o

.text_signature
                0x00020ee3      0x11d
                0x00020f23                . = (. + 0x40)
 *fill*         0x00020ee3       0x40 
                0x00021000                . = ALIGN (0x800)
 *fill*         0x00020f23       0xdd 
                0x00021000                __text_start__ = .

.text_app       0x00021000     0xf5bc
 *(.AAT)
 .AAT           0x00021000       0x80 ./main.o
                0x00021000                AppAddressTable
 *(.vectors)
 .vectors       0x00021080       0xc8 ./device/EFR32_B_1_1_B/gcc/startup_efr32bg1b.o
                0x00021080                __Vectors
                0x00021148                __Vectors_End = .
                0x000000c8                __Vectors_Size = (__Vectors_End - __Vectors)
                0x00021148                __end__ = .
 *(.gecko_configuration)
 *(.xo_configuration)
 *(.gatt_header)
 .gatt_header   0x00021148       0x34 ./gatt_db.o
                0x00021148                bg_gattdb_data
 *(.gatt_data)
 .gatt_data     0x0002117c      0x1d5 ./gatt_db.o
                0x0002117c                bg_gattdb_data_uuidtable_16_map
                0x00021198                bg_gattdb_data_uuidtable_128_map
                0x000211b8                bg_gattdb_data_attribute_field_18
                0x000211c0                bg_gattdb_data_attribute_field_17
                0x000211d8                bg_gattdb_data_attribute_field_16
                0x000211ec                bg_gattdb_data_attribute_field_15
                0x000211f4                bg_gattdb_data_attribute_field_14
                0x000211fc                bg_gattdb_data_attribute_field_13
                0x00021208                bg_gattdb_data_attribute_field_12
                0x00021210                bg_gattdb_data_attribute_field_11
                0x00021220                bg_gattdb_data_attribute_field_10
                0x00021228                bg_gattdb_data_attribute_field_9
                0x0002122c                bg_gattdb_data_attribute_field_8
                0x00021230                bg_gattdb_data_attribute_field_7
                0x00021238                bg_gattdb_data_attribute_field_6
                0x00021240                bg_gattdb_data_attribute_field_5
                0x00021248                bg_gattdb_data_attribute_field_4
                0x0002124c                bg_gattdb_data_attribute_field_2
                0x00021254                bg_gattdb_data_attribute_field_1
                0x0002125c                bg_gattdb_data_attribute_field_0
                0x00021260                bg_gattdb_data_attributes_map
                0x00021344                bg_gattdb_data_attributes_dynamic_mapping_map
                0x0002134c                bg_gattdb_data_adv_uuid16_map
                0x00021350                bg_gattdb_data_adv_uuid128_map
 *(.application_properties)
 *fill*         0x00021351        0x3 
 .application_properties
                0x00021354       0x38 ./application_properties.o
                0x00021354                applicationProperties
 *(.text*)
 .text          0x0002138c       0x5c c:/siliconlabs/simplicitystudio/v4/developer/toolchains/gnu_arm/4.9_2015q3/bin/../lib/gcc/arm-none-eabi/4.9.3/armv7e-m/fpu/crtbegin.o
 .text          0x000213e8       0x74 c:/siliconlabs/simplicitystudio/v4/developer/toolchains/gnu_arm/4.9_2015q3/bin/../lib/gcc/arm-none-eabi/4.9.3/../../../../arm-none-eabi/lib/armv7e-m/fpu/crt0.o
                0x000213e8                _start
                0x000213e8                _mainCRTStartup
 .text.gecko_init
                0x0002145c       0x40 ./main.o
 .text.gecko_cmd_system_reset
                0x0002149c       0x40 ./main.o
 .text.gecko_cmd_system_set_tx_power
                0x000214dc       0x48 ./main.o
 .text.gecko_cmd_le_gap_set_mode
                0x00021524       0x58 ./main.o
 .text.gecko_cmd_gatt_server_send_user_write_response
                0x0002157c       0x64 ./main.o
 .text.gecko_cmd_endpoint_close
                0x000215e0       0x48 ./main.o
 .text.BUS_RegMaskedClear
                0x00021628       0x24 ./main.o
 .text.GPIO_PinOutClear
                0x0002164c       0x58 ./main.o
 .text.main     0x000216a4      0x2a4 ./main.o
                0x000216a4                main
 .text.LDMA_IRQHandler
                0x00021948       0xe0 ./bgapi/dmadrv.o
                0x00021948                LDMA_IRQHandler
 .text.Reset_Handler
                0x00021a28       0x38 ./device/EFR32_B_1_1_B/gcc/startup_efr32bg1b.o
                0x00021a28                Reset_Handler
 .text.Default_Handler
                0x00021a60        0x8 ./device/EFR32_B_1_1_B/gcc/startup_efr32bg1b.o
                0x00021a60                DebugMon_Handler
                0x00021a60                USART0_TX_IRQHandler
                0x00021a60                I2C0_IRQHandler
                0x00021a60                HardFault_Handler
                0x00021a60                SysTick_Handler
                0x00021a60                USART1_RX_IRQHandler
                0x00021a60                PendSV_Handler
                0x00021a60                NMI_Handler
                0x00021a60                SYNTH_IRQHandler
                0x00021a60                WDOG0_IRQHandler
                0x00021a60                USART1_TX_IRQHandler
                0x00021a60                MSC_IRQHandler
                0x00021a60                ADC0_IRQHandler
                0x00021a60                UsageFault_Handler
                0x00021a60                FPUEH_IRQHandler
                0x00021a60                GPIO_EVEN_IRQHandler
                0x00021a60                TIMER0_IRQHandler
                0x00021a60                TIMER1_IRQHandler
                0x00021a60                RFSENSE_IRQHandler
                0x00021a60                BUFC_IRQHandler
                0x00021a60                MODEM_IRQHandler
                0x00021a60                Default_Handler
                0x00021a60                RAC_SEQ_IRQHandler
                0x00021a60                FRC_PRI_IRQHandler
                0x00021a60                FRC_IRQHandler
                0x00021a60                CRYOTIMER_IRQHandler
                0x00021a60                PCNT0_IRQHandler
                0x00021a60                AGC_IRQHandler
                0x00021a60                ACMP0_IRQHandler
                0x00021a60                MemManage_Handler
                0x00021a60                SVC_Handler
                0x00021a60                RTCC_IRQHandler
                0x00021a60                CRYPTO_IRQHandler
                0x00021a60                CMU_IRQHandler
                0x00021a60                RAC_RSM_IRQHandler
                0x00021a60                GPIO_ODD_IRQHandler
                0x00021a60                PROTIMER_IRQHandler
                0x00021a60                BusFault_Handler
                0x00021a60                IDAC0_IRQHandler
 .text.BUS_RegBitWrite
                0x00021a68       0x2c ./emlib/em_cmu.o
 .text.BUS_RegBitRead
                0x00021a94       0x2c ./emlib/em_cmu.o
 .text.BUS_RegMaskedSet
                0x00021ac0       0x24 ./emlib/em_cmu.o
 .text.BUS_RegMaskedClear
                0x00021ae4       0x24 ./emlib/em_cmu.o
 .text.BUS_RegMaskedWrite
                0x00021b08       0x24 ./emlib/em_cmu.o
 .text.CMU_Log2ToDiv
                0x00021b2c       0x1c ./emlib/em_cmu.o
 .text.setHfLeConfig
                0x00021b48       0x64 ./emlib/em_cmu.o
 .text.auxClkGet
                0x00021bac       0x20 ./emlib/em_cmu.o
 .text.hfSrcClkGet
                0x00021bcc       0x2c ./emlib/em_cmu.o
 .text.dbgClkGet
                0x00021bf8       0x3c ./emlib/em_cmu.o
 .text.adcAsyncClkGet
                0x00021c34       0x80 ./emlib/em_cmu.o
 .text.flashWaitStateControl
                0x00021cb4       0x7c ./emlib/em_cmu.o
 .text.flashWaitStateMax
                0x00021d30       0x14 ./emlib/em_cmu.o
 .text.CMU_UpdateWaitStates
                0x00021d44       0x18 ./emlib/em_cmu.o
                0x00021d44                CMU_UpdateWaitStates
 .text.getRegIshUpperVal
                0x00021d5c       0x38 ./emlib/em_cmu.o
 .text.getHfxoTuningMode
                0x00021d94       0x1c ./emlib/em_cmu.o
 .text.setHfxoTuningMode
                0x00021db0       0x28 ./emlib/em_cmu.o
 .text.lfClkGet
                0x00021dd8       0xe8 ./emlib/em_cmu.o
 .text.syncReg  0x00021ec0       0x38 ./emlib/em_cmu.o
 .text.CMU_ClockEnable
                0x00021ef8       0xcc ./emlib/em_cmu.o
                0x00021ef8                CMU_ClockEnable
 .text.CMU_ClockFreqGet
                0x00021fc4      0x198 ./emlib/em_cmu.o
                0x00021fc4                CMU_ClockFreqGet
 .text.CMU_ClockSelectGet
                0x0002215c      0x190 ./emlib/em_cmu.o
                0x0002215c                CMU_ClockSelectGet
 .text.CMU_ClockSelectSet
                0x000222ec      0x25c ./emlib/em_cmu.o
                0x000222ec                CMU_ClockSelectSet
 .text.CMU_HFXOAutostartEnable
                0x00022548       0x7c ./emlib/em_cmu.o
                0x00022548                CMU_HFXOAutostartEnable
 .text.CMU_HFXOInit
                0x000225c4       0xf4 ./emlib/em_cmu.o
                0x000225c4                CMU_HFXOInit
 .text.CMU_LFXOInit
                0x000226b8       0x50 ./emlib/em_cmu.o
                0x000226b8                CMU_LFXOInit
 .text.CMU_OscillatorEnable
                0x00022708      0x174 ./emlib/em_cmu.o
                0x00022708                CMU_OscillatorEnable
 .text.CMU_OscillatorTuningGet
                0x0002287c       0x74 ./emlib/em_cmu.o
                0x0002287c                CMU_OscillatorTuningGet
 .text.CMU_OscillatorTuningSet
                0x000228f0       0xfc ./emlib/em_cmu.o
                0x000228f0                CMU_OscillatorTuningSet
 .text.CMU_OscillatorTuningWait
                0x000229ec       0x8c ./emlib/em_cmu.o
                0x000229ec                CMU_OscillatorTuningWait
 .text.CMU_OscillatorTuningOptimize
                0x00022a78       0x4c ./emlib/em_cmu.o
                0x00022a78                CMU_OscillatorTuningOptimize
 .text.BUS_RegMaskedSet
                0x00022ac4       0x24 ./emlib/em_gpio.o
 .text.BUS_RegMaskedClear
                0x00022ae8       0x24 ./emlib/em_gpio.o
 .text.BUS_RegMaskedWrite
                0x00022b0c       0x24 ./emlib/em_gpio.o
 .text.GPIO_PinOutClear
                0x00022b30       0x58 ./emlib/em_gpio.o
 .text.GPIO_PinOutSet
                0x00022b88       0x58 ./emlib/em_gpio.o
 .text.GPIO_DriveStrengthSet
                0x00022be0       0x60 ./emlib/em_gpio.o
                0x00022be0                GPIO_DriveStrengthSet
 .text.GPIO_PinModeSet
                0x00022c40      0x108 ./emlib/em_gpio.o
                0x00022c40                GPIO_PinModeSet
 .text.LETIMER_CompareSet
                0x00022d48       0x58 ./emlib/em_letimer.o
                0x00022d48                LETIMER_CompareSet
 .text.LETIMER_Enable
                0x00022da0       0x2c ./emlib/em_letimer.o
                0x00022da0                LETIMER_Enable
 .text.LETIMER_Init
                0x00022dcc       0xcc ./emlib/em_letimer.o
                0x00022dcc                LETIMER_Init
 .text.LEUART_Sync
                0x00022e98       0x30 ./emlib/em_leuart.o
 .text.LEUART_BaudrateSet
                0x00022ec8       0x6c ./emlib/em_leuart.o
                0x00022ec8                LEUART_BaudrateSet
 .text.LEUART_Enable
                0x00022f34       0x3c ./emlib/em_leuart.o
                0x00022f34                LEUART_Enable
 .text.LEUART_FreezeEnable
                0x00022f70       0x34 ./emlib/em_leuart.o
                0x00022f70                LEUART_FreezeEnable
 .text.LEUART_Init
                0x00022fa4       0x68 ./emlib/em_leuart.o
                0x00022fa4                LEUART_Init
 .text.LEUART_Reset
                0x0002300c       0x5c ./emlib/em_leuart.o
                0x0002300c                LEUART_Reset
 .text.RTCC_Init
                0x00023068       0x60 ./emlib/em_rtcc.o
                0x00023068                RTCC_Init
 .text.SYSTEM_ChipRevisionGet
                0x000230c8       0x74 ./emlib/em_system.o
                0x000230c8                SYSTEM_ChipRevisionGet
 .text.USART_BaudrateAsyncSet
                0x0002313c       0xb0 ./emlib/em_usart.o
                0x0002313c                USART_BaudrateAsyncSet
 .text.USART_Enable
                0x000231ec       0x4c ./emlib/em_usart.o
                0x000231ec                USART_Enable
 .text.USART_InitAsync
                0x00023238       0xbc ./emlib/em_usart.o
                0x00023238                USART_InitAsync
 .text.USART_Reset
                0x000232f4       0x94 ./emlib/em_usart.o
                0x000232f4                USART_Reset
 .text.SYSTEM_GetProdRev
                0x00023388       0x1c ./src/InitDevice.o
 .text.BUS_RegBitWrite
                0x000233a4       0x2c ./src/InitDevice.o
 .text.CHIP_Init
                0x000233d0       0xb4 ./src/InitDevice.o
 .text.enter_DefaultMode_from_RESET
                0x00023484       0x2c ./src/InitDevice.o
                0x00023484                enter_DefaultMode_from_RESET
 .text.EMU_enter_DefaultMode_from_RESET
                0x000234b0       0x94 ./src/InitDevice.o
                0x000234b0                EMU_enter_DefaultMode_from_RESET
 .text.LFXO_enter_DefaultMode_from_RESET
                0x00023544        0xc ./src/InitDevice.o
                0x00023544                LFXO_enter_DefaultMode_from_RESET
 .text.CMU_enter_DefaultMode_from_RESET
                0x00023550      0x128 ./src/InitDevice.o
                0x00023550                CMU_enter_DefaultMode_from_RESET
 .text.RTCC_enter_DefaultMode_from_RESET
                0x00023678       0x4c ./src/InitDevice.o
                0x00023678                RTCC_enter_DefaultMode_from_RESET
 .text.GPCRC_enter_DefaultMode_from_RESET
                0x000236c4        0xc ./src/InitDevice.o
                0x000236c4                GPCRC_enter_DefaultMode_from_RESET
 .text.LDMA_enter_DefaultMode_from_RESET
                0x000236d0        0xc ./src/InitDevice.o
                0x000236d0                LDMA_enter_DefaultMode_from_RESET
 .text.PRS_enter_DefaultMode_from_RESET
                0x000236dc       0x20 ./src/InitDevice.o
                0x000236dc                PRS_enter_DefaultMode_from_RESET
 .text.PORTIO_enter_DefaultMode_from_RESET
                0x000236fc        0xc ./src/InitDevice.o
                0x000236fc                PORTIO_enter_DefaultMode_from_RESET
 .text.gecko_cmd_le_gap_set_mode
                0x00023708       0x58 ./src/btModule.o
 .text.gecko_cmd_le_gap_set_adv_parameters
                0x00023760       0x60 ./src/btModule.o
 .text.gecko_cmd_le_connection_set_parameters
                0x000237c0       0x84 ./src/btModule.o
 .text.gecko_cmd_sm_set_bondable_mode
                0x00023844       0x48 ./src/btModule.o
 .text.gecko_cmd_sm_configure
                0x0002388c       0x58 ./src/btModule.o
 .text.gecko_cmd_sm_delete_bondings
                0x000238e4       0x38 ./src/btModule.o
 .text.gecko_cmd_sm_set_passkey
                0x0002391c       0x48 ./src/btModule.o
 .text.configureAdvertising
                0x00023964       0x1c ./src/btModule.o
                0x00023964                configureAdvertising
 .text.configureConnParam
                0x00023980       0x34 ./src/btModule.o
                0x00023980                configureConnParam
 .text.configureSecurity
                0x000239b4       0x5c ./src/btModule.o
                0x000239b4                configureSecurity
 .text.clockSetup
                0x00023a10       0x8c ./src/clockSetup.o
                0x00023a10                clockSetup
 .text.BUS_RegMaskedSet
                0x00023a9c       0x24 ./src/gpio.o
 .text.BUS_RegMaskedClear
                0x00023ac0       0x24 ./src/gpio.o
 .text.GPIO_PinOutClear
                0x00023ae4       0x58 ./src/gpio.o
 .text.GPIO_PinOutSet
                0x00023b3c       0x58 ./src/gpio.o
 .text.gpioSetup
                0x00023b94       0xec ./src/gpio.o
                0x00023b94                gpioSetup
 .text.controlLed
                0x00023c80       0x50 ./src/gpio.o
                0x00023c80                controlLed
 .text.NVIC_EnableIRQ
                0x00023cd0       0x2c ./src/gps.o
 .text.BUS_RegMaskedSet
                0x00023cfc       0x24 ./src/gps.o
 .text.BUS_RegMaskedClear
                0x00023d20       0x24 ./src/gps.o
 .text.GPIO_PinOutClear
                0x00023d44       0x58 ./src/gps.o
 .text.GPIO_PinOutSet
                0x00023d9c       0x58 ./src/gps.o
 .text.LEUARTSetup
                0x00023df4       0xc8 ./src/gps.o
                0x00023df4                LEUARTSetup
 .text.LEUART0_IRQHandler
                0x00023ebc       0x78 ./src/gps.o
                0x00023ebc                LEUART0_IRQHandler
 .text.decodeLocation
                0x00023f34       0xd4 ./src/gps.o
                0x00023f34                decodeLocation
 .text.gpsModuleEnable
                0x00024008       0x28 ./src/gps.o
                0x00024008                gpsModuleEnable
 .text.leuartTransfer
                0x00024030       0x68 ./src/gps.o
                0x00024030                leuartTransfer
 .text.setDBGMode
                0x00024098       0x18 ./src/gps.o
                0x00024098                setDBGMode
 .text.enableOnlyGGA
                0x000240b0       0x3c ./src/gps.o
                0x000240b0                enableOnlyGGA
 .text.setGPSGGA_FilterCmd
                0x000240ec       0x84 ./src/gps.o
                0x000240ec                setGPSGGA_FilterCmd
 .text.readGPSBuffer
                0x00024170       0xdc ./src/gps.o
                0x00024170                readGPSBuffer
 .text.gpsClearBuffer
                0x0002424c       0x34 ./src/gps.o
                0x0002424c                gpsClearBuffer
 .text.NVIC_EnableIRQ
                0x00024280       0x2c ./src/gsm.o
 .text.BUS_RegMaskedSet
                0x000242ac       0x24 ./src/gsm.o
 .text.BUS_RegMaskedClear
                0x000242d0       0x24 ./src/gsm.o
 .text.GPIO_PinOutClear
                0x000242f4       0x58 ./src/gsm.o
 .text.GPIO_PinOutSet
                0x0002434c       0x58 ./src/gsm.o
 .text.USARTSetup
                0x000243a4       0xd4 ./src/gsm.o
                0x000243a4                USARTSetup
 .text.USART0_RX_IRQHandler
                0x00024478       0x94 ./src/gsm.o
                0x00024478                USART0_RX_IRQHandler
 .text.sendDataToGSM
                0x0002450c       0x4c ./src/gsm.o
                0x0002450c                sendDataToGSM
 .text.gsmPWR_ONInput
                0x00024558       0x28 ./src/gsm.o
                0x00024558                gsmPWR_ONInput
 .text.sendGSM_SMS_Alert
                0x00024580      0x12c ./src/gsm.o
                0x00024580                sendGSM_SMS_Alert
 .text.NVIC_EnableIRQ
                0x000246ac       0x2c ./src/timer.o
 .text.LETIMER_IntEnable
                0x000246d8       0x20 ./src/timer.o
 .text.letimerSetup
                0x000246f8       0x8c ./src/timer.o
                0x000246f8                letimerSetup
 .text.LETIMER0_IRQHandler
                0x00024784       0x60 ./src/timer.o
                0x00024784                LETIMER0_IRQHandler
 .text          0x000247e4       0x18 C:/SiliconLabs/SimplicityStudio/v4/developer/sdks/gecko_sdk_suite/v1.1//protocol/bluetooth_2.4/lib/EFR32BG1B/GCC/bgapi.a(gecko_bgapi_hardware.c.obj)
                0x000247e4                gecko_bgapi_class_hardware_init
 .text          0x000247fc       0x18 C:/SiliconLabs/SimplicityStudio/v4/developer/sdks/gecko_sdk_suite/v1.1//protocol/bluetooth_2.4/lib/EFR32BG1B/GCC/bgapi.a(gecko_bgapi_test.c.obj)
                0x000247fc                gecko_bgapi_class_test_init
 .text          0x00024814       0x18 C:/SiliconLabs/SimplicityStudio/v4/developer/sdks/gecko_sdk_suite/v1.1//protocol/bluetooth_2.4/lib/EFR32BG1B/GCC/bgapi.a(gecko_bgapi_dfu.c.obj)
                0x00024814                gecko_bgapi_class_dfu_init
 .text          0x0002482c       0x18 C:/SiliconLabs/SimplicityStudio/v4/developer/sdks/gecko_sdk_suite/v1.1//protocol/bluetooth_2.4/lib/EFR32BG1B/GCC/bgapi.a(gecko_bgapi_gap.c.obj)
                0x0002482c                gecko_bgapi_class_le_gap_init
 .text          0x00024844       0x18 C:/SiliconLabs/SimplicityStudio/v4/developer/sdks/gecko_sdk_suite/v1.1//protocol/bluetooth_2.4/lib/EFR32BG1B/GCC/bgapi.a(gecko_bgapi_gatt.c.obj)
                0x00024844                gecko_bgapi_class_gatt_init
 .text          0x0002485c       0x18 C:/SiliconLabs/SimplicityStudio/v4/developer/sdks/gecko_sdk_suite/v1.1//protocol/bluetooth_2.4/lib/EFR32BG1B/GCC/bgapi.a(gecko_bgapi_gatt_server.c.obj)
                0x0002485c                gecko_bgapi_class_gatt_server_init
 .text          0x00024874       0x18 C:/SiliconLabs/SimplicityStudio/v4/developer/sdks/gecko_sdk_suite/v1.1//protocol/bluetooth_2.4/lib/EFR32BG1B/GCC/bgapi.a(gecko_bgapi_flash.c.obj)
                0x00024874                gecko_bgapi_class_flash_init
 .text          0x0002488c       0x18 C:/SiliconLabs/SimplicityStudio/v4/developer/sdks/gecko_sdk_suite/v1.1//protocol/bluetooth_2.4/lib/EFR32BG1B/GCC/bgapi.a(gecko_bgapi_sm.c.obj)
                0x0002488c                gecko_bgapi_class_sm_init
 .text          0x000248a4       0x18 C:/SiliconLabs/SimplicityStudio/v4/developer/sdks/gecko_sdk_suite/v1.1//protocol/bluetooth_2.4/lib/EFR32BG1B/GCC/bgapi.a(gecko_bgapi_system.c.obj)
                0x000248a4                gecko_bgapi_class_system_init
 .text          0x000248bc       0x18 C:/SiliconLabs/SimplicityStudio/v4/developer/sdks/gecko_sdk_suite/v1.1//protocol/bluetooth_2.4/lib/EFR32BG1B/GCC/bgapi.a(gecko_bgapi_endpoint.c.obj)
                0x000248bc                gecko_bgapi_class_endpoint_init
 .text          0x000248d4       0x18 C:/SiliconLabs/SimplicityStudio/v4/developer/sdks/gecko_sdk_suite/v1.1//protocol/bluetooth_2.4/lib/EFR32BG1B/GCC/bgapi.a(gecko_bgapi_le_connection.c.obj)
                0x000248d4                gecko_bgapi_class_le_connection_init
 .text          0x000248ec      0x1d0 C:/SiliconLabs/SimplicityStudio/v4/developer/sdks/gecko_sdk_suite/v1.1//protocol/bluetooth_2.4/lib/EFR32BG1B/GCC/bgapi.a(bgapi_hardware.c.obj)
                0x000248ec                soft_timer_comparison
                0x00024980                bgapi_hardware_soft_timer_listener
                0x000249c0                lib_hardware_handler_init
                0x000249d4                gecko_cmd_hardware_set_soft_timer
                0x00024a14                gecko_cmd_hardware_set_lazy_soft_timer
                0x00024a54                gecko_cmd_hardware_get_time
                0x00024a88                gecko_cmd_hardware_enable_dcdc
 .text          0x00024abc      0x330 C:/SiliconLabs/SimplicityStudio/v4/developer/sdks/gecko_sdk_suite/v1.1//protocol/bluetooth_2.4/lib/EFR32BG1B/GCC/bgapi.a(bgapi_test_lib.c.obj)
                0x00024abc                bgapi_test_lib_msg_handler
                0x00024b14                lib_test_handler_init
                0x00024b34                disable_interrupts
                0x00024b58                gecko_cmd_test_dtm_tx
                0x00024bec                gecko_cmd_test_dtm_rx
                0x00024c38                gecko_cmd_test_dtm_end
                0x00024ca0                gecko_cmd_test_debug_command
                0x00024d70                gecko_cmd_test_debug_counter
 .text          0x00024dec       0x8c C:/SiliconLabs/SimplicityStudio/v4/developer/sdks/gecko_sdk_suite/v1.1//protocol/bluetooth_2.4/lib/EFR32BG1B/GCC/bgapi.a(bgapi_dfu.c.obj)
                0x00024dec                lib_dfu_handler_init
                0x00024dee                gecko_cmd_dfu_reset
                0x00024df4                gecko_cmd_dfu_flash_set_address
                0x00024e20                gecko_cmd_dfu_flash_upload
                0x00024e4c                gecko_cmd_dfu_flash_upload_finish
 .text          0x00024e78      0x34c C:/SiliconLabs/SimplicityStudio/v4/developer/sdks/gecko_sdk_suite/v1.1//protocol/bluetooth_2.4/lib/EFR32BG1B/GCC/bgapi.a(bgapi_gap.c.obj)
                0x00024e78                lib_le_gap_handler_init
                0x00024e7a                gecko_cmd_le_gap_set_mode
                0x00024ec0                gecko_cmd_le_gap_bt5_set_mode
                0x00024f04                gecko_cmd_le_gap_set_adv_data
                0x00024f4c                gecko_cmd_le_gap_bt5_set_adv_data
                0x00024f80                gecko_cmd_le_gap_set_adv_timeout
                0x00024fd4                gecko_cmd_le_gap_open
                0x00025038                gecko_cmd_le_gap_discover
                0x00025064                gecko_cmd_le_gap_end_procedure
                0x00025090                gecko_cmd_le_gap_set_adv_parameters
                0x000250c4                gecko_cmd_le_gap_bt5_set_adv_parameters
                0x00025100                gecko_cmd_le_gap_set_scan_parameters
                0x00025130                gecko_cmd_le_gap_set_conn_parameters
                0x00025168                gecko_cmd_le_gap_set_phy
                0x00025194                gecko_cmd_le_gap_set_privacy_mode
 .text          0x000251c4      0x6c4 C:/SiliconLabs/SimplicityStudio/v4/developer/sdks/gecko_sdk_suite/v1.1//protocol/bluetooth_2.4/lib/EFR32BG1B/GCC/bgapi.a(bgapi_gatt_lib.c.obj)
                0x000251c4                lib_gatt_handler_init
                0x000251c8                lib_gatt_server_handler_init
                0x000251ca                gecko_cmd_gatt_set_max_mtu
                0x00025204                gecko_cmd_gatt_discover_primary_services
                0x00025234                gecko_cmd_gatt_discover_primary_services_by_uuid
                0x00025270                gecko_cmd_gatt_find_included_services
                0x000252a4                gecko_cmd_gatt_discover_characteristics
                0x000252d8                gecko_cmd_gatt_discover_characteristics_by_uuid
                0x00025318                gecko_cmd_gatt_read_characteristic_value
                0x00025350                gecko_cmd_gatt_read_characteristic_value_from_offset
                0x0002538c                gecko_cmd_gatt_read_characteristic_value_by_uuid
                0x000253cc                gecko_cmd_gatt_read_multiple_characteristic_values
                0x00025400                gecko_cmd_gatt_write_characteristic_value
                0x00025438                gecko_cmd_gatt_write_characteristic_value_without_response
                0x0002547c                gecko_cmd_gatt_prepare_characteristic_value_write
                0x000254cc                gecko_cmd_gatt_execute_characteristic_value_write
                0x00025500                gecko_cmd_gatt_set_characteristic_notification
                0x00025538                gecko_cmd_gatt_discover_descriptors
                0x0002556c                gecko_cmd_gatt_read_descriptor_value
                0x000255a0                gecko_cmd_gatt_write_descriptor_value
                0x000255d8                gecko_cmd_gatt_server_read_attribute_value
                0x00025620                gecko_cmd_gatt_server_read_attribute_type
                0x00025664                gecko_cmd_gatt_server_find_attribute
                0x000256a0                gecko_cmd_gatt_server_write_attribute_value
                0x000256d4                gecko_cmd_gatt_server_send_user_read_response
                0x00025724                gecko_cmd_gatt_server_send_user_write_response
                0x0002575c                gecko_cmd_gatt_server_send_characteristic_notification
                0x000257a8                gecko_cmd_gatt_send_characteristic_confirmation
                0x000257d8                gecko_cmd_gatt_server_set_database
                0x00025808                gecko_cmd_gatt_server_set_capabilities
                0x00025838                gecko_cmd_gatt_prepare_characteristic_value_reliable_write
 .text          0x00025888      0x1d0 C:/SiliconLabs/SimplicityStudio/v4/developer/sdks/gecko_sdk_suite/v1.1//protocol/bluetooth_2.4/lib/EFR32BG1B/GCC/bgapi.a(bgapi_ps.c.obj)
                0x00025888                bgapi_ps_dump_listener
                0x000258c8                lib_flash_handler_init
                0x000258dc                gecko_cmd_flash_ps_dump
                0x00025974                gecko_cmd_flash_ps_erase_all
                0x000259a4                gecko_cmd_flash_ps_save
                0x000259e0                gecko_cmd_flash_ps_load
                0x00025a24                gecko_cmd_flash_ps_erase
 .text          0x00025a58      0x3cc C:/SiliconLabs/SimplicityStudio/v4/developer/sdks/gecko_sdk_suite/v1.1//protocol/bluetooth_2.4/lib/EFR32BG1B/GCC/bgapi.a(bgapi_sm.c.obj)
                0x00025b20                lib_sm_handler_init
                0x00025b34                gecko_cmd_sm_list_all_bondings
                0x00025b6c                gecko_cmd_sm_increase_security
                0x00025b9c                gecko_cmd_sm_set_bondable_mode
                0x00025bc8                gecko_cmd_sm_delete_bonding
                0x00025bf8                gecko_cmd_sm_delete_bondings
                0x00025c28                gecko_cmd_sm_configure
                0x00025c58                gecko_cmd_sm_enter_passkey
                0x00025c8c                gecko_cmd_sm_set_passkey
                0x00025cb8                gecko_cmd_sm_passkey_confirm
                0x00025cec                gecko_cmd_sm_set_oob_data
                0x00025d1c                gecko_cmd_sm_set_sc_remote_oob_data
                0x00025d4c                gecko_cmd_sm_use_sc_oob
                0x00025d8c                gecko_cmd_sm_store_bonding_configuration
                0x00025dc0                gecko_cmd_sm_bonding_confirm
                0x00025df4                gecko_cmd_sm_set_debug_mode
 .text          0x00025e24      0x1d8 C:/SiliconLabs/SimplicityStudio/v4/developer/sdks/gecko_sdk_suite/v1.1//protocol/bluetooth_2.4/lib/EFR32BG1B/GCC/bgapi.a(bgapi_system.c.obj)
                0x00025e24                bgapi_system_listener
                0x00025e54                lib_system_handler_init
                0x00025e68                gecko_cmd_system_get_bt_address
                0x00025ea0                gecko_cmd_system_set_bt_address
                0x00025ed4                gecko_cmd_system_set_device_name
                0x00025f10                gecko_cmd_system_get_random_data
                0x00025f58                gecko_cmd_system_halt
                0x00025f8c                gecko_cmd_system_set_tx_power
                0x00025fbc                gecko_cmd_system_hello
                0x00025fe4                gecko_cmd_system_reset
                0x00025fea                gecko_send_system_awake
 .text          0x00025ffc      0x1ac C:/SiliconLabs/SimplicityStudio/v4/developer/sdks/gecko_sdk_suite/v1.1//protocol/bluetooth_2.4/lib/EFR32BG1B/GCC/bgapi.a(bgapi_endpoint.c.obj)
                0x00025ffc                lib_endpoint_handler_init
                0x00025ffe                gecko_cmd_endpoint_send
                0x000260a8                gecko_cmd_endpoint_set_streaming_destination
                0x00026100                gecko_cmd_endpoint_close
                0x0002615c                gecko_cmd_endpoint_set_flags
                0x0002615e                gecko_cmd_endpoint_clr_flags
                0x00026160                gecko_cmd_endpoint_read_counters
 .text          0x000261a8      0x104 C:/SiliconLabs/SimplicityStudio/v4/developer/sdks/gecko_sdk_suite/v1.1//protocol/bluetooth_2.4/lib/EFR32BG1B/GCC/bgapi.a(bgapi_le_connection.c.obj)
                0x000261a8                lib_le_connection_handler_init
                0x000261aa                gecko_cmd_le_connection_set_parameters
                0x000261f8                gecko_cmd_le_connection_get_rssi
                0x00026228                gecko_cmd_le_connection_disable_slave_latency
                0x00026270                gecko_cmd_le_connection_set_phy
 .text          0x000262ac      0xdf0 C:/SiliconLabs/SimplicityStudio/v4/developer/sdks/gecko_sdk_suite/v1.1//protocol/bluetooth_2.4/lib/EFR32BG1B/GCC/bgapi.a(gatt_client.c.obj)
                0x00026514                gatt_discover_primary_services
                0x00026552                gatt_discover_primary_services_by_uuid
                0x000265a8                gatt_find_included_services
                0x000265f8                gatt_find_included_services_handler
                0x000266a8                gatt_discover_characteristics
                0x000266ca                gatt_discover_characteristics_by_uuid
                0x0002670c                gatt_discover_descriptors
                0x00026748                gatt_read_characteristic_value
                0x00026780                gatt_read_characteristic_value_by_uuid
                0x000267ba                gatt_read_multiple_characteristic_values
                0x000267de                gatt_write_characteristic_value
                0x00026804                gatt_write_characteristic_value_without_response
                0x0002681e                gatt_prepare_characteristic_value_write
                0x00026894                gatt_execute_characteristic_value_write
                0x000268b6                gatt_set_characteristic_notification
                0x000268f6                gatt_read_descriptor_value
                0x0002691e                gatt_write_descriptor_value
                0x00026944                gatt_handle_exchange_mtu_rsp
                0x00026960                gatt_handle_find_information_response
                0x00026ab2                gatt_handle_find_by_type_value_response
                0x00026b4e                gatt_handle_read_response
                0x00026cac                gatt_handle_read_blob_response
                0x00026ce2                gatt_handle_read_multiple_response
                0x00026d1e                gatt_handle_read_by_type_response
                0x00026e68                gatt_handle_read_by_group_type_response
                0x00026f10                gatt_handle_write_response
                0x00026f24                gatt_handle_prepare_write_response
                0x00027016                gatt_handle_execute_write_response
                0x0002704e                gatt_client_handle_value_notification
                0x00027060                gatt_client_handle_value_indication
                0x00027074                gatt_send_characteristic_confirmation
                0x00027092                gatt_client_init
 .text          0x0002709c      0x250 C:/SiliconLabs/SimplicityStudio/v4/developer/sdks/gecko_sdk_suite/v1.1//protocol/bluetooth_2.4/lib/EFR32BG1B/GCC/bgapi.a(ubt_gatt_client.c.obj)
                0x0002709c                ubt_gatt_discover_primary_services
                0x000270b2                ubt_gatt_discover_primary_services_by_uuid
                0x000270de                ubt_gatt_find_included_services
                0x000270f8                ubt_gatt_discover_characteristics
                0x00027112                ubt_gatt_discover_characteristics_by_uuid
                0x00027142                ubt_gatt_discover_descriptors
                0x0002715c                ubt_gatt_read_characteristic_value
                0x0002717e                ubt_gatt_read_characteristic_value_by_uuid
                0x000271ae                ubt_gatt_read_multiple_characteristic_values
                0x000271cc                ubt_gatt_write_characteristic_value
                0x000271ee                ubt_gatt_write_characteristic_value_without_response
                0x00027228                ubt_gatt_prepare_characteristic_value_write
                0x00027262                ubt_gatt_execute_characteristic_value_write
                0x0002727c                ubt_gatt_send_characteristic_confirmation
                0x00027292                ubt_gatt_read_descriptor_value
                0x000272ac                ubt_gatt_write_descriptor_value
                0x000272ce                ubt_gatt_set_characteristic_notification
 .text          0x000272ec      0x4ec C:/SiliconLabs/SimplicityStudio/v4/developer/sdks/gecko_sdk_suite/v1.1//protocol/bluetooth_2.4/lib/EFR32BG1B/GCC/bgapi.a(att_client.c.obj)
                0x000272ec                att_send_find_information_request
                0x00027312                att_send_find_by_type_value_request
                0x00027344                att_send_read_by_type_request
                0x00027370                att_send_read_request
                0x00027390                att_send_read_blob_request
                0x000273b6                att_send_read_multiple_request
                0x000273e2                att_send_read_by_group_type_request
                0x0002740e                att_send_write_request
                0x0002743a                att_send_write_command
                0x00027466                att_send_signed_write_command
                0x000274a0                att_send_prepare_write_request
                0x000274dc                att_send_execute_write_request
                0x000274fa                att_send_handle_value_confirmation
                0x00027512                validate_gatt_client_pdu_len
                0x000275cc                att_gatt_client_handler
 .text          0x000277d8       0x30 c:/siliconlabs/simplicitystudio/v4/developer/toolchains/gnu_arm/4.9_2015q3/bin/../lib/gcc/arm-none-eabi/4.9.3/armv7e-m/fpu\libgcc.a(_aeabi_uldivmod.o)
                0x000277d8                __aeabi_uldivmod
 .text          0x00027808       0x60 c:/siliconlabs/simplicitystudio/v4/developer/toolchains/gnu_arm/4.9_2015q3/bin/../lib/gcc/arm-none-eabi/4.9.3/armv7e-m/fpu\libgcc.a(bpabi.o)
                0x00027808                __gnu_ldivmod_helper
                0x00027838                __gnu_uldivmod_helper
 .text          0x00027868        0x4 c:/siliconlabs/simplicitystudio/v4/developer/toolchains/gnu_arm/4.9_2015q3/bin/../lib/gcc/arm-none-eabi/4.9.3/armv7e-m/fpu\libgcc.a(_dvmd_tls.o)
                0x00027868                __aeabi_idiv0
                0x00027868                __aeabi_ldiv0
 .text          0x0002786c      0x29c c:/siliconlabs/simplicitystudio/v4/developer/toolchains/gnu_arm/4.9_2015q3/bin/../lib/gcc/arm-none-eabi/4.9.3/armv7e-m/fpu\libgcc.a(_divdi3.o)
                0x0002786c                __divdi3
 .text          0x00027b08      0x26c c:/siliconlabs/simplicitystudio/v4/developer/toolchains/gnu_arm/4.9_2015q3/bin/../lib/gcc/arm-none-eabi/4.9.3/armv7e-m/fpu\libgcc.a(_udivdi3.o)
                0x00027b08                __udivdi3
 .text.exit     0x00027d74       0x20 c:/siliconlabs/simplicitystudio/v4/developer/toolchains/gnu_arm/4.9_2015q3/bin/../lib/gcc/arm-none-eabi/4.9.3/../../../../arm-none-eabi/lib/armv7e-m/fpu\libc.a(lib_a-exit.o)
                0x00027d74                exit
 .text.__libc_init_array
                0x00027d94       0x50 c:/siliconlabs/simplicitystudio/v4/developer/toolchains/gnu_arm/4.9_2015q3/bin/../lib/gcc/arm-none-eabi/4.9.3/../../../../arm-none-eabi/lib/armv7e-m/fpu\libc.a(lib_a-init.o)
                0x00027d94                __libc_init_array
 .text.malloc   0x00027de4       0x10 c:/siliconlabs/simplicitystudio/v4/developer/toolchains/gnu_arm/4.9_2015q3/bin/../lib/gcc/arm-none-eabi/4.9.3/../../../../arm-none-eabi/lib/armv7e-m/fpu\libc.a(lib_a-malloc.o)
                0x00027de4                malloc
 .text.free     0x00027df4       0x10 c:/siliconlabs/simplicitystudio/v4/developer/toolchains/gnu_arm/4.9_2015q3/bin/../lib/gcc/arm-none-eabi/4.9.3/../../../../arm-none-eabi/lib/armv7e-m/fpu\libc.a(lib_a-malloc.o)
                0x00027df4                free
 .text._malloc_r
                0x00027e04      0x524 c:/siliconlabs/simplicitystudio/v4/developer/toolchains/gnu_arm/4.9_2015q3/bin/../lib/gcc/arm-none-eabi/4.9.3/../../../../arm-none-eabi/lib/armv7e-m/fpu\libc.a(lib_a-mallocr.o)
                0x00027e04                _malloc_r
 .text.memcmp   0x00028328       0x64 c:/siliconlabs/simplicitystudio/v4/developer/toolchains/gnu_arm/4.9_2015q3/bin/../lib/gcc/arm-none-eabi/4.9.3/../../../../arm-none-eabi/lib/armv7e-m/fpu\libc.a(lib_a-memcmp.o)
                0x00028328                memcmp
 .text          0x0002838c      0x134 c:/siliconlabs/simplicitystudio/v4/developer/toolchains/gnu_arm/4.9_2015q3/bin/../lib/gcc/arm-none-eabi/4.9.3/../../../../arm-none-eabi/lib/armv7e-m/fpu\libc.a(lib_a-memcpy.o)
                0x0002838c                memcpy
 .text.memset   0x000284c0       0x9c c:/siliconlabs/simplicitystudio/v4/developer/toolchains/gnu_arm/4.9_2015q3/bin/../lib/gcc/arm-none-eabi/4.9.3/../../../../arm-none-eabi/lib/armv7e-m/fpu\libc.a(lib_a-memset.o)
                0x000284c0                memset
 .text.__malloc_lock
                0x0002855c        0x4 c:/siliconlabs/simplicitystudio/v4/developer/toolchains/gnu_arm/4.9_2015q3/bin/../lib/gcc/arm-none-eabi/4.9.3/../../../../arm-none-eabi/lib/armv7e-m/fpu\libc.a(lib_a-mlock.o)
                0x0002855c                __malloc_lock
 .text.__malloc_unlock
                0x00028560        0x4 c:/siliconlabs/simplicitystudio/v4/developer/toolchains/gnu_arm/4.9_2015q3/bin/../lib/gcc/arm-none-eabi/4.9.3/../../../../arm-none-eabi/lib/armv7e-m/fpu\libc.a(lib_a-mlock.o)
                0x00028560                __malloc_unlock
 .text._sbrk_r  0x00028564       0x24 c:/siliconlabs/simplicitystudio/v4/developer/toolchains/gnu_arm/4.9_2015q3/bin/../lib/gcc/arm-none-eabi/4.9.3/../../../../arm-none-eabi/lib/armv7e-m/fpu\libc.a(lib_a-sbrkr.o)
                0x00028564                _sbrk_r
 .text.sprintf  0x00028588       0x4c c:/siliconlabs/simplicitystudio/v4/developer/toolchains/gnu_arm/4.9_2015q3/bin/../lib/gcc/arm-none-eabi/4.9.3/../../../../arm-none-eabi/lib/armv7e-m/fpu\libc.a(lib_a-sprintf.o)
                0x00028588                sprintf
 .text.sscanf   0x000285d4       0x58 c:/siliconlabs/simplicitystudio/v4/developer/toolchains/gnu_arm/4.9_2015q3/bin/../lib/gcc/arm-none-eabi/4.9.3/../../../../arm-none-eabi/lib/armv7e-m/fpu\libc.a(lib_a-sscanf.o)
                0x000285d4                sscanf
 .text.__seofread
                0x0002862c        0x4 c:/siliconlabs/simplicitystudio/v4/developer/toolchains/gnu_arm/4.9_2015q3/bin/../lib/gcc/arm-none-eabi/4.9.3/../../../../arm-none-eabi/lib/armv7e-m/fpu\libc.a(lib_a-stdio.o)
                0x0002862c                __seofread
 *fill*         0x00028630       0x10 
 .text          0x00028640      0x2dc c:/siliconlabs/simplicitystudio/v4/developer/toolchains/gnu_arm/4.9_2015q3/bin/../lib/gcc/arm-none-eabi/4.9.3/../../../../arm-none-eabi/lib/armv7e-m/fpu\libc.a(lib_a-strcmp.o)
                0x00028648                strcmp
 .text.strcpy   0x0002891c       0xbc c:/siliconlabs/simplicitystudio/v4/developer/toolchains/gnu_arm/4.9_2015q3/bin/../lib/gcc/arm-none-eabi/4.9.3/../../../../arm-none-eabi/lib/armv7e-m/fpu\libc.a(lib_a-strcpy.o)
                0x0002891c                strcpy
 .text.strlen   0x000289d8       0x5c c:/siliconlabs/simplicitystudio/v4/developer/toolchains/gnu_arm/4.9_2015q3/bin/../lib/gcc/arm-none-eabi/4.9.3/../../../../arm-none-eabi/lib/armv7e-m/fpu\libc.a(lib_a-strlen.o)
                0x000289d8                strlen
 .text.strtok   0x00028a34       0x10 c:/siliconlabs/simplicitystudio/v4/developer/toolchains/gnu_arm/4.9_2015q3/bin/../lib/gcc/arm-none-eabi/4.9.3/../../../../arm-none-eabi/lib/armv7e-m/fpu\libc.a(lib_a-strtok.o)
                0x00028a34                strtok
 .text.__strtok_r
                0x00028a44       0x64 c:/siliconlabs/simplicitystudio/v4/developer/toolchains/gnu_arm/4.9_2015q3/bin/../lib/gcc/arm-none-eabi/4.9.3/../../../../arm-none-eabi/lib/armv7e-m/fpu\libc.a(lib_a-strtok_r.o)
                0x00028a44                __strtok_r
 .text._svfprintf_r
                0x00028aa8     0x14cc c:/siliconlabs/simplicitystudio/v4/developer/toolchains/gnu_arm/4.9_2015q3/bin/../lib/gcc/arm-none-eabi/4.9.3/../../../../arm-none-eabi/lib/armv7e-m/fpu\libc.a(lib_a-svfprintf.o)
                0x00028aa8                _svfprintf_r
 .text.__ssvfscanf_r
                0x00029f74      0xe5c c:/siliconlabs/simplicitystudio/v4/developer/toolchains/gnu_arm/4.9_2015q3/bin/../lib/gcc/arm-none-eabi/4.9.3/../../../../arm-none-eabi/lib/armv7e-m/fpu\libc.a(lib_a-svfscanf.o)
                0x00029f74                __ssvfscanf_r
 .text.startup.register_fini
                0x0002add0       0x14 c:/siliconlabs/simplicitystudio/v4/developer/toolchains/gnu_arm/4.9_2015q3/bin/../lib/gcc/arm-none-eabi/4.9.3/../../../../arm-none-eabi/lib/armv7e-m/fpu\libc.a(lib_a-__call_atexit.o)
 .text.__call_exitprocs
                0x0002ade4       0xd4 c:/siliconlabs/simplicitystudio/v4/developer/toolchains/gnu_arm/4.9_2015q3/bin/../lib/gcc/arm-none-eabi/4.9.3/../../../../arm-none-eabi/lib/armv7e-m/fpu\libc.a(lib_a-__call_atexit.o)
                0x0002ade4                __call_exitprocs
 .text.atexit   0x0002aeb8        0xc c:/siliconlabs/simplicitystudio/v4/developer/toolchains/gnu_arm/4.9_2015q3/bin/../lib/gcc/arm-none-eabi/4.9.3/../../../../arm-none-eabi/lib/armv7e-m/fpu\libc.a(lib_a-atexit.o)
                0x0002aeb8                atexit
 .text.quorem   0x0002aec4      0x12c c:/siliconlabs/simplicitystudio/v4/developer/toolchains/gnu_arm/4.9_2015q3/bin/../lib/gcc/arm-none-eabi/4.9.3/../../../../arm-none-eabi/lib/armv7e-m/fpu\libc.a(lib_a-dtoa.o)
 .text._dtoa_r  0x0002aff0      0xea4 c:/siliconlabs/simplicitystudio/v4/developer/toolchains/gnu_arm/4.9_2015q3/bin/../lib/gcc/arm-none-eabi/4.9.3/../../../../arm-none-eabi/lib/armv7e-m/fpu\libc.a(lib_a-dtoa.o)
                0x0002aff0                _dtoa_r
 .text.__libc_fini_array
                0x0002be94       0x2c c:/siliconlabs/simplicitystudio/v4/developer/toolchains/gnu_arm/4.9_2015q3/bin/../lib/gcc/arm-none-eabi/4.9.3/../../../../arm-none-eabi/lib/armv7e-m/fpu\libc.a(lib_a-fini.o)
                0x0002be94                __libc_fini_array
 .text._malloc_trim_r
                0x0002bec0       0x9c c:/siliconlabs/simplicitystudio/v4/developer/toolchains/gnu_arm/4.9_2015q3/bin/../lib/gcc/arm-none-eabi/4.9.3/../../../../arm-none-eabi/lib/armv7e-m/fpu\libc.a(lib_a-freer.o)
                0x0002bec0                _malloc_trim_r
 .text._free_r  0x0002bf5c      0x1b0 c:/siliconlabs/simplicitystudio/v4/developer/toolchains/gnu_arm/4.9_2015q3/bin/../lib/gcc/arm-none-eabi/4.9.3/../../../../arm-none-eabi/lib/armv7e-m/fpu\libc.a(lib_a-freer.o)
                0x0002bf5c                _free_r
 .text.iswspace
                0x0002c10c       0x1c c:/siliconlabs/simplicitystudio/v4/developer/toolchains/gnu_arm/4.9_2015q3/bin/../lib/gcc/arm-none-eabi/4.9.3/../../../../arm-none-eabi/lib/armv7e-m/fpu\libc.a(lib_a-iswspace.o)
                0x0002c10c                iswspace
 .text.__locale_charset
                0x0002c128        0x8 c:/siliconlabs/simplicitystudio/v4/developer/toolchains/gnu_arm/4.9_2015q3/bin/../lib/gcc/arm-none-eabi/4.9.3/../../../../arm-none-eabi/lib/armv7e-m/fpu\libc.a(lib_a-locale.o)
                0x0002c128                __locale_charset
 .text.__locale_mb_cur_max
                0x0002c130        0xc c:/siliconlabs/simplicitystudio/v4/developer/toolchains/gnu_arm/4.9_2015q3/bin/../lib/gcc/arm-none-eabi/4.9.3/../../../../arm-none-eabi/lib/armv7e-m/fpu\libc.a(lib_a-locale.o)
                0x0002c130                __locale_mb_cur_max
 .text._localeconv_r
                0x0002c13c        0x8 c:/siliconlabs/simplicitystudio/v4/developer/toolchains/gnu_arm/4.9_2015q3/bin/../lib/gcc/arm-none-eabi/4.9.3/../../../../arm-none-eabi/lib/armv7e-m/fpu\libc.a(lib_a-locale.o)
                0x0002c13c                _localeconv_r
 .text._mbrtowc_r
                0x0002c144       0x5c c:/siliconlabs/simplicitystudio/v4/developer/toolchains/gnu_arm/4.9_2015q3/bin/../lib/gcc/arm-none-eabi/4.9.3/../../../../arm-none-eabi/lib/armv7e-m/fpu\libc.a(lib_a-mbrtowc.o)
                0x0002c144                _mbrtowc_r
 .text.__ascii_mbtowc
                0x0002c1a0       0x2c c:/siliconlabs/simplicitystudio/v4/developer/toolchains/gnu_arm/4.9_2015q3/bin/../lib/gcc/arm-none-eabi/4.9.3/../../../../arm-none-eabi/lib/armv7e-m/fpu\libc.a(lib_a-mbtowc_r.o)
                0x0002c1a0                __ascii_mbtowc
 .text.memchr   0x0002c1cc       0x94 c:/siliconlabs/simplicitystudio/v4/developer/toolchains/gnu_arm/4.9_2015q3/bin/../lib/gcc/arm-none-eabi/4.9.3/../../../../arm-none-eabi/lib/armv7e-m/fpu\libc.a(lib_a-memchr.o)
                0x0002c1cc                memchr
 .text._Balloc  0x0002c260       0x4c c:/siliconlabs/simplicitystudio/v4/developer/toolchains/gnu_arm/4.9_2015q3/bin/../lib/gcc/arm-none-eabi/4.9.3/../../../../arm-none-eabi/lib/armv7e-m/fpu\libc.a(lib_a-mprec.o)
                0x0002c260                _Balloc
 .text._Bfree   0x0002c2ac       0x14 c:/siliconlabs/simplicitystudio/v4/developer/toolchains/gnu_arm/4.9_2015q3/bin/../lib/gcc/arm-none-eabi/4.9.3/../../../../arm-none-eabi/lib/armv7e-m/fpu\libc.a(lib_a-mprec.o)
                0x0002c2ac                _Bfree
 .text.__multadd
                0x0002c2c0       0x84 c:/siliconlabs/simplicitystudio/v4/developer/toolchains/gnu_arm/4.9_2015q3/bin/../lib/gcc/arm-none-eabi/4.9.3/../../../../arm-none-eabi/lib/armv7e-m/fpu\libc.a(lib_a-mprec.o)
                0x0002c2c0                __multadd
 .text.__s2b    0x0002c344       0x98 c:/siliconlabs/simplicitystudio/v4/developer/toolchains/gnu_arm/4.9_2015q3/bin/../lib/gcc/arm-none-eabi/4.9.3/../../../../arm-none-eabi/lib/armv7e-m/fpu\libc.a(lib_a-mprec.o)
                0x0002c344                __s2b
 .text.__hi0bits
                0x0002c3dc       0x40 c:/siliconlabs/simplicitystudio/v4/developer/toolchains/gnu_arm/4.9_2015q3/bin/../lib/gcc/arm-none-eabi/4.9.3/../../../../arm-none-eabi/lib/armv7e-m/fpu\libc.a(lib_a-mprec.o)
                0x0002c3dc                __hi0bits
 .text.__lo0bits
                0x0002c41c       0x5c c:/siliconlabs/simplicitystudio/v4/developer/toolchains/gnu_arm/4.9_2015q3/bin/../lib/gcc/arm-none-eabi/4.9.3/../../../../arm-none-eabi/lib/armv7e-m/fpu\libc.a(lib_a-mprec.o)
                0x0002c41c                __lo0bits
 .text.__i2b    0x0002c478       0x14 c:/siliconlabs/simplicitystudio/v4/developer/toolchains/gnu_arm/4.9_2015q3/bin/../lib/gcc/arm-none-eabi/4.9.3/../../../../arm-none-eabi/lib/armv7e-m/fpu\libc.a(lib_a-mprec.o)
                0x0002c478                __i2b
 .text.__multiply
                0x0002c48c      0x134 c:/siliconlabs/simplicitystudio/v4/developer/toolchains/gnu_arm/4.9_2015q3/bin/../lib/gcc/arm-none-eabi/4.9.3/../../../../arm-none-eabi/lib/armv7e-m/fpu\libc.a(lib_a-mprec.o)
                0x0002c48c                __multiply
 .text.__pow5mult
                0x0002c5c0       0xa0 c:/siliconlabs/simplicitystudio/v4/developer/toolchains/gnu_arm/4.9_2015q3/bin/../lib/gcc/arm-none-eabi/4.9.3/../../../../arm-none-eabi/lib/armv7e-m/fpu\libc.a(lib_a-mprec.o)
                0x0002c5c0                __pow5mult
 .text.__lshift
                0x0002c660       0xac c:/siliconlabs/simplicitystudio/v4/developer/toolchains/gnu_arm/4.9_2015q3/bin/../lib/gcc/arm-none-eabi/4.9.3/../../../../arm-none-eabi/lib/armv7e-m/fpu\libc.a(lib_a-mprec.o)
                0x0002c660                __lshift
 .text.__mcmp   0x0002c70c       0x48 c:/siliconlabs/simplicitystudio/v4/developer/toolchains/gnu_arm/4.9_2015q3/bin/../lib/gcc/arm-none-eabi/4.9.3/../../../../arm-none-eabi/lib/armv7e-m/fpu\libc.a(lib_a-mprec.o)
                0x0002c70c                __mcmp
 .text.__mdiff  0x0002c754       0xd4 c:/siliconlabs/simplicitystudio/v4/developer/toolchains/gnu_arm/4.9_2015q3/bin/../lib/gcc/arm-none-eabi/4.9.3/../../../../arm-none-eabi/lib/armv7e-m/fpu\libc.a(lib_a-mprec.o)
                0x0002c754                __mdiff
 .text.__ulp    0x0002c828       0x50 c:/siliconlabs/simplicitystudio/v4/developer/toolchains/gnu_arm/4.9_2015q3/bin/../lib/gcc/arm-none-eabi/4.9.3/../../../../arm-none-eabi/lib/armv7e-m/fpu\libc.a(lib_a-mprec.o)
                0x0002c828                __ulp
 .text.__b2d    0x0002c878       0xc4 c:/siliconlabs/simplicitystudio/v4/developer/toolchains/gnu_arm/4.9_2015q3/bin/../lib/gcc/arm-none-eabi/4.9.3/../../../../arm-none-eabi/lib/armv7e-m/fpu\libc.a(lib_a-mprec.o)
                0x0002c878                __b2d
 .text.__d2b    0x0002c93c       0xbc c:/siliconlabs/simplicitystudio/v4/developer/toolchains/gnu_arm/4.9_2015q3/bin/../lib/gcc/arm-none-eabi/4.9.3/../../../../arm-none-eabi/lib/armv7e-m/fpu\libc.a(lib_a-mprec.o)
                0x0002c93c                __d2b
 .text.__ratio  0x0002c9f8       0x60 c:/siliconlabs/simplicitystudio/v4/developer/toolchains/gnu_arm/4.9_2015q3/bin/../lib/gcc/arm-none-eabi/4.9.3/../../../../arm-none-eabi/lib/armv7e-m/fpu\libc.a(lib_a-mprec.o)
                0x0002c9f8                __ratio
 .text.__copybits
                0x0002ca58       0x48 c:/siliconlabs/simplicitystudio/v4/developer/toolchains/gnu_arm/4.9_2015q3/bin/../lib/gcc/arm-none-eabi/4.9.3/../../../../arm-none-eabi/lib/armv7e-m/fpu\libc.a(lib_a-mprec.o)
                0x0002ca58                __copybits
 .text.__any_on
                0x0002caa0       0x60 c:/siliconlabs/simplicitystudio/v4/developer/toolchains/gnu_arm/4.9_2015q3/bin/../lib/gcc/arm-none-eabi/4.9.3/../../../../arm-none-eabi/lib/armv7e-m/fpu\libc.a(lib_a-mprec.o)
                0x0002caa0                __any_on
 .text.__fpclassifyd
                0x0002cb00       0x5c c:/siliconlabs/simplicitystudio/v4/developer/toolchains/gnu_arm/4.9_2015q3/bin/../lib/gcc/arm-none-eabi/4.9.3/../../../../arm-none-eabi/lib/armv7e-m/fpu\libc.a(lib_a-s_fpclassify.o)
                0x0002cb00                __fpclassifyd
 .text.__sccl   0x0002cb5c       0x78 c:/siliconlabs/simplicitystudio/v4/developer/toolchains/gnu_arm/4.9_2015q3/bin/../lib/gcc/arm-none-eabi/4.9.3/../../../../arm-none-eabi/lib/armv7e-m/fpu\libc.a(lib_a-sccl.o)
                0x0002cb5c                __sccl
 .text.nanf     0x0002cbd4        0xc c:/siliconlabs/simplicitystudio/v4/developer/toolchains/gnu_arm/4.9_2015q3/bin/../lib/gcc/arm-none-eabi/4.9.3/../../../../arm-none-eabi/lib/armv7e-m/fpu\libc.a(lib_a-sf_nan.o)
                0x0002cbd4                nanf
 .text.sulp     0x0002cbe0       0x40 c:/siliconlabs/simplicitystudio/v4/developer/toolchains/gnu_arm/4.9_2015q3/bin/../lib/gcc/arm-none-eabi/4.9.3/../../../../arm-none-eabi/lib/armv7e-m/fpu\libc.a(lib_a-strtod.o)
 .text._strtod_r
                0x0002cc20      0xf4c c:/siliconlabs/simplicitystudio/v4/developer/toolchains/gnu_arm/4.9_2015q3/bin/../lib/gcc/arm-none-eabi/4.9.3/../../../../arm-none-eabi/lib/armv7e-m/fpu\libc.a(lib_a-strtod.o)
                0x0002cc20                _strtod_r
 .text._strtol_r
                0x0002db6c      0x11c c:/siliconlabs/simplicitystudio/v4/developer/toolchains/gnu_arm/4.9_2015q3/bin/../lib/gcc/arm-none-eabi/4.9.3/../../../../arm-none-eabi/lib/armv7e-m/fpu\libc.a(lib_a-strtol.o)
                0x0002db6c                _strtol_r
 .text._strtoll_r
                0x0002dc88      0x1cc c:/siliconlabs/simplicitystudio/v4/developer/toolchains/gnu_arm/4.9_2015q3/bin/../lib/gcc/arm-none-eabi/4.9.3/../../../../arm-none-eabi/lib/armv7e-m/fpu\libc.a(lib_a-strtoll_r.o)
                0x0002dc88                _strtoll_r
 .text._strtoul_r
                0x0002de54      0x128 c:/siliconlabs/simplicitystudio/v4/developer/toolchains/gnu_arm/4.9_2015q3/bin/../lib/gcc/arm-none-eabi/4.9.3/../../../../arm-none-eabi/lib/armv7e-m/fpu\libc.a(lib_a-strtoul.o)
                0x0002de54                _strtoul_r
 .text._strtoull_r
                0x0002df7c      0x1d8 c:/siliconlabs/simplicitystudio/v4/developer/toolchains/gnu_arm/4.9_2015q3/bin/../lib/gcc/arm-none-eabi/4.9.3/../../../../arm-none-eabi/lib/armv7e-m/fpu\libc.a(lib_a-strtoull_r.o)
                0x0002df7c                _strtoull_r
 .text.__ssprint_r
                0x0002e154      0x104 c:/siliconlabs/simplicitystudio/v4/developer/toolchains/gnu_arm/4.9_2015q3/bin/../lib/gcc/arm-none-eabi/4.9.3/../../../../arm-none-eabi/lib/armv7e-m/fpu\libc.a(lib_a-svfiprintf.o)
                0x0002e154                __ssprint_r
 .text._sungetc_r
                0x0002e258       0x88 c:/siliconlabs/simplicitystudio/v4/developer/toolchains/gnu_arm/4.9_2015q3/bin/../lib/gcc/arm-none-eabi/4.9.3/../../../../arm-none-eabi/lib/armv7e-m/fpu\libc.a(lib_a-svfiscanf.o)
                0x0002e258                _sungetc_r
 .text.__ssrefill_r
                0x0002e2e0       0x3c c:/siliconlabs/simplicitystudio/v4/developer/toolchains/gnu_arm/4.9_2015q3/bin/../lib/gcc/arm-none-eabi/4.9.3/../../../../arm-none-eabi/lib/armv7e-m/fpu\libc.a(lib_a-svfiscanf.o)
                0x0002e2e0                __ssrefill_r
 .text._sfread_r
                0x0002e31c       0x80 c:/siliconlabs/simplicitystudio/v4/developer/toolchains/gnu_arm/4.9_2015q3/bin/../lib/gcc/arm-none-eabi/4.9.3/../../../../arm-none-eabi/lib/armv7e-m/fpu\libc.a(lib_a-svfiscanf.o)
                0x0002e31c                _sfread_r
 .text.__submore
                0x0002e39c       0x78 c:/siliconlabs/simplicitystudio/v4/developer/toolchains/gnu_arm/4.9_2015q3/bin/../lib/gcc/arm-none-eabi/4.9.3/../../../../arm-none-eabi/lib/armv7e-m/fpu\libc.a(lib_a-ungetc.o)
                0x0002e39c                __submore
 .text.__register_exitproc
                0x0002e414       0xa4 c:/siliconlabs/simplicitystudio/v4/developer/toolchains/gnu_arm/4.9_2015q3/bin/../lib/gcc/arm-none-eabi/4.9.3/../../../../arm-none-eabi/lib/armv7e-m/fpu\libc.a(lib_a-__atexit.o)
                0x0002e414                __register_exitproc
 .text._calloc_r
                0x0002e4b8       0x60 c:/siliconlabs/simplicitystudio/v4/developer/toolchains/gnu_arm/4.9_2015q3/bin/../lib/gcc/arm-none-eabi/4.9.3/../../../../arm-none-eabi/lib/armv7e-m/fpu\libc.a(lib_a-callocr.o)
                0x0002e4b8                _calloc_r
 .text.rshift   0x0002e518       0xa0 c:/siliconlabs/simplicitystudio/v4/developer/toolchains/gnu_arm/4.9_2015q3/bin/../lib/gcc/arm-none-eabi/4.9.3/../../../../arm-none-eabi/lib/armv7e-m/fpu\libc.a(lib_a-gdtoa-gethex.o)
 .text.__gethex
                0x0002e5b8      0x514 c:/siliconlabs/simplicitystudio/v4/developer/toolchains/gnu_arm/4.9_2015q3/bin/../lib/gcc/arm-none-eabi/4.9.3/../../../../arm-none-eabi/lib/armv7e-m/fpu\libc.a(lib_a-gdtoa-gethex.o)
                0x0002e5b8                __gethex
 .text.__hexnan
                0x0002eacc      0x184 c:/siliconlabs/simplicitystudio/v4/developer/toolchains/gnu_arm/4.9_2015q3/bin/../lib/gcc/arm-none-eabi/4.9.3/../../../../arm-none-eabi/lib/armv7e-m/fpu\libc.a(lib_a-gdtoa-hexnan.o)
                0x0002eacc                __hexnan
 .text.memmove  0x0002ec50       0xc8 c:/siliconlabs/simplicitystudio/v4/developer/toolchains/gnu_arm/4.9_2015q3/bin/../lib/gcc/arm-none-eabi/4.9.3/../../../../arm-none-eabi/lib/armv7e-m/fpu\libc.a(lib_a-memmove.o)
                0x0002ec50                memmove
 .text._realloc_r
                0x0002ed18      0x3ec c:/siliconlabs/simplicitystudio/v4/developer/toolchains/gnu_arm/4.9_2015q3/bin/../lib/gcc/arm-none-eabi/4.9.3/../../../../arm-none-eabi/lib/armv7e-m/fpu\libc.a(lib_a-reallocr.o)
                0x0002ed18                _realloc_r
 .text.strncmp  0x0002f104       0x98 c:/siliconlabs/simplicitystudio/v4/developer/toolchains/gnu_arm/4.9_2015q3/bin/../lib/gcc/arm-none-eabi/4.9.3/../../../../arm-none-eabi/lib/armv7e-m/fpu\libc.a(lib_a-strncmp.o)
                0x0002f104                strncmp
 .text._sbrk    0x0002f19c       0x1c c:/siliconlabs/simplicitystudio/v4/developer/toolchains/gnu_arm/4.9_2015q3/bin/../lib/gcc/arm-none-eabi/4.9.3/../../../../arm-none-eabi/lib/armv7e-m/fpu\libnosys.a(sbrk.o)
                0x0002f19c                _sbrk
 .text._exit    0x0002f1b8        0x4 c:/siliconlabs/simplicitystudio/v4/developer/toolchains/gnu_arm/4.9_2015q3/bin/../lib/gcc/arm-none-eabi/4.9.3/../../../../arm-none-eabi/lib/armv7e-m/fpu\libnosys.a(_exit.o)
                0x0002f1b8                _exit
 .text          0x0002f1bc      0x370 c:/siliconlabs/simplicitystudio/v4/developer/toolchains/gnu_arm/4.9_2015q3/bin/../lib/gcc/arm-none-eabi/4.9.3/armv7e-m/fpu\libgcc.a(_arm_addsubdf3.o)
                0x0002f1bc                __aeabi_drsub
                0x0002f1c4                __aeabi_dsub
                0x0002f1c4                __subdf3
                0x0002f1c8                __aeabi_dadd
                0x0002f1c8                __adddf3
                0x0002f440                __floatunsidf
                0x0002f440                __aeabi_ui2d
                0x0002f460                __floatsidf
                0x0002f460                __aeabi_i2d
                0x0002f484                __aeabi_f2d
                0x0002f484                __extendsfdf2
                0x0002f4c0                __floatundidf
                0x0002f4c0                __aeabi_ul2d
                0x0002f4d0                __floatdidf
                0x0002f4d0                __aeabi_l2d
 .text          0x0002f52c      0x424 c:/siliconlabs/simplicitystudio/v4/developer/toolchains/gnu_arm/4.9_2015q3/bin/../lib/gcc/arm-none-eabi/4.9.3/armv7e-m/fpu\libgcc.a(_arm_muldivdf3.o)
                0x0002f52c                __aeabi_dmul
                0x0002f52c                __muldf3
                0x0002f780                __divdf3
                0x0002f780                __aeabi_ddiv
 .text          0x0002f950      0x110 c:/siliconlabs/simplicitystudio/v4/developer/toolchains/gnu_arm/4.9_2015q3/bin/../lib/gcc/arm-none-eabi/4.9.3/armv7e-m/fpu\libgcc.a(_arm_cmpdf2.o)
                0x0002f950                __gtdf2
                0x0002f950                __gedf2
                0x0002f958                __ltdf2
                0x0002f958                __ledf2
                0x0002f960                __nedf2
                0x0002f960                __eqdf2
                0x0002f960                __cmpdf2
                0x0002f9dc                __aeabi_cdrcmple
                0x0002f9ec                __aeabi_cdcmpeq
                0x0002f9ec                __aeabi_cdcmple
                0x0002f9fc                __aeabi_dcmpeq
                0x0002fa10                __aeabi_dcmplt
                0x0002fa24                __aeabi_dcmple
                0x0002fa38                __aeabi_dcmpge
                0x0002fa4c                __aeabi_dcmpgt
 .text          0x0002fa60       0x50 c:/siliconlabs/simplicitystudio/v4/developer/toolchains/gnu_arm/4.9_2015q3/bin/../lib/gcc/arm-none-eabi/4.9.3/armv7e-m/fpu\libgcc.a(_arm_fixdfsi.o)
                0x0002fa60                __aeabi_d2iz
                0x0002fa60                __fixdfsi
 .text          0x0002fab0       0x40 c:/siliconlabs/simplicitystudio/v4/developer/toolchains/gnu_arm/4.9_2015q3/bin/../lib/gcc/arm-none-eabi/4.9.3/armv7e-m/fpu\libgcc.a(_arm_fixunsdfsi.o)
                0x0002fab0                __aeabi_d2uiz
                0x0002fab0                __fixunsdfsi
 .text          0x0002faf0       0xa0 c:/siliconlabs/simplicitystudio/v4/developer/toolchains/gnu_arm/4.9_2015q3/bin/../lib/gcc/arm-none-eabi/4.9.3/armv7e-m/fpu\libgcc.a(_arm_truncdfsf2.o)
                0x0002faf0                __truncdfsf2
                0x0002faf0                __aeabi_d2f
 *(.init)
 .init          0x0002fb90        0x4 c:/siliconlabs/simplicitystudio/v4/developer/toolchains/gnu_arm/4.9_2015q3/bin/../lib/gcc/arm-none-eabi/4.9.3/armv7e-m/fpu/crti.o
                0x0002fb90                _init
 .init          0x0002fb94        0x8 c:/siliconlabs/simplicitystudio/v4/developer/toolchains/gnu_arm/4.9_2015q3/bin/../lib/gcc/arm-none-eabi/4.9.3/armv7e-m/fpu/crtn.o
 *(.fini)
 .fini          0x0002fb9c        0x4 c:/siliconlabs/simplicitystudio/v4/developer/toolchains/gnu_arm/4.9_2015q3/bin/../lib/gcc/arm-none-eabi/4.9.3/armv7e-m/fpu/crti.o
                0x0002fb9c                _fini
 .fini          0x0002fba0        0x8 c:/siliconlabs/simplicitystudio/v4/developer/toolchains/gnu_arm/4.9_2015q3/bin/../lib/gcc/arm-none-eabi/4.9.3/armv7e-m/fpu/crtn.o
 *crtbegin.o(.ctors)
 *crtbegin?.o(.ctors)
 *(EXCLUDE_FILE(*crtend.o *crtend?.o) .ctors)
 *(SORT(.ctors.*))
 *(.ctors)
 *crtbegin.o(.dtors)
 *crtbegin?.o(.dtors)
 *(EXCLUDE_FILE(*crtend.o *crtend?.o) .dtors)
 *(SORT(.dtors.*))
 *(.dtors)
 *(.rodata*)
 .rodata.ptiInit
                0x0002fba8       0x24 ./main.o
 .rodata        0x0002fbcc       0x1a ./main.o
 *fill*         0x0002fbe6        0x2 
 .rodata.config
                0x0002fbe8       0x38 ./main.o
 .rodata        0x0002fc20       0x50 ./src/InitDevice.o
 .rodata        0x0002fc70       0xb6 ./src/gps.o
 *fill*         0x0002fd26        0x2 
 .rodata        0x0002fd28       0xa1 ./src/gsm.o
 *fill*         0x0002fdc9        0x3 
 .rodata        0x0002fdcc       0x28 C:/SiliconLabs/SimplicityStudio/v4/developer/sdks/gecko_sdk_suite/v1.1//protocol/bluetooth_2.4/lib/EFR32BG1B/GCC/bgapi.a(gecko_bgapi_hardware.c.obj)
 .rodata        0x0002fdf4       0x30 C:/SiliconLabs/SimplicityStudio/v4/developer/sdks/gecko_sdk_suite/v1.1//protocol/bluetooth_2.4/lib/EFR32BG1B/GCC/bgapi.a(gecko_bgapi_test.c.obj)
 .rodata        0x0002fe24       0x28 C:/SiliconLabs/SimplicityStudio/v4/developer/sdks/gecko_sdk_suite/v1.1//protocol/bluetooth_2.4/lib/EFR32BG1B/GCC/bgapi.a(gecko_bgapi_dfu.c.obj)
 .rodata        0x0002fe4c       0x78 C:/SiliconLabs/SimplicityStudio/v4/developer/sdks/gecko_sdk_suite/v1.1//protocol/bluetooth_2.4/lib/EFR32BG1B/GCC/bgapi.a(gecko_bgapi_gap.c.obj)
 .rodata        0x0002fec4       0xa8 C:/SiliconLabs/SimplicityStudio/v4/developer/sdks/gecko_sdk_suite/v1.1//protocol/bluetooth_2.4/lib/EFR32BG1B/GCC/bgapi.a(gecko_bgapi_gatt.c.obj)
 .rodata        0x0002ff6c       0x50 C:/SiliconLabs/SimplicityStudio/v4/developer/sdks/gecko_sdk_suite/v1.1//protocol/bluetooth_2.4/lib/EFR32BG1B/GCC/bgapi.a(gecko_bgapi_gatt_server.c.obj)
 .rodata        0x0002ffbc       0x30 C:/SiliconLabs/SimplicityStudio/v4/developer/sdks/gecko_sdk_suite/v1.1//protocol/bluetooth_2.4/lib/EFR32BG1B/GCC/bgapi.a(gecko_bgapi_flash.c.obj)
 .rodata        0x0002ffec       0x80 C:/SiliconLabs/SimplicityStudio/v4/developer/sdks/gecko_sdk_suite/v1.1//protocol/bluetooth_2.4/lib/EFR32BG1B/GCC/bgapi.a(gecko_bgapi_sm.c.obj)
 .rodata        0x0003006c       0x48 C:/SiliconLabs/SimplicityStudio/v4/developer/sdks/gecko_sdk_suite/v1.1//protocol/bluetooth_2.4/lib/EFR32BG1B/GCC/bgapi.a(gecko_bgapi_system.c.obj)
 .rodata        0x000300b4       0x38 C:/SiliconLabs/SimplicityStudio/v4/developer/sdks/gecko_sdk_suite/v1.1//protocol/bluetooth_2.4/lib/EFR32BG1B/GCC/bgapi.a(gecko_bgapi_endpoint.c.obj)
 .rodata        0x000300ec       0x28 C:/SiliconLabs/SimplicityStudio/v4/developer/sdks/gecko_sdk_suite/v1.1//protocol/bluetooth_2.4/lib/EFR32BG1B/GCC/bgapi.a(gecko_bgapi_le_connection.c.obj)
 .rodata        0x00030114       0x18 C:/SiliconLabs/SimplicityStudio/v4/developer/sdks/gecko_sdk_suite/v1.1//protocol/bluetooth_2.4/lib/EFR32BG1B/GCC/bgapi.a(bgapi_sm.c.obj)
 .rodata        0x0003012c        0x4 C:/SiliconLabs/SimplicityStudio/v4/developer/sdks/gecko_sdk_suite/v1.1//protocol/bluetooth_2.4/lib/EFR32BG1B/GCC/bgapi.a(gatt_client.c.obj)
 .rodata.str1.4
                0x00030130        0x2 c:/siliconlabs/simplicitystudio/v4/developer/toolchains/gnu_arm/4.9_2015q3/bin/../lib/gcc/arm-none-eabi/4.9.3/../../../../arm-none-eabi/lib/armv7e-m/fpu\libc.a(lib_a-impure.o)
 *fill*         0x00030132        0x2 
 .rodata._global_impure_ptr
                0x00030134        0x4 c:/siliconlabs/simplicitystudio/v4/developer/toolchains/gnu_arm/4.9_2015q3/bin/../lib/gcc/arm-none-eabi/4.9.3/../../../../arm-none-eabi/lib/armv7e-m/fpu\libc.a(lib_a-impure.o)
                0x00030134                _global_impure_ptr
 .rodata.zeroes.6911
                0x00030138       0x10 c:/siliconlabs/simplicitystudio/v4/developer/toolchains/gnu_arm/4.9_2015q3/bin/../lib/gcc/arm-none-eabi/4.9.3/../../../../arm-none-eabi/lib/armv7e-m/fpu\libc.a(lib_a-svfprintf.o)
 .rodata.blanks.6910
                0x00030148       0x10 c:/siliconlabs/simplicitystudio/v4/developer/toolchains/gnu_arm/4.9_2015q3/bin/../lib/gcc/arm-none-eabi/4.9.3/../../../../arm-none-eabi/lib/armv7e-m/fpu\libc.a(lib_a-svfprintf.o)
 .rodata.str1.4
                0x00030158       0x42 c:/siliconlabs/simplicitystudio/v4/developer/toolchains/gnu_arm/4.9_2015q3/bin/../lib/gcc/arm-none-eabi/4.9.3/../../../../arm-none-eabi/lib/armv7e-m/fpu\libc.a(lib_a-svfprintf.o)
 *fill*         0x0003019a        0x2 
 .rodata.str1.4
                0x0003019c        0x5 c:/siliconlabs/simplicitystudio/v4/developer/toolchains/gnu_arm/4.9_2015q3/bin/../lib/gcc/arm-none-eabi/4.9.3/../../../../arm-none-eabi/lib/armv7e-m/fpu\libc.a(lib_a-svfscanf.o)
 *fill*         0x000301a1        0x3 
 .rodata.basefix.6862
                0x000301a4       0x22 c:/siliconlabs/simplicitystudio/v4/developer/toolchains/gnu_arm/4.9_2015q3/bin/../lib/gcc/arm-none-eabi/4.9.3/../../../../arm-none-eabi/lib/armv7e-m/fpu\libc.a(lib_a-svfscanf.o)
 *fill*         0x000301c6        0x2 
 .rodata._ctype_
                0x000301c8      0x101 c:/siliconlabs/simplicitystudio/v4/developer/toolchains/gnu_arm/4.9_2015q3/bin/../lib/gcc/arm-none-eabi/4.9.3/../../../../arm-none-eabi/lib/armv7e-m/fpu\libc.a(lib_a-ctype_.o)
                0x000301c8                _ctype_
 *fill*         0x000302c9        0x3 
 .rodata.str1.4
                0x000302cc       0x10 c:/siliconlabs/simplicitystudio/v4/developer/toolchains/gnu_arm/4.9_2015q3/bin/../lib/gcc/arm-none-eabi/4.9.3/../../../../arm-none-eabi/lib/armv7e-m/fpu\libc.a(lib_a-dtoa.o)
                                 0x12 (size before relaxing)
 .rodata.str1.4
                0x000302dc        0xa c:/siliconlabs/simplicitystudio/v4/developer/toolchains/gnu_arm/4.9_2015q3/bin/../lib/gcc/arm-none-eabi/4.9.3/../../../../arm-none-eabi/lib/armv7e-m/fpu\libc.a(lib_a-locale.o)
                                 0x12 (size before relaxing)
 .rodata.str1.4
                0x00000000        0x1 c:/siliconlabs/simplicitystudio/v4/developer/toolchains/gnu_arm/4.9_2015q3/bin/../lib/gcc/arm-none-eabi/4.9.3/../../../../arm-none-eabi/lib/armv7e-m/fpu\libc.a(lib_a-mbrtowc.o)
 *fill*         0x000302e6        0x2 
 .rodata.__mprec_tens
                0x000302e8       0xc8 c:/siliconlabs/simplicitystudio/v4/developer/toolchains/gnu_arm/4.9_2015q3/bin/../lib/gcc/arm-none-eabi/4.9.3/../../../../arm-none-eabi/lib/armv7e-m/fpu\libc.a(lib_a-mprec.o)
                0x000302e8                __mprec_tens
 .rodata.p05.5302
                0x000303b0        0xc c:/siliconlabs/simplicitystudio/v4/developer/toolchains/gnu_arm/4.9_2015q3/bin/../lib/gcc/arm-none-eabi/4.9.3/../../../../arm-none-eabi/lib/armv7e-m/fpu\libc.a(lib_a-mprec.o)
 *fill*         0x000303bc        0x4 
 .rodata.__mprec_bigtens
                0x000303c0       0x28 c:/siliconlabs/simplicitystudio/v4/developer/toolchains/gnu_arm/4.9_2015q3/bin/../lib/gcc/arm-none-eabi/4.9.3/../../../../arm-none-eabi/lib/armv7e-m/fpu\libc.a(lib_a-mprec.o)
                0x000303c0                __mprec_bigtens
 .rodata.tinytens
                0x000303e8       0x28 c:/siliconlabs/simplicitystudio/v4/developer/toolchains/gnu_arm/4.9_2015q3/bin/../lib/gcc/arm-none-eabi/4.9.3/../../../../arm-none-eabi/lib/armv7e-m/fpu\libc.a(lib_a-strtod.o)
 .rodata.fpinan.5307
                0x00030410       0x14 c:/siliconlabs/simplicitystudio/v4/developer/toolchains/gnu_arm/4.9_2015q3/bin/../lib/gcc/arm-none-eabi/4.9.3/../../../../arm-none-eabi/lib/armv7e-m/fpu\libc.a(lib_a-strtod.o)
 .rodata.str1.4
                0x00030424       0x10 c:/siliconlabs/simplicitystudio/v4/developer/toolchains/gnu_arm/4.9_2015q3/bin/../lib/gcc/arm-none-eabi/4.9.3/../../../../arm-none-eabi/lib/armv7e-m/fpu\libc.a(lib_a-strtod.o)
                                  0xf (size before relaxing)
 .rodata.fpi.5271
                0x00030434       0x14 c:/siliconlabs/simplicitystudio/v4/developer/toolchains/gnu_arm/4.9_2015q3/bin/../lib/gcc/arm-none-eabi/4.9.3/../../../../arm-none-eabi/lib/armv7e-m/fpu\libc.a(lib_a-strtod.o)
 .rodata.__hexdig
                0x00030448      0x100 c:/siliconlabs/simplicitystudio/v4/developer/toolchains/gnu_arm/4.9_2015q3/bin/../lib/gcc/arm-none-eabi/4.9.3/../../../../arm-none-eabi/lib/armv7e-m/fpu\libc.a(lib_a-gdtoa-gethex.o)
                0x00030448                __hexdig
 *(.eh_frame*)
 .eh_frame      0x00030548        0x0 c:/siliconlabs/simplicitystudio/v4/developer/toolchains/gnu_arm/4.9_2015q3/bin/../lib/gcc/arm-none-eabi/4.9.3/armv7e-m/fpu/crtbegin.o
 .eh_frame      0x00030548       0x70 c:/siliconlabs/simplicitystudio/v4/developer/toolchains/gnu_arm/4.9_2015q3/bin/../lib/gcc/arm-none-eabi/4.9.3/../../../../arm-none-eabi/lib/armv7e-m/fpu\libc.a(lib_a-strcmp.o)
 .eh_frame      0x000305b8        0x4 c:/siliconlabs/simplicitystudio/v4/developer/toolchains/gnu_arm/4.9_2015q3/bin/../lib/gcc/arm-none-eabi/4.9.3/armv7e-m/fpu/crtend.o
                0x000305bc                . = ALIGN (0x4)

.glue_7         0x000305bc        0x0
 .glue_7        0x00000000        0x0 linker stubs

.glue_7t        0x000305bc        0x0
 .glue_7t       0x00000000        0x0 linker stubs

.vfp11_veneer   0x000305bc        0x0
 .vfp11_veneer  0x00000000        0x0 linker stubs

.v4_bx          0x000305bc        0x0
 .v4_bx         0x00000000        0x0 linker stubs

.iplt           0x000305bc        0x0
 .iplt          0x00000000        0x0 c:/siliconlabs/simplicitystudio/v4/developer/toolchains/gnu_arm/4.9_2015q3/bin/../lib/gcc/arm-none-eabi/4.9.3/armv7e-m/fpu/crtbegin.o

.igot.plt       0x000305bc        0x0
 .igot.plt      0x00000000        0x0 c:/siliconlabs/simplicitystudio/v4/developer/toolchains/gnu_arm/4.9_2015q3/bin/../lib/gcc/arm-none-eabi/4.9.3/armv7e-m/fpu/crtbegin.o

.text_app_ARM.extab
 *(.ARM.extab* .gnu.linkonce.armextab.*)
                0x000305bc                __exidx_start = .

.text_app_ARM.exidx
                0x000305bc        0x8
 *(.ARM.exidx* .gnu.linkonce.armexidx.*)
 .ARM.exidx     0x000305bc        0x8 c:/siliconlabs/simplicitystudio/v4/developer/toolchains/gnu_arm/4.9_2015q3/bin/../lib/gcc/arm-none-eabi/4.9.3/../../../../arm-none-eabi/lib/armv7e-m/fpu/crt0.o
 .ARM.exidx     0x000305c4        0x0 c:/siliconlabs/simplicitystudio/v4/developer/toolchains/gnu_arm/4.9_2015q3/bin/../lib/gcc/arm-none-eabi/4.9.3/armv7e-m/fpu\libgcc.a(_divdi3.o)
                                  0x8 (size before relaxing)
 .ARM.exidx     0x000305c4        0x0 c:/siliconlabs/simplicitystudio/v4/developer/toolchains/gnu_arm/4.9_2015q3/bin/../lib/gcc/arm-none-eabi/4.9.3/armv7e-m/fpu\libgcc.a(_udivdi3.o)
                                  0x8 (size before relaxing)
                0x000305c4                __exidx_end = .
                0x000305c4                __etext = .

.rel.dyn        0x000305c4        0x0
 .rel.iplt      0x00000000        0x0 c:/siliconlabs/simplicitystudio/v4/developer/toolchains/gnu_arm/4.9_2015q3/bin/../lib/gcc/arm-none-eabi/4.9.3/armv7e-m/fpu/crtbegin.o

.text_app_data  0x20003000      0x8c8 load address 0x000305c4
                0x20003000                __data_start__ = .
 *(vtable)
 *(.data*)
 .data.bg_gattdb_data_attribute_field_6_data
                0x20003000        0xd ./gatt_db.o
                0x20003000                bg_gattdb_data_attribute_field_6_data
 *fill*         0x2000300d        0x3 
 .data.auxHfrcoFreq
                0x20003010        0x4 ./emlib/em_cmu.o
 *fill*         0x20003014        0x4 
 .data.impure_data
                0x20003018      0x428 c:/siliconlabs/simplicitystudio/v4/developer/toolchains/gnu_arm/4.9_2015q3/bin/../lib/gcc/arm-none-eabi/4.9.3/../../../../arm-none-eabi/lib/armv7e-m/fpu\libc.a(lib_a-impure.o)
 .data._impure_ptr
                0x20003440        0x4 c:/siliconlabs/simplicitystudio/v4/developer/toolchains/gnu_arm/4.9_2015q3/bin/../lib/gcc/arm-none-eabi/4.9.3/../../../../arm-none-eabi/lib/armv7e-m/fpu\libc.a(lib_a-impure.o)
                0x20003440                _impure_ptr
 .data.__malloc_av_
                0x20003444      0x408 c:/siliconlabs/simplicitystudio/v4/developer/toolchains/gnu_arm/4.9_2015q3/bin/../lib/gcc/arm-none-eabi/4.9.3/../../../../arm-none-eabi/lib/armv7e-m/fpu\libc.a(lib_a-mallocr.o)
                0x20003444                __malloc_av_
 .data.__malloc_trim_threshold
                0x2000384c        0x4 c:/siliconlabs/simplicitystudio/v4/developer/toolchains/gnu_arm/4.9_2015q3/bin/../lib/gcc/arm-none-eabi/4.9.3/../../../../arm-none-eabi/lib/armv7e-m/fpu\libc.a(lib_a-mallocr.o)
                0x2000384c                __malloc_trim_threshold
 .data.__malloc_sbrk_base
                0x20003850        0x4 c:/siliconlabs/simplicitystudio/v4/developer/toolchains/gnu_arm/4.9_2015q3/bin/../lib/gcc/arm-none-eabi/4.9.3/../../../../arm-none-eabi/lib/armv7e-m/fpu\libc.a(lib_a-mallocr.o)
                0x20003850                __malloc_sbrk_base
 .data.__ctype_ptr__
                0x20003854        0x4 c:/siliconlabs/simplicitystudio/v4/developer/toolchains/gnu_arm/4.9_2015q3/bin/../lib/gcc/arm-none-eabi/4.9.3/../../../../arm-none-eabi/lib/armv7e-m/fpu\libc.a(lib_a-ctype_.o)
                0x20003854                __ctype_ptr__
 .data.lconv    0x20003858       0x38 c:/siliconlabs/simplicitystudio/v4/developer/toolchains/gnu_arm/4.9_2015q3/bin/../lib/gcc/arm-none-eabi/4.9.3/../../../../arm-none-eabi/lib/armv7e-m/fpu\libc.a(lib_a-locale.o)
 .data.lc_ctype_charset
                0x20003890       0x20 c:/siliconlabs/simplicitystudio/v4/developer/toolchains/gnu_arm/4.9_2015q3/bin/../lib/gcc/arm-none-eabi/4.9.3/../../../../arm-none-eabi/lib/armv7e-m/fpu\libc.a(lib_a-locale.o)
 .data.__mb_cur_max
                0x200038b0        0x4 c:/siliconlabs/simplicitystudio/v4/developer/toolchains/gnu_arm/4.9_2015q3/bin/../lib/gcc/arm-none-eabi/4.9.3/../../../../arm-none-eabi/lib/armv7e-m/fpu\libc.a(lib_a-locale.o)
                0x200038b0                __mb_cur_max
 .data.__mbtowc
                0x200038b4        0x4 c:/siliconlabs/simplicitystudio/v4/developer/toolchains/gnu_arm/4.9_2015q3/bin/../lib/gcc/arm-none-eabi/4.9.3/../../../../arm-none-eabi/lib/armv7e-m/fpu\libc.a(lib_a-mbtowc_r.o)
                0x200038b4                __mbtowc
                0x200038b8                . = ALIGN (0x4)
 *(.ram)
                0x200038b8                . = ALIGN (0x4)
                0x200038b8                PROVIDE (__preinit_array_start, .)
 *(.preinit_array)
                0x200038b8                PROVIDE (__preinit_array_end, .)
                0x200038b8                . = ALIGN (0x4)
                0x200038b8                PROVIDE (__init_array_start, .)
 *(SORT(.init_array.*))
 .init_array.00000
                0x200038b8        0x4 c:/siliconlabs/simplicitystudio/v4/developer/toolchains/gnu_arm/4.9_2015q3/bin/../lib/gcc/arm-none-eabi/4.9.3/../../../../arm-none-eabi/lib/armv7e-m/fpu\libc.a(lib_a-__call_atexit.o)
 *(.init_array)
 .init_array    0x200038bc        0x4 c:/siliconlabs/simplicitystudio/v4/developer/toolchains/gnu_arm/4.9_2015q3/bin/../lib/gcc/arm-none-eabi/4.9.3/armv7e-m/fpu/crtbegin.o
                0x200038c0                PROVIDE (__init_array_end, .)
                0x200038c0                . = ALIGN (0x4)
                0x200038c0                PROVIDE (__fini_array_start, .)
 *(SORT(.fini_array.*))
 *(.fini_array)
 .fini_array    0x200038c0        0x4 c:/siliconlabs/simplicitystudio/v4/developer/toolchains/gnu_arm/4.9_2015q3/bin/../lib/gcc/arm-none-eabi/4.9.3/armv7e-m/fpu/crtbegin.o
                0x200038c4                PROVIDE (__fini_array_end, .)
 *(.jcr*)
 .jcr           0x200038c4        0x0 c:/siliconlabs/simplicitystudio/v4/developer/toolchains/gnu_arm/4.9_2015q3/bin/../lib/gcc/arm-none-eabi/4.9.3/armv7e-m/fpu/crtbegin.o
 .jcr           0x200038c4        0x4 c:/siliconlabs/simplicitystudio/v4/developer/toolchains/gnu_arm/4.9_2015q3/bin/../lib/gcc/arm-none-eabi/4.9.3/armv7e-m/fpu/crtend.o
                0x200038c8                . = ALIGN (0x4)
                0x200038c8                __data_end__ = .

.bss            0x200038c8     0x1b1c load address 0x00030e8c
                0x200038c8                . = ALIGN (0x4)
                0x200038c8                __bss_start__ = .
 *(.bss*)
 .bss           0x200038c8       0x1c c:/siliconlabs/simplicitystudio/v4/developer/toolchains/gnu_arm/4.9_2015q3/bin/../lib/gcc/arm-none-eabi/4.9.3/armv7e-m/fpu/crtbegin.o
 .bss.bg_gattdb_data_attribute_field_2_data
                0x200038e4        0x4 ./gatt_db.o
                0x200038e4                bg_gattdb_data_attribute_field_2_data
 .bss.boot_to_dfu
                0x200038e8        0x1 ./main.o
                0x200038e8                boot_to_dfu
 *fill*         0x200038e9        0x3 
 .bss.externalSignals
                0x200038ec        0x4 ./main.o
                0x200038ec                externalSignals
 .bss.notificationON
                0x200038f0        0x1 ./main.o
                0x200038f0                notificationON
 .bss.myPhone   0x200038f1        0x1 ./main.o
                0x200038f1                myPhone
 .bss.readingNow
                0x200038f2        0x1 ./main.o
                0x200038f2                readingNow
 *fill*         0x200038f3        0x1 
 .bss.bhCurrentState
                0x200038f4        0x4 ./main.o
                0x200038f4                bhCurrentState
 .bss.stateChange
                0x200038f8        0x4 ./main.o
                0x200038f8                stateChange
 .bss.parkedLatitude
                0x200038fc        0x4 ./main.o
                0x200038fc                parkedLatitude
 .bss.parkedLongitude
                0x20003900        0x4 ./main.o
                0x20003900                parkedLongitude
 .bss.chTable   0x20003904       0xa0 ./bgapi/dmadrv.o
 .bss.dmaXfer   0x200039a4      0x100 ./bgapi/dmadrv.o
 .bss.latitude  0x20003aa4        0x4 ./src/gps.o
                0x20003aa4                latitude
 .bss.longitude
                0x20003aa8        0x4 ./src/gps.o
                0x20003aa8                longitude
 .bss.gsmPhnoAck
                0x20003aac        0x1 ./src/gsm.o
                0x20003aac                gsmPhnoAck
 *fill*         0x20003aad        0x3 
 .bss           0x20003ab0        0x4 C:/SiliconLabs/SimplicityStudio/v4/developer/sdks/gecko_sdk_suite/v1.1//protocol/bluetooth_2.4/lib/EFR32BG1B/GCC/bgapi.a(bgapi_hardware.c.obj)
 .bss           0x20003ab4        0x4 C:/SiliconLabs/SimplicityStudio/v4/developer/sdks/gecko_sdk_suite/v1.1//protocol/bluetooth_2.4/lib/EFR32BG1B/GCC/bgapi.a(bgapi_test_lib.c.obj)
 .bss           0x20003ab8        0x2 C:/SiliconLabs/SimplicityStudio/v4/developer/sdks/gecko_sdk_suite/v1.1//protocol/bluetooth_2.4/lib/EFR32BG1B/GCC/bgapi.a(bgapi_gap.c.obj)
                0x20003ab8                legacy_maxadv_events
 *fill*         0x20003aba        0x2 
 .bss           0x20003abc        0x4 C:/SiliconLabs/SimplicityStudio/v4/developer/sdks/gecko_sdk_suite/v1.1//protocol/bluetooth_2.4/lib/EFR32BG1B/GCC/bgapi.a(bgapi_ps.c.obj)
 .bss           0x20003ac0        0x4 C:/SiliconLabs/SimplicityStudio/v4/developer/sdks/gecko_sdk_suite/v1.1//protocol/bluetooth_2.4/lib/EFR32BG1B/GCC/bgapi.a(bgapi_sm.c.obj)
 .bss           0x20003ac4        0x4 C:/SiliconLabs/SimplicityStudio/v4/developer/sdks/gecko_sdk_suite/v1.1//protocol/bluetooth_2.4/lib/EFR32BG1B/GCC/bgapi.a(bgapi_system.c.obj)
 .bss.__malloc_max_total_mem
                0x20003ac8        0x4 c:/siliconlabs/simplicitystudio/v4/developer/toolchains/gnu_arm/4.9_2015q3/bin/../lib/gcc/arm-none-eabi/4.9.3/../../../../arm-none-eabi/lib/armv7e-m/fpu\libc.a(lib_a-mallocr.o)
                0x20003ac8                __malloc_max_total_mem
 .bss.__malloc_max_sbrked_mem
                0x20003acc        0x4 c:/siliconlabs/simplicitystudio/v4/developer/toolchains/gnu_arm/4.9_2015q3/bin/../lib/gcc/arm-none-eabi/4.9.3/../../../../arm-none-eabi/lib/armv7e-m/fpu\libc.a(lib_a-mallocr.o)
                0x20003acc                __malloc_max_sbrked_mem
 .bss.__malloc_top_pad
                0x20003ad0        0x4 c:/siliconlabs/simplicitystudio/v4/developer/toolchains/gnu_arm/4.9_2015q3/bin/../lib/gcc/arm-none-eabi/4.9.3/../../../../arm-none-eabi/lib/armv7e-m/fpu\libc.a(lib_a-mallocr.o)
                0x20003ad0                __malloc_top_pad
 .bss.__malloc_current_mallinfo
                0x20003ad4       0x28 c:/siliconlabs/simplicitystudio/v4/developer/toolchains/gnu_arm/4.9_2015q3/bin/../lib/gcc/arm-none-eabi/4.9.3/../../../../arm-none-eabi/lib/armv7e-m/fpu\libc.a(lib_a-mallocr.o)
                0x20003ad4                __malloc_current_mallinfo
 .bss.heap_end.4079
                0x20003afc        0x4 c:/siliconlabs/simplicitystudio/v4/developer/toolchains/gnu_arm/4.9_2015q3/bin/../lib/gcc/arm-none-eabi/4.9.3/../../../../arm-none-eabi/lib/armv7e-m/fpu\libnosys.a(sbrk.o)
 *(COMMON)
 COMMON         0x20003b00     0x18d0 ./main.o
                0x20003b00                bluetooth_stack_heap
 COMMON         0x200053d0        0x8 ./src/gps.o
                0x200053d0                gpsData
                0x200053d4                gpsSentence
 COMMON         0x200053d8        0x4 ./src/gsm.o
                0x200053d8                gsmUARTRxData
 COMMON         0x200053dc        0x4 C:/SiliconLabs/SimplicityStudio/v4/developer/sdks/gecko_sdk_suite/v1.1//protocol/bluetooth_2.4/lib/EFR32BG1B/GCC/bgapi.a(bgapi_test_lib.c.obj)
                0x200053dc                msg_sender
 COMMON         0x200053e0        0x4 c:/siliconlabs/simplicitystudio/v4/developer/toolchains/gnu_arm/4.9_2015q3/bin/../lib/gcc/arm-none-eabi/4.9.3/../../../../arm-none-eabi/lib/armv7e-m/fpu\libc.a(lib_a-reent.o)
                0x200053e0                errno
                0x200053e4                . = ALIGN (0x4)
                0x200053e4                __bss_end__ = .

.heap           0x200053e8      0xc00
                0x200053e8                __HeapBase = .
                0x200053e8                __end__ = .
                0x200053e8                end = __end__
                0x200053e8                _end = __end__
 *(.heap*)
 .heap          0x200053e8      0xc00 ./device/EFR32_B_1_1_B/gcc/startup_efr32bg1b.o
                0x20005fe8                __HeapLimit = .

.stack_dummy    0x20005fe8      0x400
 *(.stack*)
 .stack         0x20005fe8      0x400 ./device/EFR32_B_1_1_B/gcc/startup_efr32bg1b.o
                0x20007bfc                __StackTop = (ORIGIN (RAM) + 0x4bfc)
                0x200077fc                __StackLimit = (__StackTop - SIZEOF (.stack_dummy))
                0x20007bfc                PROVIDE (__stack, __StackTop)
                0x00000001                ASSERT ((__StackLimit >= __HeapLimit), region RAM overflowed with stack)
OUTPUT(Blue_Hunt.axf elf32-littlearm)

.ARM.attributes
                0x00000000       0x30
 .ARM.attributes
                0x00000000       0x22 c:/siliconlabs/simplicitystudio/v4/developer/toolchains/gnu_arm/4.9_2015q3/bin/../lib/gcc/arm-none-eabi/4.9.3/armv7e-m/fpu/crti.o
 .ARM.attributes
                0x00000022       0x34 c:/siliconlabs/simplicitystudio/v4/developer/toolchains/gnu_arm/4.9_2015q3/bin/../lib/gcc/arm-none-eabi/4.9.3/armv7e-m/fpu/crtbegin.o
 .ARM.attributes
                0x00000056       0x20 c:/siliconlabs/simplicitystudio/v4/developer/toolchains/gnu_arm/4.9_2015q3/bin/../lib/gcc/arm-none-eabi/4.9.3/../../../../arm-none-eabi/lib/armv7e-m/fpu/crt0.o
 .ARM.attributes
                0x00000076       0x39 ./application_properties.o
 .ARM.attributes
                0x000000af       0x39 ./gatt_db.o
 .ARM.attributes
                0x000000e8       0x39 ./main.o
 .ARM.attributes
                0x00000121       0x39 ./bgapi/dmadrv.o
 .ARM.attributes
                0x0000015a       0x39 ./device/EFR32_B_1_1_B/gcc/startup_efr32bg1b.o
 .ARM.attributes
                0x00000193       0x39 ./emlib/em_cmu.o
 .ARM.attributes
                0x000001cc       0x39 ./emlib/em_gpio.o
 .ARM.attributes
                0x00000205       0x39 ./emlib/em_letimer.o
 .ARM.attributes
                0x0000023e       0x39 ./emlib/em_leuart.o
 .ARM.attributes
                0x00000277       0x39 ./emlib/em_rtcc.o
 .ARM.attributes
                0x000002b0       0x39 ./emlib/em_system.o
 .ARM.attributes
                0x000002e9       0x39 ./emlib/em_usart.o
 .ARM.attributes
                0x00000322       0x39 ./src/InitDevice.o
 .ARM.attributes
                0x0000035b       0x39 ./src/btModule.o
 .ARM.attributes
                0x00000394       0x39 ./src/clockSetup.o
 .ARM.attributes
                0x000003cd       0x39 ./src/gpio.o
 .ARM.attributes
                0x00000406       0x39 ./src/gps.o
 .ARM.attributes
                0x0000043f       0x39 ./src/gsm.o
 .ARM.attributes
                0x00000478       0x39 ./src/timer.o
 .ARM.attributes
                0x000004b1       0x1c C:/SiliconLabs/SimplicityStudio/v4/developer/sdks/gecko_sdk_suite/v1.1//protocol/bluetooth_2.4/lib/EFR32BG1B/EABI/binstack.o
 .ARM.attributes
                0x000004cd       0x1c C:/SiliconLabs/SimplicityStudio/v4/developer/sdks/gecko_sdk_suite/v1.1//protocol/bluetooth_2.4/lib/EFR32BG1B/EABI/binbootloader.o
 .ARM.attributes
                0x000004e9       0x39 C:/SiliconLabs/SimplicityStudio/v4/developer/sdks/gecko_sdk_suite/v1.1//protocol/bluetooth_2.4/lib/EFR32BG1B/GCC/bgapi.a(gecko_bgapi_hardware.c.obj)
 .ARM.attributes
                0x00000522       0x39 C:/SiliconLabs/SimplicityStudio/v4/developer/sdks/gecko_sdk_suite/v1.1//protocol/bluetooth_2.4/lib/EFR32BG1B/GCC/bgapi.a(gecko_bgapi_test.c.obj)
 .ARM.attributes
                0x0000055b       0x39 C:/SiliconLabs/SimplicityStudio/v4/developer/sdks/gecko_sdk_suite/v1.1//protocol/bluetooth_2.4/lib/EFR32BG1B/GCC/bgapi.a(gecko_bgapi_dfu.c.obj)
 .ARM.attributes
                0x00000594       0x39 C:/SiliconLabs/SimplicityStudio/v4/developer/sdks/gecko_sdk_suite/v1.1//protocol/bluetooth_2.4/lib/EFR32BG1B/GCC/bgapi.a(gecko_bgapi_gap.c.obj)
 .ARM.attributes
                0x000005cd       0x39 C:/SiliconLabs/SimplicityStudio/v4/developer/sdks/gecko_sdk_suite/v1.1//protocol/bluetooth_2.4/lib/EFR32BG1B/GCC/bgapi.a(gecko_bgapi_gatt.c.obj)
 .ARM.attributes